  with torch.cuda.amp.autocast(amp):

      79/79      12.6G    0.04636     0.0055   0.001077    0.03718   0.004717  0.0006436     0.1251   0.009315    0.06519    0.05059          0:  76%|███████▋  | 350/459 02:51
      79/79      12.6G    0.04636     0.0055   0.001077    0.03718   0.004717  0.0006436     0.1251   0.009315    0.06519    0.05059          0:  76%|███████▋  | 351/459 02:51/mnt/dataY/ydf/projects/LADD_public/cclkd_reproduction/yolov5_sanity/code/train_yolov5_cclkd_full.py:505: FutureWarning: `torch.cuda.amp.autocast(args...)` is deprecated. Please use `torch.amp.autocast('cuda', args...)` instead.
  with torch.cuda.amp.autocast(amp):

      79/79      12.6G    0.04635   0.005499   0.001076    0.03718   0.004715  0.0006437     0.1251   0.009318    0.06515    0.05066          0:  76%|███████▋  | 351/459 02:52
      79/79      12.6G    0.04635   0.005499   0.001076    0.03718   0.004715  0.0006437     0.1251   0.009318    0.06515    0.05066          0:  77%|███████▋  | 352/459 02:52/mnt/dataY/ydf/projects/LADD_public/cclkd_reproduction/yolov5_sanity/code/train_yolov5_cclkd_full.py:505: FutureWarning: `torch.cuda.amp.autocast(args...)` is deprecated. Please use `torch.amp.autocast('cuda', args...)` instead.
  with torch.cuda.amp.autocast(amp):

      79/79      12.6G    0.04634     0.0055   0.001073    0.03717   0.004717  0.0006423     0.1251   0.009319    0.06512    0.05062          0:  77%|███████▋  | 352/459 02:52
      79/79      12.6G    0.04634     0.0055   0.001073    0.03717   0.004717  0.0006423     0.1251   0.009319    0.06512    0.05062          0:  77%|███████▋  | 353/459 02:52/mnt/dataY/ydf/projects/LADD_public/cclkd_reproduction/yolov5_sanity/code/train_yolov5_cclkd_full.py:505: FutureWarning: `torch.cuda.amp.autocast(args...)` is deprecated. Please use `torch.amp.autocast('cuda', args...)` instead.
  with torch.cuda.amp.autocast(amp):
[ WARN:0@25056.293] global grfmt_tiff.cpp:122 TIFF_Warning TIFFReadDirectory: Unknown field with tag 34264 (0x85d8) encountered

      79/79      12.6G    0.04634   0.005498   0.001072    0.03716   0.004715  0.0006412      0.126    0.00932    0.06598    0.05072          0:  77%|███████▋  | 353/459 02:53
      79/79      12.6G    0.04634   0.005498   0.001072    0.03716   0.004715  0.0006412      0.126    0.00932    0.06598    0.05072          0:  77%|███████▋  | 354/459 02:53/mnt/dataY/ydf/projects/LADD_public/cclkd_reproduction/yolov5_sanity/code/train_yolov5_cclkd_full.py:505: FutureWarning: `torch.cuda.amp.autocast(args...)` is deprecated. Please use `torch.amp.autocast('cuda', args...)` instead.
  with torch.cuda.amp.autocast(amp):

      79/79      12.6G    0.04631   0.005496    0.00107    0.03713   0.004713  0.0006398      0.126   0.009313    0.06595    0.05072          0:  77%|███████▋  | 354/459 02:53
      79/79      12.6G    0.04631   0.005496    0.00107    0.03713   0.004713  0.0006398      0.126   0.009313    0.06595    0.05072          0:  77%|███████▋  | 355/459 02:53/mnt/dataY/ydf/projects/LADD_public/cclkd_reproduction/yolov5_sanity/code/train_yolov5_cclkd_full.py:505: FutureWarning: `torch.cuda.amp.autocast(args...)` is deprecated. Please use `torch.amp.autocast('cuda', args...)` instead.
  with torch.cuda.amp.autocast(amp):

      79/79      12.6G    0.04632   0.005495    0.00107    0.03715   0.004712  0.0006386     0.1259   0.009319    0.06591    0.05071          0:  77%|███████▋  | 355/459 02:54
      79/79      12.6G    0.04632   0.005495    0.00107    0.03715   0.004712  0.0006386     0.1259   0.009319    0.06591    0.05071          0:  78%|███████▊  | 356/459 02:54/mnt/dataY/ydf/projects/LADD_public/cclkd_reproduction/yolov5_sanity/code/train_yolov5_cclkd_full.py:505: FutureWarning: `torch.cuda.amp.autocast(args...)` is deprecated. Please use `torch.amp.autocast('cuda', args...)` instead.
  with torch.cuda.amp.autocast(amp):

      79/79      12.6G    0.04632   0.005498   0.001068    0.03713   0.004713  0.0006375     0.1259    0.00932    0.06585    0.05073          0:  78%|███████▊  | 356/459 02:54
      79/79      12.6G    0.04632   0.005498   0.001068    0.03713   0.004713  0.0006375     0.1259    0.00932    0.06585    0.05073          0:  78%|███████▊  | 357/459 02:54/mnt/dataY/ydf/projects/LADD_public/cclkd_reproduction/yolov5_sanity/code/train_yolov5_cclkd_full.py:505: FutureWarning: `torch.cuda.amp.autocast(args...)` is deprecated. Please use `torch.amp.autocast('cuda', args...)` instead.
  with torch.cuda.amp.autocast(amp):

      79/79      12.6G     0.0463   0.005497   0.001067    0.03711    0.00471  0.0006361     0.1258   0.009313    0.06581    0.05069          0:  78%|███████▊  | 357/459 02:54
      79/79      12.6G     0.0463   0.005497   0.001067    0.03711    0.00471  0.0006361     0.1258   0.009313    0.06581    0.05069          0:  78%|███████▊  | 358/459 02:54/mnt/dataY/ydf/projects/LADD_public/cclkd_reproduction/yolov5_sanity/code/train_yolov5_cclkd_full.py:505: FutureWarning: `torch.cuda.amp.autocast(args...)` is deprecated. Please use `torch.amp.autocast('cuda', args...)` instead.
  with torch.cuda.amp.autocast(amp):

      79/79      12.6G     0.0463   0.005494   0.001068    0.03713   0.004709  0.0006359     0.1259    0.00932    0.06575    0.05079          0:  78%|███████▊  | 358/459 02:55
      79/79      12.6G     0.0463   0.005494   0.001068    0.03713   0.004709  0.0006359     0.1259    0.00932    0.06575    0.05079          0:  78%|███████▊  | 359/459 02:55/mnt/dataY/ydf/projects/LADD_public/cclkd_reproduction/yolov5_sanity/code/train_yolov5_cclkd_full.py:505: FutureWarning: `torch.cuda.amp.autocast(args...)` is deprecated. Please use `torch.amp.autocast('cuda', args...)` instead.
  with torch.cuda.amp.autocast(amp):

      79/79      12.6G    0.04631   0.005495   0.001068    0.03713   0.004709  0.0006359     0.1258   0.009322    0.06572    0.05077          0:  78%|███████▊  | 359/459 02:55
      79/79      12.6G    0.04631   0.005495   0.001068    0.03713   0.004709  0.0006359     0.1258   0.009322    0.06572    0.05077          0:  78%|███████▊  | 360/459 02:55/mnt/dataY/ydf/projects/LADD_public/cclkd_reproduction/yolov5_sanity/code/train_yolov5_cclkd_full.py:505: FutureWarning: `torch.cuda.amp.autocast(args...)` is deprecated. Please use `torch.amp.autocast('cuda', args...)` instead.
  with torch.cuda.amp.autocast(amp):
[ WARN:0@25059.845] global grfmt_tiff.cpp:122 TIFF_Warning TIFFReadDirectory: Unknown field with tag 34264 (0x85d8) encountered
[ WARN:0@25060.033] global grfmt_tiff.cpp:122 TIFF_Warning TIFFReadDirectory: Unknown field with tag 34264 (0x85d8) encountered

      79/79      12.6G    0.04631     0.0055    0.00107    0.03713   0.004712  0.0006375     0.1258   0.009319     0.0658     0.0507          0:  78%|███████▊  | 360/459 02:56
      79/79      12.6G    0.04631     0.0055    0.00107    0.03713   0.004712  0.0006375     0.1258   0.009319     0.0658     0.0507          0:  79%|███████▊  | 361/459 02:56/mnt/dataY/ydf/projects/LADD_public/cclkd_reproduction/yolov5_sanity/code/train_yolov5_cclkd_full.py:505: FutureWarning: `torch.cuda.amp.autocast(args...)` is deprecated. Please use `torch.amp.autocast('cuda', args...)` instead.
  with torch.cuda.amp.autocast(amp):

      79/79      12.6G    0.04632   0.005504   0.001069    0.03715   0.004716  0.0006372     0.1258   0.009326    0.06578    0.05073          0:  79%|███████▊  | 361/459 02:56
      79/79      12.6G    0.04632   0.005504   0.001069    0.03715   0.004716  0.0006372     0.1258   0.009326    0.06578    0.05073          0:  79%|███████▉  | 362/459 02:56/mnt/dataY/ydf/projects/LADD_public/cclkd_reproduction/yolov5_sanity/code/train_yolov5_cclkd_full.py:505: FutureWarning: `torch.cuda.amp.autocast(args...)` is deprecated. Please use `torch.amp.autocast('cuda', args...)` instead.
  with torch.cuda.amp.autocast(amp):

      79/79      12.6G    0.04634   0.005503   0.001068    0.03715   0.004714  0.0006364     0.1258   0.009324    0.06576    0.05068          0:  79%|███████▉  | 362/459 02:57
      79/79      12.6G    0.04634   0.005503   0.001068    0.03715   0.004714  0.0006364     0.1258   0.009324    0.06576    0.05068          0:  79%|███████▉  | 363/459 02:57/mnt/dataY/ydf/projects/LADD_public/cclkd_reproduction/yolov5_sanity/code/train_yolov5_cclkd_full.py:505: FutureWarning: `torch.cuda.amp.autocast(args...)` is deprecated. Please use `torch.amp.autocast('cuda', args...)` instead.
  with torch.cuda.amp.autocast(amp):

      79/79      12.6G    0.04633   0.005503   0.001066    0.03715   0.004714   0.000635     0.1257   0.009317    0.06572    0.05064          0:  79%|███████▉  | 363/459 02:57
      79/79      12.6G    0.04633   0.005503   0.001066    0.03715   0.004714   0.000635     0.1257   0.009317    0.06572    0.05064          0:  79%|███████▉  | 364/459 02:57/mnt/dataY/ydf/projects/LADD_public/cclkd_reproduction/yolov5_sanity/code/train_yolov5_cclkd_full.py:505: FutureWarning: `torch.cuda.amp.autocast(args...)` is deprecated. Please use `torch.amp.autocast('cuda', args...)` instead.
  with torch.cuda.amp.autocast(amp):

      79/79      12.6G    0.04635   0.005504   0.001069    0.03715   0.004715  0.0006401     0.1258   0.009329    0.06585    0.05066          0:  79%|███████▉  | 364/459 02:58
      79/79      12.6G    0.04635   0.005504   0.001069    0.03715   0.004715  0.0006401     0.1258   0.009329    0.06585    0.05066          0:  80%|███████▉  | 365/459 02:58/mnt/dataY/ydf/projects/LADD_public/cclkd_reproduction/yolov5_sanity/code/train_yolov5_cclkd_full.py:505: FutureWarning: `torch.cuda.amp.autocast(args...)` is deprecated. Please use `torch.amp.autocast('cuda', args...)` instead.
  with torch.cuda.amp.autocast(amp):

      79/79      12.6G    0.04634   0.005504   0.001071    0.03715   0.004716  0.0006416     0.1257   0.009323    0.06577    0.05064          0:  80%|███████▉  | 365/459 02:58
      79/79      12.6G    0.04634   0.005504   0.001071    0.03715   0.004716  0.0006416     0.1257   0.009323    0.06577    0.05064          0:  80%|███████▉  | 366/459 02:58/mnt/dataY/ydf/projects/LADD_public/cclkd_reproduction/yolov5_sanity/code/train_yolov5_cclkd_full.py:505: FutureWarning: `torch.cuda.amp.autocast(args...)` is deprecated. Please use `torch.amp.autocast('cuda', args...)` instead.
  with torch.cuda.amp.autocast(amp):

      79/79      12.6G    0.04634   0.005506   0.001072    0.03714   0.004717  0.0006404     0.1257   0.009319    0.06575     0.0506          0:  80%|███████▉  | 366/459 02:59
      79/79      12.6G    0.04634   0.005506   0.001072    0.03714   0.004717  0.0006404     0.1257   0.009319    0.06575     0.0506          0:  80%|███████▉  | 367/459 02:59/mnt/dataY/ydf/projects/LADD_public/cclkd_reproduction/yolov5_sanity/code/train_yolov5_cclkd_full.py:505: FutureWarning: `torch.cuda.amp.autocast(args...)` is deprecated. Please use `torch.amp.autocast('cuda', args...)` instead.
  with torch.cuda.amp.autocast(amp):

      79/79      12.6G    0.04633   0.005505   0.001071    0.03712   0.004716  0.0006393     0.1257   0.009323    0.06577    0.05064          0:  80%|███████▉  | 367/459 02:59
      79/79      12.6G    0.04633   0.005505   0.001071    0.03712   0.004716  0.0006393     0.1257   0.009323    0.06577    0.05064          0:  80%|████████  | 368/459 02:59/mnt/dataY/ydf/projects/LADD_public/cclkd_reproduction/yolov5_sanity/code/train_yolov5_cclkd_full.py:505: FutureWarning: `torch.cuda.amp.autocast(args...)` is deprecated. Please use `torch.amp.autocast('cuda', args...)` instead.
  with torch.cuda.amp.autocast(amp):

      79/79      12.6G    0.04632   0.005506   0.001069    0.03711   0.004717  0.0006393     0.1257   0.009318    0.06577    0.05061          0:  80%|████████  | 368/459 03:00
      79/79      12.6G    0.04632   0.005506   0.001069    0.03711   0.004717  0.0006393     0.1257   0.009318    0.06577    0.05061          0:  80%|████████  | 369/459 03:00/mnt/dataY/ydf/projects/LADD_public/cclkd_reproduction/yolov5_sanity/code/train_yolov5_cclkd_full.py:505: FutureWarning: `torch.cuda.amp.autocast(args...)` is deprecated. Please use `torch.amp.autocast('cuda', args...)` instead.
  with torch.cuda.amp.autocast(amp):

      79/79      12.6G    0.04632   0.005504   0.001068    0.03711   0.004716   0.000645     0.1256   0.009316     0.0657    0.05056          0:  80%|████████  | 369/459 03:00
      79/79      12.6G    0.04632   0.005504   0.001068    0.03711   0.004716   0.000645     0.1256   0.009316     0.0657    0.05056          0:  81%|████████  | 370/459 03:00/mnt/dataY/ydf/projects/LADD_public/cclkd_reproduction/yolov5_sanity/code/train_yolov5_cclkd_full.py:505: FutureWarning: `torch.cuda.amp.autocast(args...)` is deprecated. Please use `torch.amp.autocast('cuda', args...)` instead.
  with torch.cuda.amp.autocast(amp):

      79/79      12.6G    0.04633   0.005505   0.001069    0.03711   0.004717  0.0006493     0.1255   0.009315    0.06568    0.05053          0:  81%|████████  | 370/459 03:01
      79/79      12.6G    0.04633   0.005505   0.001069    0.03711   0.004717  0.0006493     0.1255   0.009315    0.06568    0.05053          0:  81%|████████  | 371/459 03:01/mnt/dataY/ydf/projects/LADD_public/cclkd_reproduction/yolov5_sanity/code/train_yolov5_cclkd_full.py:505: FutureWarning: `torch.cuda.amp.autocast(args...)` is deprecated. Please use `torch.amp.autocast('cuda', args...)` instead.
  with torch.cuda.amp.autocast(amp):
[ WARN:0@25065.345] global grfmt_tiff.cpp:122 TIFF_Warning TIFFReadDirectory: Unknown field with tag 34264 (0x85d8) encountered

      79/79      12.6G    0.04631   0.005505   0.001067     0.0371   0.004717  0.0006481     0.1259   0.009312    0.06602    0.05054          0:  81%|████████  | 371/459 03:01
      79/79      12.6G    0.04631   0.005505   0.001067     0.0371   0.004717  0.0006481     0.1259   0.009312    0.06602    0.05054          0:  81%|████████  | 372/459 03:01/mnt/dataY/ydf/projects/LADD_public/cclkd_reproduction/yolov5_sanity/code/train_yolov5_cclkd_full.py:505: FutureWarning: `torch.cuda.amp.autocast(args...)` is deprecated. Please use `torch.amp.autocast('cuda', args...)` instead.
  with torch.cuda.amp.autocast(amp):

      79/79      12.6G    0.04632   0.005505   0.001072     0.0371   0.004717  0.0006506     0.1258   0.009313    0.06598    0.05055          0:  81%|████████  | 372/459 03:02
      79/79      12.6G    0.04632   0.005505   0.001072     0.0371   0.004717  0.0006506     0.1258   0.009313    0.06598    0.05055          0:  81%|████████▏ | 373/459 03:02/mnt/dataY/ydf/projects/LADD_public/cclkd_reproduction/yolov5_sanity/code/train_yolov5_cclkd_full.py:505: FutureWarning: `torch.cuda.amp.autocast(args...)` is deprecated. Please use `torch.amp.autocast('cuda', args...)` instead.
  with torch.cuda.amp.autocast(amp):

      79/79      12.6G    0.04632   0.005503   0.001072    0.03712   0.004716  0.0006548     0.1258    0.00932    0.06594    0.05053          0:  81%|████████▏ | 373/459 03:02
      79/79      12.6G    0.04632   0.005503   0.001072    0.03712   0.004716  0.0006548     0.1258    0.00932    0.06594    0.05053          0:  81%|████████▏ | 374/459 03:02/mnt/dataY/ydf/projects/LADD_public/cclkd_reproduction/yolov5_sanity/code/train_yolov5_cclkd_full.py:505: FutureWarning: `torch.cuda.amp.autocast(args...)` is deprecated. Please use `torch.amp.autocast('cuda', args...)` instead.
  with torch.cuda.amp.autocast(amp):

      79/79      12.6G     0.0463   0.005502   0.001071    0.03711   0.004716  0.0006546     0.1257   0.009314    0.06587    0.05048          0:  81%|████████▏ | 374/459 03:03
      79/79      12.6G     0.0463   0.005502   0.001071    0.03711   0.004716  0.0006546     0.1257   0.009314    0.06587    0.05048          0:  82%|████████▏ | 375/459 03:03/mnt/dataY/ydf/projects/LADD_public/cclkd_reproduction/yolov5_sanity/code/train_yolov5_cclkd_full.py:505: FutureWarning: `torch.cuda.amp.autocast(args...)` is deprecated. Please use `torch.amp.autocast('cuda', args...)` instead.
  with torch.cuda.amp.autocast(amp):
[ WARN:0@25067.133] global grfmt_tiff.cpp:122 TIFF_Warning TIFFReadDirectory: Unknown field with tag 34264 (0x85d8) encountered

      79/79      12.6G    0.04629   0.005501    0.00107    0.03709   0.004715  0.0006533     0.1255   0.009305     0.0658    0.05043          0:  82%|████████▏ | 375/459 03:03
      79/79      12.6G    0.04629   0.005501    0.00107    0.03709   0.004715  0.0006533     0.1255   0.009305     0.0658    0.05043          0:  82%|████████▏ | 376/459 03:03/mnt/dataY/ydf/projects/LADD_public/cclkd_reproduction/yolov5_sanity/code/train_yolov5_cclkd_full.py:505: FutureWarning: `torch.cuda.amp.autocast(args...)` is deprecated. Please use `torch.amp.autocast('cuda', args...)` instead.
  with torch.cuda.amp.autocast(amp):

      79/79      12.6G    0.04629   0.005499   0.001074     0.0371   0.004713  0.0006533     0.1256   0.009309     0.0658    0.05046          0:  82%|████████▏ | 376/459 03:04
      79/79      12.6G    0.04629   0.005499   0.001074     0.0371   0.004713  0.0006533     0.1256   0.009309     0.0658    0.05046          0:  82%|████████▏ | 377/459 03:04/mnt/dataY/ydf/projects/LADD_public/cclkd_reproduction/yolov5_sanity/code/train_yolov5_cclkd_full.py:505: FutureWarning: `torch.cuda.amp.autocast(args...)` is deprecated. Please use `torch.amp.autocast('cuda', args...)` instead.
  with torch.cuda.amp.autocast(amp):
[ WARN:0@25068.198] global grfmt_tiff.cpp:122 TIFF_Warning TIFFReadDirectory: Unknown field with tag 34264 (0x85d8) encountered

      79/79      12.6G    0.04628   0.005495   0.001072     0.0371    0.00471   0.000652     0.1254   0.009303    0.06572     0.0504          0:  82%|████████▏ | 377/459 03:04
      79/79      12.6G    0.04628   0.005495   0.001072     0.0371    0.00471   0.000652     0.1254   0.009303    0.06572     0.0504          0:  82%|████████▏ | 378/459 03:04/mnt/dataY/ydf/projects/LADD_public/cclkd_reproduction/yolov5_sanity/code/train_yolov5_cclkd_full.py:505: FutureWarning: `torch.cuda.amp.autocast(args...)` is deprecated. Please use `torch.amp.autocast('cuda', args...)` instead.
  with torch.cuda.amp.autocast(amp):

      79/79      12.6G    0.04626   0.005491   0.001071    0.03709   0.004707  0.0006512     0.1254   0.009295    0.06568    0.05038          0:  82%|████████▏ | 378/459 03:05
      79/79      12.6G    0.04626   0.005491   0.001071    0.03709   0.004707  0.0006512     0.1254   0.009295    0.06568    0.05038          0:  83%|████████▎ | 379/459 03:05/mnt/dataY/ydf/projects/LADD_public/cclkd_reproduction/yolov5_sanity/code/train_yolov5_cclkd_full.py:505: FutureWarning: `torch.cuda.amp.autocast(args...)` is deprecated. Please use `torch.amp.autocast('cuda', args...)` instead.
  with torch.cuda.amp.autocast(amp):

      79/79      12.6G    0.04628   0.005491   0.001071     0.0371   0.004708  0.0006503     0.1253   0.009298    0.06564    0.05036          0:  83%|████████▎ | 379/459 03:05
      79/79      12.6G    0.04628   0.005491   0.001071     0.0371   0.004708  0.0006503     0.1253   0.009298    0.06564    0.05036          0:  83%|████████▎ | 380/459 03:05/mnt/dataY/ydf/projects/LADD_public/cclkd_reproduction/yolov5_sanity/code/train_yolov5_cclkd_full.py:505: FutureWarning: `torch.cuda.amp.autocast(args...)` is deprecated. Please use `torch.amp.autocast('cuda', args...)` instead.
  with torch.cuda.amp.autocast(amp):

      79/79      12.6G    0.04629    0.00549    0.00107     0.0371   0.004706  0.0006491     0.1253   0.009302    0.06564    0.05037          0:  83%|████████▎ | 380/459 03:06
      79/79      12.6G    0.04629    0.00549    0.00107     0.0371   0.004706  0.0006491     0.1253   0.009302    0.06564    0.05037          0:  83%|████████▎ | 381/459 03:06/mnt/dataY/ydf/projects/LADD_public/cclkd_reproduction/yolov5_sanity/code/train_yolov5_cclkd_full.py:505: FutureWarning: `torch.cuda.amp.autocast(args...)` is deprecated. Please use `torch.amp.autocast('cuda', args...)` instead.
  with torch.cuda.amp.autocast(amp):

      79/79      12.6G    0.04627   0.005491   0.001071    0.03708   0.004706  0.0006503     0.1252   0.009292    0.06558    0.05035          0:  83%|████████▎ | 381/459 03:06
      79/79      12.6G    0.04627   0.005491   0.001071    0.03708   0.004706  0.0006503     0.1252   0.009292    0.06558    0.05035          0:  83%|████████▎ | 382/459 03:06/mnt/dataY/ydf/projects/LADD_public/cclkd_reproduction/yolov5_sanity/code/train_yolov5_cclkd_full.py:505: FutureWarning: `torch.cuda.amp.autocast(args...)` is deprecated. Please use `torch.amp.autocast('cuda', args...)` instead.
  with torch.cuda.amp.autocast(amp):

      79/79      12.6G    0.04628   0.005496   0.001069     0.0371    0.00471  0.0006495     0.1252   0.009297    0.06555    0.05035          0:  83%|████████▎ | 382/459 03:07
      79/79      12.6G    0.04628   0.005496   0.001069     0.0371    0.00471  0.0006495     0.1252   0.009297    0.06555    0.05035          0:  83%|████████▎ | 383/459 03:07/mnt/dataY/ydf/projects/LADD_public/cclkd_reproduction/yolov5_sanity/code/train_yolov5_cclkd_full.py:505: FutureWarning: `torch.cuda.amp.autocast(args...)` is deprecated. Please use `torch.amp.autocast('cuda', args...)` instead.
  with torch.cuda.amp.autocast(amp):

      79/79      12.6G    0.04627   0.005495   0.001073    0.03709   0.004708  0.0006487     0.1253   0.009303    0.06566    0.05035          0:  83%|████████▎ | 383/459 03:07
      79/79      12.6G    0.04627   0.005495   0.001073    0.03709   0.004708  0.0006487     0.1253   0.009303    0.06566    0.05035          0:  84%|████████▎ | 384/459 03:07/mnt/dataY/ydf/projects/LADD_public/cclkd_reproduction/yolov5_sanity/code/train_yolov5_cclkd_full.py:505: FutureWarning: `torch.cuda.amp.autocast(args...)` is deprecated. Please use `torch.amp.autocast('cuda', args...)` instead.
  with torch.cuda.amp.autocast(amp):

      79/79      12.6G    0.04628   0.005497   0.001074     0.0371   0.004712  0.0006475     0.1253   0.009316    0.06561    0.05036          0:  84%|████████▎ | 384/459 03:08
      79/79      12.6G    0.04628   0.005497   0.001074     0.0371   0.004712  0.0006475     0.1253   0.009316    0.06561    0.05036          0:  84%|████████▍ | 385/459 03:08/mnt/dataY/ydf/projects/LADD_public/cclkd_reproduction/yolov5_sanity/code/train_yolov5_cclkd_full.py:505: FutureWarning: `torch.cuda.amp.autocast(args...)` is deprecated. Please use `torch.amp.autocast('cuda', args...)` instead.
  with torch.cuda.amp.autocast(amp):

      79/79      12.6G    0.04629   0.005498   0.001072    0.03709   0.004711  0.0006462     0.1252   0.009315    0.06555    0.05033          0:  84%|████████▍ | 385/459 03:08
      79/79      12.6G    0.04629   0.005498   0.001072    0.03709   0.004711  0.0006462     0.1252   0.009315    0.06555    0.05033          0:  84%|████████▍ | 386/459 03:08/mnt/dataY/ydf/projects/LADD_public/cclkd_reproduction/yolov5_sanity/code/train_yolov5_cclkd_full.py:505: FutureWarning: `torch.cuda.amp.autocast(args...)` is deprecated. Please use `torch.amp.autocast('cuda', args...)` instead.
  with torch.cuda.amp.autocast(amp):

      79/79      12.6G     0.0463   0.005498   0.001071     0.0371    0.00471   0.000645     0.1251   0.009308    0.06552    0.05029          0:  84%|████████▍ | 386/459 03:09
      79/79      12.6G     0.0463   0.005498   0.001071     0.0371    0.00471   0.000645     0.1251   0.009308    0.06552    0.05029          0:  84%|████████▍ | 387/459 03:09/mnt/dataY/ydf/projects/LADD_public/cclkd_reproduction/yolov5_sanity/code/train_yolov5_cclkd_full.py:505: FutureWarning: `torch.cuda.amp.autocast(args...)` is deprecated. Please use `torch.amp.autocast('cuda', args...)` instead.
  with torch.cuda.amp.autocast(amp):

      79/79      12.6G    0.04629   0.005497   0.001069    0.03709    0.00471  0.0006441      0.125   0.009307    0.06547    0.05027          0:  84%|████████▍ | 387/459 03:09
      79/79      12.6G    0.04629   0.005497   0.001069    0.03709    0.00471  0.0006441      0.125   0.009307    0.06547    0.05027          0:  85%|████████▍ | 388/459 03:09/mnt/dataY/ydf/projects/LADD_public/cclkd_reproduction/yolov5_sanity/code/train_yolov5_cclkd_full.py:505: FutureWarning: `torch.cuda.amp.autocast(args...)` is deprecated. Please use `torch.amp.autocast('cuda', args...)` instead.
  with torch.cuda.amp.autocast(amp):

      79/79      12.6G    0.04629   0.005498   0.001068    0.03707   0.004708  0.0006434     0.1251   0.009307    0.06553     0.0503          0:  85%|████████▍ | 388/459 03:10
      79/79      12.6G    0.04629   0.005498   0.001068    0.03707   0.004708  0.0006434     0.1251   0.009307    0.06553     0.0503          0:  85%|████████▍ | 389/459 03:10/mnt/dataY/ydf/projects/LADD_public/cclkd_reproduction/yolov5_sanity/code/train_yolov5_cclkd_full.py:505: FutureWarning: `torch.cuda.amp.autocast(args...)` is deprecated. Please use `torch.amp.autocast('cuda', args...)` instead.
  with torch.cuda.amp.autocast(amp):

      79/79      12.6G    0.04628   0.005499   0.001066    0.03707   0.004708   0.000642     0.1251   0.009303    0.06552    0.05027          0:  85%|████████▍ | 389/459 03:10
      79/79      12.6G    0.04628   0.005499   0.001066    0.03707   0.004708   0.000642     0.1251   0.009303    0.06552    0.05027          0:  85%|████████▍ | 390/459 03:10/mnt/dataY/ydf/projects/LADD_public/cclkd_reproduction/yolov5_sanity/code/train_yolov5_cclkd_full.py:505: FutureWarning: `torch.cuda.amp.autocast(args...)` is deprecated. Please use `torch.amp.autocast('cuda', args...)` instead.
  with torch.cuda.amp.autocast(amp):

      79/79      12.6G    0.04627   0.005498   0.001065    0.03707   0.004707  0.0006409      0.125   0.009306    0.06549    0.05023          0:  85%|████████▍ | 390/459 03:11
      79/79      12.6G    0.04627   0.005498   0.001065    0.03707   0.004707  0.0006409      0.125   0.009306    0.06549    0.05023          0:  85%|████████▌ | 391/459 03:11/mnt/dataY/ydf/projects/LADD_public/cclkd_reproduction/yolov5_sanity/code/train_yolov5_cclkd_full.py:505: FutureWarning: `torch.cuda.amp.autocast(args...)` is deprecated. Please use `torch.amp.autocast('cuda', args...)` instead.
  with torch.cuda.amp.autocast(amp):
[ WARN:0@25075.181] global grfmt_tiff.cpp:122 TIFF_Warning TIFFReadDirectory: Unknown field with tag 34264 (0x85d8) encountered

      79/79      12.6G    0.04628   0.005498   0.001066    0.03708   0.004707  0.0006451      0.125   0.009303     0.0655    0.05023          0:  85%|████████▌ | 391/459 03:11
      79/79      12.6G    0.04628   0.005498   0.001066    0.03708   0.004707  0.0006451      0.125   0.009303     0.0655    0.05023          0:  85%|████████▌ | 392/459 03:11/mnt/dataY/ydf/projects/LADD_public/cclkd_reproduction/yolov5_sanity/code/train_yolov5_cclkd_full.py:505: FutureWarning: `torch.cuda.amp.autocast(args...)` is deprecated. Please use `torch.amp.autocast('cuda', args...)` instead.
  with torch.cuda.amp.autocast(amp):

      79/79      12.6G    0.04626   0.005494   0.001064    0.03706   0.004704   0.000644      0.125   0.009292    0.06547     0.0502          0:  85%|████████▌ | 392/459 03:12
      79/79      12.6G    0.04626   0.005494   0.001064    0.03706   0.004704   0.000644      0.125   0.009292    0.06547     0.0502          0:  86%|████████▌ | 393/459 03:12/mnt/dataY/ydf/projects/LADD_public/cclkd_reproduction/yolov5_sanity/code/train_yolov5_cclkd_full.py:505: FutureWarning: `torch.cuda.amp.autocast(args...)` is deprecated. Please use `torch.amp.autocast('cuda', args...)` instead.
  with torch.cuda.amp.autocast(amp):
[ WARN:0@25076.465] global grfmt_tiff.cpp:122 TIFF_Warning TIFFReadDirectory: Unknown field with tag 34264 (0x85d8) encountered

      79/79      12.6G    0.04627   0.005494    0.00107    0.03706   0.004704  0.0006435     0.1249   0.009296    0.06541    0.05018          0:  86%|████████▌ | 393/459 03:12
      79/79      12.6G    0.04627   0.005494    0.00107    0.03706   0.004704  0.0006435     0.1249   0.009296    0.06541    0.05018          0:  86%|████████▌ | 394/459 03:12/mnt/dataY/ydf/projects/LADD_public/cclkd_reproduction/yolov5_sanity/code/train_yolov5_cclkd_full.py:505: FutureWarning: `torch.cuda.amp.autocast(args...)` is deprecated. Please use `torch.amp.autocast('cuda', args...)` instead.
  with torch.cuda.amp.autocast(amp):

      79/79      12.6G    0.04628   0.005496    0.00108    0.03706   0.004706  0.0006481     0.1248   0.009301    0.06534    0.05016          0:  86%|████████▌ | 394/459 03:13
      79/79      12.6G    0.04628   0.005496    0.00108    0.03706   0.004706  0.0006481     0.1248   0.009301    0.06534    0.05016          0:  86%|████████▌ | 395/459 03:13/mnt/dataY/ydf/projects/LADD_public/cclkd_reproduction/yolov5_sanity/code/train_yolov5_cclkd_full.py:505: FutureWarning: `torch.cuda.amp.autocast(args...)` is deprecated. Please use `torch.amp.autocast('cuda', args...)` instead.
  with torch.cuda.amp.autocast(amp):

      79/79      12.6G    0.04628   0.005497   0.001078    0.03706   0.004708  0.0006478     0.1248   0.009306    0.06531    0.05015          0:  86%|████████▌ | 395/459 03:13
      79/79      12.6G    0.04628   0.005497   0.001078    0.03706   0.004708  0.0006478     0.1248   0.009306    0.06531    0.05015          0:  86%|████████▋ | 396/459 03:13/mnt/dataY/ydf/projects/LADD_public/cclkd_reproduction/yolov5_sanity/code/train_yolov5_cclkd_full.py:505: FutureWarning: `torch.cuda.amp.autocast(args...)` is deprecated. Please use `torch.amp.autocast('cuda', args...)` instead.
  with torch.cuda.amp.autocast(amp):

      79/79      12.6G    0.04629     0.0055   0.001087    0.03707   0.004711  0.0006598     0.1249   0.009307    0.06548    0.05015          0:  86%|████████▋ | 396/459 03:14
      79/79      12.6G    0.04629     0.0055   0.001087    0.03707   0.004711  0.0006598     0.1249   0.009307    0.06548    0.05015          0:  86%|████████▋ | 397/459 03:14/mnt/dataY/ydf/projects/LADD_public/cclkd_reproduction/yolov5_sanity/code/train_yolov5_cclkd_full.py:505: FutureWarning: `torch.cuda.amp.autocast(args...)` is deprecated. Please use `torch.amp.autocast('cuda', args...)` instead.
  with torch.cuda.amp.autocast(amp):

      79/79      12.6G     0.0463   0.005498   0.001085    0.03707   0.004709  0.0006585      0.125   0.009308    0.06547    0.05018          0:  86%|████████▋ | 397/459 03:14
      79/79      12.6G     0.0463   0.005498   0.001085    0.03707   0.004709  0.0006585      0.125   0.009308    0.06547    0.05018          0:  87%|████████▋ | 398/459 03:14/mnt/dataY/ydf/projects/LADD_public/cclkd_reproduction/yolov5_sanity/code/train_yolov5_cclkd_full.py:505: FutureWarning: `torch.cuda.amp.autocast(args...)` is deprecated. Please use `torch.amp.autocast('cuda', args...)` instead.
  with torch.cuda.amp.autocast(amp):

      79/79      12.6G     0.0463   0.005497   0.001087    0.03707    0.00471  0.0006583     0.1249   0.009316    0.06543    0.05017          0:  87%|████████▋ | 398/459 03:15
      79/79      12.6G     0.0463   0.005497   0.001087    0.03707    0.00471  0.0006583     0.1249   0.009316    0.06543    0.05017          0:  87%|████████▋ | 399/459 03:15/mnt/dataY/ydf/projects/LADD_public/cclkd_reproduction/yolov5_sanity/code/train_yolov5_cclkd_full.py:505: FutureWarning: `torch.cuda.amp.autocast(args...)` is deprecated. Please use `torch.amp.autocast('cuda', args...)` instead.
  with torch.cuda.amp.autocast(amp):

      79/79      12.6G     0.0463   0.005496   0.001087    0.03707   0.004708  0.0006578     0.1248   0.009306    0.06535    0.05014          0:  87%|████████▋ | 399/459 03:15
      79/79      12.6G     0.0463   0.005496   0.001087    0.03707   0.004708  0.0006578     0.1248   0.009306    0.06535    0.05014          0:  87%|████████▋ | 400/459 03:15/mnt/dataY/ydf/projects/LADD_public/cclkd_reproduction/yolov5_sanity/code/train_yolov5_cclkd_full.py:505: FutureWarning: `torch.cuda.amp.autocast(args...)` is deprecated. Please use `torch.amp.autocast('cuda', args...)` instead.
  with torch.cuda.amp.autocast(amp):

      79/79      12.6G     0.0463   0.005498   0.001094    0.03707    0.00471  0.0006639     0.1249   0.009312    0.06532    0.05024          0:  87%|████████▋ | 400/459 03:16
      79/79      12.6G     0.0463   0.005498   0.001094    0.03707    0.00471  0.0006639     0.1249   0.009312    0.06532    0.05024          0:  87%|████████▋ | 401/459 03:16/mnt/dataY/ydf/projects/LADD_public/cclkd_reproduction/yolov5_sanity/code/train_yolov5_cclkd_full.py:505: FutureWarning: `torch.cuda.amp.autocast(args...)` is deprecated. Please use `torch.amp.autocast('cuda', args...)` instead.
  with torch.cuda.amp.autocast(amp):

      79/79      12.6G    0.04629   0.005499   0.001092    0.03706    0.00471  0.0006627     0.1248   0.009305    0.06526     0.0502          0:  87%|████████▋ | 401/459 03:16
      79/79      12.6G    0.04629   0.005499   0.001092    0.03706    0.00471  0.0006627     0.1248   0.009305    0.06526     0.0502          0:  88%|████████▊ | 402/459 03:16/mnt/dataY/ydf/projects/LADD_public/cclkd_reproduction/yolov5_sanity/code/train_yolov5_cclkd_full.py:505: FutureWarning: `torch.cuda.amp.autocast(args...)` is deprecated. Please use `torch.amp.autocast('cuda', args...)` instead.
  with torch.cuda.amp.autocast(amp):
[ WARN:0@25080.873] global grfmt_tiff.cpp:122 TIFF_Warning TIFFReadDirectory: Unknown field with tag 34264 (0x85d8) encountered

      79/79      12.6G     0.0463   0.005498    0.00109    0.03707    0.00471  0.0006615     0.1247   0.009302     0.0652    0.05016          0:  88%|████████▊ | 402/459 03:17
      79/79      12.6G     0.0463   0.005498    0.00109    0.03707    0.00471  0.0006615     0.1247   0.009302     0.0652    0.05016          0:  88%|████████▊ | 403/459 03:17/mnt/dataY/ydf/projects/LADD_public/cclkd_reproduction/yolov5_sanity/code/train_yolov5_cclkd_full.py:505: FutureWarning: `torch.cuda.amp.autocast(args...)` is deprecated. Please use `torch.amp.autocast('cuda', args...)` instead.
  with torch.cuda.amp.autocast(amp):

      79/79      12.6G    0.04632   0.005499   0.001091    0.03708    0.00471  0.0006615     0.1247   0.009316    0.06518    0.05017          0:  88%|████████▊ | 403/459 03:17
      79/79      12.6G    0.04632   0.005499   0.001091    0.03708    0.00471  0.0006615     0.1247   0.009316    0.06518    0.05017          0:  88%|████████▊ | 404/459 03:17/mnt/dataY/ydf/projects/LADD_public/cclkd_reproduction/yolov5_sanity/code/train_yolov5_cclkd_full.py:505: FutureWarning: `torch.cuda.amp.autocast(args...)` is deprecated. Please use `torch.amp.autocast('cuda', args...)` instead.
  with torch.cuda.amp.autocast(amp):

      79/79      12.6G    0.04633   0.005499   0.001091    0.03709    0.00471  0.0006614     0.1247   0.009318     0.0652    0.05014          0:  88%|████████▊ | 404/459 03:18
      79/79      12.6G    0.04633   0.005499   0.001091    0.03709    0.00471  0.0006614     0.1247   0.009318     0.0652    0.05014          0:  88%|████████▊ | 405/459 03:18/mnt/dataY/ydf/projects/LADD_public/cclkd_reproduction/yolov5_sanity/code/train_yolov5_cclkd_full.py:505: FutureWarning: `torch.cuda.amp.autocast(args...)` is deprecated. Please use `torch.amp.autocast('cuda', args...)` instead.
  with torch.cuda.amp.autocast(amp):

      79/79      12.6G    0.04633   0.005498   0.001093     0.0371   0.004711  0.0006629     0.1246   0.009318    0.06516    0.05012          0:  88%|████████▊ | 405/459 03:18
      79/79      12.6G    0.04633   0.005498   0.001093     0.0371   0.004711  0.0006629     0.1246   0.009318    0.06516    0.05012          0:  88%|████████▊ | 406/459 03:18/mnt/dataY/ydf/projects/LADD_public/cclkd_reproduction/yolov5_sanity/code/train_yolov5_cclkd_full.py:505: FutureWarning: `torch.cuda.amp.autocast(args...)` is deprecated. Please use `torch.amp.autocast('cuda', args...)` instead.
  with torch.cuda.amp.autocast(amp):

      79/79      12.6G    0.04633   0.005497   0.001093     0.0371   0.004711  0.0006624     0.1245   0.009314    0.06508    0.05007          0:  88%|████████▊ | 406/459 03:19
      79/79      12.6G    0.04633   0.005497   0.001093     0.0371   0.004711  0.0006624     0.1245   0.009314    0.06508    0.05007          0:  89%|████████▊ | 407/459 03:19/mnt/dataY/ydf/projects/LADD_public/cclkd_reproduction/yolov5_sanity/code/train_yolov5_cclkd_full.py:505: FutureWarning: `torch.cuda.amp.autocast(args...)` is deprecated. Please use `torch.amp.autocast('cuda', args...)` instead.
  with torch.cuda.amp.autocast(amp):

      79/79      12.6G     0.0463   0.005495   0.001091    0.03709   0.004711  0.0006611     0.1244   0.009309    0.06503    0.05006          0:  89%|████████▊ | 407/459 03:19
      79/79      12.6G     0.0463   0.005495   0.001091    0.03709   0.004711  0.0006611     0.1244   0.009309    0.06503    0.05006          0:  89%|████████▉ | 408/459 03:19/mnt/dataY/ydf/projects/LADD_public/cclkd_reproduction/yolov5_sanity/code/train_yolov5_cclkd_full.py:505: FutureWarning: `torch.cuda.amp.autocast(args...)` is deprecated. Please use `torch.amp.autocast('cuda', args...)` instead.
  with torch.cuda.amp.autocast(amp):
[ WARN:0@25083.533] global grfmt_tiff.cpp:122 TIFF_Warning TIFFReadDirectory: Unknown field with tag 34264 (0x85d8) encountered

      79/79      12.6G    0.04632   0.005495   0.001089     0.0371    0.00471  0.0006599     0.1245   0.009309    0.06517    0.05004          0:  89%|████████▉ | 408/459 03:20
      79/79      12.6G    0.04632   0.005495   0.001089     0.0371    0.00471  0.0006599     0.1245   0.009309    0.06517    0.05004          0:  89%|████████▉ | 409/459 03:20/mnt/dataY/ydf/projects/LADD_public/cclkd_reproduction/yolov5_sanity/code/train_yolov5_cclkd_full.py:505: FutureWarning: `torch.cuda.amp.autocast(args...)` is deprecated. Please use `torch.amp.autocast('cuda', args...)` instead.
  with torch.cuda.amp.autocast(amp):

      79/79      12.6G    0.04631   0.005496    0.00109    0.03709    0.00471  0.0006603     0.1244   0.009307    0.06511       0.05          0:  89%|████████▉ | 409/459 03:20
      79/79      12.6G    0.04631   0.005496    0.00109    0.03709    0.00471  0.0006603     0.1244   0.009307    0.06511       0.05          0:  89%|████████▉ | 410/459 03:20/mnt/dataY/ydf/projects/LADD_public/cclkd_reproduction/yolov5_sanity/code/train_yolov5_cclkd_full.py:505: FutureWarning: `torch.cuda.amp.autocast(args...)` is deprecated. Please use `torch.amp.autocast('cuda', args...)` instead.
  with torch.cuda.amp.autocast(amp):

      79/79      12.6G    0.04632   0.005498   0.001091     0.0371   0.004711  0.0006637     0.1245   0.009316    0.06518    0.05005          0:  89%|████████▉ | 410/459 03:21
      79/79      12.6G    0.04632   0.005498   0.001091     0.0371   0.004711  0.0006637     0.1245   0.009316    0.06518    0.05005          0:  90%|████████▉ | 411/459 03:21/mnt/dataY/ydf/projects/LADD_public/cclkd_reproduction/yolov5_sanity/code/train_yolov5_cclkd_full.py:505: FutureWarning: `torch.cuda.amp.autocast(args...)` is deprecated. Please use `torch.amp.autocast('cuda', args...)` instead.
  with torch.cuda.amp.autocast(amp):

      79/79      12.6G    0.04633   0.005499   0.001091     0.0371    0.00471  0.0006632     0.1246   0.009314    0.06519    0.05007          0:  90%|████████▉ | 411/459 03:21
      79/79      12.6G    0.04633   0.005499   0.001091     0.0371    0.00471  0.0006632     0.1246   0.009314    0.06519    0.05007          0:  90%|████████▉ | 412/459 03:21/mnt/dataY/ydf/projects/LADD_public/cclkd_reproduction/yolov5_sanity/code/train_yolov5_cclkd_full.py:505: FutureWarning: `torch.cuda.amp.autocast(args...)` is deprecated. Please use `torch.amp.autocast('cuda', args...)` instead.
  with torch.cuda.amp.autocast(amp):

      79/79      12.6G    0.04635   0.005497   0.001096    0.03712    0.00471  0.0006661     0.1245   0.009327    0.06515    0.05006          0:  90%|████████▉ | 412/459 03:22
      79/79      12.6G    0.04635   0.005497   0.001096    0.03712    0.00471  0.0006661     0.1245   0.009327    0.06515    0.05006          0:  90%|████████▉ | 413/459 03:22/mnt/dataY/ydf/projects/LADD_public/cclkd_reproduction/yolov5_sanity/code/train_yolov5_cclkd_full.py:505: FutureWarning: `torch.cuda.amp.autocast(args...)` is deprecated. Please use `torch.amp.autocast('cuda', args...)` instead.
  with torch.cuda.amp.autocast(amp):

      79/79      12.6G    0.04634   0.005497   0.001095    0.03712    0.00471  0.0006648     0.1245   0.009323    0.06512    0.05005          0:  90%|████████▉ | 413/459 03:22
      79/79      12.6G    0.04634   0.005497   0.001095    0.03712    0.00471  0.0006648     0.1245   0.009323    0.06512    0.05005          0:  90%|█████████ | 414/459 03:22/mnt/dataY/ydf/projects/LADD_public/cclkd_reproduction/yolov5_sanity/code/train_yolov5_cclkd_full.py:505: FutureWarning: `torch.cuda.amp.autocast(args...)` is deprecated. Please use `torch.amp.autocast('cuda', args...)` instead.
  with torch.cuda.amp.autocast(amp):

      79/79      12.6G    0.04634   0.005498   0.001093    0.03711    0.00471  0.0006636     0.1244   0.009316    0.06507    0.05002          0:  90%|█████████ | 414/459 03:23
      79/79      12.6G    0.04634   0.005498   0.001093    0.03711    0.00471  0.0006636     0.1244   0.009316    0.06507    0.05002          0:  90%|█████████ | 415/459 03:23/mnt/dataY/ydf/projects/LADD_public/cclkd_reproduction/yolov5_sanity/code/train_yolov5_cclkd_full.py:505: FutureWarning: `torch.cuda.amp.autocast(args...)` is deprecated. Please use `torch.amp.autocast('cuda', args...)` instead.
  with torch.cuda.amp.autocast(amp):

      79/79      12.6G    0.04631   0.005498   0.001092     0.0371    0.00471  0.0006633     0.1243   0.009308    0.06503    0.04996          0:  90%|█████████ | 415/459 03:23
      79/79      12.6G    0.04631   0.005498   0.001092     0.0371    0.00471  0.0006633     0.1243   0.009308    0.06503    0.04996          0:  91%|█████████ | 416/459 03:23/mnt/dataY/ydf/projects/LADD_public/cclkd_reproduction/yolov5_sanity/code/train_yolov5_cclkd_full.py:505: FutureWarning: `torch.cuda.amp.autocast(args...)` is deprecated. Please use `torch.amp.autocast('cuda', args...)` instead.
  with torch.cuda.amp.autocast(amp):

      79/79      12.6G    0.04631   0.005499   0.001091    0.03711   0.004712  0.0006644     0.1242   0.009301      0.065    0.04992          0:  91%|█████████ | 416/459 03:24
      79/79      12.6G    0.04631   0.005499   0.001091    0.03711   0.004712  0.0006644     0.1242   0.009301      0.065    0.04992          0:  91%|█████████ | 417/459 03:24/mnt/dataY/ydf/projects/LADD_public/cclkd_reproduction/yolov5_sanity/code/train_yolov5_cclkd_full.py:505: FutureWarning: `torch.cuda.amp.autocast(args...)` is deprecated. Please use `torch.amp.autocast('cuda', args...)` instead.
  with torch.cuda.amp.autocast(amp):

      79/79      12.6G     0.0463   0.005497   0.001089     0.0371    0.00471   0.000663     0.1241    0.00929    0.06494    0.04988          0:  91%|█████████ | 417/459 03:24
      79/79      12.6G     0.0463   0.005497   0.001089     0.0371    0.00471   0.000663     0.1241    0.00929    0.06494    0.04988          0:  91%|█████████ | 418/459 03:24/mnt/dataY/ydf/projects/LADD_public/cclkd_reproduction/yolov5_sanity/code/train_yolov5_cclkd_full.py:505: FutureWarning: `torch.cuda.amp.autocast(args...)` is deprecated. Please use `torch.amp.autocast('cuda', args...)` instead.
  with torch.cuda.amp.autocast(amp):

      79/79      12.6G    0.04629   0.005498   0.001087     0.0371   0.004711  0.0006618      0.124   0.009282    0.06488    0.04984          0:  91%|█████████ | 418/459 03:25
      79/79      12.6G    0.04629   0.005498   0.001087     0.0371   0.004711  0.0006618      0.124   0.009282    0.06488    0.04984          0:  91%|█████████▏| 419/459 03:25/mnt/dataY/ydf/projects/LADD_public/cclkd_reproduction/yolov5_sanity/code/train_yolov5_cclkd_full.py:505: FutureWarning: `torch.cuda.amp.autocast(args...)` is deprecated. Please use `torch.amp.autocast('cuda', args...)` instead.
  with torch.cuda.amp.autocast(amp):

      79/79      12.6G    0.04629   0.005497   0.001085    0.03709    0.00471   0.000661     0.1239   0.009286    0.06483    0.04982          0:  91%|█████████▏| 419/459 03:25
      79/79      12.6G    0.04629   0.005497   0.001085    0.03709    0.00471   0.000661     0.1239   0.009286    0.06483    0.04982          0:  92%|█████████▏| 420/459 03:25/mnt/dataY/ydf/projects/LADD_public/cclkd_reproduction/yolov5_sanity/code/train_yolov5_cclkd_full.py:505: FutureWarning: `torch.cuda.amp.autocast(args...)` is deprecated. Please use `torch.amp.autocast('cuda', args...)` instead.
  with torch.cuda.amp.autocast(amp):

      79/79      12.6G    0.04629   0.005497   0.001083    0.03708   0.004709  0.0006602     0.1239   0.009289    0.06481    0.04982          0:  92%|█████████▏| 420/459 03:25
      79/79      12.6G    0.04629   0.005497   0.001083    0.03708   0.004709  0.0006602     0.1239   0.009289    0.06481    0.04982          0:  92%|█████████▏| 421/459 03:25/mnt/dataY/ydf/projects/LADD_public/cclkd_reproduction/yolov5_sanity/code/train_yolov5_cclkd_full.py:505: FutureWarning: `torch.cuda.amp.autocast(args...)` is deprecated. Please use `torch.amp.autocast('cuda', args...)` instead.
  with torch.cuda.amp.autocast(amp):

      79/79      12.6G    0.04629   0.005499   0.001083    0.03708   0.004712  0.0006607     0.1239   0.009301    0.06477    0.04981          0:  92%|█████████▏| 421/459 03:26
      79/79      12.6G    0.04629   0.005499   0.001083    0.03708   0.004712  0.0006607     0.1239   0.009301    0.06477    0.04981          0:  92%|█████████▏| 422/459 03:26/mnt/dataY/ydf/projects/LADD_public/cclkd_reproduction/yolov5_sanity/code/train_yolov5_cclkd_full.py:505: FutureWarning: `torch.cuda.amp.autocast(args...)` is deprecated. Please use `torch.amp.autocast('cuda', args...)` instead.
  with torch.cuda.amp.autocast(amp):

      79/79      12.6G    0.04628   0.005497   0.001081    0.03707   0.004709  0.0006593     0.1239   0.009294    0.06477    0.04979          0:  92%|█████████▏| 422/459 03:26
      79/79      12.6G    0.04628   0.005497   0.001081    0.03707   0.004709  0.0006593     0.1239   0.009294    0.06477    0.04979          0:  92%|█████████▏| 423/459 03:26/mnt/dataY/ydf/projects/LADD_public/cclkd_reproduction/yolov5_sanity/code/train_yolov5_cclkd_full.py:505: FutureWarning: `torch.cuda.amp.autocast(args...)` is deprecated. Please use `torch.amp.autocast('cuda', args...)` instead.
  with torch.cuda.amp.autocast(amp):

      79/79      12.6G    0.04629   0.005495   0.001082    0.03706   0.004706  0.0006604     0.1238   0.009305    0.06478    0.04976          0:  92%|█████████▏| 423/459 03:27
      79/79      12.6G    0.04629   0.005495   0.001082    0.03706   0.004706  0.0006604     0.1238   0.009305    0.06478    0.04976          0:  92%|█████████▏| 424/459 03:27/mnt/dataY/ydf/projects/LADD_public/cclkd_reproduction/yolov5_sanity/code/train_yolov5_cclkd_full.py:505: FutureWarning: `torch.cuda.amp.autocast(args...)` is deprecated. Please use `torch.amp.autocast('cuda', args...)` instead.
  with torch.cuda.amp.autocast(amp):

      79/79      12.6G     0.0463   0.005496    0.00108    0.03709   0.004707  0.0006594     0.1239   0.009307    0.06478    0.04983          0:  92%|█████████▏| 424/459 03:27
      79/79      12.6G     0.0463   0.005496    0.00108    0.03709   0.004707  0.0006594     0.1239   0.009307    0.06478    0.04983          0:  93%|█████████▎| 425/459 03:27/mnt/dataY/ydf/projects/LADD_public/cclkd_reproduction/yolov5_sanity/code/train_yolov5_cclkd_full.py:505: FutureWarning: `torch.cuda.amp.autocast(args...)` is deprecated. Please use `torch.amp.autocast('cuda', args...)` instead.
  with torch.cuda.amp.autocast(amp):

      79/79      12.6G    0.04629   0.005496   0.001078    0.03707   0.004707  0.0006582     0.1239   0.009304    0.06474    0.04981          0:  93%|█████████▎| 425/459 03:28
      79/79      12.6G    0.04629   0.005496   0.001078    0.03707   0.004707  0.0006582     0.1239   0.009304    0.06474    0.04981          0:  93%|█████████▎| 426/459 03:28/mnt/dataY/ydf/projects/LADD_public/cclkd_reproduction/yolov5_sanity/code/train_yolov5_cclkd_full.py:505: FutureWarning: `torch.cuda.amp.autocast(args...)` is deprecated. Please use `torch.amp.autocast('cuda', args...)` instead.
  with torch.cuda.amp.autocast(amp):

      79/79      12.6G    0.04627   0.005493   0.001077    0.03706   0.004704  0.0006569     0.1237   0.009293    0.06465    0.04977          0:  93%|█████████▎| 426/459 03:28
      79/79      12.6G    0.04627   0.005493   0.001077    0.03706   0.004704  0.0006569     0.1237   0.009293    0.06465    0.04977          0:  93%|█████████▎| 427/459 03:28/mnt/dataY/ydf/projects/LADD_public/cclkd_reproduction/yolov5_sanity/code/train_yolov5_cclkd_full.py:505: FutureWarning: `torch.cuda.amp.autocast(args...)` is deprecated. Please use `torch.amp.autocast('cuda', args...)` instead.
  with torch.cuda.amp.autocast(amp):
[ WARN:0@25092.732] global grfmt_tiff.cpp:122 TIFF_Warning TIFFReadDirectory: Unknown field with tag 34264 (0x85d8) encountered

      79/79      12.6G    0.04625   0.005493   0.001075    0.03704   0.004703  0.0006556     0.1236   0.009281     0.0646    0.04973          0:  93%|█████████▎| 427/459 03:29
      79/79      12.6G    0.04625   0.005493   0.001075    0.03704   0.004703  0.0006556     0.1236   0.009281     0.0646    0.04973          0:  93%|█████████▎| 428/459 03:29/mnt/dataY/ydf/projects/LADD_public/cclkd_reproduction/yolov5_sanity/code/train_yolov5_cclkd_full.py:505: FutureWarning: `torch.cuda.amp.autocast(args...)` is deprecated. Please use `torch.amp.autocast('cuda', args...)` instead.
  with torch.cuda.amp.autocast(amp):

      79/79      12.6G    0.04627   0.005491   0.001075    0.03705   0.004703  0.0006551     0.1236   0.009285    0.06456    0.04972          0:  93%|█████████▎| 428/459 03:29
      79/79      12.6G    0.04627   0.005491   0.001075    0.03705   0.004703  0.0006551     0.1236   0.009285    0.06456    0.04972          0:  93%|█████████▎| 429/459 03:29/mnt/dataY/ydf/projects/LADD_public/cclkd_reproduction/yolov5_sanity/code/train_yolov5_cclkd_full.py:505: FutureWarning: `torch.cuda.amp.autocast(args...)` is deprecated. Please use `torch.amp.autocast('cuda', args...)` instead.
  with torch.cuda.amp.autocast(amp):

      79/79      12.6G    0.04628   0.005492   0.001078    0.03706   0.004704  0.0006554     0.1236   0.009281    0.06456    0.04972          0:  93%|█████████▎| 429/459 03:30
      79/79      12.6G    0.04628   0.005492   0.001078    0.03706   0.004704  0.0006554     0.1236   0.009281    0.06456    0.04972          0:  94%|█████████▎| 430/459 03:30/mnt/dataY/ydf/projects/LADD_public/cclkd_reproduction/yolov5_sanity/code/train_yolov5_cclkd_full.py:505: FutureWarning: `torch.cuda.amp.autocast(args...)` is deprecated. Please use `torch.amp.autocast('cuda', args...)` instead.
  with torch.cuda.amp.autocast(amp):

      79/79      12.6G    0.04628   0.005491   0.001076    0.03705   0.004703  0.0006543     0.1235   0.009274    0.06457    0.04968          0:  94%|█████████▎| 430/459 03:30
      79/79      12.6G    0.04628   0.005491   0.001076    0.03705   0.004703  0.0006543     0.1235   0.009274    0.06457    0.04968          0:  94%|█████████▍| 431/459 03:30/mnt/dataY/ydf/projects/LADD_public/cclkd_reproduction/yolov5_sanity/code/train_yolov5_cclkd_full.py:505: FutureWarning: `torch.cuda.amp.autocast(args...)` is deprecated. Please use `torch.amp.autocast('cuda', args...)` instead.
  with torch.cuda.amp.autocast(amp):

      79/79      12.6G    0.04628   0.005493   0.001075    0.03705   0.004706  0.0006544     0.1235   0.009271    0.06453    0.04967          0:  94%|█████████▍| 431/459 03:31
      79/79      12.6G    0.04628   0.005493   0.001075    0.03705   0.004706  0.0006544     0.1235   0.009271    0.06453    0.04967          0:  94%|█████████▍| 432/459 03:31/mnt/dataY/ydf/projects/LADD_public/cclkd_reproduction/yolov5_sanity/code/train_yolov5_cclkd_full.py:505: FutureWarning: `torch.cuda.amp.autocast(args...)` is deprecated. Please use `torch.amp.autocast('cuda', args...)` instead.
  with torch.cuda.amp.autocast(amp):

      79/79      12.6G    0.04626   0.005493   0.001074    0.03704   0.004706  0.0006543     0.1234   0.009264    0.06448    0.04962          0:  94%|█████████▍| 432/459 03:31
      79/79      12.6G    0.04626   0.005493   0.001074    0.03704   0.004706  0.0006543     0.1234   0.009264    0.06448    0.04962          0:  94%|█████████▍| 433/459 03:31/mnt/dataY/ydf/projects/LADD_public/cclkd_reproduction/yolov5_sanity/code/train_yolov5_cclkd_full.py:505: FutureWarning: `torch.cuda.amp.autocast(args...)` is deprecated. Please use `torch.amp.autocast('cuda', args...)` instead.
  with torch.cuda.amp.autocast(amp):

      79/79      12.6G    0.04629   0.005492   0.001073    0.03705   0.004704  0.0006536     0.1234    0.00927    0.06452    0.04965          0:  94%|█████████▍| 433/459 03:32
      79/79      12.6G    0.04629   0.005492   0.001073    0.03705   0.004704  0.0006536     0.1234    0.00927    0.06452    0.04965          0:  95%|█████████▍| 434/459 03:32/mnt/dataY/ydf/projects/LADD_public/cclkd_reproduction/yolov5_sanity/code/train_yolov5_cclkd_full.py:505: FutureWarning: `torch.cuda.amp.autocast(args...)` is deprecated. Please use `torch.amp.autocast('cuda', args...)` instead.
  with torch.cuda.amp.autocast(amp):

      79/79      12.6G    0.04629   0.005491   0.001072    0.03705   0.004705  0.0006524     0.1233   0.009264    0.06445    0.04962          0:  95%|█████████▍| 434/459 03:32
      79/79      12.6G    0.04629   0.005491   0.001072    0.03705   0.004705  0.0006524     0.1233   0.009264    0.06445    0.04962          0:  95%|█████████▍| 435/459 03:32/mnt/dataY/ydf/projects/LADD_public/cclkd_reproduction/yolov5_sanity/code/train_yolov5_cclkd_full.py:505: FutureWarning: `torch.cuda.amp.autocast(args...)` is deprecated. Please use `torch.amp.autocast('cuda', args...)` instead.
  with torch.cuda.amp.autocast(amp):

      79/79      12.6G    0.04628   0.005494   0.001071    0.03704   0.004706  0.0006517     0.1232   0.009259     0.0644    0.04959          0:  95%|█████████▍| 435/459 03:33
      79/79      12.6G    0.04628   0.005494   0.001071    0.03704   0.004706  0.0006517     0.1232   0.009259     0.0644    0.04959          0:  95%|█████████▍| 436/459 03:33/mnt/dataY/ydf/projects/LADD_public/cclkd_reproduction/yolov5_sanity/code/train_yolov5_cclkd_full.py:505: FutureWarning: `torch.cuda.amp.autocast(args...)` is deprecated. Please use `torch.amp.autocast('cuda', args...)` instead.
  with torch.cuda.amp.autocast(amp):

      79/79      12.6G    0.04628   0.005492   0.001071    0.03704   0.004705  0.0006513     0.1233   0.009275    0.06434     0.0497          0:  95%|█████████▍| 436/459 03:33
      79/79      12.6G    0.04628   0.005492   0.001071    0.03704   0.004705  0.0006513     0.1233   0.009275    0.06434     0.0497          0:  95%|█████████▌| 437/459 03:33/mnt/dataY/ydf/projects/LADD_public/cclkd_reproduction/yolov5_sanity/code/train_yolov5_cclkd_full.py:505: FutureWarning: `torch.cuda.amp.autocast(args...)` is deprecated. Please use `torch.amp.autocast('cuda', args...)` instead.
  with torch.cuda.amp.autocast(amp):

      79/79      12.6G    0.04632   0.005495   0.001073    0.03708   0.004707   0.000652     0.1234   0.009296    0.06433    0.04974          0:  95%|█████████▌| 437/459 03:34
      79/79      12.6G    0.04632   0.005495   0.001073    0.03708   0.004707   0.000652     0.1234   0.009296    0.06433    0.04974          0:  95%|█████████▌| 438/459 03:34/mnt/dataY/ydf/projects/LADD_public/cclkd_reproduction/yolov5_sanity/code/train_yolov5_cclkd_full.py:505: FutureWarning: `torch.cuda.amp.autocast(args...)` is deprecated. Please use `torch.amp.autocast('cuda', args...)` instead.
  with torch.cuda.amp.autocast(amp):

      79/79      12.6G     0.0463   0.005493   0.001072    0.03706   0.004706  0.0006509     0.1233   0.009286    0.06426     0.0497          0:  95%|█████████▌| 438/459 03:34
      79/79      12.6G     0.0463   0.005493   0.001072    0.03706   0.004706  0.0006509     0.1233   0.009286    0.06426     0.0497          0:  96%|█████████▌| 439/459 03:34/mnt/dataY/ydf/projects/LADD_public/cclkd_reproduction/yolov5_sanity/code/train_yolov5_cclkd_full.py:505: FutureWarning: `torch.cuda.amp.autocast(args...)` is deprecated. Please use `torch.amp.autocast('cuda', args...)` instead.
  with torch.cuda.amp.autocast(amp):

      79/79      12.6G     0.0463   0.005495    0.00107    0.03706   0.004707  0.0006499     0.1232   0.009283    0.06425    0.04968          0:  96%|█████████▌| 439/459 03:35
      79/79      12.6G     0.0463   0.005495    0.00107    0.03706   0.004707  0.0006499     0.1232   0.009283    0.06425    0.04968          0:  96%|█████████▌| 440/459 03:35/mnt/dataY/ydf/projects/LADD_public/cclkd_reproduction/yolov5_sanity/code/train_yolov5_cclkd_full.py:505: FutureWarning: `torch.cuda.amp.autocast(args...)` is deprecated. Please use `torch.amp.autocast('cuda', args...)` instead.
  with torch.cuda.amp.autocast(amp):
[ WARN:0@25099.233] global grfmt_tiff.cpp:122 TIFF_Warning TIFFReadDirectory: Unknown field with tag 34264 (0x85d8) encountered

      79/79      12.6G    0.04634   0.005496   0.001072    0.03709    0.00471  0.0006533     0.1233   0.009294    0.06427    0.04971          0:  96%|█████████▌| 440/459 03:35
      79/79      12.6G    0.04634   0.005496   0.001072    0.03709    0.00471  0.0006533     0.1233   0.009294    0.06427    0.04971          0:  96%|█████████▌| 441/459 03:35/mnt/dataY/ydf/projects/LADD_public/cclkd_reproduction/yolov5_sanity/code/train_yolov5_cclkd_full.py:505: FutureWarning: `torch.cuda.amp.autocast(args...)` is deprecated. Please use `torch.amp.autocast('cuda', args...)` instead.
  with torch.cuda.amp.autocast(amp):

      79/79      12.6G    0.04634   0.005495    0.00107    0.03708   0.004708  0.0006527     0.1232   0.009285    0.06423    0.04971          0:  96%|█████████▌| 441/459 03:36
      79/79      12.6G    0.04634   0.005495    0.00107    0.03708   0.004708  0.0006527     0.1232   0.009285    0.06423    0.04971          0:  96%|█████████▋| 442/459 03:36/mnt/dataY/ydf/projects/LADD_public/cclkd_reproduction/yolov5_sanity/code/train_yolov5_cclkd_full.py:505: FutureWarning: `torch.cuda.amp.autocast(args...)` is deprecated. Please use `torch.amp.autocast('cuda', args...)` instead.
  with torch.cuda.amp.autocast(amp):
[ WARN:0@25100.479] global grfmt_tiff.cpp:122 TIFF_Warning TIFFReadDirectory: Unknown field with tag 34264 (0x85d8) encountered

      79/79      12.6G    0.04634   0.005495   0.001071    0.03708   0.004707  0.0006529     0.1232   0.009282    0.06422    0.04969          0:  96%|█████████▋| 442/459 03:36
      79/79      12.6G    0.04634   0.005495   0.001071    0.03708   0.004707  0.0006529     0.1232   0.009282    0.06422    0.04969          0:  97%|█████████▋| 443/459 03:36/mnt/dataY/ydf/projects/LADD_public/cclkd_reproduction/yolov5_sanity/code/train_yolov5_cclkd_full.py:505: FutureWarning: `torch.cuda.amp.autocast(args...)` is deprecated. Please use `torch.amp.autocast('cuda', args...)` instead.
  with torch.cuda.amp.autocast(amp):

      79/79      12.6G    0.04634   0.005495    0.00107    0.03707   0.004708  0.0006523     0.1231   0.009284    0.06416    0.04966          0:  97%|█████████▋| 443/459 03:37
      79/79      12.6G    0.04634   0.005495    0.00107    0.03707   0.004708  0.0006523     0.1231   0.009284    0.06416    0.04966          0:  97%|█████████▋| 444/459 03:37/mnt/dataY/ydf/projects/LADD_public/cclkd_reproduction/yolov5_sanity/code/train_yolov5_cclkd_full.py:505: FutureWarning: `torch.cuda.amp.autocast(args...)` is deprecated. Please use `torch.amp.autocast('cuda', args...)` instead.
  with torch.cuda.amp.autocast(amp):

      79/79      12.6G    0.04632   0.005494   0.001068    0.03706   0.004706  0.0006521      0.123   0.009274    0.06414    0.04962          0:  97%|█████████▋| 444/459 03:37
      79/79      12.6G    0.04632   0.005494   0.001068    0.03706   0.004706  0.0006521      0.123   0.009274    0.06414    0.04962          0:  97%|█████████▋| 445/459 03:37/mnt/dataY/ydf/projects/LADD_public/cclkd_reproduction/yolov5_sanity/code/train_yolov5_cclkd_full.py:505: FutureWarning: `torch.cuda.amp.autocast(args...)` is deprecated. Please use `torch.amp.autocast('cuda', args...)` instead.
  with torch.cuda.amp.autocast(amp):

      79/79      12.6G    0.04632   0.005498   0.001069    0.03705   0.004709  0.0006515     0.1231   0.009277    0.06415    0.04971          0:  97%|█████████▋| 445/459 03:38
      79/79      12.6G    0.04632   0.005498   0.001069    0.03705   0.004709  0.0006515     0.1231   0.009277    0.06415    0.04971          0:  97%|█████████▋| 446/459 03:38/mnt/dataY/ydf/projects/LADD_public/cclkd_reproduction/yolov5_sanity/code/train_yolov5_cclkd_full.py:505: FutureWarning: `torch.cuda.amp.autocast(args...)` is deprecated. Please use `torch.amp.autocast('cuda', args...)` instead.
  with torch.cuda.amp.autocast(amp):

      79/79      12.6G    0.04633   0.005501   0.001068    0.03704   0.004711  0.0006508     0.1232    0.00928    0.06412    0.04984          0:  97%|█████████▋| 446/459 03:38
      79/79      12.6G    0.04633   0.005501   0.001068    0.03704   0.004711  0.0006508     0.1232    0.00928    0.06412    0.04984          0:  97%|█████████▋| 447/459 03:38/mnt/dataY/ydf/projects/LADD_public/cclkd_reproduction/yolov5_sanity/code/train_yolov5_cclkd_full.py:505: FutureWarning: `torch.cuda.amp.autocast(args...)` is deprecated. Please use `torch.amp.autocast('cuda', args...)` instead.
  with torch.cuda.amp.autocast(amp):
[ WARN:0@25102.708] global grfmt_tiff.cpp:122 TIFF_Warning TIFFReadDirectory: Unknown field with tag 34264 (0x85d8) encountered

      79/79      12.6G    0.04632   0.005502   0.001068    0.03704   0.004711  0.0006505     0.1232   0.009273    0.06406    0.04985          0:  97%|█████████▋| 447/459 03:39
      79/79      12.6G    0.04632   0.005502   0.001068    0.03704   0.004711  0.0006505     0.1232   0.009273    0.06406    0.04985          0:  98%|█████████▊| 448/459 03:39/mnt/dataY/ydf/projects/LADD_public/cclkd_reproduction/yolov5_sanity/code/train_yolov5_cclkd_full.py:505: FutureWarning: `torch.cuda.amp.autocast(args...)` is deprecated. Please use `torch.amp.autocast('cuda', args...)` instead.
  with torch.cuda.amp.autocast(amp):
[ WARN:0@25103.260] global grfmt_tiff.cpp:122 TIFF_Warning TIFFReadDirectory: Unknown field with tag 34264 (0x85d8) encountered

      79/79      12.6G    0.04632   0.005505   0.001071    0.03703   0.004712  0.0006502     0.1232   0.009273    0.06402    0.04986          0:  98%|█████████▊| 448/459 03:39
      79/79      12.6G    0.04632   0.005505   0.001071    0.03703   0.004712  0.0006502     0.1232   0.009273    0.06402    0.04986          0:  98%|█████████▊| 449/459 03:39/mnt/dataY/ydf/projects/LADD_public/cclkd_reproduction/yolov5_sanity/code/train_yolov5_cclkd_full.py:505: FutureWarning: `torch.cuda.amp.autocast(args...)` is deprecated. Please use `torch.amp.autocast('cuda', args...)` instead.
  with torch.cuda.amp.autocast(amp):

      79/79      12.6G     0.0463   0.005503   0.001071    0.03702   0.004709  0.0006508     0.1231   0.009264    0.06402    0.04981          0:  98%|█████████▊| 449/459 03:40
      79/79      12.6G     0.0463   0.005503   0.001071    0.03702   0.004709  0.0006508     0.1231   0.009264    0.06402    0.04981          0:  98%|█████████▊| 450/459 03:40/mnt/dataY/ydf/projects/LADD_public/cclkd_reproduction/yolov5_sanity/code/train_yolov5_cclkd_full.py:505: FutureWarning: `torch.cuda.amp.autocast(args...)` is deprecated. Please use `torch.amp.autocast('cuda', args...)` instead.
  with torch.cuda.amp.autocast(amp):

      79/79      12.6G    0.04632   0.005504   0.001076    0.03704    0.00471  0.0006526     0.1231    0.00927    0.06397    0.04986          0:  98%|█████████▊| 450/459 03:40
      79/79      12.6G    0.04632   0.005504   0.001076    0.03704    0.00471  0.0006526     0.1231    0.00927    0.06397    0.04986          0:  98%|█████████▊| 451/459 03:40/mnt/dataY/ydf/projects/LADD_public/cclkd_reproduction/yolov5_sanity/code/train_yolov5_cclkd_full.py:505: FutureWarning: `torch.cuda.amp.autocast(args...)` is deprecated. Please use `torch.amp.autocast('cuda', args...)` instead.
  with torch.cuda.amp.autocast(amp):

      79/79      12.6G     0.0463     0.0055   0.001074    0.03703   0.004708  0.0006514      0.123   0.009261    0.06389     0.0498          0:  98%|█████████▊| 451/459 03:41
      79/79      12.6G     0.0463     0.0055   0.001074    0.03703   0.004708  0.0006514      0.123   0.009261    0.06389     0.0498          0:  98%|█████████▊| 452/459 03:41/mnt/dataY/ydf/projects/LADD_public/cclkd_reproduction/yolov5_sanity/code/train_yolov5_cclkd_full.py:505: FutureWarning: `torch.cuda.amp.autocast(args...)` is deprecated. Please use `torch.amp.autocast('cuda', args...)` instead.
  with torch.cuda.amp.autocast(amp):

      79/79      12.6G     0.0463   0.005499   0.001075    0.03703   0.004708  0.0006527     0.1231    0.00926    0.06404    0.04976          0:  98%|█████████▊| 452/459 03:41
      79/79      12.6G     0.0463   0.005499   0.001075    0.03703   0.004708  0.0006527     0.1231    0.00926    0.06404    0.04976          0:  99%|█████████▊| 453/459 03:41/mnt/dataY/ydf/projects/LADD_public/cclkd_reproduction/yolov5_sanity/code/train_yolov5_cclkd_full.py:505: FutureWarning: `torch.cuda.amp.autocast(args...)` is deprecated. Please use `torch.amp.autocast('cuda', args...)` instead.
  with torch.cuda.amp.autocast(amp):

      79/79      12.6G    0.04631   0.005496   0.001076    0.03704   0.004707   0.000653      0.123   0.009266    0.06401    0.04976          0:  99%|█████████▊| 453/459 03:42
      79/79      12.6G    0.04631   0.005496   0.001076    0.03704   0.004707   0.000653      0.123   0.009266    0.06401    0.04976          0:  99%|█████████▉| 454/459 03:42/mnt/dataY/ydf/projects/LADD_public/cclkd_reproduction/yolov5_sanity/code/train_yolov5_cclkd_full.py:505: FutureWarning: `torch.cuda.amp.autocast(args...)` is deprecated. Please use `torch.amp.autocast('cuda', args...)` instead.
  with torch.cuda.amp.autocast(amp):

      79/79      12.6G    0.04631   0.005497   0.001076    0.03704   0.004707   0.000652     0.1231   0.009273    0.06399    0.04982          0:  99%|█████████▉| 454/459 03:42
      79/79      12.6G    0.04631   0.005497   0.001076    0.03704   0.004707   0.000652     0.1231   0.009273    0.06399    0.04982          0:  99%|█████████▉| 455/459 03:42/mnt/dataY/ydf/projects/LADD_public/cclkd_reproduction/yolov5_sanity/code/train_yolov5_cclkd_full.py:505: FutureWarning: `torch.cuda.amp.autocast(args...)` is deprecated. Please use `torch.amp.autocast('cuda', args...)` instead.
  with torch.cuda.amp.autocast(amp):

      79/79      12.6G    0.04629   0.005497   0.001075    0.03703   0.004708  0.0006515      0.123    0.00927    0.06395    0.04977          0:  99%|█████████▉| 455/459 03:43
      79/79      12.6G    0.04629   0.005497   0.001075    0.03703   0.004708  0.0006515      0.123    0.00927    0.06395    0.04977          0:  99%|█████████▉| 456/459 03:43/mnt/dataY/ydf/projects/LADD_public/cclkd_reproduction/yolov5_sanity/code/train_yolov5_cclkd_full.py:505: FutureWarning: `torch.cuda.amp.autocast(args...)` is deprecated. Please use `torch.amp.autocast('cuda', args...)` instead.
  with torch.cuda.amp.autocast(amp):

      79/79      12.6G    0.04628   0.005496   0.001074    0.03703   0.004706  0.0006506     0.1231   0.009275    0.06389     0.0499          0:  99%|█████████▉| 456/459 03:43
      79/79      12.6G    0.04628   0.005496   0.001074    0.03703   0.004706  0.0006506     0.1231   0.009275    0.06389     0.0499          0: 100%|█████████▉| 457/459 03:43/mnt/dataY/ydf/projects/LADD_public/cclkd_reproduction/yolov5_sanity/code/train_yolov5_cclkd_full.py:505: FutureWarning: `torch.cuda.amp.autocast(args...)` is deprecated. Please use `torch.amp.autocast('cuda', args...)` instead.
  with torch.cuda.amp.autocast(amp):

      79/79      12.6G    0.04629   0.005494   0.001077    0.03704   0.004705  0.0006527     0.1235   0.009278    0.06434    0.04991          0: 100%|█████████▉| 457/459 03:44
      79/79      12.6G    0.04629   0.005494   0.001077    0.03704   0.004705  0.0006527     0.1235   0.009278    0.06434    0.04991          0: 100%|█████████▉| 458/459 03:44/mnt/dataY/ydf/projects/LADD_public/cclkd_reproduction/yolov5_sanity/code/train_yolov5_cclkd_full.py:505: FutureWarning: `torch.cuda.amp.autocast(args...)` is deprecated. Please use `torch.amp.autocast('cuda', args...)` instead.
  with torch.cuda.amp.autocast(amp):

      79/79      12.6G    0.04628    0.00549   0.001078    0.03703   0.004701  0.0006546     0.1234   0.009267    0.06427     0.0499          0: 100%|█████████▉| 458/459 03:44
      79/79      12.6G    0.04628    0.00549   0.001078    0.03703   0.004701  0.0006546     0.1234   0.009267    0.06427     0.0499          0: 100%|██████████| 459/459 03:44
      79/79      12.6G    0.04628    0.00549   0.001078    0.03703   0.004701  0.0006546     0.1234   0.009267    0.06427     0.0499          0: 100%|██████████| 459/459 03:44

                 Class     Images  Instances          P          R      mAP50   mAP50-95:   0%|          | 0/58 00:00
                 Class     Images  Instances          P          R      mAP50   mAP50-95:   2%|▏         | 1/58 00:01
                 Class     Images  Instances          P          R      mAP50   mAP50-95:   3%|▎         | 2/58 00:02
                 Class     Images  Instances          P          R      mAP50   mAP50-95:   5%|▌         | 3/58 00:04
                 Class     Images  Instances          P          R      mAP50   mAP50-95:   7%|▋         | 4/58 00:05
                 Class     Images  Instances          P          R      mAP50   mAP50-95:   9%|▊         | 5/58 00:06
                 Class     Images  Instances          P          R      mAP50   mAP50-95:  10%|█         | 6/58 00:08
                 Class     Images  Instances          P          R      mAP50   mAP50-95:  12%|█▏        | 7/58 00:09
                 Class     Images  Instances          P          R      mAP50   mAP50-95:  14%|█▍        | 8/58 00:10
                 Class     Images  Instances          P          R      mAP50   mAP50-95:  16%|█▌        | 9/58 00:12
                 Class     Images  Instances          P          R      mAP50   mAP50-95:  17%|█▋        | 10/58 00:13
                 Class     Images  Instances          P          R      mAP50   mAP50-95:  19%|█▉        | 11/58 00:14
                 Class     Images  Instances          P          R      mAP50   mAP50-95:  21%|██        | 12/58 00:16
                 Class     Images  Instances          P          R      mAP50   mAP50-95:  22%|██▏       | 13/58 00:17
                 Class     Images  Instances          P          R      mAP50   mAP50-95:  24%|██▍       | 14/58 00:18
                 Class     Images  Instances          P          R      mAP50   mAP50-95:  26%|██▌       | 15/58 00:20
                 Class     Images  Instances          P          R      mAP50   mAP50-95:  28%|██▊       | 16/58 00:21
                 Class     Images  Instances          P          R      mAP50   mAP50-95:  29%|██▉       | 17/58 00:22
                 Class     Images  Instances          P          R      mAP50   mAP50-95:  31%|███       | 18/58 00:23
                 Class     Images  Instances          P          R      mAP50   mAP50-95:  33%|███▎      | 19/58 00:25
                 Class     Images  Instances          P          R      mAP50   mAP50-95:  34%|███▍      | 20/58 00:26
                 Class     Images  Instances          P          R      mAP50   mAP50-95:  36%|███▌      | 21/58 00:27
                 Class     Images  Instances          P          R      mAP50   mAP50-95:  38%|███▊      | 22/58 00:29
                 Class     Images  Instances          P          R      mAP50   mAP50-95:  40%|███▉      | 23/58 00:30
                 Class     Images  Instances          P          R      mAP50   mAP50-95:  41%|████▏     | 24/58 00:31
                 Class     Images  Instances          P          R      mAP50   mAP50-95:  43%|████▎     | 25/58 00:33
                 Class     Images  Instances          P          R      mAP50   mAP50-95:  45%|████▍     | 26/58 00:34
                 Class     Images  Instances          P          R      mAP50   mAP50-95:  47%|████▋     | 27/58 00:36
                 Class     Images  Instances          P          R      mAP50   mAP50-95:  48%|████▊     | 28/58 00:37
                 Class     Images  Instances          P          R      mAP50   mAP50-95:  50%|█████     | 29/58 00:38
                 Class     Images  Instances          P          R      mAP50   mAP50-95:  52%|█████▏    | 30/58 00:40
                 Class     Images  Instances          P          R      mAP50   mAP50-95:  53%|█████▎    | 31/58 00:41
                 Class     Images  Instances          P          R      mAP50   mAP50-95:  55%|█████▌    | 32/58 00:43
                 Class     Images  Instances          P          R      mAP50   mAP50-95:  57%|█████▋    | 33/58 00:44
                 Class     Images  Instances          P          R      mAP50   mAP50-95:  59%|█████▊    | 34/58 00:45
                 Class     Images  Instances          P          R      mAP50   mAP50-95:  60%|██████    | 35/58 00:47
                 Class     Images  Instances          P          R      mAP50   mAP50-95:  62%|██████▏   | 36/58 00:48
                 Class     Images  Instances          P          R      mAP50   mAP50-95:  64%|██████▍   | 37/58 00:49
                 Class     Images  Instances          P          R      mAP50   mAP50-95:  66%|██████▌   | 38/58 00:51
                 Class     Images  Instances          P          R      mAP50   mAP50-95:  67%|██████▋   | 39/58 00:52
                 Class     Images  Instances          P          R      mAP50   mAP50-95:  69%|██████▉   | 40/58 00:53
                 Class     Images  Instances          P          R      mAP50   mAP50-95:  71%|███████   | 41/58 00:55
                 Class     Images  Instances          P          R      mAP50   mAP50-95:  72%|███████▏  | 42/58 00:56
                 Class     Images  Instances          P          R      mAP50   mAP50-95:  74%|███████▍  | 43/58 00:57
                 Class     Images  Instances          P          R      mAP50   mAP50-95:  76%|███████▌  | 44/58 00:59
                 Class     Images  Instances          P          R      mAP50   mAP50-95:  78%|███████▊  | 45/58 01:00
                 Class     Images  Instances          P          R      mAP50   mAP50-95:  79%|███████▉  | 46/58 01:01
                 Class     Images  Instances          P          R      mAP50   mAP50-95:  81%|████████  | 47/58 01:03
                 Class     Images  Instances          P          R      mAP50   mAP50-95:  83%|████████▎ | 48/58 01:04
                 Class     Images  Instances          P          R      mAP50   mAP50-95:  84%|████████▍ | 49/58 01:05
                 Class     Images  Instances          P          R      mAP50   mAP50-95:  86%|████████▌ | 50/58 01:06
                 Class     Images  Instances          P          R      mAP50   mAP50-95:  88%|████████▊ | 51/58 01:08
                 Class     Images  Instances          P          R      mAP50   mAP50-95:  90%|████████▉ | 52/58 01:09
                 Class     Images  Instances          P          R      mAP50   mAP50-95:  91%|█████████▏| 53/58 01:10
                 Class     Images  Instances          P          R      mAP50   mAP50-95:  93%|█████████▎| 54/58 01:12
                 Class     Images  Instances          P          R      mAP50   mAP50-95:  95%|█████████▍| 55/58 01:13
                 Class     Images  Instances          P          R      mAP50   mAP50-95:  97%|█████████▋| 56/58 01:14
                 Class     Images  Instances          P          R      mAP50   mAP50-95:  98%|█████████▊| 57/58 01:16
                 Class     Images  Instances          P          R      mAP50   mAP50-95: 100%|██████████| 58/58 01:16
                 Class     Images  Instances          P          R      mAP50   mAP50-95: 100%|██████████| 58/58 01:16
                   all       3667       9614      0.682      0.554      0.571      0.307
diagnostics: mode=paper_atkd_only cop_positive_ratio=0.9901 kd_to_student_det_ratio=0.07338 lld=0.009267 fld=0.06427 rld=0.0499 ccl=0

80 epochs completed in 6.992 hours.
Optimizer stripped from /mnt/dataY/ydf/projects/LADD_public/cclkd_reproduction/yolov5_sanity/results/runs/yolov5x_paper_atkd_only_b32_s0_paper_atkd_only_scaledfix_b32_e80/weights/last.pt, 345.9MB
Optimizer stripped from /mnt/dataY/ydf/projects/LADD_public/cclkd_reproduction/yolov5_sanity/results/runs/yolov5x_paper_atkd_only_b32_s0_paper_atkd_only_scaledfix_b32_e80/weights/best.pt, 345.9MB
