
    288/399      13.3G    0.04405   0.005328   0.001177    0.03746   0.004756  0.0008758    0.09391   0.008842    0.03393    0.05114          0:  70%|███████   | 323/459 02:38
    288/399      13.3G    0.04405   0.005328   0.001177    0.03746   0.004756  0.0008758    0.09391   0.008842    0.03393    0.05114          0:  71%|███████   | 324/459 02:38/mnt/dataY/ydf/projects/LADD_public/cclkd_reproduction/yolov5_sanity/code/train_yolov5_cclkd_full.py:505: FutureWarning: `torch.cuda.amp.autocast(args...)` is deprecated. Please use `torch.amp.autocast('cuda', args...)` instead.
  with torch.cuda.amp.autocast(amp):

    288/399      13.3G    0.04404   0.005324    0.00118    0.03746   0.004752  0.0008737    0.09379   0.008829    0.03389    0.05107          0:  71%|███████   | 324/459 02:38
    288/399      13.3G    0.04404   0.005324    0.00118    0.03746   0.004752  0.0008737    0.09379   0.008829    0.03389    0.05107          0:  71%|███████   | 325/459 02:38/mnt/dataY/ydf/projects/LADD_public/cclkd_reproduction/yolov5_sanity/code/train_yolov5_cclkd_full.py:505: FutureWarning: `torch.cuda.amp.autocast(args...)` is deprecated. Please use `torch.amp.autocast('cuda', args...)` instead.
  with torch.cuda.amp.autocast(amp):

    288/399      13.3G    0.04405   0.005322   0.001179    0.03746    0.00475  0.0008719    0.09372   0.008832    0.03387    0.05102          0:  71%|███████   | 325/459 02:39
    288/399      13.3G    0.04405   0.005322   0.001179    0.03746    0.00475  0.0008719    0.09372   0.008832    0.03387    0.05102          0:  71%|███████   | 326/459 02:39/mnt/dataY/ydf/projects/LADD_public/cclkd_reproduction/yolov5_sanity/code/train_yolov5_cclkd_full.py:505: FutureWarning: `torch.cuda.amp.autocast(args...)` is deprecated. Please use `torch.amp.autocast('cuda', args...)` instead.
  with torch.cuda.amp.autocast(amp):

    288/399      13.3G    0.04408   0.005323   0.001182    0.03749   0.004752  0.0008724    0.09382   0.008849    0.03385    0.05112          0:  71%|███████   | 326/459 02:39
    288/399      13.3G    0.04408   0.005323   0.001182    0.03749   0.004752  0.0008724    0.09382   0.008849    0.03385    0.05112          0:  71%|███████   | 327/459 02:39/mnt/dataY/ydf/projects/LADD_public/cclkd_reproduction/yolov5_sanity/code/train_yolov5_cclkd_full.py:505: FutureWarning: `torch.cuda.amp.autocast(args...)` is deprecated. Please use `torch.amp.autocast('cuda', args...)` instead.
  with torch.cuda.amp.autocast(amp):

    288/399      13.3G    0.04408   0.005324    0.00118    0.03749   0.004751  0.0008705    0.09374   0.008846    0.03382    0.05108          0:  71%|███████   | 327/459 02:40
    288/399      13.3G    0.04408   0.005324    0.00118    0.03749   0.004751  0.0008705    0.09374   0.008846    0.03382    0.05108          0:  71%|███████▏  | 328/459 02:40/mnt/dataY/ydf/projects/LADD_public/cclkd_reproduction/yolov5_sanity/code/train_yolov5_cclkd_full.py:505: FutureWarning: `torch.cuda.amp.autocast(args...)` is deprecated. Please use `torch.amp.autocast('cuda', args...)` instead.
  with torch.cuda.amp.autocast(amp):

    288/399      13.3G    0.04407   0.005325   0.001178     0.0375   0.004753  0.0008689    0.09372    0.00885     0.0338    0.05107          0:  71%|███████▏  | 328/459 02:40
    288/399      13.3G    0.04407   0.005325   0.001178     0.0375   0.004753  0.0008689    0.09372    0.00885     0.0338    0.05107          0:  72%|███████▏  | 329/459 02:40/mnt/dataY/ydf/projects/LADD_public/cclkd_reproduction/yolov5_sanity/code/train_yolov5_cclkd_full.py:505: FutureWarning: `torch.cuda.amp.autocast(args...)` is deprecated. Please use `torch.amp.autocast('cuda', args...)` instead.
  with torch.cuda.amp.autocast(amp):

    288/399      13.3G    0.04408   0.005338   0.001178     0.0375   0.004761   0.000867    0.09371   0.008852    0.03379    0.05106          0:  72%|███████▏  | 329/459 02:41
    288/399      13.3G    0.04408   0.005338   0.001178     0.0375   0.004761   0.000867    0.09371   0.008852    0.03379    0.05106          0:  72%|███████▏  | 330/459 02:41/mnt/dataY/ydf/projects/LADD_public/cclkd_reproduction/yolov5_sanity/code/train_yolov5_cclkd_full.py:505: FutureWarning: `torch.cuda.amp.autocast(args...)` is deprecated. Please use `torch.amp.autocast('cuda', args...)` instead.
  with torch.cuda.amp.autocast(amp):

    288/399      13.3G    0.04408   0.005336   0.001175     0.0375   0.004759  0.0008651    0.09367   0.008857    0.03378    0.05103          0:  72%|███████▏  | 330/459 02:41
    288/399      13.3G    0.04408   0.005336   0.001175     0.0375   0.004759  0.0008651    0.09367   0.008857    0.03378    0.05103          0:  72%|███████▏  | 331/459 02:41/mnt/dataY/ydf/projects/LADD_public/cclkd_reproduction/yolov5_sanity/code/train_yolov5_cclkd_full.py:505: FutureWarning: `torch.cuda.amp.autocast(args...)` is deprecated. Please use `torch.amp.autocast('cuda', args...)` instead.
  with torch.cuda.amp.autocast(amp):

    288/399      13.3G    0.04409   0.005337   0.001173    0.03748   0.004758  0.0008631    0.09364    0.00885     0.0338    0.05099          0:  72%|███████▏  | 331/459 02:42
    288/399      13.3G    0.04409   0.005337   0.001173    0.03748   0.004758  0.0008631    0.09364    0.00885     0.0338    0.05099          0:  72%|███████▏  | 332/459 02:42/mnt/dataY/ydf/projects/LADD_public/cclkd_reproduction/yolov5_sanity/code/train_yolov5_cclkd_full.py:505: FutureWarning: `torch.cuda.amp.autocast(args...)` is deprecated. Please use `torch.amp.autocast('cuda', args...)` instead.
  with torch.cuda.amp.autocast(amp):

    288/399      13.3G    0.04406   0.005333   0.001171    0.03748   0.004756  0.0008615    0.09361   0.008878    0.03379    0.05095          0:  72%|███████▏  | 332/459 02:42
    288/399      13.3G    0.04406   0.005333   0.001171    0.03748   0.004756  0.0008615    0.09361   0.008878    0.03379    0.05095          0:  73%|███████▎  | 333/459 02:42/mnt/dataY/ydf/projects/LADD_public/cclkd_reproduction/yolov5_sanity/code/train_yolov5_cclkd_full.py:505: FutureWarning: `torch.cuda.amp.autocast(args...)` is deprecated. Please use `torch.amp.autocast('cuda', args...)` instead.
  with torch.cuda.amp.autocast(amp):

    288/399      13.3G    0.04403   0.005332   0.001168    0.03745   0.004754  0.0008594    0.09348   0.008868    0.03375    0.05087          0:  73%|███████▎  | 333/459 02:43
    288/399      13.3G    0.04403   0.005332   0.001168    0.03745   0.004754  0.0008594    0.09348   0.008868    0.03375    0.05087          0:  73%|███████▎  | 334/459 02:43/mnt/dataY/ydf/projects/LADD_public/cclkd_reproduction/yolov5_sanity/code/train_yolov5_cclkd_full.py:505: FutureWarning: `torch.cuda.amp.autocast(args...)` is deprecated. Please use `torch.amp.autocast('cuda', args...)` instead.
  with torch.cuda.amp.autocast(amp):

    288/399      13.3G    0.04402    0.00533   0.001166    0.03744   0.004752   0.000859    0.09338   0.008856    0.03371    0.05081          0:  73%|███████▎  | 334/459 02:43
    288/399      13.3G    0.04402    0.00533   0.001166    0.03744   0.004752   0.000859    0.09338   0.008856    0.03371    0.05081          0:  73%|███████▎  | 335/459 02:43/mnt/dataY/ydf/projects/LADD_public/cclkd_reproduction/yolov5_sanity/code/train_yolov5_cclkd_full.py:505: FutureWarning: `torch.cuda.amp.autocast(args...)` is deprecated. Please use `torch.amp.autocast('cuda', args...)` instead.
  with torch.cuda.amp.autocast(amp):

    288/399      13.3G      0.044   0.005329   0.001175    0.03742   0.004751   0.000858    0.09333   0.008847    0.03372    0.05076          0:  73%|███████▎  | 335/459 02:44
    288/399      13.3G      0.044   0.005329   0.001175    0.03742   0.004751   0.000858    0.09333   0.008847    0.03372    0.05076          0:  73%|███████▎  | 336/459 02:44/mnt/dataY/ydf/projects/LADD_public/cclkd_reproduction/yolov5_sanity/code/train_yolov5_cclkd_full.py:505: FutureWarning: `torch.cuda.amp.autocast(args...)` is deprecated. Please use `torch.amp.autocast('cuda', args...)` instead.
  with torch.cuda.amp.autocast(amp):

    288/399      13.3G    0.04398   0.005331   0.001173    0.03742   0.004751  0.0008562    0.09325   0.008839     0.0337    0.05072          0:  73%|███████▎  | 336/459 02:44
    288/399      13.3G    0.04398   0.005331   0.001173    0.03742   0.004751  0.0008562    0.09325   0.008839     0.0337    0.05072          0:  73%|███████▎  | 337/459 02:44/mnt/dataY/ydf/projects/LADD_public/cclkd_reproduction/yolov5_sanity/code/train_yolov5_cclkd_full.py:505: FutureWarning: `torch.cuda.amp.autocast(args...)` is deprecated. Please use `torch.amp.autocast('cuda', args...)` instead.
  with torch.cuda.amp.autocast(amp):

    288/399      13.3G    0.04399   0.005332   0.001177    0.03742   0.004753  0.0008574    0.09322   0.008836    0.03369     0.0507          0:  73%|███████▎  | 337/459 02:45
    288/399      13.3G    0.04399   0.005332   0.001177    0.03742   0.004753  0.0008574    0.09322   0.008836    0.03369     0.0507          0:  74%|███████▎  | 338/459 02:45/mnt/dataY/ydf/projects/LADD_public/cclkd_reproduction/yolov5_sanity/code/train_yolov5_cclkd_full.py:505: FutureWarning: `torch.cuda.amp.autocast(args...)` is deprecated. Please use `torch.amp.autocast('cuda', args...)` instead.
  with torch.cuda.amp.autocast(amp):

    288/399      13.3G    0.04401   0.005339   0.001177    0.03744    0.00476  0.0008563     0.0934   0.008845    0.03373    0.05082          0:  74%|███████▎  | 338/459 02:45
    288/399      13.3G    0.04401   0.005339   0.001177    0.03744    0.00476  0.0008563     0.0934   0.008845    0.03373    0.05082          0:  74%|███████▍  | 339/459 02:45/mnt/dataY/ydf/projects/LADD_public/cclkd_reproduction/yolov5_sanity/code/train_yolov5_cclkd_full.py:505: FutureWarning: `torch.cuda.amp.autocast(args...)` is deprecated. Please use `torch.amp.autocast('cuda', args...)` instead.
  with torch.cuda.amp.autocast(amp):

    288/399      13.3G    0.04399    0.00534   0.001175    0.03742   0.004759  0.0008546    0.09341   0.008837    0.03374    0.05083          0:  74%|███████▍  | 339/459 02:46
    288/399      13.3G    0.04399    0.00534   0.001175    0.03742   0.004759  0.0008546    0.09341   0.008837    0.03374    0.05083          0:  74%|███████▍  | 340/459 02:46/mnt/dataY/ydf/projects/LADD_public/cclkd_reproduction/yolov5_sanity/code/train_yolov5_cclkd_full.py:505: FutureWarning: `torch.cuda.amp.autocast(args...)` is deprecated. Please use `torch.amp.autocast('cuda', args...)` instead.
  with torch.cuda.amp.autocast(amp):

    288/399      13.3G    0.04399   0.005342   0.001172    0.03743    0.00476  0.0008534    0.09334   0.008841    0.03372    0.05078          0:  74%|███████▍  | 340/459 02:46
    288/399      13.3G    0.04399   0.005342   0.001172    0.03743    0.00476  0.0008534    0.09334   0.008841    0.03372    0.05078          0:  74%|███████▍  | 341/459 02:46/mnt/dataY/ydf/projects/LADD_public/cclkd_reproduction/yolov5_sanity/code/train_yolov5_cclkd_full.py:505: FutureWarning: `torch.cuda.amp.autocast(args...)` is deprecated. Please use `torch.amp.autocast('cuda', args...)` instead.
  with torch.cuda.amp.autocast(amp):

    288/399      13.3G    0.04402    0.00535   0.001178    0.03743   0.004765  0.0008532     0.0934   0.008857    0.03374    0.05081          0:  74%|███████▍  | 341/459 02:47
    288/399      13.3G    0.04402    0.00535   0.001178    0.03743   0.004765  0.0008532     0.0934   0.008857    0.03374    0.05081          0:  75%|███████▍  | 342/459 02:47/mnt/dataY/ydf/projects/LADD_public/cclkd_reproduction/yolov5_sanity/code/train_yolov5_cclkd_full.py:505: FutureWarning: `torch.cuda.amp.autocast(args...)` is deprecated. Please use `torch.amp.autocast('cuda', args...)` instead.
  with torch.cuda.amp.autocast(amp):

    288/399      13.3G    0.04403   0.005353   0.001176    0.03743   0.004768  0.0008522    0.09338    0.00886    0.03372     0.0508          0:  75%|███████▍  | 342/459 02:47
    288/399      13.3G    0.04403   0.005353   0.001176    0.03743   0.004768  0.0008522    0.09338    0.00886    0.03372     0.0508          0:  75%|███████▍  | 343/459 02:47/mnt/dataY/ydf/projects/LADD_public/cclkd_reproduction/yolov5_sanity/code/train_yolov5_cclkd_full.py:505: FutureWarning: `torch.cuda.amp.autocast(args...)` is deprecated. Please use `torch.amp.autocast('cuda', args...)` instead.
  with torch.cuda.amp.autocast(amp):

    288/399      13.3G    0.04402   0.005353   0.001174    0.03743   0.004768  0.0008502    0.09334   0.008863     0.0337    0.05078          0:  75%|███████▍  | 343/459 02:48
    288/399      13.3G    0.04402   0.005353   0.001174    0.03743   0.004768  0.0008502    0.09334   0.008863     0.0337    0.05078          0:  75%|███████▍  | 344/459 02:48/mnt/dataY/ydf/projects/LADD_public/cclkd_reproduction/yolov5_sanity/code/train_yolov5_cclkd_full.py:505: FutureWarning: `torch.cuda.amp.autocast(args...)` is deprecated. Please use `torch.amp.autocast('cuda', args...)` instead.
  with torch.cuda.amp.autocast(amp):

    288/399      13.3G    0.04401    0.00535   0.001172    0.03743   0.004765  0.0008513    0.09326   0.008863    0.03368    0.05071          0:  75%|███████▍  | 344/459 02:48
    288/399      13.3G    0.04401    0.00535   0.001172    0.03743   0.004765  0.0008513    0.09326   0.008863    0.03368    0.05071          0:  75%|███████▌  | 345/459 02:48/mnt/dataY/ydf/projects/LADD_public/cclkd_reproduction/yolov5_sanity/code/train_yolov5_cclkd_full.py:505: FutureWarning: `torch.cuda.amp.autocast(args...)` is deprecated. Please use `torch.amp.autocast('cuda', args...)` instead.
  with torch.cuda.amp.autocast(amp):

    288/399      13.3G    0.04406   0.005347   0.001173    0.03742   0.004763  0.0008494    0.09332   0.008871    0.03371    0.05074          0:  75%|███████▌  | 345/459 02:49
    288/399      13.3G    0.04406   0.005347   0.001173    0.03742   0.004763  0.0008494    0.09332   0.008871    0.03371    0.05074          0:  75%|███████▌  | 346/459 02:49/mnt/dataY/ydf/projects/LADD_public/cclkd_reproduction/yolov5_sanity/code/train_yolov5_cclkd_full.py:505: FutureWarning: `torch.cuda.amp.autocast(args...)` is deprecated. Please use `torch.amp.autocast('cuda', args...)` instead.
  with torch.cuda.amp.autocast(amp):

    288/399      13.3G    0.04405   0.005347   0.001172    0.03742   0.004763  0.0008479    0.09327   0.008872    0.03369    0.05071          0:  75%|███████▌  | 346/459 02:49
    288/399      13.3G    0.04405   0.005347   0.001172    0.03742   0.004763  0.0008479    0.09327   0.008872    0.03369    0.05071          0:  76%|███████▌  | 347/459 02:49/mnt/dataY/ydf/projects/LADD_public/cclkd_reproduction/yolov5_sanity/code/train_yolov5_cclkd_full.py:505: FutureWarning: `torch.cuda.amp.autocast(args...)` is deprecated. Please use `torch.amp.autocast('cuda', args...)` instead.
  with torch.cuda.amp.autocast(amp):

    288/399      13.3G    0.04408   0.005347   0.001172    0.03744   0.004763  0.0008467    0.09328   0.008876    0.03368    0.05072          0:  76%|███████▌  | 347/459 02:50
    288/399      13.3G    0.04408   0.005347   0.001172    0.03744   0.004763  0.0008467    0.09328   0.008876    0.03368    0.05072          0:  76%|███████▌  | 348/459 02:50/mnt/dataY/ydf/projects/LADD_public/cclkd_reproduction/yolov5_sanity/code/train_yolov5_cclkd_full.py:505: FutureWarning: `torch.cuda.amp.autocast(args...)` is deprecated. Please use `torch.amp.autocast('cuda', args...)` instead.
  with torch.cuda.amp.autocast(amp):

    288/399      13.3G    0.04407   0.005348   0.001171    0.03743   0.004766  0.0008456    0.09331   0.008872    0.03366    0.05078          0:  76%|███████▌  | 348/459 02:50
    288/399      13.3G    0.04407   0.005348   0.001171    0.03743   0.004766  0.0008456    0.09331   0.008872    0.03366    0.05078          0:  76%|███████▌  | 349/459 02:50/mnt/dataY/ydf/projects/LADD_public/cclkd_reproduction/yolov5_sanity/code/train_yolov5_cclkd_full.py:505: FutureWarning: `torch.cuda.amp.autocast(args...)` is deprecated. Please use `torch.amp.autocast('cuda', args...)` instead.
  with torch.cuda.amp.autocast(amp):

    288/399      13.3G    0.04404   0.005345   0.001168    0.03741   0.004763  0.0008444    0.09327   0.008869    0.03364    0.05076          0:  76%|███████▌  | 349/459 02:51
    288/399      13.3G    0.04404   0.005345   0.001168    0.03741   0.004763  0.0008444    0.09327   0.008869    0.03364    0.05076          0:  76%|███████▋  | 350/459 02:51/mnt/dataY/ydf/projects/LADD_public/cclkd_reproduction/yolov5_sanity/code/train_yolov5_cclkd_full.py:505: FutureWarning: `torch.cuda.amp.autocast(args...)` is deprecated. Please use `torch.amp.autocast('cuda', args...)` instead.
  with torch.cuda.amp.autocast(amp):

    288/399      13.3G    0.04403   0.005342   0.001166     0.0374   0.004761  0.0008425    0.09325   0.008857    0.03368    0.05071          0:  76%|███████▋  | 350/459 02:51
    288/399      13.3G    0.04403   0.005342   0.001166     0.0374   0.004761  0.0008425    0.09325   0.008857    0.03368    0.05071          0:  76%|███████▋  | 351/459 02:51/mnt/dataY/ydf/projects/LADD_public/cclkd_reproduction/yolov5_sanity/code/train_yolov5_cclkd_full.py:505: FutureWarning: `torch.cuda.amp.autocast(args...)` is deprecated. Please use `torch.amp.autocast('cuda', args...)` instead.
  with torch.cuda.amp.autocast(amp):

    288/399      13.3G    0.04402   0.005343   0.001168     0.0374   0.004762  0.0008443    0.09317   0.008854    0.03366    0.05066          0:  76%|███████▋  | 351/459 02:52
    288/399      13.3G    0.04402   0.005343   0.001168     0.0374   0.004762  0.0008443    0.09317   0.008854    0.03366    0.05066          0:  77%|███████▋  | 352/459 02:52/mnt/dataY/ydf/projects/LADD_public/cclkd_reproduction/yolov5_sanity/code/train_yolov5_cclkd_full.py:505: FutureWarning: `torch.cuda.amp.autocast(args...)` is deprecated. Please use `torch.amp.autocast('cuda', args...)` instead.
  with torch.cuda.amp.autocast(amp):

    288/399      13.3G    0.04402   0.005343   0.001168    0.03741   0.004763  0.0008573    0.09309   0.008849    0.03364     0.0506          0:  77%|███████▋  | 352/459 02:52
    288/399      13.3G    0.04402   0.005343   0.001168    0.03741   0.004763  0.0008573    0.09309   0.008849    0.03364     0.0506          0:  77%|███████▋  | 353/459 02:52/mnt/dataY/ydf/projects/LADD_public/cclkd_reproduction/yolov5_sanity/code/train_yolov5_cclkd_full.py:505: FutureWarning: `torch.cuda.amp.autocast(args...)` is deprecated. Please use `torch.amp.autocast('cuda', args...)` instead.
  with torch.cuda.amp.autocast(amp):

    288/399      13.3G    0.04404   0.005341   0.001168    0.03743   0.004763  0.0008588    0.09309   0.008858    0.03363     0.0506          0:  77%|███████▋  | 353/459 02:53
    288/399      13.3G    0.04404   0.005341   0.001168    0.03743   0.004763  0.0008588    0.09309   0.008858    0.03363     0.0506          0:  77%|███████▋  | 354/459 02:53/mnt/dataY/ydf/projects/LADD_public/cclkd_reproduction/yolov5_sanity/code/train_yolov5_cclkd_full.py:505: FutureWarning: `torch.cuda.amp.autocast(args...)` is deprecated. Please use `torch.amp.autocast('cuda', args...)` instead.
  with torch.cuda.amp.autocast(amp):

    288/399      13.3G    0.04404    0.00534   0.001166    0.03743   0.004761  0.0008574    0.09306   0.008859    0.03361    0.05059          0:  77%|███████▋  | 354/459 02:53
    288/399      13.3G    0.04404    0.00534   0.001166    0.03743   0.004761  0.0008574    0.09306   0.008859    0.03361    0.05059          0:  77%|███████▋  | 355/459 02:53/mnt/dataY/ydf/projects/LADD_public/cclkd_reproduction/yolov5_sanity/code/train_yolov5_cclkd_full.py:505: FutureWarning: `torch.cuda.amp.autocast(args...)` is deprecated. Please use `torch.amp.autocast('cuda', args...)` instead.
  with torch.cuda.amp.autocast(amp):

    288/399      13.3G    0.04403   0.005341   0.001165    0.03743   0.004762  0.0008562    0.09326   0.008854    0.03384    0.05057          0:  77%|███████▋  | 355/459 02:53
    288/399      13.3G    0.04403   0.005341   0.001165    0.03743   0.004762  0.0008562    0.09326   0.008854    0.03384    0.05057          0:  78%|███████▊  | 356/459 02:53/mnt/dataY/ydf/projects/LADD_public/cclkd_reproduction/yolov5_sanity/code/train_yolov5_cclkd_full.py:505: FutureWarning: `torch.cuda.amp.autocast(args...)` is deprecated. Please use `torch.amp.autocast('cuda', args...)` instead.
  with torch.cuda.amp.autocast(amp):

    288/399      13.3G    0.04403   0.005343   0.001164    0.03742   0.004762  0.0008545    0.09325   0.008846    0.03388    0.05052          0:  78%|███████▊  | 356/459 02:54
    288/399      13.3G    0.04403   0.005343   0.001164    0.03742   0.004762  0.0008545    0.09325   0.008846    0.03388    0.05052          0:  78%|███████▊  | 357/459 02:54/mnt/dataY/ydf/projects/LADD_public/cclkd_reproduction/yolov5_sanity/code/train_yolov5_cclkd_full.py:505: FutureWarning: `torch.cuda.amp.autocast(args...)` is deprecated. Please use `torch.amp.autocast('cuda', args...)` instead.
  with torch.cuda.amp.autocast(amp):

    288/399      13.3G    0.04403   0.005342   0.001165    0.03743   0.004762  0.0008553    0.09319   0.008848    0.03387    0.05047          0:  78%|███████▊  | 357/459 02:54
    288/399      13.3G    0.04403   0.005342   0.001165    0.03743   0.004762  0.0008553    0.09319   0.008848    0.03387    0.05047          0:  78%|███████▊  | 358/459 02:54/mnt/dataY/ydf/projects/LADD_public/cclkd_reproduction/yolov5_sanity/code/train_yolov5_cclkd_full.py:505: FutureWarning: `torch.cuda.amp.autocast(args...)` is deprecated. Please use `torch.amp.autocast('cuda', args...)` instead.
  with torch.cuda.amp.autocast(amp):

    288/399      13.3G    0.04402   0.005339   0.001163    0.03741   0.004759  0.0008535    0.09316   0.008841    0.03387    0.05044          0:  78%|███████▊  | 358/459 02:55
    288/399      13.3G    0.04402   0.005339   0.001163    0.03741   0.004759  0.0008535    0.09316   0.008841    0.03387    0.05044          0:  78%|███████▊  | 359/459 02:55/mnt/dataY/ydf/projects/LADD_public/cclkd_reproduction/yolov5_sanity/code/train_yolov5_cclkd_full.py:505: FutureWarning: `torch.cuda.amp.autocast(args...)` is deprecated. Please use `torch.amp.autocast('cuda', args...)` instead.
  with torch.cuda.amp.autocast(amp):

    288/399      13.3G    0.04402   0.005336   0.001165     0.0374   0.004757  0.0008542    0.09309   0.008834    0.03388    0.05038          0:  78%|███████▊  | 359/459 02:55
    288/399      13.3G    0.04402   0.005336   0.001165     0.0374   0.004757  0.0008542    0.09309   0.008834    0.03388    0.05038          0:  78%|███████▊  | 360/459 02:55/mnt/dataY/ydf/projects/LADD_public/cclkd_reproduction/yolov5_sanity/code/train_yolov5_cclkd_full.py:505: FutureWarning: `torch.cuda.amp.autocast(args...)` is deprecated. Please use `torch.amp.autocast('cuda', args...)` instead.
  with torch.cuda.amp.autocast(amp):

    288/399      13.3G      0.044   0.005334   0.001163    0.03739   0.004755  0.0008523    0.09301   0.008826    0.03386    0.05033          0:  78%|███████▊  | 360/459 02:56
    288/399      13.3G      0.044   0.005334   0.001163    0.03739   0.004755  0.0008523    0.09301   0.008826    0.03386    0.05033          0:  79%|███████▊  | 361/459 02:56/mnt/dataY/ydf/projects/LADD_public/cclkd_reproduction/yolov5_sanity/code/train_yolov5_cclkd_full.py:505: FutureWarning: `torch.cuda.amp.autocast(args...)` is deprecated. Please use `torch.amp.autocast('cuda', args...)` instead.
  with torch.cuda.amp.autocast(amp):

    288/399      13.3G      0.044   0.005335   0.001163    0.03739   0.004757  0.0008551    0.09303   0.008826    0.03384    0.05036          0:  79%|███████▊  | 361/459 02:56
    288/399      13.3G      0.044   0.005335   0.001163    0.03739   0.004757  0.0008551    0.09303   0.008826    0.03384    0.05036          0:  79%|███████▉  | 362/459 02:56/mnt/dataY/ydf/projects/LADD_public/cclkd_reproduction/yolov5_sanity/code/train_yolov5_cclkd_full.py:505: FutureWarning: `torch.cuda.amp.autocast(args...)` is deprecated. Please use `torch.amp.autocast('cuda', args...)` instead.
  with torch.cuda.amp.autocast(amp):

    288/399      13.3G    0.04399   0.005332   0.001161     0.0374   0.004754  0.0008551    0.09304    0.00883    0.03381    0.05039          0:  79%|███████▉  | 362/459 02:57
    288/399      13.3G    0.04399   0.005332   0.001161     0.0374   0.004754  0.0008551    0.09304    0.00883    0.03381    0.05039          0:  79%|███████▉  | 363/459 02:57/mnt/dataY/ydf/projects/LADD_public/cclkd_reproduction/yolov5_sanity/code/train_yolov5_cclkd_full.py:505: FutureWarning: `torch.cuda.amp.autocast(args...)` is deprecated. Please use `torch.amp.autocast('cuda', args...)` instead.
  with torch.cuda.amp.autocast(amp):
