
    392/399      14.9G      0.035   0.004463  0.0007465    0.03068   0.004025  0.0004835     0.7678   0.006206    0.03465    0.03323     0.6937:  92%|█████████▏| 422/459 02:57
    392/399      14.9G      0.035   0.004463  0.0007465    0.03068   0.004025  0.0004835     0.7678   0.006206    0.03465    0.03323     0.6937:  92%|█████████▏| 423/459 02:57/mnt/dataY/ydf/projects/LADD_public/cclkd_reproduction/yolov5_sanity/code/train_yolov5_cclkd_full.py:505: FutureWarning: `torch.cuda.amp.autocast(args...)` is deprecated. Please use `torch.amp.autocast('cuda', args...)` instead.
  with torch.cuda.amp.autocast(amp):

    392/399      14.9G    0.03501   0.004462  0.0007452    0.03068   0.004025  0.0004827     0.7678    0.00621    0.03464    0.03321     0.6937:  92%|█████████▏| 423/459 02:57
    392/399      14.9G    0.03501   0.004462  0.0007452    0.03068   0.004025  0.0004827     0.7678    0.00621    0.03464    0.03321     0.6937:  92%|█████████▏| 424/459 02:57/mnt/dataY/ydf/projects/LADD_public/cclkd_reproduction/yolov5_sanity/code/train_yolov5_cclkd_full.py:505: FutureWarning: `torch.cuda.amp.autocast(args...)` is deprecated. Please use `torch.amp.autocast('cuda', args...)` instead.
  with torch.cuda.amp.autocast(amp):

    392/399      14.9G    0.03502   0.004463  0.0007483    0.03069   0.004026  0.0004842      0.768   0.006226    0.03476    0.03324     0.6937:  92%|█████████▏| 424/459 02:57
    392/399      14.9G    0.03502   0.004463  0.0007483    0.03069   0.004026  0.0004842      0.768   0.006226    0.03476    0.03324     0.6937:  93%|█████████▎| 425/459 02:57/mnt/dataY/ydf/projects/LADD_public/cclkd_reproduction/yolov5_sanity/code/train_yolov5_cclkd_full.py:505: FutureWarning: `torch.cuda.amp.autocast(args...)` is deprecated. Please use `torch.amp.autocast('cuda', args...)` instead.
  with torch.cuda.amp.autocast(amp):

    392/399      14.9G      0.035    0.00446  0.0007491    0.03068   0.004024  0.0004884      0.768   0.006224    0.03477    0.03326     0.6937:  93%|█████████▎| 425/459 02:58
    392/399      14.9G      0.035    0.00446  0.0007491    0.03068   0.004024  0.0004884      0.768   0.006224    0.03477    0.03326     0.6937:  93%|█████████▎| 426/459 02:58/mnt/dataY/ydf/projects/LADD_public/cclkd_reproduction/yolov5_sanity/code/train_yolov5_cclkd_full.py:505: FutureWarning: `torch.cuda.amp.autocast(args...)` is deprecated. Please use `torch.amp.autocast('cuda', args...)` instead.
  with torch.cuda.amp.autocast(amp):

    392/399      14.9G      0.035   0.004461  0.0007486    0.03068   0.004026  0.0004879      0.768   0.006221    0.03481    0.03325     0.6937:  93%|█████████▎| 426/459 02:58
    392/399      14.9G      0.035   0.004461  0.0007486    0.03068   0.004026  0.0004879      0.768   0.006221    0.03481    0.03325     0.6937:  93%|█████████▎| 427/459 02:58/mnt/dataY/ydf/projects/LADD_public/cclkd_reproduction/yolov5_sanity/code/train_yolov5_cclkd_full.py:505: FutureWarning: `torch.cuda.amp.autocast(args...)` is deprecated. Please use `torch.amp.autocast('cuda', args...)` instead.
  with torch.cuda.amp.autocast(amp):

    392/399      14.9G      0.035   0.004461  0.0007489    0.03069   0.004027  0.0004871     0.7681    0.00623     0.0348    0.03329     0.6937:  93%|█████████▎| 427/459 02:58
    392/399      14.9G      0.035   0.004461  0.0007489    0.03069   0.004027  0.0004871     0.7681    0.00623     0.0348    0.03329     0.6937:  93%|█████████▎| 428/459 02:58/mnt/dataY/ydf/projects/LADD_public/cclkd_reproduction/yolov5_sanity/code/train_yolov5_cclkd_full.py:505: FutureWarning: `torch.cuda.amp.autocast(args...)` is deprecated. Please use `torch.amp.autocast('cuda', args...)` instead.
  with torch.cuda.amp.autocast(amp):

    392/399      14.9G      0.035    0.00446  0.0007505     0.0307   0.004026  0.0004877     0.7682   0.006242    0.03481    0.03341     0.6937:  93%|█████████▎| 428/459 02:59
    392/399      14.9G      0.035    0.00446  0.0007505     0.0307   0.004026  0.0004877     0.7682   0.006242    0.03481    0.03341     0.6937:  93%|█████████▎| 429/459 02:59/mnt/dataY/ydf/projects/LADD_public/cclkd_reproduction/yolov5_sanity/code/train_yolov5_cclkd_full.py:505: FutureWarning: `torch.cuda.amp.autocast(args...)` is deprecated. Please use `torch.amp.autocast('cuda', args...)` instead.
  with torch.cuda.amp.autocast(amp):

    392/399      14.9G    0.03502    0.00446  0.0007507    0.03071   0.004027  0.0004886     0.7682   0.006244    0.03484    0.03342     0.6937:  93%|█████████▎| 429/459 02:59
    392/399      14.9G    0.03502    0.00446  0.0007507    0.03071   0.004027  0.0004886     0.7682   0.006244    0.03484    0.03342     0.6937:  94%|█████████▎| 430/459 02:59/mnt/dataY/ydf/projects/LADD_public/cclkd_reproduction/yolov5_sanity/code/train_yolov5_cclkd_full.py:505: FutureWarning: `torch.cuda.amp.autocast(args...)` is deprecated. Please use `torch.amp.autocast('cuda', args...)` instead.
  with torch.cuda.amp.autocast(amp):

    392/399      14.9G    0.03502    0.00446  0.0007512    0.03071   0.004027  0.0004885     0.7682   0.006243    0.03482    0.03341     0.6937:  94%|█████████▎| 430/459 02:59
    392/399      14.9G    0.03502    0.00446  0.0007512    0.03071   0.004027  0.0004885     0.7682   0.006243    0.03482    0.03341     0.6937:  94%|█████████▍| 431/459 02:59/mnt/dataY/ydf/projects/LADD_public/cclkd_reproduction/yolov5_sanity/code/train_yolov5_cclkd_full.py:505: FutureWarning: `torch.cuda.amp.autocast(args...)` is deprecated. Please use `torch.amp.autocast('cuda', args...)` instead.
  with torch.cuda.amp.autocast(amp):
[ WARN:0@127591.478] global grfmt_tiff.cpp:122 TIFF_Warning TIFFReadDirectory: Unknown field with tag 34264 (0x85d8) encountered

    392/399      14.9G    0.03502   0.004459  0.0007506     0.0307   0.004026  0.0004877     0.7682   0.006246    0.03482    0.03339     0.6937:  94%|█████████▍| 431/459 03:00
    392/399      14.9G    0.03502   0.004459  0.0007506     0.0307   0.004026  0.0004877     0.7682   0.006246    0.03482    0.03339     0.6937:  94%|█████████▍| 432/459 03:00/mnt/dataY/ydf/projects/LADD_public/cclkd_reproduction/yolov5_sanity/code/train_yolov5_cclkd_full.py:505: FutureWarning: `torch.cuda.amp.autocast(args...)` is deprecated. Please use `torch.amp.autocast('cuda', args...)` instead.
  with torch.cuda.amp.autocast(amp):
[ WARN:0@127591.600] global grfmt_tiff.cpp:122 TIFF_Warning TIFFReadDirectory: Unknown field with tag 34264 (0x85d8) encountered

    392/399      14.9G    0.03504   0.004463  0.0007559    0.03072   0.004029  0.0004893     0.7683   0.006254    0.03483    0.03342     0.6937:  94%|█████████▍| 432/459 03:00
    392/399      14.9G    0.03504   0.004463  0.0007559    0.03072   0.004029  0.0004893     0.7683   0.006254    0.03483    0.03342     0.6937:  94%|█████████▍| 433/459 03:00/mnt/dataY/ydf/projects/LADD_public/cclkd_reproduction/yolov5_sanity/code/train_yolov5_cclkd_full.py:505: FutureWarning: `torch.cuda.amp.autocast(args...)` is deprecated. Please use `torch.amp.autocast('cuda', args...)` instead.
  with torch.cuda.amp.autocast(amp):

    392/399      14.9G    0.03505   0.004466  0.0007546    0.03074   0.004032  0.0004884     0.7682   0.006261    0.03482    0.03341     0.6937:  94%|█████████▍| 433/459 03:00
    392/399      14.9G    0.03505   0.004466  0.0007546    0.03074   0.004032  0.0004884     0.7682   0.006261    0.03482    0.03341     0.6937:  95%|█████████▍| 434/459 03:00/mnt/dataY/ydf/projects/LADD_public/cclkd_reproduction/yolov5_sanity/code/train_yolov5_cclkd_full.py:505: FutureWarning: `torch.cuda.amp.autocast(args...)` is deprecated. Please use `torch.amp.autocast('cuda', args...)` instead.
  with torch.cuda.amp.autocast(amp):

    392/399      14.9G    0.03504   0.004467  0.0007535    0.03073   0.004034  0.0004878     0.7682   0.006258    0.03479     0.0334     0.6937:  95%|█████████▍| 434/459 03:01
    392/399      14.9G    0.03504   0.004467  0.0007535    0.03073   0.004034  0.0004878     0.7682   0.006258    0.03479     0.0334     0.6937:  95%|█████████▍| 435/459 03:01/mnt/dataY/ydf/projects/LADD_public/cclkd_reproduction/yolov5_sanity/code/train_yolov5_cclkd_full.py:505: FutureWarning: `torch.cuda.amp.autocast(args...)` is deprecated. Please use `torch.amp.autocast('cuda', args...)` instead.
  with torch.cuda.amp.autocast(amp):

    392/399      14.9G    0.03506   0.004466  0.0007524    0.03073   0.004032  0.0004869     0.7682   0.006258    0.03478     0.0334     0.6937:  95%|█████████▍| 435/459 03:01
    392/399      14.9G    0.03506   0.004466  0.0007524    0.03073   0.004032  0.0004869     0.7682   0.006258    0.03478     0.0334     0.6937:  95%|█████████▍| 436/459 03:01/mnt/dataY/ydf/projects/LADD_public/cclkd_reproduction/yolov5_sanity/code/train_yolov5_cclkd_full.py:505: FutureWarning: `torch.cuda.amp.autocast(args...)` is deprecated. Please use `torch.amp.autocast('cuda', args...)` instead.
  with torch.cuda.amp.autocast(amp):

    392/399      14.9G    0.03506   0.004466  0.0007537    0.03073   0.004031   0.000486     0.7682   0.006265    0.03481    0.03341     0.6937:  95%|█████████▍| 436/459 03:01
    392/399      14.9G    0.03506   0.004466  0.0007537    0.03073   0.004031   0.000486     0.7682   0.006265    0.03481    0.03341     0.6937:  95%|█████████▌| 437/459 03:01/mnt/dataY/ydf/projects/LADD_public/cclkd_reproduction/yolov5_sanity/code/train_yolov5_cclkd_full.py:505: FutureWarning: `torch.cuda.amp.autocast(args...)` is deprecated. Please use `torch.amp.autocast('cuda', args...)` instead.
  with torch.cuda.amp.autocast(amp):

    392/399      14.9G    0.03506   0.004466  0.0007532    0.03074   0.004031  0.0004888     0.7682   0.006262     0.0348     0.0334     0.6937:  95%|█████████▌| 437/459 03:01
    392/399      14.9G    0.03506   0.004466  0.0007532    0.03074   0.004031  0.0004888     0.7682   0.006262     0.0348     0.0334     0.6937:  95%|█████████▌| 438/459 03:01/mnt/dataY/ydf/projects/LADD_public/cclkd_reproduction/yolov5_sanity/code/train_yolov5_cclkd_full.py:505: FutureWarning: `torch.cuda.amp.autocast(args...)` is deprecated. Please use `torch.amp.autocast('cuda', args...)` instead.
  with torch.cuda.amp.autocast(amp):

    392/399      14.9G    0.03505   0.004467  0.0007533    0.03073   0.004034  0.0004879     0.7682   0.006263     0.0348    0.03342     0.6937:  95%|█████████▌| 438/459 03:02
    392/399      14.9G    0.03505   0.004467  0.0007533    0.03073   0.004034  0.0004879     0.7682   0.006263     0.0348    0.03342     0.6937:  96%|█████████▌| 439/459 03:02/mnt/dataY/ydf/projects/LADD_public/cclkd_reproduction/yolov5_sanity/code/train_yolov5_cclkd_full.py:505: FutureWarning: `torch.cuda.amp.autocast(args...)` is deprecated. Please use `torch.amp.autocast('cuda', args...)` instead.
  with torch.cuda.amp.autocast(amp):

    392/399      14.9G    0.03506   0.004466  0.0007523    0.03073   0.004033   0.000487     0.7682   0.006263     0.0348    0.03341     0.6937:  96%|█████████▌| 439/459 03:02
    392/399      14.9G    0.03506   0.004466  0.0007523    0.03073   0.004033   0.000487     0.7682   0.006263     0.0348    0.03341     0.6937:  96%|█████████▌| 440/459 03:02/mnt/dataY/ydf/projects/LADD_public/cclkd_reproduction/yolov5_sanity/code/train_yolov5_cclkd_full.py:505: FutureWarning: `torch.cuda.amp.autocast(args...)` is deprecated. Please use `torch.amp.autocast('cuda', args...)` instead.
  with torch.cuda.amp.autocast(amp):

    392/399      14.9G    0.03506   0.004465  0.0007522    0.03073   0.004032  0.0004876     0.7682   0.006268    0.03479    0.03343     0.6937:  96%|█████████▌| 440/459 03:03
    392/399      14.9G    0.03506   0.004465  0.0007522    0.03073   0.004032  0.0004876     0.7682   0.006268    0.03479    0.03343     0.6937:  96%|█████████▌| 441/459 03:03/mnt/dataY/ydf/projects/LADD_public/cclkd_reproduction/yolov5_sanity/code/train_yolov5_cclkd_full.py:505: FutureWarning: `torch.cuda.amp.autocast(args...)` is deprecated. Please use `torch.amp.autocast('cuda', args...)` instead.
  with torch.cuda.amp.autocast(amp):

    392/399      14.9G    0.03507   0.004464  0.0007517    0.03073   0.004031   0.000487     0.7682   0.006269    0.03477    0.03344     0.6937:  96%|█████████▌| 441/459 03:03
    392/399      14.9G    0.03507   0.004464  0.0007517    0.03073   0.004031   0.000487     0.7682   0.006269    0.03477    0.03344     0.6937:  96%|█████████▋| 442/459 03:03/mnt/dataY/ydf/projects/LADD_public/cclkd_reproduction/yolov5_sanity/code/train_yolov5_cclkd_full.py:505: FutureWarning: `torch.cuda.amp.autocast(args...)` is deprecated. Please use `torch.amp.autocast('cuda', args...)` instead.
  with torch.cuda.amp.autocast(amp):

    392/399      14.9G    0.03506   0.004464  0.0007511    0.03072    0.00403  0.0004864     0.7682   0.006263    0.03482     0.0334     0.6937:  96%|█████████▋| 442/459 03:03
    392/399      14.9G    0.03506   0.004464  0.0007511    0.03072    0.00403  0.0004864     0.7682   0.006263    0.03482     0.0334     0.6937:  97%|█████████▋| 443/459 03:03/mnt/dataY/ydf/projects/LADD_public/cclkd_reproduction/yolov5_sanity/code/train_yolov5_cclkd_full.py:505: FutureWarning: `torch.cuda.amp.autocast(args...)` is deprecated. Please use `torch.amp.autocast('cuda', args...)` instead.
  with torch.cuda.amp.autocast(amp):
[ WARN:0@127595.529] global grfmt_tiff.cpp:122 TIFF_Warning TIFFReadDirectory: Unknown field with tag 34264 (0x85d8) encountered

    392/399      14.9G    0.03506   0.004464  0.0007515    0.03072   0.004031  0.0004856     0.7682   0.006264    0.03481     0.0334     0.6937:  97%|█████████▋| 443/459 03:03
    392/399      14.9G    0.03506   0.004464  0.0007515    0.03072   0.004031  0.0004856     0.7682   0.006264    0.03481     0.0334     0.6937:  97%|█████████▋| 444/459 03:03/mnt/dataY/ydf/projects/LADD_public/cclkd_reproduction/yolov5_sanity/code/train_yolov5_cclkd_full.py:505: FutureWarning: `torch.cuda.amp.autocast(args...)` is deprecated. Please use `torch.amp.autocast('cuda', args...)` instead.
  with torch.cuda.amp.autocast(amp):

    392/399      14.9G    0.03507   0.004467  0.0007519    0.03073   0.004034   0.000485     0.7683   0.006281    0.03482    0.03347     0.6937:  97%|█████████▋| 444/459 03:04
    392/399      14.9G    0.03507   0.004467  0.0007519    0.03073   0.004034   0.000485     0.7683   0.006281    0.03482    0.03347     0.6937:  97%|█████████▋| 445/459 03:04/mnt/dataY/ydf/projects/LADD_public/cclkd_reproduction/yolov5_sanity/code/train_yolov5_cclkd_full.py:505: FutureWarning: `torch.cuda.amp.autocast(args...)` is deprecated. Please use `torch.amp.autocast('cuda', args...)` instead.
  with torch.cuda.amp.autocast(amp):

    392/399      14.9G    0.03506   0.004465  0.0007504    0.03072   0.004032   0.000484     0.7682   0.006274    0.03479    0.03345     0.6937:  97%|█████████▋| 445/459 03:04
    392/399      14.9G    0.03506   0.004465  0.0007504    0.03072   0.004032   0.000484     0.7682   0.006274    0.03479    0.03345     0.6937:  97%|█████████▋| 446/459 03:04/mnt/dataY/ydf/projects/LADD_public/cclkd_reproduction/yolov5_sanity/code/train_yolov5_cclkd_full.py:505: FutureWarning: `torch.cuda.amp.autocast(args...)` is deprecated. Please use `torch.amp.autocast('cuda', args...)` instead.
  with torch.cuda.amp.autocast(amp):

    392/399      14.9G    0.03507   0.004462  0.0007498    0.03074    0.00403  0.0004831     0.7682   0.006268    0.03479    0.03343     0.6937:  97%|█████████▋| 446/459 03:05
    392/399      14.9G    0.03507   0.004462  0.0007498    0.03074    0.00403  0.0004831     0.7682   0.006268    0.03479    0.03343     0.6937:  97%|█████████▋| 447/459 03:05/mnt/dataY/ydf/projects/LADD_public/cclkd_reproduction/yolov5_sanity/code/train_yolov5_cclkd_full.py:505: FutureWarning: `torch.cuda.amp.autocast(args...)` is deprecated. Please use `torch.amp.autocast('cuda', args...)` instead.
  with torch.cuda.amp.autocast(amp):

    392/399      14.9G    0.03508   0.004459  0.0007487    0.03074   0.004027  0.0004823     0.7683    0.00627    0.03479    0.03349     0.6937:  97%|█████████▋| 447/459 03:05
    392/399      14.9G    0.03508   0.004459  0.0007487    0.03074   0.004027  0.0004823     0.7683    0.00627    0.03479    0.03349     0.6937:  98%|█████████▊| 448/459 03:05/mnt/dataY/ydf/projects/LADD_public/cclkd_reproduction/yolov5_sanity/code/train_yolov5_cclkd_full.py:505: FutureWarning: `torch.cuda.amp.autocast(args...)` is deprecated. Please use `torch.amp.autocast('cuda', args...)` instead.
  with torch.cuda.amp.autocast(amp):

    392/399      14.9G    0.03509   0.004461  0.0007481    0.03074   0.004029  0.0004815     0.7683    0.00627     0.0348    0.03347     0.6937:  98%|█████████▊| 448/459 03:05
    392/399      14.9G    0.03509   0.004461  0.0007481    0.03074   0.004029  0.0004815     0.7683    0.00627     0.0348    0.03347     0.6937:  98%|█████████▊| 449/459 03:05/mnt/dataY/ydf/projects/LADD_public/cclkd_reproduction/yolov5_sanity/code/train_yolov5_cclkd_full.py:505: FutureWarning: `torch.cuda.amp.autocast(args...)` is deprecated. Please use `torch.amp.autocast('cuda', args...)` instead.
  with torch.cuda.amp.autocast(amp):

    392/399      14.9G    0.03508   0.004461  0.0007469    0.03074    0.00403   0.000481     0.7683   0.006267    0.03482    0.03346     0.6937:  98%|█████████▊| 449/459 03:05
    392/399      14.9G    0.03508   0.004461  0.0007469    0.03074    0.00403   0.000481     0.7683   0.006267    0.03482    0.03346     0.6937:  98%|█████████▊| 450/459 03:05/mnt/dataY/ydf/projects/LADD_public/cclkd_reproduction/yolov5_sanity/code/train_yolov5_cclkd_full.py:505: FutureWarning: `torch.cuda.amp.autocast(args...)` is deprecated. Please use `torch.amp.autocast('cuda', args...)` instead.
  with torch.cuda.amp.autocast(amp):
[ WARN:0@127597.574] global grfmt_tiff.cpp:122 TIFF_Warning TIFFReadDirectory: Unknown field with tag 34264 (0x85d8) encountered

    392/399      14.9G    0.03509    0.00446  0.0007463    0.03073   0.004029  0.0004806     0.7683   0.006263     0.0348    0.03347     0.6937:  98%|█████████▊| 450/459 03:06
    392/399      14.9G    0.03509    0.00446  0.0007463    0.03073   0.004029  0.0004806     0.7683   0.006263     0.0348    0.03347     0.6937:  98%|█████████▊| 451/459 03:06/mnt/dataY/ydf/projects/LADD_public/cclkd_reproduction/yolov5_sanity/code/train_yolov5_cclkd_full.py:505: FutureWarning: `torch.cuda.amp.autocast(args...)` is deprecated. Please use `torch.amp.autocast('cuda', args...)` instead.
  with torch.cuda.amp.autocast(amp):

    392/399      14.9G    0.03508    0.00446  0.0007452    0.03073   0.004028  0.0004799     0.7682   0.006258    0.03479    0.03346     0.6937:  98%|█████████▊| 451/459 03:06
    392/399      14.9G    0.03508    0.00446  0.0007452    0.03073   0.004028  0.0004799     0.7682   0.006258    0.03479    0.03346     0.6937:  98%|█████████▊| 452/459 03:06/mnt/dataY/ydf/projects/LADD_public/cclkd_reproduction/yolov5_sanity/code/train_yolov5_cclkd_full.py:505: FutureWarning: `torch.cuda.amp.autocast(args...)` is deprecated. Please use `torch.amp.autocast('cuda', args...)` instead.
  with torch.cuda.amp.autocast(amp):

    392/399      14.9G    0.03506   0.004456  0.0007437    0.03072   0.004025  0.0004789     0.7682    0.00625     0.0348    0.03342     0.6937:  98%|█████████▊| 452/459 03:07
    392/399      14.9G    0.03506   0.004456  0.0007437    0.03072   0.004025  0.0004789     0.7682    0.00625     0.0348    0.03342     0.6937:  99%|█████████▊| 453/459 03:07/mnt/dataY/ydf/projects/LADD_public/cclkd_reproduction/yolov5_sanity/code/train_yolov5_cclkd_full.py:505: FutureWarning: `torch.cuda.amp.autocast(args...)` is deprecated. Please use `torch.amp.autocast('cuda', args...)` instead.
  with torch.cuda.amp.autocast(amp):

    392/399      14.9G    0.03505   0.004455  0.0007429    0.03071   0.004023  0.0004781     0.7681   0.006244    0.03478    0.03339     0.6937:  99%|█████████▊| 453/459 03:07
    392/399      14.9G    0.03505   0.004455  0.0007429    0.03071   0.004023  0.0004781     0.7681   0.006244    0.03478    0.03339     0.6937:  99%|█████████▉| 454/459 03:07/mnt/dataY/ydf/projects/LADD_public/cclkd_reproduction/yolov5_sanity/code/train_yolov5_cclkd_full.py:505: FutureWarning: `torch.cuda.amp.autocast(args...)` is deprecated. Please use `torch.amp.autocast('cuda', args...)` instead.
  with torch.cuda.amp.autocast(amp):

    392/399      14.9G    0.03505   0.004452  0.0007415    0.03071   0.004021  0.0004772     0.7681   0.006239    0.03476    0.03336     0.6937:  99%|█████████▉| 454/459 03:07
    392/399      14.9G    0.03505   0.004452  0.0007415    0.03071   0.004021  0.0004772     0.7681   0.006239    0.03476    0.03336     0.6937:  99%|█████████▉| 455/459 03:07/mnt/dataY/ydf/projects/LADD_public/cclkd_reproduction/yolov5_sanity/code/train_yolov5_cclkd_full.py:505: FutureWarning: `torch.cuda.amp.autocast(args...)` is deprecated. Please use `torch.amp.autocast('cuda', args...)` instead.
  with torch.cuda.amp.autocast(amp):

    392/399      14.9G    0.03505    0.00445   0.000741    0.03071    0.00402  0.0004767     0.7681   0.006241    0.03476    0.03334     0.6937:  99%|█████████▉| 455/459 03:07
    392/399      14.9G    0.03505    0.00445   0.000741    0.03071    0.00402  0.0004767     0.7681   0.006241    0.03476    0.03334     0.6937:  99%|█████████▉| 456/459 03:07/mnt/dataY/ydf/projects/LADD_public/cclkd_reproduction/yolov5_sanity/code/train_yolov5_cclkd_full.py:505: FutureWarning: `torch.cuda.amp.autocast(args...)` is deprecated. Please use `torch.amp.autocast('cuda', args...)` instead.
  with torch.cuda.amp.autocast(amp):

    392/399      14.9G    0.03504   0.004449  0.0007399    0.03071   0.004019   0.000476      0.768    0.00624    0.03474    0.03332     0.6937:  99%|█████████▉| 456/459 03:08
    392/399      14.9G    0.03504   0.004449  0.0007399    0.03071   0.004019   0.000476      0.768    0.00624    0.03474    0.03332     0.6937: 100%|█████████▉| 457/459 03:08/mnt/dataY/ydf/projects/LADD_public/cclkd_reproduction/yolov5_sanity/code/train_yolov5_cclkd_full.py:505: FutureWarning: `torch.cuda.amp.autocast(args...)` is deprecated. Please use `torch.amp.autocast('cuda', args...)` instead.
  with torch.cuda.amp.autocast(amp):

    392/399      14.9G    0.03505   0.004449  0.0007391    0.03071   0.004018  0.0004758      0.768   0.006241    0.03473    0.03332     0.6937: 100%|█████████▉| 457/459 03:08
    392/399      14.9G    0.03505   0.004449  0.0007391    0.03071   0.004018  0.0004758      0.768   0.006241    0.03473    0.03332     0.6937: 100%|█████████▉| 458/459 03:08/mnt/dataY/ydf/projects/LADD_public/cclkd_reproduction/yolov5_sanity/code/train_yolov5_cclkd_full.py:505: FutureWarning: `torch.cuda.amp.autocast(args...)` is deprecated. Please use `torch.amp.autocast('cuda', args...)` instead.
  with torch.cuda.amp.autocast(amp):

    392/399      14.9G    0.03503   0.004446  0.0007376    0.03069   0.004015  0.0004753     0.7679   0.006232     0.0347    0.03327     0.6937: 100%|█████████▉| 458/459 03:08
    392/399      14.9G    0.03503   0.004446  0.0007376    0.03069   0.004015  0.0004753     0.7679   0.006232     0.0347    0.03327     0.6937: 100%|██████████| 459/459 03:08
    392/399      14.9G    0.03503   0.004446  0.0007376    0.03069   0.004015  0.0004753     0.7679   0.006232     0.0347    0.03327     0.6937: 100%|██████████| 459/459 03:09

                 Class     Images  Instances          P          R      mAP50   mAP50-95:   0%|          | 0/58 00:00
                 Class     Images  Instances          P          R      mAP50   mAP50-95:   2%|▏         | 1/58 00:00
                 Class     Images  Instances          P          R      mAP50   mAP50-95:   3%|▎         | 2/58 00:00
                 Class     Images  Instances          P          R      mAP50   mAP50-95:   5%|▌         | 3/58 00:01
                 Class     Images  Instances          P          R      mAP50   mAP50-95:   7%|▋         | 4/58 00:01
                 Class     Images  Instances          P          R      mAP50   mAP50-95:   9%|▊         | 5/58 00:01
                 Class     Images  Instances          P          R      mAP50   mAP50-95:  10%|█         | 6/58 00:02
                 Class     Images  Instances          P          R      mAP50   mAP50-95:  12%|█▏        | 7/58 00:02
                 Class     Images  Instances          P          R      mAP50   mAP50-95:  14%|█▍        | 8/58 00:03
                 Class     Images  Instances          P          R      mAP50   mAP50-95:  16%|█▌        | 9/58 00:03
                 Class     Images  Instances          P          R      mAP50   mAP50-95:  17%|█▋        | 10/58 00:03
                 Class     Images  Instances          P          R      mAP50   mAP50-95:  19%|█▉        | 11/58 00:04
                 Class     Images  Instances          P          R      mAP50   mAP50-95:  21%|██        | 12/58 00:04
                 Class     Images  Instances          P          R      mAP50   mAP50-95:  22%|██▏       | 13/58 00:04
                 Class     Images  Instances          P          R      mAP50   mAP50-95:  24%|██▍       | 14/58 00:05
                 Class     Images  Instances          P          R      mAP50   mAP50-95:  26%|██▌       | 15/58 00:05
                 Class     Images  Instances          P          R      mAP50   mAP50-95:  28%|██▊       | 16/58 00:05
                 Class     Images  Instances          P          R      mAP50   mAP50-95:  29%|██▉       | 17/58 00:06
                 Class     Images  Instances          P          R      mAP50   mAP50-95:  31%|███       | 18/58 00:06
                 Class     Images  Instances          P          R      mAP50   mAP50-95:  33%|███▎      | 19/58 00:07
                 Class     Images  Instances          P          R      mAP50   mAP50-95:  34%|███▍      | 20/58 00:07
                 Class     Images  Instances          P          R      mAP50   mAP50-95:  36%|███▌      | 21/58 00:07
                 Class     Images  Instances          P          R      mAP50   mAP50-95:  38%|███▊      | 22/58 00:08
                 Class     Images  Instances          P          R      mAP50   mAP50-95:  40%|███▉      | 23/58 00:08
                 Class     Images  Instances          P          R      mAP50   mAP50-95:  41%|████▏     | 24/58 00:08
                 Class     Images  Instances          P          R      mAP50   mAP50-95:  43%|████▎     | 25/58 00:09
                 Class     Images  Instances          P          R      mAP50   mAP50-95:  45%|████▍     | 26/58 00:09
                 Class     Images  Instances          P          R      mAP50   mAP50-95:  47%|████▋     | 27/58 00:10
                 Class     Images  Instances          P          R      mAP50   mAP50-95:  48%|████▊     | 28/58 00:10
                 Class     Images  Instances          P          R      mAP50   mAP50-95:  50%|█████     | 29/58 00:11
                 Class     Images  Instances          P          R      mAP50   mAP50-95:  52%|█████▏    | 30/58 00:11
                 Class     Images  Instances          P          R      mAP50   mAP50-95:  53%|█████▎    | 31/58 00:11
                 Class     Images  Instances          P          R      mAP50   mAP50-95:  55%|█████▌    | 32/58 00:12
                 Class     Images  Instances          P          R      mAP50   mAP50-95:  57%|█████▋    | 33/58 00:12
                 Class     Images  Instances          P          R      mAP50   mAP50-95:  59%|█████▊    | 34/58 00:12
                 Class     Images  Instances          P          R      mAP50   mAP50-95:  60%|██████    | 35/58 00:13
                 Class     Images  Instances          P          R      mAP50   mAP50-95:  62%|██████▏   | 36/58 00:13
                 Class     Images  Instances          P          R      mAP50   mAP50-95:  64%|██████▍   | 37/58 00:14
                 Class     Images  Instances          P          R      mAP50   mAP50-95:  66%|██████▌   | 38/58 00:14
                 Class     Images  Instances          P          R      mAP50   mAP50-95:  67%|██████▋   | 39/58 00:14
                 Class     Images  Instances          P          R      mAP50   mAP50-95:  69%|██████▉   | 40/58 00:15
                 Class     Images  Instances          P          R      mAP50   mAP50-95:  71%|███████   | 41/58 00:15
                 Class     Images  Instances          P          R      mAP50   mAP50-95:  72%|███████▏  | 42/58 00:16
                 Class     Images  Instances          P          R      mAP50   mAP50-95:  74%|███████▍  | 43/58 00:16
                 Class     Images  Instances          P          R      mAP50   mAP50-95:  76%|███████▌  | 44/58 00:16
                 Class     Images  Instances          P          R      mAP50   mAP50-95:  78%|███████▊  | 45/58 00:17
                 Class     Images  Instances          P          R      mAP50   mAP50-95:  79%|███████▉  | 46/58 00:17
                 Class     Images  Instances          P          R      mAP50   mAP50-95:  81%|████████  | 47/58 00:17
                 Class     Images  Instances          P          R      mAP50   mAP50-95:  83%|████████▎ | 48/58 00:18
                 Class     Images  Instances          P          R      mAP50   mAP50-95:  84%|████████▍ | 49/58 00:18
                 Class     Images  Instances          P          R      mAP50   mAP50-95:  86%|████████▌ | 50/58 00:19
                 Class     Images  Instances          P          R      mAP50   mAP50-95:  88%|████████▊ | 51/58 00:19
                 Class     Images  Instances          P          R      mAP50   mAP50-95:  90%|████████▉ | 52/58 00:19
                 Class     Images  Instances          P          R      mAP50   mAP50-95:  91%|█████████▏| 53/58 00:20
                 Class     Images  Instances          P          R      mAP50   mAP50-95:  93%|█████████▎| 54/58 00:20
                 Class     Images  Instances          P          R      mAP50   mAP50-95:  95%|█████████▍| 55/58 00:20
                 Class     Images  Instances          P          R      mAP50   mAP50-95:  97%|█████████▋| 56/58 00:21
                 Class     Images  Instances          P          R      mAP50   mAP50-95:  98%|█████████▊| 57/58 00:21
                 Class     Images  Instances          P          R      mAP50   mAP50-95: 100%|██████████| 58/58 00:21
                 Class     Images  Instances          P          R      mAP50   mAP50-95: 100%|██████████| 58/58 00:21
                   all       3667       9614      0.816      0.697      0.727      0.445
diagnostics: mode=paper_full cop_positive_ratio=0.9928 kd_to_student_det_ratio=0.6135 lld=0.006232 fld=0.0347 rld=0.03327 ccl=0.6937

  0%|          | 0/459 00:00
      Epoch    GPU_mem      s_box      s_obj      s_cls      t_box      t_obj      t_cls         kd        lld        fld        rld        ccl
/mnt/dataY/ydf/projects/LADD_public/cclkd_reproduction/yolov5_sanity/code/train_yolov5_cclkd_full.py:505: FutureWarning: `torch.cuda.amp.autocast(args...)` is deprecated. Please use `torch.amp.autocast('cuda', args...)` instead.
  with torch.cuda.amp.autocast(amp):

    393/399      14.9G    0.04233   0.003973  0.0003076    0.03539   0.003584  0.0003892     0.7723    0.00819     0.0311    0.03876     0.6942:   0%|          | 0/459 00:01
    393/399      14.9G    0.04233   0.003973  0.0003076    0.03539   0.003584  0.0003892     0.7723    0.00819     0.0311    0.03876     0.6942:   0%|          | 1/459 00:01/mnt/dataY/ydf/projects/LADD_public/cclkd_reproduction/yolov5_sanity/code/train_yolov5_cclkd_full.py:505: FutureWarning: `torch.cuda.amp.autocast(args...)` is deprecated. Please use `torch.amp.autocast('cuda', args...)` instead.
  with torch.cuda.amp.autocast(amp):
[ WARN:0@127635.349] global grfmt_tiff.cpp:122 TIFF_Warning TIFFReadDirectory: Unknown field with tag 34264 (0x85d8) encountered

    393/399      14.9G    0.04345   0.005011   0.001175    0.03543   0.004496  0.0005029     0.7914   0.009832    0.03808    0.05041     0.6931:   0%|          | 1/459 00:01
    393/399      14.9G    0.04345   0.005011   0.001175    0.03543   0.004496  0.0005029     0.7914   0.009832    0.03808    0.05041     0.6931:   0%|          | 2/459 00:01/mnt/dataY/ydf/projects/LADD_public/cclkd_reproduction/yolov5_sanity/code/train_yolov5_cclkd_full.py:505: FutureWarning: `torch.cuda.amp.autocast(args...)` is deprecated. Please use `torch.amp.autocast('cuda', args...)` instead.
  with torch.cuda.amp.autocast(amp):

    393/399      14.9G     0.0413   0.004847   0.001173    0.03437   0.004428  0.0003739     0.7898   0.009626    0.03674    0.05009     0.6934:   0%|          | 2/459 00:01
    393/399      14.9G     0.0413   0.004847   0.001173    0.03437   0.004428  0.0003739     0.7898   0.009626    0.03674    0.05009     0.6934:   1%|          | 3/459 00:01/mnt/dataY/ydf/projects/LADD_public/cclkd_reproduction/yolov5_sanity/code/train_yolov5_cclkd_full.py:505: FutureWarning: `torch.cuda.amp.autocast(args...)` is deprecated. Please use `torch.amp.autocast('cuda', args...)` instead.
  with torch.cuda.amp.autocast(amp):

    393/399      14.9G    0.04252    0.00447   0.001105    0.03625     0.0042  0.0003522     0.7867   0.009915    0.03672    0.04714     0.6929:   1%|          | 3/459 00:02
    393/399      14.9G    0.04252    0.00447   0.001105    0.03625     0.0042  0.0003522     0.7867   0.009915    0.03672    0.04714     0.6929:   1%|          | 4/459 00:02/mnt/dataY/ydf/projects/LADD_public/cclkd_reproduction/yolov5_sanity/code/train_yolov5_cclkd_full.py:505: FutureWarning: `torch.cuda.amp.autocast(args...)` is deprecated. Please use `torch.amp.autocast('cuda', args...)` instead.
  with torch.cuda.amp.autocast(amp):
[ WARN:0@127636.264] global grfmt_tiff.cpp:122 TIFF_Warning TIFFReadDirectory: Unknown field with tag 34264 (0x85d8) encountered
[ WARN:0@127636.334] global grfmt_tiff.cpp:122 TIFF_Warning TIFFReadDirectory: Unknown field with tag 34264 (0x85d8) encountered

    393/399      14.9G    0.04084   0.004559  0.0009813     0.0345   0.004272   0.000315     0.7798   0.009139    0.03531    0.04242      0.693:   1%|          | 4/459 00:02
    393/399      14.9G    0.04084   0.004559  0.0009813     0.0345   0.004272   0.000315     0.7798   0.009139    0.03531    0.04242      0.693:   1%|          | 5/459 00:02/mnt/dataY/ydf/projects/LADD_public/cclkd_reproduction/yolov5_sanity/code/train_yolov5_cclkd_full.py:505: FutureWarning: `torch.cuda.amp.autocast(args...)` is deprecated. Please use `torch.amp.autocast('cuda', args...)` instead.
  with torch.cuda.amp.autocast(amp):

    393/399      14.9G    0.04045   0.004539   0.001135    0.03378   0.004214  0.0004136     0.7815   0.009386    0.03514     0.0437     0.6933:   1%|          | 5/459 00:02
    393/399      14.9G    0.04045   0.004539   0.001135    0.03378   0.004214  0.0004136     0.7815   0.009386    0.03514     0.0437     0.6933:   1%|▏         | 6/459 00:02/mnt/dataY/ydf/projects/LADD_public/cclkd_reproduction/yolov5_sanity/code/train_yolov5_cclkd_full.py:505: FutureWarning: `torch.cuda.amp.autocast(args...)` is deprecated. Please use `torch.amp.autocast('cuda', args...)` instead.
  with torch.cuda.amp.autocast(amp):

    393/399      14.9G    0.03893    0.00431   0.001021    0.03283   0.004061  0.0003782      0.776   0.008654    0.03312    0.04081     0.6934:   1%|▏         | 6/459 00:02
    393/399      14.9G    0.03893    0.00431   0.001021    0.03283   0.004061  0.0003782      0.776   0.008654    0.03312    0.04081     0.6934:   2%|▏         | 7/459 00:02/mnt/dataY/ydf/projects/LADD_public/cclkd_reproduction/yolov5_sanity/code/train_yolov5_cclkd_full.py:505: FutureWarning: `torch.cuda.amp.autocast(args...)` is deprecated. Please use `torch.amp.autocast('cuda', args...)` instead.
  with torch.cuda.amp.autocast(amp):
[ WARN:0@127637.434] global grfmt_tiff.cpp:122 TIFF_Warning TIFFReadDirectory: Unknown field with tag 34264 (0x85d8) encountered

    393/399      14.9G    0.03744   0.004374   0.000992    0.03202   0.004108  0.0003517     0.7757   0.008238    0.03359    0.04052     0.6933:   2%|▏         | 7/459 00:03
    393/399      14.9G    0.03744   0.004374   0.000992    0.03202   0.004108  0.0003517     0.7757   0.008238    0.03359    0.04052     0.6933:   2%|▏         | 8/459 00:03/mnt/dataY/ydf/projects/LADD_public/cclkd_reproduction/yolov5_sanity/code/train_yolov5_cclkd_full.py:505: FutureWarning: `torch.cuda.amp.autocast(args...)` is deprecated. Please use `torch.amp.autocast('cuda', args...)` instead.
  with torch.cuda.amp.autocast(amp):

    393/399      14.9G    0.03687   0.004448   0.001006    0.03179   0.004173  0.0003268     0.7749   0.007982    0.03344    0.04002     0.6935:   2%|▏         | 8/459 00:03
    393/399      14.9G    0.03687   0.004448   0.001006    0.03179   0.004173  0.0003268     0.7749   0.007982    0.03344    0.04002     0.6935:   2%|▏         | 9/459 00:03/mnt/dataY/ydf/projects/LADD_public/cclkd_reproduction/yolov5_sanity/code/train_yolov5_cclkd_full.py:505: FutureWarning: `torch.cuda.amp.autocast(args...)` is deprecated. Please use `torch.amp.autocast('cuda', args...)` instead.
  with torch.cuda.amp.autocast(amp):

    393/399      14.9G    0.03648   0.004687  0.0009474    0.03166   0.004359  0.0003126     0.7745   0.007589     0.0343    0.03916     0.6934:   2%|▏         | 9/459 00:04
    393/399      14.9G    0.03648   0.004687  0.0009474    0.03166   0.004359  0.0003126     0.7745   0.007589     0.0343    0.03916     0.6934:   2%|▏         | 10/459 00:04/mnt/dataY/ydf/projects/LADD_public/cclkd_reproduction/yolov5_sanity/code/train_yolov5_cclkd_full.py:505: FutureWarning: `torch.cuda.amp.autocast(args...)` is deprecated. Please use `torch.amp.autocast('cuda', args...)` instead.
  with torch.cuda.amp.autocast(amp):

    393/399      14.9G    0.03623   0.004665  0.0008906     0.0314   0.004309  0.0002958     0.7731   0.007302    0.03443    0.03793     0.6934:   2%|▏         | 10/459 00:04
    393/399      14.9G    0.03623   0.004665  0.0008906     0.0314   0.004309  0.0002958     0.7731   0.007302    0.03443    0.03793     0.6934:   2%|▏         | 11/459 00:04/mnt/dataY/ydf/projects/LADD_public/cclkd_reproduction/yolov5_sanity/code/train_yolov5_cclkd_full.py:505: FutureWarning: `torch.cuda.amp.autocast(args...)` is deprecated. Please use `torch.amp.autocast('cuda', args...)` instead.
  with torch.cuda.amp.autocast(amp):

    393/399      14.9G    0.03596   0.004675  0.0008384    0.03151   0.004323   0.000291     0.7724   0.007279    0.03417    0.03762     0.6933:   2%|▏         | 11/459 00:04
    393/399      14.9G    0.03596   0.004675  0.0008384    0.03151   0.004323   0.000291     0.7724   0.007279    0.03417    0.03762     0.6933:   3%|▎         | 12/459 00:04/mnt/dataY/ydf/projects/LADD_public/cclkd_reproduction/yolov5_sanity/code/train_yolov5_cclkd_full.py:505: FutureWarning: `torch.cuda.amp.autocast(args...)` is deprecated. Please use `torch.amp.autocast('cuda', args...)` instead.
  with torch.cuda.amp.autocast(amp):

    393/399      14.9G    0.03587   0.004681  0.0008431    0.03172   0.004334  0.0002888     0.7757   0.007574    0.03438    0.04011     0.6937:   3%|▎         | 12/459 00:04
    393/399      14.9G    0.03587   0.004681  0.0008431    0.03172   0.004334  0.0002888     0.7757   0.007574    0.03438    0.04011     0.6937:   3%|▎         | 13/459 00:04/mnt/dataY/ydf/projects/LADD_public/cclkd_reproduction/yolov5_sanity/code/train_yolov5_cclkd_full.py:505: FutureWarning: `torch.cuda.amp.autocast(args...)` is deprecated. Please use `torch.amp.autocast('cuda', args...)` instead.
  with torch.cuda.amp.autocast(amp):

    393/399      14.9G    0.03643   0.004807   0.000818     0.0319   0.004447  0.0002917     0.7744   0.007573    0.03415    0.03908     0.6936:   3%|▎         | 13/459 00:05
    393/399      14.9G    0.03643   0.004807   0.000818     0.0319   0.004447  0.0002917     0.7744   0.007573    0.03415    0.03908     0.6936:   3%|▎         | 14/459 00:05/mnt/dataY/ydf/projects/LADD_public/cclkd_reproduction/yolov5_sanity/code/train_yolov5_cclkd_full.py:505: FutureWarning: `torch.cuda.amp.autocast(args...)` is deprecated. Please use `torch.amp.autocast('cuda', args...)` instead.
  with torch.cuda.amp.autocast(amp):

    393/399      14.9G    0.03644   0.004837  0.0008785    0.03151   0.004457    0.00038     0.7729    0.00748    0.03368    0.03822     0.6935:   3%|▎         | 14/459 00:05
    393/399      14.9G    0.03644   0.004837  0.0008785    0.03151   0.004457    0.00038     0.7729    0.00748    0.03368    0.03822     0.6935:   3%|▎         | 15/459 00:05/mnt/dataY/ydf/projects/LADD_public/cclkd_reproduction/yolov5_sanity/code/train_yolov5_cclkd_full.py:505: FutureWarning: `torch.cuda.amp.autocast(args...)` is deprecated. Please use `torch.amp.autocast('cuda', args...)` instead.
  with torch.cuda.amp.autocast(amp):

    393/399      14.9G    0.03658   0.004851  0.0008859    0.03184   0.004482  0.0004021     0.7719   0.007462    0.03334     0.0376     0.6935:   3%|▎         | 15/459 00:06
    393/399      14.9G    0.03658   0.004851  0.0008859    0.03184   0.004482  0.0004021     0.7719   0.007462    0.03334     0.0376     0.6935:   3%|▎         | 16/459 00:06/mnt/dataY/ydf/projects/LADD_public/cclkd_reproduction/yolov5_sanity/code/train_yolov5_cclkd_full.py:505: FutureWarning: `torch.cuda.amp.autocast(args...)` is deprecated. Please use `torch.amp.autocast('cuda', args...)` instead.
  with torch.cuda.amp.autocast(amp):

    393/399      14.9G    0.03621   0.004862  0.0008602    0.03146   0.004456  0.0003904     0.7715   0.007281    0.03334    0.03739     0.6935:   3%|▎         | 16/459 00:06
    393/399      14.9G    0.03621   0.004862  0.0008602    0.03146   0.004456  0.0003904     0.7715   0.007281    0.03334    0.03739     0.6935:   4%|▎         | 17/459 00:06/mnt/dataY/ydf/projects/LADD_public/cclkd_reproduction/yolov5_sanity/code/train_yolov5_cclkd_full.py:505: FutureWarning: `torch.cuda.amp.autocast(args...)` is deprecated. Please use `torch.amp.autocast('cuda', args...)` instead.
  with torch.cuda.amp.autocast(amp):

    393/399      14.9G    0.03628   0.004829  0.0008301    0.03136     0.0044  0.0003745     0.7707   0.007235    0.03309     0.0368     0.6935:   4%|▎         | 17/459 00:06
    393/399      14.9G    0.03628   0.004829  0.0008301    0.03136     0.0044  0.0003745     0.7707   0.007235    0.03309     0.0368     0.6935:   4%|▍         | 18/459 00:06/mnt/dataY/ydf/projects/LADD_public/cclkd_reproduction/yolov5_sanity/code/train_yolov5_cclkd_full.py:505: FutureWarning: `torch.cuda.amp.autocast(args...)` is deprecated. Please use `torch.amp.autocast('cuda', args...)` instead.
  with torch.cuda.amp.autocast(amp):

    393/399      14.9G      0.036   0.004799  0.0008297    0.03109   0.004334  0.0003723     0.7698   0.007088    0.03325    0.03594     0.6936:   4%|▍         | 18/459 00:07
    393/399      14.9G      0.036   0.004799  0.0008297    0.03109   0.004334  0.0003723     0.7698   0.007088    0.03325    0.03594     0.6936:   4%|▍         | 19/459 00:07/mnt/dataY/ydf/projects/LADD_public/cclkd_reproduction/yolov5_sanity/code/train_yolov5_cclkd_full.py:505: FutureWarning: `torch.cuda.amp.autocast(args...)` is deprecated. Please use `torch.amp.autocast('cuda', args...)` instead.
  with torch.cuda.amp.autocast(amp):

    393/399      14.9G      0.036   0.004801  0.0009264    0.03089   0.004334  0.0003585     0.7692   0.006931    0.03336    0.03539     0.6935:   4%|▍         | 19/459 00:07
    393/399      14.9G      0.036   0.004801  0.0009264    0.03089   0.004334  0.0003585     0.7692   0.006931    0.03336    0.03539     0.6935:   4%|▍         | 20/459 00:07/mnt/dataY/ydf/projects/LADD_public/cclkd_reproduction/yolov5_sanity/code/train_yolov5_cclkd_full.py:505: FutureWarning: `torch.cuda.amp.autocast(args...)` is deprecated. Please use `torch.amp.autocast('cuda', args...)` instead.
  with torch.cuda.amp.autocast(amp):

    393/399      14.9G    0.03606   0.004827  0.0009137    0.03101   0.004339  0.0003545     0.7693   0.006961    0.03374    0.03495     0.6937:   4%|▍         | 20/459 00:07
    393/399      14.9G    0.03606   0.004827  0.0009137    0.03101   0.004339  0.0003545     0.7693   0.006961    0.03374    0.03495     0.6937:   5%|▍         | 21/459 00:07/mnt/dataY/ydf/projects/LADD_public/cclkd_reproduction/yolov5_sanity/code/train_yolov5_cclkd_full.py:505: FutureWarning: `torch.cuda.amp.autocast(args...)` is deprecated. Please use `torch.amp.autocast('cuda', args...)` instead.
  with torch.cuda.amp.autocast(amp):

    393/399      14.9G    0.03585   0.004886  0.0008856     0.0308   0.004375  0.0003417     0.7686   0.006869    0.03381    0.03428     0.6937:   5%|▍         | 21/459 00:08
    393/399      14.9G    0.03585   0.004886  0.0008856     0.0308   0.004375  0.0003417     0.7686   0.006869    0.03381    0.03428     0.6937:   5%|▍         | 22/459 00:08/mnt/dataY/ydf/projects/LADD_public/cclkd_reproduction/yolov5_sanity/code/train_yolov5_cclkd_full.py:505: FutureWarning: `torch.cuda.amp.autocast(args...)` is deprecated. Please use `torch.amp.autocast('cuda', args...)` instead.
  with torch.cuda.amp.autocast(amp):

    393/399      14.9G     0.0358   0.004851    0.00088    0.03076   0.004367  0.0003335     0.7676   0.006787     0.0335    0.03367     0.6936:   5%|▍         | 22/459 00:08
    393/399      14.9G     0.0358   0.004851    0.00088    0.03076   0.004367  0.0003335     0.7676   0.006787     0.0335    0.03367     0.6936:   5%|▌         | 23/459 00:08/mnt/dataY/ydf/projects/LADD_public/cclkd_reproduction/yolov5_sanity/code/train_yolov5_cclkd_full.py:505: FutureWarning: `torch.cuda.amp.autocast(args...)` is deprecated. Please use `torch.amp.autocast('cuda', args...)` instead.
  with torch.cuda.amp.autocast(amp):

    393/399      14.9G    0.03549   0.004811  0.0008923    0.03058   0.004322  0.0003329     0.7691   0.006702    0.03367    0.03514     0.6936:   5%|▌         | 23/459 00:08
    393/399      14.9G    0.03549   0.004811  0.0008923    0.03058   0.004322  0.0003329     0.7691   0.006702    0.03367    0.03514     0.6936:   5%|▌         | 24/459 00:08/mnt/dataY/ydf/projects/LADD_public/cclkd_reproduction/yolov5_sanity/code/train_yolov5_cclkd_full.py:505: FutureWarning: `torch.cuda.amp.autocast(args...)` is deprecated. Please use `torch.amp.autocast('cuda', args...)` instead.
  with torch.cuda.amp.autocast(amp):

    393/399      14.9G    0.03531   0.004779  0.0009927     0.0304   0.004282  0.0005774     0.7686   0.006695    0.03349    0.03478     0.6936:   5%|▌         | 24/459 00:09
    393/399      14.9G    0.03531   0.004779  0.0009927     0.0304   0.004282  0.0005774     0.7686   0.006695    0.03349    0.03478     0.6936:   5%|▌         | 25/459 00:09/mnt/dataY/ydf/projects/LADD_public/cclkd_reproduction/yolov5_sanity/code/train_yolov5_cclkd_full.py:505: FutureWarning: `torch.cuda.amp.autocast(args...)` is deprecated. Please use `torch.amp.autocast('cuda', args...)` instead.
  with torch.cuda.amp.autocast(amp):

    393/399      14.9G    0.03517   0.004768  0.0009772    0.03033   0.004284  0.0005679     0.7696   0.006675    0.03433    0.03496     0.6936:   5%|▌         | 25/459 00:09
    393/399      14.9G    0.03517   0.004768  0.0009772    0.03033   0.004284  0.0005679     0.7696   0.006675    0.03433    0.03496     0.6936:   6%|▌         | 26/459 00:09/mnt/dataY/ydf/projects/LADD_public/cclkd_reproduction/yolov5_sanity/code/train_yolov5_cclkd_full.py:505: FutureWarning: `torch.cuda.amp.autocast(args...)` is deprecated. Please use `torch.amp.autocast('cuda', args...)` instead.
  with torch.cuda.amp.autocast(amp):
[ WARN:0@127643.800] global grfmt_tiff.cpp:122 TIFF_Warning TIFFReadDirectory: Unknown field with tag 34264 (0x85d8) encountered

    393/399      14.9G    0.03508   0.004732  0.0009557    0.03024   0.004251  0.0005675     0.7688     0.0066    0.03392    0.03468     0.6936:   6%|▌         | 26/459 00:09
    393/399      14.9G    0.03508   0.004732  0.0009557    0.03024   0.004251  0.0005675     0.7688     0.0066    0.03392    0.03468     0.6936:   6%|▌         | 27/459 00:09/mnt/dataY/ydf/projects/LADD_public/cclkd_reproduction/yolov5_sanity/code/train_yolov5_cclkd_full.py:505: FutureWarning: `torch.cuda.amp.autocast(args...)` is deprecated. Please use `torch.amp.autocast('cuda', args...)` instead.
  with torch.cuda.amp.autocast(amp):
[ WARN:0@127644.022] global grfmt_tiff.cpp:122 TIFF_Warning TIFFReadDirectory: Unknown field with tag 34264 (0x85d8) encountered

    393/399      14.9G     0.0351   0.004755  0.0009752    0.03029   0.004281  0.0005542      0.769   0.006585     0.0344    0.03437     0.6937:   6%|▌         | 27/459 00:10
    393/399      14.9G     0.0351   0.004755  0.0009752    0.03029   0.004281  0.0005542      0.769   0.006585     0.0344    0.03437     0.6937:   6%|▌         | 28/459 00:10/mnt/dataY/ydf/projects/LADD_public/cclkd_reproduction/yolov5_sanity/code/train_yolov5_cclkd_full.py:505: FutureWarning: `torch.cuda.amp.autocast(args...)` is deprecated. Please use `torch.amp.autocast('cuda', args...)` instead.
  with torch.cuda.amp.autocast(amp):
[ WARN:0@127644.555] global grfmt_tiff.cpp:122 TIFF_Warning TIFFReadDirectory: Unknown field with tag 34264 (0x85d8) encountered

    393/399      14.9G    0.03516   0.004756  0.0009484    0.03036   0.004279  0.0005429     0.7683   0.006593    0.03402    0.03401     0.6936:   6%|▌         | 28/459 00:10
    393/399      14.9G    0.03516   0.004756  0.0009484    0.03036   0.004279  0.0005429     0.7683   0.006593    0.03402    0.03401     0.6936:   6%|▋         | 29/459 00:10/mnt/dataY/ydf/projects/LADD_public/cclkd_reproduction/yolov5_sanity/code/train_yolov5_cclkd_full.py:505: FutureWarning: `torch.cuda.amp.autocast(args...)` is deprecated. Please use `torch.amp.autocast('cuda', args...)` instead.
  with torch.cuda.amp.autocast(amp):

    393/399      14.9G    0.03506   0.004734  0.0009203    0.03029   0.004263  0.0005274     0.7676    0.00652    0.03379    0.03363     0.6936:   6%|▋         | 29/459 00:10
    393/399      14.9G    0.03506   0.004734  0.0009203    0.03029   0.004263  0.0005274     0.7676    0.00652    0.03379    0.03363     0.6936:   7%|▋         | 30/459 00:10/mnt/dataY/ydf/projects/LADD_public/cclkd_reproduction/yolov5_sanity/code/train_yolov5_cclkd_full.py:505: FutureWarning: `torch.cuda.amp.autocast(args...)` is deprecated. Please use `torch.amp.autocast('cuda', args...)` instead.
  with torch.cuda.amp.autocast(amp):

    393/399      14.9G    0.03506    0.00476  0.0009316    0.03029   0.004302   0.000526      0.768   0.006646    0.03382    0.03388     0.6936:   7%|▋         | 30/459 00:11
    393/399      14.9G    0.03506    0.00476  0.0009316    0.03029   0.004302   0.000526      0.768   0.006646    0.03382    0.03388     0.6936:   7%|▋         | 31/459 00:11/mnt/dataY/ydf/projects/LADD_public/cclkd_reproduction/yolov5_sanity/code/train_yolov5_cclkd_full.py:505: FutureWarning: `torch.cuda.amp.autocast(args...)` is deprecated. Please use `torch.amp.autocast('cuda', args...)` instead.
  with torch.cuda.amp.autocast(amp):

    393/399      14.9G    0.03519   0.004761  0.0009345    0.03044   0.004275  0.0005144     0.7718   0.006819    0.03674    0.03458     0.6937:   7%|▋         | 31/459 00:11
    393/399      14.9G    0.03519   0.004761  0.0009345    0.03044   0.004275  0.0005144     0.7718   0.006819    0.03674    0.03458     0.6937:   7%|▋         | 32/459 00:11/mnt/dataY/ydf/projects/LADD_public/cclkd_reproduction/yolov5_sanity/code/train_yolov5_cclkd_full.py:505: FutureWarning: `torch.cuda.amp.autocast(args...)` is deprecated. Please use `torch.amp.autocast('cuda', args...)` instead.
  with torch.cuda.amp.autocast(amp):

    393/399      14.9G    0.03509   0.004722  0.0009132    0.03041   0.004246  0.0005042     0.7711   0.006806    0.03636    0.03421     0.6937:   7%|▋         | 32/459 00:11
    393/399      14.9G    0.03509   0.004722  0.0009132    0.03041   0.004246  0.0005042     0.7711   0.006806    0.03636    0.03421     0.6937:   7%|▋         | 33/459 00:11/mnt/dataY/ydf/projects/LADD_public/cclkd_reproduction/yolov5_sanity/code/train_yolov5_cclkd_full.py:505: FutureWarning: `torch.cuda.amp.autocast(args...)` is deprecated. Please use `torch.amp.autocast('cuda', args...)` instead.
  with torch.cuda.amp.autocast(amp):

    393/399      14.9G    0.03505   0.004737  0.0008932    0.03034   0.004251  0.0004944     0.7734   0.006837    0.03708    0.03578     0.6937:   7%|▋         | 33/459 00:12
    393/399      14.9G    0.03505   0.004737  0.0008932    0.03034   0.004251  0.0004944     0.7734   0.006837    0.03708    0.03578     0.6937:   7%|▋         | 34/459 00:12/mnt/dataY/ydf/projects/LADD_public/cclkd_reproduction/yolov5_sanity/code/train_yolov5_cclkd_full.py:505: FutureWarning: `torch.cuda.amp.autocast(args...)` is deprecated. Please use `torch.amp.autocast('cuda', args...)` instead.
  with torch.cuda.amp.autocast(amp):

    393/399      14.9G    0.03505   0.004739  0.0008857    0.03036   0.004254  0.0004848     0.7816   0.006969    0.04286    0.03789     0.6938:   7%|▋         | 34/459 00:12
    393/399      14.9G    0.03505   0.004739  0.0008857    0.03036   0.004254  0.0004848     0.7816   0.006969    0.04286    0.03789     0.6938:   8%|▊         | 35/459 00:12/mnt/dataY/ydf/projects/LADD_public/cclkd_reproduction/yolov5_sanity/code/train_yolov5_cclkd_full.py:505: FutureWarning: `torch.cuda.amp.autocast(args...)` is deprecated. Please use `torch.amp.autocast('cuda', args...)` instead.
  with torch.cuda.amp.autocast(amp):

    393/399      14.9G    0.03516    0.00474  0.0009186    0.03048   0.004274  0.0004985     0.7822   0.007042    0.04256    0.03871     0.6939:   8%|▊         | 35/459 00:12
    393/399      14.9G    0.03516    0.00474  0.0009186    0.03048   0.004274  0.0004985     0.7822   0.007042    0.04256    0.03871     0.6939:   8%|▊         | 36/459 00:12/mnt/dataY/ydf/projects/LADD_public/cclkd_reproduction/yolov5_sanity/code/train_yolov5_cclkd_full.py:505: FutureWarning: `torch.cuda.amp.autocast(args...)` is deprecated. Please use `torch.amp.autocast('cuda', args...)` instead.
  with torch.cuda.amp.autocast(amp):
[ WARN:0@127647.107] global grfmt_tiff.cpp:122 TIFF_Warning TIFFReadDirectory: Unknown field with tag 34264 (0x85d8) encountered

    393/399      14.9G    0.03507   0.004708  0.0008974    0.03044   0.004248  0.0004865     0.7814   0.006959    0.04234    0.03828     0.6938:   8%|▊         | 36/459 00:12
    393/399      14.9G    0.03507   0.004708  0.0008974    0.03044   0.004248  0.0004865     0.7814   0.006959    0.04234    0.03828     0.6938:   8%|▊         | 37/459 00:12/mnt/dataY/ydf/projects/LADD_public/cclkd_reproduction/yolov5_sanity/code/train_yolov5_cclkd_full.py:505: FutureWarning: `torch.cuda.amp.autocast(args...)` is deprecated. Please use `torch.amp.autocast('cuda', args...)` instead.
  with torch.cuda.amp.autocast(amp):

    393/399      14.9G    0.03522   0.004708   0.000907     0.0304   0.004245  0.0004809     0.7819   0.007089    0.04239    0.03863     0.6938:   8%|▊         | 37/459 00:13
    393/399      14.9G    0.03522   0.004708   0.000907     0.0304   0.004245  0.0004809     0.7819   0.007089    0.04239    0.03863     0.6938:   8%|▊         | 38/459 00:13/mnt/dataY/ydf/projects/LADD_public/cclkd_reproduction/yolov5_sanity/code/train_yolov5_cclkd_full.py:505: FutureWarning: `torch.cuda.amp.autocast(args...)` is deprecated. Please use `torch.amp.autocast('cuda', args...)` instead.
  with torch.cuda.amp.autocast(amp):

    393/399      14.9G    0.03502   0.004673  0.0008852     0.0302   0.004212  0.0004698     0.7811   0.006996    0.04203    0.03823     0.6938:   8%|▊         | 38/459 00:13
    393/399      14.9G    0.03502   0.004673  0.0008852     0.0302   0.004212  0.0004698     0.7811   0.006996    0.04203    0.03823     0.6938:   8%|▊         | 39/459 00:13/mnt/dataY/ydf/projects/LADD_public/cclkd_reproduction/yolov5_sanity/code/train_yolov5_cclkd_full.py:505: FutureWarning: `torch.cuda.amp.autocast(args...)` is deprecated. Please use `torch.amp.autocast('cuda', args...)` instead.
  with torch.cuda.amp.autocast(amp):

    393/399      14.9G    0.03501   0.004665  0.0008672    0.03021   0.004212  0.0004608     0.7802   0.006936    0.04164    0.03779     0.6938:   8%|▊         | 39/459 00:13
    393/399      14.9G    0.03501   0.004665  0.0008672    0.03021   0.004212  0.0004608     0.7802   0.006936    0.04164    0.03779     0.6938:   9%|▊         | 40/459 00:13/mnt/dataY/ydf/projects/LADD_public/cclkd_reproduction/yolov5_sanity/code/train_yolov5_cclkd_full.py:505: FutureWarning: `torch.cuda.amp.autocast(args...)` is deprecated. Please use `torch.amp.autocast('cuda', args...)` instead.
  with torch.cuda.amp.autocast(amp):

    393/399      14.9G    0.03499   0.004643  0.0008512    0.03027   0.004199  0.0004514     0.7796   0.006931    0.04128    0.03762     0.6938:   9%|▊         | 40/459 00:14
    393/399      14.9G    0.03499   0.004643  0.0008512    0.03027   0.004199  0.0004514     0.7796   0.006931    0.04128    0.03762     0.6938:   9%|▉         | 41/459 00:14/mnt/dataY/ydf/projects/LADD_public/cclkd_reproduction/yolov5_sanity/code/train_yolov5_cclkd_full.py:505: FutureWarning: `torch.cuda.amp.autocast(args...)` is deprecated. Please use `torch.amp.autocast('cuda', args...)` instead.
  with torch.cuda.amp.autocast(amp):
[ WARN:0@127648.550] global grfmt_tiff.cpp:122 TIFF_Warning TIFFReadDirectory: Unknown field with tag 34264 (0x85d8) encountered
[ WARN:0@127648.618] global grfmt_tiff.cpp:122 TIFF_Warning TIFFReadDirectory: Unknown field with tag 34264 (0x85d8) encountered

    393/399      14.9G    0.03517   0.004668  0.0008376    0.03042   0.004209  0.0004525     0.7794   0.006968    0.04119    0.03745     0.6938:   9%|▉         | 41/459 00:14
    393/399      14.9G    0.03517   0.004668  0.0008376    0.03042   0.004209  0.0004525     0.7794   0.006968    0.04119    0.03745     0.6938:   9%|▉         | 42/459 00:14/mnt/dataY/ydf/projects/LADD_public/cclkd_reproduction/yolov5_sanity/code/train_yolov5_cclkd_full.py:505: FutureWarning: `torch.cuda.amp.autocast(args...)` is deprecated. Please use `torch.amp.autocast('cuda', args...)` instead.
  with torch.cuda.amp.autocast(amp):
[ WARN:0@127648.896] global grfmt_tiff.cpp:122 TIFF_Warning TIFFReadDirectory: Unknown field with tag 34264 (0x85d8) encountered

    393/399      14.9G    0.03503   0.004646  0.0008219     0.0303   0.004184  0.0004434     0.7789   0.006922    0.04095    0.03719     0.6938:   9%|▉         | 42/459 00:14
    393/399      14.9G    0.03503   0.004646  0.0008219     0.0303   0.004184  0.0004434     0.7789   0.006922    0.04095    0.03719     0.6938:   9%|▉         | 43/459 00:14/mnt/dataY/ydf/projects/LADD_public/cclkd_reproduction/yolov5_sanity/code/train_yolov5_cclkd_full.py:505: FutureWarning: `torch.cuda.amp.autocast(args...)` is deprecated. Please use `torch.amp.autocast('cuda', args...)` instead.
  with torch.cuda.amp.autocast(amp):
[ WARN:0@127649.242] global grfmt_tiff.cpp:122 TIFF_Warning TIFFReadDirectory: Unknown field with tag 34264 (0x85d8) encountered
[ WARN:0@127649.427] global grfmt_tiff.cpp:122 TIFF_Warning TIFFReadDirectory: Unknown field with tag 34264 (0x85d8) encountered

    393/399      14.9G    0.03527   0.004656  0.0008169    0.03052   0.004203  0.0004377     0.7789   0.006966    0.04078    0.03731     0.6938:   9%|▉         | 43/459 00:15
    393/399      14.9G    0.03527   0.004656  0.0008169    0.03052   0.004203  0.0004377     0.7789   0.006966    0.04078    0.03731     0.6938:  10%|▉         | 44/459 00:15/mnt/dataY/ydf/projects/LADD_public/cclkd_reproduction/yolov5_sanity/code/train_yolov5_cclkd_full.py:505: FutureWarning: `torch.cuda.amp.autocast(args...)` is deprecated. Please use `torch.amp.autocast('cuda', args...)` instead.
  with torch.cuda.amp.autocast(amp):

    393/399      14.9G    0.03528    0.00464  0.0008007    0.03055   0.004181  0.0004296      0.779   0.006913    0.04122     0.0371     0.6938:  10%|▉         | 44/459 00:15
    393/399      14.9G    0.03528    0.00464  0.0008007    0.03055   0.004181  0.0004296      0.779   0.006913    0.04122     0.0371     0.6938:  10%|▉         | 45/459 00:15/mnt/dataY/ydf/projects/LADD_public/cclkd_reproduction/yolov5_sanity/code/train_yolov5_cclkd_full.py:505: FutureWarning: `torch.cuda.amp.autocast(args...)` is deprecated. Please use `torch.amp.autocast('cuda', args...)` instead.
  with torch.cuda.amp.autocast(amp):

    393/399      14.9G    0.03514   0.004631  0.0007962    0.03042   0.004161  0.0004221     0.7787   0.006871    0.04097    0.03707     0.6938:  10%|▉         | 45/459 00:15
    393/399      14.9G    0.03514   0.004631  0.0007962    0.03042   0.004161  0.0004221     0.7787   0.006871    0.04097    0.03707     0.6938:  10%|█         | 46/459 00:15/mnt/dataY/ydf/projects/LADD_public/cclkd_reproduction/yolov5_sanity/code/train_yolov5_cclkd_full.py:505: FutureWarning: `torch.cuda.amp.autocast(args...)` is deprecated. Please use `torch.amp.autocast('cuda', args...)` instead.
  with torch.cuda.amp.autocast(amp):

    393/399      14.9G    0.03505   0.004603  0.0007834    0.03037   0.004128  0.0004204      0.778   0.006778    0.04078    0.03668     0.6938:  10%|█         | 46/459 00:16
    393/399      14.9G    0.03505   0.004603  0.0007834    0.03037   0.004128  0.0004204      0.778   0.006778    0.04078    0.03668     0.6938:  10%|█         | 47/459 00:16/mnt/dataY/ydf/projects/LADD_public/cclkd_reproduction/yolov5_sanity/code/train_yolov5_cclkd_full.py:505: FutureWarning: `torch.cuda.amp.autocast(args...)` is deprecated. Please use `torch.amp.autocast('cuda', args...)` instead.
  with torch.cuda.amp.autocast(amp):

    393/399      14.9G     0.0353   0.004631  0.0008074    0.03066   0.004152  0.0004546     0.7789   0.006865    0.04063    0.03761     0.6938:  10%|█         | 47/459 00:16
    393/399      14.9G     0.0353   0.004631  0.0008074    0.03066   0.004152  0.0004546     0.7789   0.006865    0.04063    0.03761     0.6938:  10%|█         | 48/459 00:16/mnt/dataY/ydf/projects/LADD_public/cclkd_reproduction/yolov5_sanity/code/train_yolov5_cclkd_full.py:505: FutureWarning: `torch.cuda.amp.autocast(args...)` is deprecated. Please use `torch.amp.autocast('cuda', args...)` instead.
  with torch.cuda.amp.autocast(amp):
[ WARN:0@127650.884] global grfmt_tiff.cpp:122 TIFF_Warning TIFFReadDirectory: Unknown field with tag 34264 (0x85d8) encountered

    393/399      14.9G    0.03535   0.004629  0.0007959    0.03079    0.00416  0.0004667     0.7784   0.006835    0.04042    0.03738     0.6938:  10%|█         | 48/459 00:16
    393/399      14.9G    0.03535   0.004629  0.0007959    0.03079    0.00416  0.0004667     0.7784   0.006835    0.04042    0.03738     0.6938:  11%|█         | 49/459 00:16/mnt/dataY/ydf/projects/LADD_public/cclkd_reproduction/yolov5_sanity/code/train_yolov5_cclkd_full.py:505: FutureWarning: `torch.cuda.amp.autocast(args...)` is deprecated. Please use `torch.amp.autocast('cuda', args...)` instead.
  with torch.cuda.amp.autocast(amp):

    393/399      14.9G    0.03531   0.004637  0.0007902    0.03075   0.004163  0.0004654     0.7779   0.006785    0.04029    0.03704     0.6938:  11%|█         | 49/459 00:17
    393/399      14.9G    0.03531   0.004637  0.0007902    0.03075   0.004163  0.0004654     0.7779   0.006785    0.04029    0.03704     0.6938:  11%|█         | 50/459 00:17/mnt/dataY/ydf/projects/LADD_public/cclkd_reproduction/yolov5_sanity/code/train_yolov5_cclkd_full.py:505: FutureWarning: `torch.cuda.amp.autocast(args...)` is deprecated. Please use `torch.amp.autocast('cuda', args...)` instead.
  with torch.cuda.amp.autocast(amp):

    393/399      14.9G    0.03521   0.004636  0.0007962     0.0306   0.004158  0.0004588     0.7776   0.006806    0.04019    0.03686     0.6938:  11%|█         | 50/459 00:17
    393/399      14.9G    0.03521   0.004636  0.0007962     0.0306   0.004158  0.0004588     0.7776   0.006806    0.04019    0.03686     0.6938:  11%|█         | 51/459 00:17/mnt/dataY/ydf/projects/LADD_public/cclkd_reproduction/yolov5_sanity/code/train_yolov5_cclkd_full.py:505: FutureWarning: `torch.cuda.amp.autocast(args...)` is deprecated. Please use `torch.amp.autocast('cuda', args...)` instead.
  with torch.cuda.amp.autocast(amp):

    393/399      14.9G    0.03531    0.00464   0.000784    0.03074   0.004168  0.0004531     0.7772   0.006781    0.04012    0.03653     0.6938:  11%|█         | 51/459 00:17
    393/399      14.9G    0.03531    0.00464   0.000784    0.03074   0.004168  0.0004531     0.7772   0.006781    0.04012    0.03653     0.6938:  11%|█▏        | 52/459 00:17/mnt/dataY/ydf/projects/LADD_public/cclkd_reproduction/yolov5_sanity/code/train_yolov5_cclkd_full.py:505: FutureWarning: `torch.cuda.amp.autocast(args...)` is deprecated. Please use `torch.amp.autocast('cuda', args...)` instead.
  with torch.cuda.amp.autocast(amp):

    393/399      14.9G    0.03527   0.004627  0.0007758    0.03064   0.004148  0.0004466      0.777   0.006763    0.04006    0.03636     0.6938:  11%|█▏        | 52/459 00:18
    393/399      14.9G    0.03527   0.004627  0.0007758    0.03064   0.004148  0.0004466      0.777   0.006763    0.04006    0.03636     0.6938:  12%|█▏        | 53/459 00:18/mnt/dataY/ydf/projects/LADD_public/cclkd_reproduction/yolov5_sanity/code/train_yolov5_cclkd_full.py:505: FutureWarning: `torch.cuda.amp.autocast(args...)` is deprecated. Please use `torch.amp.autocast('cuda', args...)` instead.
  with torch.cuda.amp.autocast(amp):
[ WARN:0@127652.706] global grfmt_tiff.cpp:122 TIFF_Warning TIFFReadDirectory: Unknown field with tag 34264 (0x85d8) encountered

    393/399      14.9G    0.03525   0.004617  0.0007649    0.03056   0.004126  0.0004399     0.7766   0.006751    0.04001    0.03597     0.6938:  12%|█▏        | 53/459 00:18
    393/399      14.9G    0.03525   0.004617  0.0007649    0.03056   0.004126  0.0004399     0.7766   0.006751    0.04001    0.03597     0.6938:  12%|█▏        | 54/459 00:18/mnt/dataY/ydf/projects/LADD_public/cclkd_reproduction/yolov5_sanity/code/train_yolov5_cclkd_full.py:505: FutureWarning: `torch.cuda.amp.autocast(args...)` is deprecated. Please use `torch.amp.autocast('cuda', args...)` instead.
  with torch.cuda.amp.autocast(amp):

    393/399      14.9G    0.03522   0.004628   0.000759    0.03053   0.004128  0.0004359     0.7763   0.006758    0.03989    0.03584     0.6938:  12%|█▏        | 54/459 00:18
    393/399      14.9G    0.03522   0.004628   0.000759    0.03053   0.004128  0.0004359     0.7763   0.006758    0.03989    0.03584     0.6938:  12%|█▏        | 55/459 00:18/mnt/dataY/ydf/projects/LADD_public/cclkd_reproduction/yolov5_sanity/code/train_yolov5_cclkd_full.py:505: FutureWarning: `torch.cuda.amp.autocast(args...)` is deprecated. Please use `torch.amp.autocast('cuda', args...)` instead.
  with torch.cuda.amp.autocast(amp):

    393/399      14.9G     0.0352   0.004631  0.0007545     0.0306   0.004133  0.0004361     0.7758   0.006715    0.03976    0.03557     0.6938:  12%|█▏        | 55/459 00:19
    393/399      14.9G     0.0352   0.004631  0.0007545     0.0306   0.004133  0.0004361     0.7758   0.006715    0.03976    0.03557     0.6938:  12%|█▏        | 56/459 00:19/mnt/dataY/ydf/projects/LADD_public/cclkd_reproduction/yolov5_sanity/code/train_yolov5_cclkd_full.py:505: FutureWarning: `torch.cuda.amp.autocast(args...)` is deprecated. Please use `torch.amp.autocast('cuda', args...)` instead.
  with torch.cuda.amp.autocast(amp):

    393/399      14.9G    0.03522    0.00463   0.000751    0.03063    0.00413  0.0004295     0.7756   0.006745    0.03967    0.03531     0.6939:  12%|█▏        | 56/459 00:19
    393/399      14.9G    0.03522    0.00463   0.000751    0.03063    0.00413  0.0004295     0.7756   0.006745    0.03967    0.03531     0.6939:  12%|█▏        | 57/459 00:19/mnt/dataY/ydf/projects/LADD_public/cclkd_reproduction/yolov5_sanity/code/train_yolov5_cclkd_full.py:505: FutureWarning: `torch.cuda.amp.autocast(args...)` is deprecated. Please use `torch.amp.autocast('cuda', args...)` instead.
  with torch.cuda.amp.autocast(amp):

    393/399      14.9G    0.03529   0.004634  0.0007549    0.03066   0.004128  0.0004251     0.7753   0.006729    0.03951    0.03517     0.6939:  12%|█▏        | 57/459 00:19
    393/399      14.9G    0.03529   0.004634  0.0007549    0.03066   0.004128  0.0004251     0.7753   0.006729    0.03951    0.03517     0.6939:  13%|█▎        | 58/459 00:19/mnt/dataY/ydf/projects/LADD_public/cclkd_reproduction/yolov5_sanity/code/train_yolov5_cclkd_full.py:505: FutureWarning: `torch.cuda.amp.autocast(args...)` is deprecated. Please use `torch.amp.autocast('cuda', args...)` instead.
  with torch.cuda.amp.autocast(amp):

    393/399      14.9G    0.03544   0.004676  0.0007553    0.03071    0.00416  0.0004215     0.7752   0.006773    0.03943    0.03514     0.6938:  13%|█▎        | 58/459 00:20
    393/399      14.9G    0.03544   0.004676  0.0007553    0.03071    0.00416  0.0004215     0.7752   0.006773    0.03943    0.03514     0.6938:  13%|█▎        | 59/459 00:20/mnt/dataY/ydf/projects/LADD_public/cclkd_reproduction/yolov5_sanity/code/train_yolov5_cclkd_full.py:505: FutureWarning: `torch.cuda.amp.autocast(args...)` is deprecated. Please use `torch.amp.autocast('cuda', args...)` instead.
  with torch.cuda.amp.autocast(amp):

    393/399      14.9G    0.03539   0.004657  0.0007465    0.03071   0.004141  0.0004169     0.7748   0.006729    0.03927    0.03497     0.6938:  13%|█▎        | 59/459 00:20
    393/399      14.9G    0.03539   0.004657  0.0007465    0.03071   0.004141  0.0004169     0.7748   0.006729    0.03927    0.03497     0.6938:  13%|█▎        | 60/459 00:20/mnt/dataY/ydf/projects/LADD_public/cclkd_reproduction/yolov5_sanity/code/train_yolov5_cclkd_full.py:505: FutureWarning: `torch.cuda.amp.autocast(args...)` is deprecated. Please use `torch.amp.autocast('cuda', args...)` instead.
  with torch.cuda.amp.autocast(amp):

    393/399      14.9G    0.03534   0.004655  0.0007357    0.03067   0.004135  0.0004113     0.7746   0.006695    0.03927     0.0348     0.6938:  13%|█▎        | 60/459 00:20
    393/399      14.9G    0.03534   0.004655  0.0007357    0.03067   0.004135  0.0004113     0.7746   0.006695    0.03927     0.0348     0.6938:  13%|█▎        | 61/459 00:20/mnt/dataY/ydf/projects/LADD_public/cclkd_reproduction/yolov5_sanity/code/train_yolov5_cclkd_full.py:505: FutureWarning: `torch.cuda.amp.autocast(args...)` is deprecated. Please use `torch.amp.autocast('cuda', args...)` instead.
  with torch.cuda.amp.autocast(amp):

    393/399      14.9G    0.03534   0.004655  0.0007363    0.03067   0.004139  0.0004078     0.7744   0.006682    0.03928     0.0346     0.6938:  13%|█▎        | 61/459 00:21
    393/399      14.9G    0.03534   0.004655  0.0007363    0.03067   0.004139  0.0004078     0.7744   0.006682    0.03928     0.0346     0.6938:  14%|█▎        | 62/459 00:21/mnt/dataY/ydf/projects/LADD_public/cclkd_reproduction/yolov5_sanity/code/train_yolov5_cclkd_full.py:505: FutureWarning: `torch.cuda.amp.autocast(args...)` is deprecated. Please use `torch.amp.autocast('cuda', args...)` instead.
  with torch.cuda.amp.autocast(amp):

    393/399      14.9G    0.03529    0.00464  0.0007278    0.03065   0.004129  0.0004057     0.7741   0.006665    0.03903    0.03462     0.6938:  14%|█▎        | 62/459 00:21
    393/399      14.9G    0.03529    0.00464  0.0007278    0.03065   0.004129  0.0004057     0.7741   0.006665    0.03903    0.03462     0.6938:  14%|█▎        | 63/459 00:21/mnt/dataY/ydf/projects/LADD_public/cclkd_reproduction/yolov5_sanity/code/train_yolov5_cclkd_full.py:505: FutureWarning: `torch.cuda.amp.autocast(args...)` is deprecated. Please use `torch.amp.autocast('cuda', args...)` instead.
  with torch.cuda.amp.autocast(amp):

    393/399      14.9G    0.03532    0.00463  0.0007258    0.03066   0.004119  0.0004034      0.774   0.006659    0.03917     0.0344     0.6938:  14%|█▎        | 63/459 00:21
    393/399      14.9G    0.03532    0.00463  0.0007258    0.03066   0.004119  0.0004034      0.774   0.006659    0.03917     0.0344     0.6938:  14%|█▍        | 64/459 00:21/mnt/dataY/ydf/projects/LADD_public/cclkd_reproduction/yolov5_sanity/code/train_yolov5_cclkd_full.py:505: FutureWarning: `torch.cuda.amp.autocast(args...)` is deprecated. Please use `torch.amp.autocast('cuda', args...)` instead.
  with torch.cuda.amp.autocast(amp):

    393/399      14.9G    0.03526   0.004617  0.0007169    0.03061   0.004109  0.0003986     0.7736   0.006604    0.03898    0.03422     0.6938:  14%|█▍        | 64/459 00:22
    393/399      14.9G    0.03526   0.004617  0.0007169    0.03061   0.004109  0.0003986     0.7736   0.006604    0.03898    0.03422     0.6938:  14%|█▍        | 65/459 00:22/mnt/dataY/ydf/projects/LADD_public/cclkd_reproduction/yolov5_sanity/code/train_yolov5_cclkd_full.py:505: FutureWarning: `torch.cuda.amp.autocast(args...)` is deprecated. Please use `torch.amp.autocast('cuda', args...)` instead.
  with torch.cuda.amp.autocast(amp):

    393/399      14.9G    0.03526     0.0046  0.0007118    0.03062   0.004099  0.0003938     0.7736     0.0066    0.03897    0.03422     0.6938:  14%|█▍        | 65/459 00:22
    393/399      14.9G    0.03526     0.0046  0.0007118    0.03062   0.004099  0.0003938     0.7736     0.0066    0.03897    0.03422     0.6938:  14%|█▍        | 66/459 00:22/mnt/dataY/ydf/projects/LADD_public/cclkd_reproduction/yolov5_sanity/code/train_yolov5_cclkd_full.py:505: FutureWarning: `torch.cuda.amp.autocast(args...)` is deprecated. Please use `torch.amp.autocast('cuda', args...)` instead.
  with torch.cuda.amp.autocast(amp):

    393/399      14.9G    0.03526    0.00458  0.0007101    0.03063   0.004083  0.0003895     0.7733   0.006577    0.03884    0.03406     0.6938:  14%|█▍        | 66/459 00:22
    393/399      14.9G    0.03526    0.00458  0.0007101    0.03063   0.004083  0.0003895     0.7733   0.006577    0.03884    0.03406     0.6938:  15%|█▍        | 67/459 00:22/mnt/dataY/ydf/projects/LADD_public/cclkd_reproduction/yolov5_sanity/code/train_yolov5_cclkd_full.py:505: FutureWarning: `torch.cuda.amp.autocast(args...)` is deprecated. Please use `torch.amp.autocast('cuda', args...)` instead.
  with torch.cuda.amp.autocast(amp):

    393/399      14.9G    0.03525   0.004572  0.0007033    0.03066   0.004075  0.0003852     0.7735   0.006568    0.03902    0.03403     0.6938:  15%|█▍        | 67/459 00:23
    393/399      14.9G    0.03525   0.004572  0.0007033    0.03066   0.004075  0.0003852     0.7735   0.006568    0.03902    0.03403     0.6938:  15%|█▍        | 68/459 00:23/mnt/dataY/ydf/projects/LADD_public/cclkd_reproduction/yolov5_sanity/code/train_yolov5_cclkd_full.py:505: FutureWarning: `torch.cuda.amp.autocast(args...)` is deprecated. Please use `torch.amp.autocast('cuda', args...)` instead.
  with torch.cuda.amp.autocast(amp):

    393/399      14.9G    0.03541   0.004559  0.0007078    0.03081   0.004064  0.0003848     0.7741   0.006592    0.03914    0.03452     0.6938:  15%|█▍        | 68/459 00:23
    393/399      14.9G    0.03541   0.004559  0.0007078    0.03081   0.004064  0.0003848     0.7741   0.006592    0.03914    0.03452     0.6938:  15%|█▌        | 69/459 00:23/mnt/dataY/ydf/projects/LADD_public/cclkd_reproduction/yolov5_sanity/code/train_yolov5_cclkd_full.py:505: FutureWarning: `torch.cuda.amp.autocast(args...)` is deprecated. Please use `torch.amp.autocast('cuda', args...)` instead.
  with torch.cuda.amp.autocast(amp):

    393/399      14.9G    0.03549   0.004561  0.0007382    0.03078   0.004057  0.0003812     0.7768    0.00666    0.04147    0.03479     0.6938:  15%|█▌        | 69/459 00:23
    393/399      14.9G    0.03549   0.004561  0.0007382    0.03078   0.004057  0.0003812     0.7768    0.00666    0.04147    0.03479     0.6938:  15%|█▌        | 70/459 00:23/mnt/dataY/ydf/projects/LADD_public/cclkd_reproduction/yolov5_sanity/code/train_yolov5_cclkd_full.py:505: FutureWarning: `torch.cuda.amp.autocast(args...)` is deprecated. Please use `torch.amp.autocast('cuda', args...)` instead.
  with torch.cuda.amp.autocast(amp):

    393/399      14.9G    0.03547   0.004554  0.0007324    0.03078   0.004054  0.0003796     0.7766   0.006652    0.04129    0.03477     0.6939:  15%|█▌        | 70/459 00:24
    393/399      14.9G    0.03547   0.004554  0.0007324    0.03078   0.004054  0.0003796     0.7766   0.006652    0.04129    0.03477     0.6939:  15%|█▌        | 71/459 00:24/mnt/dataY/ydf/projects/LADD_public/cclkd_reproduction/yolov5_sanity/code/train_yolov5_cclkd_full.py:505: FutureWarning: `torch.cuda.amp.autocast(args...)` is deprecated. Please use `torch.amp.autocast('cuda', args...)` instead.
  with torch.cuda.amp.autocast(amp):

    393/399      14.9G    0.03547   0.004558  0.0007256    0.03077   0.004056  0.0003777     0.7761   0.006614    0.04108    0.03457     0.6939:  15%|█▌        | 71/459 00:24
    393/399      14.9G    0.03547   0.004558  0.0007256    0.03077   0.004056  0.0003777     0.7761   0.006614    0.04108    0.03457     0.6939:  16%|█▌        | 72/459 00:24/mnt/dataY/ydf/projects/LADD_public/cclkd_reproduction/yolov5_sanity/code/train_yolov5_cclkd_full.py:505: FutureWarning: `torch.cuda.amp.autocast(args...)` is deprecated. Please use `torch.amp.autocast('cuda', args...)` instead.
  with torch.cuda.amp.autocast(amp):

    393/399      14.9G    0.03538   0.004546  0.0007168    0.03074   0.004045  0.0003734      0.777   0.006589    0.04213    0.03435     0.6939:  16%|█▌        | 72/459 00:24
    393/399      14.9G    0.03538   0.004546  0.0007168    0.03074   0.004045  0.0003734      0.777   0.006589    0.04213    0.03435     0.6939:  16%|█▌        | 73/459 00:24/mnt/dataY/ydf/projects/LADD_public/cclkd_reproduction/yolov5_sanity/code/train_yolov5_cclkd_full.py:505: FutureWarning: `torch.cuda.amp.autocast(args...)` is deprecated. Please use `torch.amp.autocast('cuda', args...)` instead.
  with torch.cuda.amp.autocast(amp):

    393/399      14.9G    0.03533   0.004545  0.0007117     0.0307   0.004041  0.0003699     0.7765   0.006551    0.04198    0.03413     0.6939:  16%|█▌        | 73/459 00:25
    393/399      14.9G    0.03533   0.004545  0.0007117     0.0307   0.004041  0.0003699     0.7765   0.006551    0.04198    0.03413     0.6939:  16%|█▌        | 74/459 00:25/mnt/dataY/ydf/projects/LADD_public/cclkd_reproduction/yolov5_sanity/code/train_yolov5_cclkd_full.py:505: FutureWarning: `torch.cuda.amp.autocast(args...)` is deprecated. Please use `torch.amp.autocast('cuda', args...)` instead.
  with torch.cuda.amp.autocast(amp):

    393/399      14.9G     0.0353   0.004539  0.0007045    0.03075   0.004044  0.0003665     0.7762   0.006554    0.04184    0.03396     0.6939:  16%|█▌        | 74/459 00:25
    393/399      14.9G     0.0353   0.004539  0.0007045    0.03075   0.004044  0.0003665     0.7762   0.006554    0.04184    0.03396     0.6939:  16%|█▋        | 75/459 00:25/mnt/dataY/ydf/projects/LADD_public/cclkd_reproduction/yolov5_sanity/code/train_yolov5_cclkd_full.py:505: FutureWarning: `torch.cuda.amp.autocast(args...)` is deprecated. Please use `torch.amp.autocast('cuda', args...)` instead.
  with torch.cuda.amp.autocast(amp):

    393/399      14.9G    0.03548   0.004539  0.0007296    0.03089    0.00405  0.0003994     0.7759   0.006547    0.04166    0.03383     0.6939:  16%|█▋        | 75/459 00:25
    393/399      14.9G    0.03548   0.004539  0.0007296    0.03089    0.00405  0.0003994     0.7759   0.006547    0.04166    0.03383     0.6939:  17%|█▋        | 76/459 00:25/mnt/dataY/ydf/projects/LADD_public/cclkd_reproduction/yolov5_sanity/code/train_yolov5_cclkd_full.py:505: FutureWarning: `torch.cuda.amp.autocast(args...)` is deprecated. Please use `torch.amp.autocast('cuda', args...)` instead.
  with torch.cuda.amp.autocast(amp):

    393/399      14.9G    0.03543   0.004528  0.0007245    0.03081   0.004036  0.0003951     0.7755   0.006516     0.0415    0.03367     0.6939:  17%|█▋        | 76/459 00:26
    393/399      14.9G    0.03543   0.004528  0.0007245    0.03081   0.004036  0.0003951     0.7755   0.006516     0.0415    0.03367     0.6939:  17%|█▋        | 77/459 00:26/mnt/dataY/ydf/projects/LADD_public/cclkd_reproduction/yolov5_sanity/code/train_yolov5_cclkd_full.py:505: FutureWarning: `torch.cuda.amp.autocast(args...)` is deprecated. Please use `torch.amp.autocast('cuda', args...)` instead.
  with torch.cuda.amp.autocast(amp):

    393/399      14.9G    0.03545   0.004528  0.0007721    0.03082   0.004034  0.0003972     0.7769   0.006607    0.04207    0.03436     0.6938:  17%|█▋        | 77/459 00:26
    393/399      14.9G    0.03545   0.004528  0.0007721    0.03082   0.004034  0.0003972     0.7769   0.006607    0.04207    0.03436     0.6938:  17%|█▋        | 78/459 00:26/mnt/dataY/ydf/projects/LADD_public/cclkd_reproduction/yolov5_sanity/code/train_yolov5_cclkd_full.py:505: FutureWarning: `torch.cuda.amp.autocast(args...)` is deprecated. Please use `torch.amp.autocast('cuda', args...)` instead.
  with torch.cuda.amp.autocast(amp):

    393/399      14.9G    0.03562   0.004531  0.0007666    0.03096   0.004036  0.0004002     0.7768   0.006615    0.04208    0.03428     0.6938:  17%|█▋        | 78/459 00:26
    393/399      14.9G    0.03562   0.004531  0.0007666    0.03096   0.004036  0.0004002     0.7768   0.006615    0.04208    0.03428     0.6938:  17%|█▋        | 79/459 00:26/mnt/dataY/ydf/projects/LADD_public/cclkd_reproduction/yolov5_sanity/code/train_yolov5_cclkd_full.py:505: FutureWarning: `torch.cuda.amp.autocast(args...)` is deprecated. Please use `torch.amp.autocast('cuda', args...)` instead.
  with torch.cuda.amp.autocast(amp):

    393/399      14.9G     0.0356   0.004545  0.0007653    0.03097   0.004043  0.0003971     0.7771   0.006641    0.04202    0.03466     0.6938:  17%|█▋        | 79/459 00:27
    393/399      14.9G     0.0356   0.004545  0.0007653    0.03097   0.004043  0.0003971     0.7771   0.006641    0.04202    0.03466     0.6938:  17%|█▋        | 80/459 00:27/mnt/dataY/ydf/projects/LADD_public/cclkd_reproduction/yolov5_sanity/code/train_yolov5_cclkd_full.py:505: FutureWarning: `torch.cuda.amp.autocast(args...)` is deprecated. Please use `torch.amp.autocast('cuda', args...)` instead.
  with torch.cuda.amp.autocast(amp):

    393/399      14.9G    0.03545   0.004539   0.000758    0.03086   0.004038  0.0003928     0.7768   0.006606    0.04183    0.03454     0.6938:  17%|█▋        | 80/459 00:27
    393/399      14.9G    0.03545   0.004539   0.000758    0.03086   0.004038  0.0003928     0.7768   0.006606    0.04183    0.03454     0.6938:  18%|█▊        | 81/459 00:27/mnt/dataY/ydf/projects/LADD_public/cclkd_reproduction/yolov5_sanity/code/train_yolov5_cclkd_full.py:505: FutureWarning: `torch.cuda.amp.autocast(args...)` is deprecated. Please use `torch.amp.autocast('cuda', args...)` instead.
  with torch.cuda.amp.autocast(amp):

    393/399      14.9G     0.0355   0.004532  0.0007525     0.0309   0.004035  0.0003916     0.7767   0.006604    0.04171    0.03453     0.6938:  18%|█▊        | 81/459 00:27
    393/399      14.9G     0.0355   0.004532  0.0007525     0.0309   0.004035  0.0003916     0.7767   0.006604    0.04171    0.03453     0.6938:  18%|█▊        | 82/459 00:27/mnt/dataY/ydf/projects/LADD_public/cclkd_reproduction/yolov5_sanity/code/train_yolov5_cclkd_full.py:505: FutureWarning: `torch.cuda.amp.autocast(args...)` is deprecated. Please use `torch.amp.autocast('cuda', args...)` instead.
  with torch.cuda.amp.autocast(amp):

    393/399      14.9G    0.03539   0.004522  0.0007456    0.03083   0.004027  0.0003875     0.7763   0.006582    0.04157    0.03432     0.6939:  18%|█▊        | 82/459 00:28
    393/399      14.9G    0.03539   0.004522  0.0007456    0.03083   0.004027  0.0003875     0.7763   0.006582    0.04157    0.03432     0.6939:  18%|█▊        | 83/459 00:28/mnt/dataY/ydf/projects/LADD_public/cclkd_reproduction/yolov5_sanity/code/train_yolov5_cclkd_full.py:505: FutureWarning: `torch.cuda.amp.autocast(args...)` is deprecated. Please use `torch.amp.autocast('cuda', args...)` instead.
  with torch.cuda.amp.autocast(amp):

    393/399      14.9G    0.03551    0.00453  0.0007499    0.03091   0.004035  0.0003883     0.7765   0.006631    0.04157    0.03447     0.6938:  18%|█▊        | 83/459 00:28
    393/399      14.9G    0.03551    0.00453  0.0007499    0.03091   0.004035  0.0003883     0.7765   0.006631    0.04157    0.03447     0.6938:  18%|█▊        | 84/459 00:28/mnt/dataY/ydf/projects/LADD_public/cclkd_reproduction/yolov5_sanity/code/train_yolov5_cclkd_full.py:505: FutureWarning: `torch.cuda.amp.autocast(args...)` is deprecated. Please use `torch.amp.autocast('cuda', args...)` instead.
  with torch.cuda.amp.autocast(amp):
[ WARN:0@127663.027] global grfmt_tiff.cpp:122 TIFF_Warning TIFFReadDirectory: Unknown field with tag 34264 (0x85d8) encountered

    393/399      14.9G    0.03552   0.004529  0.0007491    0.03092   0.004036  0.0003846     0.7761    0.00661     0.0414    0.03431     0.6938:  18%|█▊        | 84/459 00:28
    393/399      14.9G    0.03552   0.004529  0.0007491    0.03092   0.004036  0.0003846     0.7761    0.00661     0.0414    0.03431     0.6938:  19%|█▊        | 85/459 00:28/mnt/dataY/ydf/projects/LADD_public/cclkd_reproduction/yolov5_sanity/code/train_yolov5_cclkd_full.py:505: FutureWarning: `torch.cuda.amp.autocast(args...)` is deprecated. Please use `torch.amp.autocast('cuda', args...)` instead.
  with torch.cuda.amp.autocast(amp):

    393/399      14.9G    0.03545   0.004517  0.0007429    0.03086   0.004031  0.0003819     0.7759   0.006585    0.04125     0.0343     0.6938:  19%|█▊        | 85/459 00:29
    393/399      14.9G    0.03545   0.004517  0.0007429    0.03086   0.004031  0.0003819     0.7759   0.006585    0.04125     0.0343     0.6938:  19%|█▊        | 86/459 00:29/mnt/dataY/ydf/projects/LADD_public/cclkd_reproduction/yolov5_sanity/code/train_yolov5_cclkd_full.py:505: FutureWarning: `torch.cuda.amp.autocast(args...)` is deprecated. Please use `torch.amp.autocast('cuda', args...)` instead.
  with torch.cuda.amp.autocast(amp):

    393/399      14.9G    0.03534   0.004516  0.0007366    0.03078   0.004033  0.0003782     0.7756   0.006554    0.04109     0.0341     0.6938:  19%|█▊        | 86/459 00:29
    393/399      14.9G    0.03534   0.004516  0.0007366    0.03078   0.004033  0.0003782     0.7756   0.006554    0.04109     0.0341     0.6938:  19%|█▉        | 87/459 00:29/mnt/dataY/ydf/projects/LADD_public/cclkd_reproduction/yolov5_sanity/code/train_yolov5_cclkd_full.py:505: FutureWarning: `torch.cuda.amp.autocast(args...)` is deprecated. Please use `torch.amp.autocast('cuda', args...)` instead.
  with torch.cuda.amp.autocast(amp):

    393/399      14.9G    0.03537   0.004524  0.0007618    0.03078   0.004038  0.0003955     0.7763   0.006578    0.04094    0.03501     0.6938:  19%|█▉        | 87/459 00:29
    393/399      14.9G    0.03537   0.004524  0.0007618    0.03078   0.004038  0.0003955     0.7763   0.006578    0.04094    0.03501     0.6938:  19%|█▉        | 88/459 00:29/mnt/dataY/ydf/projects/LADD_public/cclkd_reproduction/yolov5_sanity/code/train_yolov5_cclkd_full.py:505: FutureWarning: `torch.cuda.amp.autocast(args...)` is deprecated. Please use `torch.amp.autocast('cuda', args...)` instead.
  with torch.cuda.amp.autocast(amp):

    393/399      14.9G    0.03528   0.004506  0.0007545    0.03072   0.004023   0.000392     0.7761   0.006558    0.04083    0.03485     0.6938:  19%|█▉        | 88/459 00:30
    393/399      14.9G    0.03528   0.004506  0.0007545    0.03072   0.004023   0.000392     0.7761   0.006558    0.04083    0.03485     0.6938:  19%|█▉        | 89/459 00:30/mnt/dataY/ydf/projects/LADD_public/cclkd_reproduction/yolov5_sanity/code/train_yolov5_cclkd_full.py:505: FutureWarning: `torch.cuda.amp.autocast(args...)` is deprecated. Please use `torch.amp.autocast('cuda', args...)` instead.
  with torch.cuda.amp.autocast(amp):

    393/399      14.9G    0.03528   0.004513  0.0007516    0.03068   0.004029  0.0003913     0.7757   0.006527    0.04068    0.03468     0.6938:  19%|█▉        | 89/459 00:30
    393/399      14.9G    0.03528   0.004513  0.0007516    0.03068   0.004029  0.0003913     0.7757   0.006527    0.04068    0.03468     0.6938:  20%|█▉        | 90/459 00:30/mnt/dataY/ydf/projects/LADD_public/cclkd_reproduction/yolov5_sanity/code/train_yolov5_cclkd_full.py:505: FutureWarning: `torch.cuda.amp.autocast(args...)` is deprecated. Please use `torch.amp.autocast('cuda', args...)` instead.
  with torch.cuda.amp.autocast(amp):
[ WARN:0@127664.730] global grfmt_tiff.cpp:122 TIFF_Warning TIFFReadDirectory: Unknown field with tag 34264 (0x85d8) encountered

    393/399      14.9G    0.03525   0.004518  0.0007547    0.03064   0.004037  0.0003884      0.776   0.006554    0.04061    0.03501     0.6938:  20%|█▉        | 90/459 00:30
    393/399      14.9G    0.03525   0.004518  0.0007547    0.03064   0.004037  0.0003884      0.776   0.006554    0.04061    0.03501     0.6938:  20%|█▉        | 91/459 00:30/mnt/dataY/ydf/projects/LADD_public/cclkd_reproduction/yolov5_sanity/code/train_yolov5_cclkd_full.py:505: FutureWarning: `torch.cuda.amp.autocast(args...)` is deprecated. Please use `torch.amp.autocast('cuda', args...)` instead.
  with torch.cuda.amp.autocast(amp):

    393/399      14.9G    0.03535   0.004532   0.000755    0.03068   0.004041   0.000386     0.7763   0.006571    0.04064    0.03527     0.6938:  20%|█▉        | 91/459 00:31
    393/399      14.9G    0.03535   0.004532   0.000755    0.03068   0.004041   0.000386     0.7763   0.006571    0.04064    0.03527     0.6938:  20%|██        | 92/459 00:31/mnt/dataY/ydf/projects/LADD_public/cclkd_reproduction/yolov5_sanity/code/train_yolov5_cclkd_full.py:505: FutureWarning: `torch.cuda.amp.autocast(args...)` is deprecated. Please use `torch.amp.autocast('cuda', args...)` instead.
  with torch.cuda.amp.autocast(amp):

    393/399      14.9G    0.03541   0.004563  0.0007695    0.03075   0.004081  0.0003904     0.7762   0.006582     0.0405    0.03525     0.6938:  20%|██        | 92/459 00:31
    393/399      14.9G    0.03541   0.004563  0.0007695    0.03075   0.004081  0.0003904     0.7762   0.006582     0.0405    0.03525     0.6938:  20%|██        | 93/459 00:31/mnt/dataY/ydf/projects/LADD_public/cclkd_reproduction/yolov5_sanity/code/train_yolov5_cclkd_full.py:505: FutureWarning: `torch.cuda.amp.autocast(args...)` is deprecated. Please use `torch.amp.autocast('cuda', args...)` instead.
  with torch.cuda.amp.autocast(amp):

    393/399      14.9G    0.03539   0.004557  0.0007712    0.03072   0.004074  0.0003885      0.776   0.006569    0.04037    0.03521     0.6938:  20%|██        | 93/459 00:31
    393/399      14.9G    0.03539   0.004557  0.0007712    0.03072   0.004074  0.0003885      0.776   0.006569    0.04037    0.03521     0.6938:  20%|██        | 94/459 00:31/mnt/dataY/ydf/projects/LADD_public/cclkd_reproduction/yolov5_sanity/code/train_yolov5_cclkd_full.py:505: FutureWarning: `torch.cuda.amp.autocast(args...)` is deprecated. Please use `torch.amp.autocast('cuda', args...)` instead.
  with torch.cuda.amp.autocast(amp):

    393/399      14.9G    0.03543   0.004557    0.00077    0.03069   0.004075  0.0003865     0.7761   0.006589    0.04025    0.03544     0.6938:  20%|██        | 94/459 00:32
    393/399      14.9G    0.03543   0.004557    0.00077    0.03069   0.004075  0.0003865     0.7761   0.006589    0.04025    0.03544     0.6938:  21%|██        | 95/459 00:32/mnt/dataY/ydf/projects/LADD_public/cclkd_reproduction/yolov5_sanity/code/train_yolov5_cclkd_full.py:505: FutureWarning: `torch.cuda.amp.autocast(args...)` is deprecated. Please use `torch.amp.autocast('cuda', args...)` instead.
  with torch.cuda.amp.autocast(amp):

    393/399      14.9G    0.03541   0.004561  0.0007671    0.03066   0.004082  0.0003853     0.7768   0.006622    0.04018    0.03614     0.6939:  21%|██        | 95/459 00:32
    393/399      14.9G    0.03541   0.004561  0.0007671    0.03066   0.004082  0.0003853     0.7768   0.006622    0.04018    0.03614     0.6939:  21%|██        | 96/459 00:32/mnt/dataY/ydf/projects/LADD_public/cclkd_reproduction/yolov5_sanity/code/train_yolov5_cclkd_full.py:505: FutureWarning: `torch.cuda.amp.autocast(args...)` is deprecated. Please use `torch.amp.autocast('cuda', args...)` instead.
  with torch.cuda.amp.autocast(amp):
[ WARN:0@127666.736] global grfmt_tiff.cpp:122 TIFF_Warning TIFFReadDirectory: Unknown field with tag 34264 (0x85d8) encountered

    393/399      14.9G    0.03533   0.004554    0.00076     0.0306   0.004073  0.0003821     0.7765   0.006617    0.04003    0.03595     0.6939:  21%|██        | 96/459 00:32
    393/399      14.9G    0.03533   0.004554    0.00076     0.0306   0.004073  0.0003821     0.7765   0.006617    0.04003    0.03595     0.6939:  21%|██        | 97/459 00:32/mnt/dataY/ydf/projects/LADD_public/cclkd_reproduction/yolov5_sanity/code/train_yolov5_cclkd_full.py:505: FutureWarning: `torch.cuda.amp.autocast(args...)` is deprecated. Please use `torch.amp.autocast('cuda', args...)` instead.
  with torch.cuda.amp.autocast(amp):

    393/399      14.9G    0.03527   0.004555  0.0007544    0.03053   0.004076   0.000383     0.7764   0.006603    0.03991    0.03599     0.6939:  21%|██        | 97/459 00:33
    393/399      14.9G    0.03527   0.004555  0.0007544    0.03053   0.004076   0.000383     0.7764   0.006603    0.03991    0.03599     0.6939:  21%|██▏       | 98/459 00:33/mnt/dataY/ydf/projects/LADD_public/cclkd_reproduction/yolov5_sanity/code/train_yolov5_cclkd_full.py:505: FutureWarning: `torch.cuda.amp.autocast(args...)` is deprecated. Please use `torch.amp.autocast('cuda', args...)` instead.
  with torch.cuda.amp.autocast(amp):

    393/399      14.9G    0.03529   0.004552  0.0007508    0.03051   0.004069  0.0003813     0.7763   0.006605    0.03984    0.03591     0.6939:  21%|██▏       | 98/459 00:33
    393/399      14.9G    0.03529   0.004552  0.0007508    0.03051   0.004069  0.0003813     0.7763   0.006605    0.03984    0.03591     0.6939:  22%|██▏       | 99/459 00:33/mnt/dataY/ydf/projects/LADD_public/cclkd_reproduction/yolov5_sanity/code/train_yolov5_cclkd_full.py:505: FutureWarning: `torch.cuda.amp.autocast(args...)` is deprecated. Please use `torch.amp.autocast('cuda', args...)` instead.
  with torch.cuda.amp.autocast(amp):
