[K      10/10      3.45G          0          0          0          0   0.007365  0.0001697   0.001351     0.1532      0.275          0          0          0          0          0          0          0          0          0          0          0          0          0          0   0.001351      2.452       2.45          0          0      3.132     0.4822     0.5313    0.05682     0.5032     0.5076        114        256: 87% ━━━━━━━━━━── 398/459 6.7it/s 1:26<9.1s
[K      10/10      3.45G          0          0          0          0   0.007364  0.0001696   0.001351     0.1532      0.275          0          0          0          0          0          0          0          0          0          0          0          0          0          0   0.001351      2.452       2.45          0          0      3.131     0.4822     0.5313    0.05682     0.5032     0.5076         90        256: 87% ━━━━━━━━━━── 399/459 6.3it/s 1:26<9.5s
[K      10/10      3.45G          0          0          0          0   0.007363  0.0001694    0.00135     0.1532     0.2751          0          0          0          0          0          0          0          0          0          0          0          0          0          0    0.00135      2.452       2.45          0          0       3.13     0.4822     0.5313    0.05682     0.5032     0.5076         97        256: 87% ━━━━━━━━━━── 400/459 6.4it/s 1:26<9.3s[ WARN:0@1297.533] global grfmt_tiff.cpp:122 TIFF_Warning TIFFReadDirectory: Unknown field with tag 34264 (0x85d8) encountered

[K      10/10      3.45G          0          0          0          0   0.007361  0.0001692    0.00135     0.1532      0.275          0          0          0          0          0          0          0          0          0          0          0          0          0          0    0.00135      2.451       2.45          0          0      3.128     0.4822     0.5313    0.05682     0.5033     0.5076         75        256: 87% ━━━━━━━━━━── 401/459 6.1it/s 1:26<9.6s
[K      10/10      3.45G          0          0          0          0    0.00736   0.000169    0.00135     0.1532     0.2751          0          0          0          0          0          0          0          0          0          0          0          0          0          0    0.00135      2.451       2.45          0          0      3.128     0.4822     0.5313    0.05682     0.5033     0.5076         71        256: 88% ━━━━━━━━━━╸─ 402/459 6.1it/s 1:26<9.4s
[K      10/10      3.45G          0          0          0          0   0.007359  0.0001688    0.00135     0.1532      0.275          0          0          0          0          0          0          0          0          0          0          0          0          0          0    0.00135      2.451       2.45          0          0      3.127     0.4823     0.5313    0.05682     0.5033     0.5076         70        256: 88% ━━━━━━━━━━╸─ 403/459 6.0it/s 1:26<9.3s
[K      10/10      3.45G          0          0          0          0   0.007358  0.0001687    0.00135     0.1532      0.275          0          0          0          0          0          0          0          0          0          0          0          0          0          0    0.00135      2.451       2.45          0          0      3.124     0.4823     0.5313    0.05683     0.5034     0.5077        122        256: 88% ━━━━━━━━━━╸─ 404/459 6.2it/s 1:27<8.9s
[K      10/10      3.45G          0          0          0          0   0.007357  0.0001689   0.001349     0.1532      0.275          0          0          0          0          0          0          0          0          0          0          0          0          0          0   0.001349      2.451       2.45          0          0      3.129     0.4822     0.5313    0.05683     0.5033     0.5077         63        256: 88% ━━━━━━━━━━╸─ 405/459 5.9it/s 1:27<9.1s
[K      10/10      3.45G          0          0          0          0   0.007357  0.0001688    0.00135     0.1532     0.2751          0          0          0          0          0          0          0          0          0          0          0          0          0          0    0.00135      2.451       2.45          0          0      3.128     0.4822     0.5313    0.05683     0.5033     0.5076         56        256: 88% ━━━━━━━━━━╸─ 406/459 5.9it/s 1:27<8.9s
[K      10/10      3.45G          0          0          0          0   0.007357  0.0001687    0.00135     0.1532      0.275          0          0          0          0          0          0          0          0          0          0          0          0          0          0    0.00135      2.451       2.45          0          0      3.127     0.4822     0.5313    0.05683     0.5034     0.5076        119        256: 89% ━━━━━━━━━━╸─ 407/459 5.7it/s 1:27<9.1s
[K      10/10      3.45G          0          0          0          0   0.007355  0.0001684    0.00135     0.1532      0.275          0          0          0          0          0          0          0          0          0          0          0          0          0          0    0.00135      2.451       2.45          0          0      3.124     0.4822     0.5313    0.05683     0.5035     0.5077         98        256: 89% ━━━━━━━━━━╸─ 408/459 5.9it/s 1:27<8.7s
[K      10/10      3.45G          0          0          0          0   0.007355  0.0001685   0.001349     0.1532      0.275          0          0          0          0          0          0          0          0          0          0          0          0          0          0   0.001349      2.451       2.45          0          0      3.123     0.4822     0.5313    0.05683     0.5035     0.5077         47        256: 89% ━━━━━━━━━━╸─ 409/459 5.7it/s 1:28<8.8s
[K      10/10      3.45G          0          0          0          0   0.007354  0.0001684   0.001349     0.1532     0.2748          0          0          0          0          0          0          0          0          0          0          0          0          0          0   0.001349      2.451       2.45          0          0      3.121     0.4822     0.5313    0.05683     0.5036     0.5077         43        256: 89% ━━━━━━━━━━╸─ 410/459 5.8it/s 1:28<8.5s
[K      10/10      3.45G          0          0          0          0   0.007353  0.0001683   0.001348     0.1532     0.2748          0          0          0          0          0          0          0          0          0          0          0          0          0          0   0.001348      2.451       2.45          0          0      3.122     0.4822     0.5313    0.05683     0.5035     0.5077        105        256: 90% ━━━━━━━━━━╸─ 411/459 5.6it/s 1:28<8.6s
[K      10/10      3.45G          0          0          0          0   0.007352  0.0001683   0.001348     0.1532     0.2748          0          0          0          0          0          0          0          0          0          0          0          0          0          0   0.001348      2.451       2.45          0          0      3.121     0.4822     0.5313    0.05684     0.5035     0.5077         54        256: 90% ━━━━━━━━━━╸─ 412/459 5.8it/s 1:28<8.1s[ WARN:0@1299.537] global grfmt_tiff.cpp:122 TIFF_Warning TIFFReadDirectory: Unknown field with tag 34264 (0x85d8) encountered

[K      10/10      3.45G          0          0          0          0   0.007351  0.0001681   0.001347     0.1532     0.2748          0          0          0          0          0          0          0          0          0          0          0          0          0          0   0.001347      2.451      2.449          0          0      3.122     0.4822     0.5313    0.05684     0.5036     0.5077         83        256: 90% ━━━━━━━━━━╸─ 413/459 5.6it/s 1:28<8.2s
[K      10/10      3.45G          0          0          0          0   0.007351  0.0001678   0.001347     0.1532     0.2747          0          0          0          0          0          0          0          0          0          0          0          0          0          0   0.001347      2.451      2.449          0          0      3.123     0.4822     0.5313    0.05684     0.5036     0.5077         53        256: 90% ━━━━━━━━━━╸─ 414/459 5.9it/s 1:28<7.7s[ WARN:0@1299.835] global grfmt_tiff.cpp:122 TIFF_Warning TIFFReadDirectory: Unknown field with tag 34264 (0x85d8) encountered

[K      10/10      3.45G          0          0          0          0    0.00735  0.0001677   0.001346     0.1532     0.2747          0          0          0          0          0          0          0          0          0          0          0          0          0          0   0.001346      2.451      2.449          0          0      3.121     0.4822     0.5313    0.05684     0.5036     0.5077         67        256: 90% ━━━━━━━━━━╸─ 415/459 5.7it/s 1:29<7.8s
[K      10/10      3.45G          0          0          0          0   0.007349  0.0001675   0.001345     0.1532     0.2746          0          0          0          0          0          0          0          0          0          0          0          0          0          0   0.001345      2.451      2.449          0          0      3.121     0.4822     0.5313    0.05684     0.5037     0.5077         65        256: 91% ━━━━━━━━━━╸─ 416/459 6.0it/s 1:29<7.1s
[K      10/10      3.45G          0          0          0          0   0.007348  0.0001679   0.001344     0.1532     0.2747          0          0          0          0          0          0          0          0          0          0          0          0          0          0   0.001344      2.451      2.449          0          0      3.119     0.4822     0.5313    0.05685     0.5037     0.5077         70        256: 91% ━━━━━━━━━━╸─ 417/459 5.8it/s 1:29<7.2s
[K      10/10      3.45G          0          0          0          0   0.007347  0.0001681   0.001344     0.1532     0.2746          0          0          0          0          0          0          0          0          0          0          0          0          0          0   0.001344      2.451      2.449          0          0      3.119     0.4823     0.5313    0.05685     0.5036     0.5077         62        256: 91% ━━━━━━━━━━╸─ 418/459 6.0it/s 1:29<6.8s
[K      10/10      3.45G          0          0          0          0   0.007346   0.000168   0.001343     0.1532     0.2747          0          0          0          0          0          0          0          0          0          0          0          0          0          0   0.001343       2.45      2.449          0          0      3.122     0.4822     0.5313    0.05685     0.5036     0.5077         46        256: 91% ━━━━━━━━━━╸─ 419/459 5.8it/s 1:29<6.9s
[K      10/10      3.45G          0          0          0          0   0.007345  0.0001678   0.001342     0.1532     0.2747          0          0          0          0          0          0          0          0          0          0          0          0          0          0   0.001342       2.45      2.449          0          0       3.12     0.4823     0.5313    0.05686     0.5037     0.5077         52        256: 92% ━━━━━━━━━━╸─ 420/459 5.9it/s 1:29<6.6s
[K      10/10      3.45G          0          0          0          0   0.007344  0.0001676   0.001342     0.1532     0.2748          0          0          0          0          0          0          0          0          0          0          0          0          0          0   0.001342       2.45      2.449          0          0       3.12     0.4823     0.5313    0.05686     0.5037     0.5077        110        256: 92% ━━━━━━━━━━━─ 421/459 5.6it/s 1:30<6.8s
[K      10/10      3.45G          0          0          0          0   0.007343  0.0001673   0.001341     0.1532     0.2748          0          0          0          0          0          0          0          0          0          0          0          0          0          0   0.001341       2.45      2.449          0          0      3.121     0.4823     0.5313    0.05686     0.5036     0.5077        120        256: 92% ━━━━━━━━━━━─ 422/459 5.8it/s 1:30<6.4s
[K      10/10      3.45G          0          0          0          0   0.007342  0.0001674    0.00134     0.1532     0.2748          0          0          0          0          0          0          0          0          0          0          0          0          0          0    0.00134       2.45      2.449          0          0      3.123     0.4823     0.5313    0.05687     0.5035     0.5077         70        256: 92% ━━━━━━━━━━━─ 423/459 5.7it/s 1:30<6.4s
[K      10/10      3.45G          0          0          0          0   0.007341  0.0001673    0.00134     0.1532     0.2747          0          0          0          0          0          0          0          0          0          0          0          0          0          0    0.00134       2.45      2.449          0          0       3.12     0.4823     0.5313    0.05687     0.5036     0.5077         62        256: 92% ━━━━━━━━━━━─ 424/459 5.7it/s 1:30<6.1s
[K      10/10      3.45G          0          0          0          0    0.00734  0.0001671    0.00134     0.1532     0.2747          0          0          0          0          0          0          0          0          0          0          0          0          0          0    0.00134       2.45      2.449          0          0      3.117     0.4823     0.5313    0.05687     0.5037     0.5077         71        256: 93% ━━━━━━━━━━━─ 425/459 5.6it/s 1:30<6.1s
[K      10/10      3.45G          0          0          0          0    0.00734  0.0001673   0.001341     0.1532     0.2746          0          0          0          0          0          0          0          0          0          0          0          0          0          0   0.001341       2.45      2.449          0          0      3.114     0.4823     0.5313    0.05688     0.5038     0.5077         74        256: 93% ━━━━━━━━━━━─ 426/459 5.8it/s 1:30<5.7s
[K      10/10      3.45G          0          0          0          0   0.007339  0.0001671   0.001341     0.1532     0.2747          0          0          0          0          0          0          0          0          0          0          0          0          0          0   0.001341       2.45      2.449          0          0      3.113     0.4823     0.5313    0.05688     0.5039     0.5078        120        256: 93% ━━━━━━━━━━━─ 427/459 5.6it/s 1:31<5.7s
[K      10/10      3.45G          0          0          0          0   0.007338   0.000167    0.00134     0.1532     0.2747          0          0          0          0          0          0          0          0          0          0          0          0          0          0    0.00134       2.45      2.449          0          0      3.113     0.4823     0.5313    0.05688     0.5039     0.5078         61        256: 93% ━━━━━━━━━━━─ 428/459 5.7it/s 1:31<5.5s
[K      10/10      3.45G          0          0          0          0   0.007337   0.000167    0.00134     0.1532     0.2748          0          0          0          0          0          0          0          0          0          0          0          0          0          0    0.00134       2.45      2.449          0          0      3.114     0.4823     0.5313    0.05688     0.5038     0.5078         94        256: 93% ━━━━━━━━━━━─ 429/459 5.6it/s 1:31<5.4s
[K      10/10      3.45G          0          0          0          0   0.007336  0.0001667    0.00134     0.1532     0.2748          0          0          0          0          0          0          0          0          0          0          0          0          0          0    0.00134       2.45      2.449          0          0      3.113     0.4823     0.5313    0.05689     0.5039     0.5078        117        256: 94% ━━━━━━━━━━━─ 430/459 5.7it/s 1:31<5.0s
[K      10/10      3.45G          0          0          0          0   0.007335  0.0001666   0.001339     0.1532     0.2748          0          0          0          0          0          0          0          0          0          0          0          0          0          0   0.001339       2.45      2.449          0          0      3.114     0.4823     0.5313    0.05689     0.5038     0.5078         56        256: 94% ━━━━━━━━━━━─ 431/459 5.6it/s 1:31<5.0s
[K      10/10      3.45G          0          0          0          0   0.007334  0.0001667    0.00134     0.1532     0.2751          0          0          0          0          0          0          0          0          0          0          0          0          0          0    0.00134       2.45      2.448          0          0      3.116     0.4823     0.5313    0.05689     0.5038     0.5078         57        256: 94% ━━━━━━━━━━━─ 432/459 5.8it/s 1:32<4.7s
[K      10/10      3.45G          0          0          0          0   0.007333  0.0001664    0.00134     0.1532     0.2751          0          0          0          0          0          0          0          0          0          0          0          0          0          0    0.00134       2.45      2.448          0          0      3.115     0.4823     0.5313     0.0569     0.5038     0.5078         69        256: 94% ━━━━━━━━━━━─ 433/459 5.6it/s 1:32<4.6s
[K      10/10      3.45G          0          0          0          0   0.007333  0.0001666    0.00134     0.1532      0.275          0          0          0          0          0          0          0          0          0          0          0          0          0          0    0.00134       2.45      2.448          0          0      3.112     0.4822     0.5313     0.0569     0.5039     0.5078         50        256: 95% ━━━━━━━━━━━─ 434/459 5.9it/s 1:32<4.2s
[K      10/10      3.45G          0          0          0          0   0.007332  0.0001667   0.001339     0.1532      0.275          0          0          0          0          0          0          0          0          0          0          0          0          0          0   0.001339       2.45      2.448          0          0      3.109     0.4822     0.5313     0.0569     0.5039     0.5078         79        256: 95% ━━━━━━━━━━━─ 435/459 5.8it/s 1:32<4.1s
[K      10/10      3.45G          0          0          0          0   0.007331  0.0001664   0.001339     0.1532      0.275          0          0          0          0          0          0          0          0          0          0          0          0          0          0   0.001339       2.45      2.448          0          0      3.108     0.4822     0.5313     0.0569      0.504     0.5078        131        256: 95% ━━━━━━━━━━━─ 436/459 5.9it/s 1:32<3.9s
[K      10/10      3.45G          0          0          0          0    0.00733  0.0001662   0.001338     0.1532     0.2749          0          0          0          0          0          0          0          0          0          0          0          0          0          0   0.001338       2.45      2.448          0          0       3.11     0.4822     0.5313    0.05691      0.504     0.5078         61        256: 95% ━━━━━━━━━━━─ 437/459 5.8it/s 1:32<3.8s[ WARN:0@1303.903] global grfmt_tiff.cpp:122 TIFF_Warning TIFFReadDirectory: Unknown field with tag 34264 (0x85d8) encountered

[K      10/10      3.45G          0          0          0          0    0.00733   0.000166   0.001338     0.1532     0.2749          0          0          0          0          0          0          0          0          0          0          0          0          0          0   0.001338       2.45      2.448          0          0      3.108     0.4822     0.5313    0.05691     0.5041     0.5078        130        256: 95% ━━━━━━━━━━━─ 438/459 6.2it/s 1:33<3.4s[ WARN:0@1304.035] global grfmt_tiff.cpp:122 TIFF_Warning TIFFReadDirectory: Unknown field with tag 34264 (0x85d8) encountered

[K      10/10      3.45G          0          0          0          0   0.007329   0.000166   0.001337     0.1532     0.2749          0          0          0          0          0          0          0          0          0          0          0          0          0          0   0.001337       2.45      2.448          0          0      3.109     0.4822     0.5313    0.05691      0.504     0.5078         53        256: 96% ━━━━━━━━━━━─ 439/459 5.9it/s 1:33<3.4s
[K      10/10      3.45G          0          0          0          0   0.007328  0.0001657   0.001337     0.1532     0.2749          0          0          0          0          0          0          0          0          0          0          0          0          0          0   0.001337      2.449      2.448          0          0      3.109     0.4822     0.5313    0.05691      0.504     0.5078         78        256: 96% ━━━━━━━━━━━╸ 440/459 6.1it/s 1:33<3.1s
[K      10/10      3.45G          0          0          0          0   0.007327  0.0001657   0.001337     0.1532     0.2749          0          0          0          0          0          0          0          0          0          0          0          0          0          0   0.001337      2.449      2.448          0          0      3.106     0.4822     0.5313    0.05691     0.5041     0.5078         86        256: 96% ━━━━━━━━━━━╸ 441/459 5.8it/s 1:33<3.1s
[K      10/10      3.45G          0          0          0          0   0.007326   0.000166   0.001336     0.1532      0.275          0          0          0          0          0          0          0          0          0          0          0          0          0          0   0.001336      2.449      2.448          0          0      3.106     0.4822     0.5313    0.05691     0.5041     0.5078         53        256: 96% ━━━━━━━━━━━╸ 442/459 6.2it/s 1:33<2.7s
[K      10/10      3.45G          0          0          0          0   0.007325  0.0001658   0.001336     0.1532      0.275          0          0          0          0          0          0          0          0          0          0          0          0          0          0   0.001336      2.449      2.448          0          0      3.105     0.4822     0.5313    0.05692     0.5042     0.5078         81        256: 97% ━━━━━━━━━━━╸ 443/459 5.9it/s 1:33<2.7s
[K      10/10      3.45G          0          0          0          0   0.007324  0.0001657   0.001336     0.1532      0.275          0          0          0          0          0          0          0          0          0          0          0          0          0          0   0.001336      2.449      2.448          0          0      3.107     0.4822     0.5313    0.05692     0.5041     0.5078         72        256: 97% ━━━━━━━━━━━╸ 444/459 6.0it/s 1:34<2.5s
[K      10/10      3.45G          0          0          0          0   0.007323  0.0001656   0.001335     0.1532      0.275          0          0          0          0          0          0          0          0          0          0          0          0          0          0   0.001335      2.449      2.448          0          0      3.107     0.4822     0.5313    0.05692      0.504     0.5078         74        256: 97% ━━━━━━━━━━━╸ 445/459 5.8it/s 1:34<2.4s
[K      10/10      3.45G          0          0          0          0   0.007323  0.0001654   0.001335     0.1532      0.275          0          0          0          0          0          0          0          0          0          0          0          0          0          0   0.001335      2.449      2.448          0          0      3.106     0.4822     0.5313    0.05692      0.504     0.5078         73        256: 97% ━━━━━━━━━━━╸ 446/459 5.9it/s 1:34<2.2s
[K      10/10      3.45G          0          0          0          0   0.007322  0.0001655   0.001336     0.1532      0.275          0          0          0          0          0          0          0          0          0          0          0          0          0          0   0.001336      2.449      2.448          0          0      3.103     0.4822     0.5313    0.05693     0.5041     0.5078         61        256: 97% ━━━━━━━━━━━╸ 447/459 5.7it/s 1:34<2.1s
[K      10/10      3.45G          0          0          0          0   0.007322  0.0001653   0.001335     0.1532     0.2749          0          0          0          0          0          0          0          0          0          0          0          0          0          0   0.001335      2.449      2.448          0          0      3.102     0.4822     0.5313    0.05693     0.5042     0.5078         72        256: 98% ━━━━━━━━━━━╸ 448/459 5.8it/s 1:34<1.9s
[K      10/10      3.45G          0          0          0          0   0.007321  0.0001654   0.001335     0.1532     0.2749          0          0          0          0          0          0          0          0          0          0          0          0          0          0   0.001335      2.449      2.447          0          0      3.101     0.4822     0.5313    0.05694     0.5042     0.5078         77        256: 98% ━━━━━━━━━━━╸ 449/459 5.7it/s 1:34<1.8s
[K      10/10      3.45G          0          0          0          0   0.007319  0.0001653   0.001335     0.1532     0.2749          0          0          0          0          0          0          0          0          0          0          0          0          0          0   0.001335      2.449      2.447          0          0      3.099     0.4821     0.5313    0.05694     0.5042     0.5078         86        256: 98% ━━━━━━━━━━━╸ 450/459 6.0it/s 1:35<1.5s
[K      10/10      3.45G          0          0          0          0   0.007318  0.0001651   0.001334     0.1532     0.2749          0          0          0          0          0          0          0          0          0          0          0          0          0          0   0.001334      2.449      2.447          0          0      3.102     0.4821     0.5313    0.05694     0.5042     0.5078         68        256: 98% ━━━━━━━━━━━╸ 451/459 4.8it/s 1:35<1.7s
[K      10/10      3.45G          0          0          0          0   0.007317  0.0001652   0.001334     0.1532     0.2749          0          0          0          0          0          0          0          0          0          0          0          0          0          0   0.001334      2.449      2.447          0          0      3.103     0.4821     0.5313    0.05694     0.5042     0.5078         66        256: 98% ━━━━━━━━━━━╸ 452/459 5.3it/s 1:35<1.3s
[K      10/10      3.45G          0          0          0          0   0.007317  0.0001655   0.001333     0.1532     0.2749          0          0          0          0          0          0          0          0          0          0          0          0          0          0   0.001333      2.448      2.447          0          0      3.103     0.4821     0.5312    0.05694     0.5042     0.5078         57        256: 99% ━━━━━━━━━━━╸ 453/459 5.2it/s 1:36<1.1s
[K      10/10      3.45G          0          0          0          0   0.007316  0.0001653   0.001333     0.1532     0.2749          0          0          0          0          0          0          0          0          0          0          0          0          0          0   0.001333      2.448      2.447          0          0      3.105     0.4821     0.5312    0.05695     0.5041     0.5078         68        256: 99% ━━━━━━━━━━━╸ 454/459 5.6it/s 1:36<0.9s
[K      10/10      3.45G          0          0          0          0   0.007314  0.0001652   0.001332     0.1532     0.2749          0          0          0          0          0          0          0          0          0          0          0          0          0          0   0.001332      2.448      2.447          0          0      3.106     0.4821     0.5312    0.05694     0.5041     0.5079         60        256: 99% ━━━━━━━━━━━╸ 455/459 5.5it/s 1:36<0.7s
[K      10/10      3.45G          0          0          0          0   0.007313  0.0001653   0.001332     0.1532     0.2748          0          0          0          0          0          0          0          0          0          0          0          0          0          0   0.001332      2.448      2.447          0          0      3.106      0.482     0.5312    0.05695     0.5041     0.5078         67        256: 99% ━━━━━━━━━━━╸ 456/459 5.6it/s 1:36<0.5s
[K      10/10      3.45G          0          0          0          0   0.007312  0.0001652   0.001333     0.1532     0.2749          0          0          0          0          0          0          0          0          0          0          0          0          0          0   0.001333      2.448      2.447          0          0      3.105      0.482     0.5312    0.05695     0.5041     0.5078         77        256: 100% ━━━━━━━━━━━╸ 457/459 5.4it/s 1:36<0.4s
[K      10/10      3.45G          0          0          0          0   0.007311  0.0001679   0.001332     0.1532     0.2748          0          0          0          0          0          0          0          0          0          0          0          0          0          0   0.001332      2.448      2.447          0          0      3.102      0.482     0.5312    0.05695     0.5042     0.5079         18        256: 100% ━━━━━━━━━━━╸ 458/459 5.9it/s 1:36<0.2s
[K      10/10      3.45G          0          0          0          0   0.007311  0.0001679   0.001332     0.1532     0.2748          0          0          0          0          0          0          0          0          0          0          0          0          0          0   0.001332      2.448      2.447          0          0      3.102      0.482     0.5312    0.05695     0.5042     0.5079         18        256: 100% ━━━━━━━━━━━━ 459/459 4.8it/s 1:36

[K                 Class     Images  Instances      Box(P          R      mAP50  mAP50-95): 2% ──────────── 1/58 1.9s/it 0.6s<1:49
[K                 Class     Images  Instances      Box(P          R      mAP50  mAP50-95): 3% ──────────── 2/58 1.1s/it 1.1s<1:01
[K                 Class     Images  Instances      Box(P          R      mAP50  mAP50-95): 5% ╸─────────── 3/58 1.1it/s 1.7s<48.6s
[K                 Class     Images  Instances      Box(P          R      mAP50  mAP50-95): 7% ╸─────────── 4/58 1.3it/s 2.3s<40.6s
[K                 Class     Images  Instances      Box(P          R      mAP50  mAP50-95): 9% ━─────────── 5/58 1.5it/s 2.8s<36.1s
[K                 Class     Images  Instances      Box(P          R      mAP50  mAP50-95): 10% ━─────────── 6/58 1.6it/s 3.4s<33.0s
[K                 Class     Images  Instances      Box(P          R      mAP50  mAP50-95): 12% ━─────────── 7/58 1.6it/s 4.0s<32.0s
[K                 Class     Images  Instances      Box(P          R      mAP50  mAP50-95): 14% ━╸────────── 8/58 1.6it/s 4.6s<30.4s
[K                 Class     Images  Instances      Box(P          R      mAP50  mAP50-95): 16% ━╸────────── 9/58 1.7it/s 5.2s<29.3s
[K                 Class     Images  Instances      Box(P          R      mAP50  mAP50-95): 17% ━━────────── 10/58 1.7it/s 5.7s<28.5s
[K                 Class     Images  Instances      Box(P          R      mAP50  mAP50-95): 19% ━━────────── 11/58 1.7it/s 6.3s<27.2s
[K                 Class     Images  Instances      Box(P          R      mAP50  mAP50-95): 21% ━━────────── 12/58 1.7it/s 6.8s<26.5s
[K                 Class     Images  Instances      Box(P          R      mAP50  mAP50-95): 22% ━━╸───────── 13/58 1.7it/s 7.4s<26.2s
[K                 Class     Images  Instances      Box(P          R      mAP50  mAP50-95): 24% ━━╸───────── 14/58 1.8it/s 8.0s<25.1s
[K                 Class     Images  Instances      Box(P          R      mAP50  mAP50-95): 26% ━━━───────── 15/58 1.7it/s 8.6s<24.6s
[K                 Class     Images  Instances      Box(P          R      mAP50  mAP50-95): 28% ━━━───────── 16/58 1.7it/s 9.2s<24.3s
[K                 Class     Images  Instances      Box(P          R      mAP50  mAP50-95): 29% ━━━╸──────── 17/58 1.7it/s 9.7s<23.7s
[K                 Class     Images  Instances      Box(P          R      mAP50  mAP50-95): 31% ━━━╸──────── 18/58 1.7it/s 10.3s<23.4s
[K                 Class     Images  Instances      Box(P          R      mAP50  mAP50-95): 33% ━━━╸──────── 19/58 1.7it/s 10.9s<22.5s
[K                 Class     Images  Instances      Box(P          R      mAP50  mAP50-95): 34% ━━━━──────── 20/58 1.7it/s 11.5s<21.8s
[K                 Class     Images  Instances      Box(P          R      mAP50  mAP50-95): 36% ━━━━──────── 21/58 1.7it/s 12.1s<21.7s
[K                 Class     Images  Instances      Box(P          R      mAP50  mAP50-95): 38% ━━━━╸─────── 22/58 1.8it/s 12.6s<19.7s
[K                 Class     Images  Instances      Box(P          R      mAP50  mAP50-95): 40% ━━━━╸─────── 23/58 2.3it/s 12.8s<15.0s
[K                 Class     Images  Instances      Box(P          R      mAP50  mAP50-95): 41% ━━━━╸─────── 24/58 2.8it/s 13.1s<12.3s
[K                 Class     Images  Instances      Box(P          R      mAP50  mAP50-95): 43% ━━━━━─────── 25/58 3.0it/s 13.4s<11.1s
[K                 Class     Images  Instances      Box(P          R      mAP50  mAP50-95): 45% ━━━━━─────── 26/58 3.1it/s 13.7s<10.3s
[K                 Class     Images  Instances      Box(P          R      mAP50  mAP50-95): 47% ━━━━━╸────── 27/58 2.5it/s 14.5s<12.2s
[K                 Class     Images  Instances      Box(P          R      mAP50  mAP50-95): 48% ━━━━━╸────── 28/58 2.1it/s 15.6s<14.6s
[K                 Class     Images  Instances      Box(P          R      mAP50  mAP50-95): 50% ━━━━━━────── 29/58 1.7it/s 16.6s<16.8s
[K                 Class     Images  Instances      Box(P          R      mAP50  mAP50-95): 52% ━━━━━━────── 30/58 1.5it/s 17.7s<18.9s
[K                 Class     Images  Instances      Box(P          R      mAP50  mAP50-95): 53% ━━━━━━────── 31/58 1.3it/s 18.8s<20.4s
[K                 Class     Images  Instances      Box(P          R      mAP50  mAP50-95): 55% ━━━━━━╸───── 32/58 1.2it/s 19.7s<21.1s
[K                 Class     Images  Instances      Box(P          R      mAP50  mAP50-95): 57% ━━━━━━╸───── 33/58 1.2it/s 20.8s<21.7s
[K                 Class     Images  Instances      Box(P          R      mAP50  mAP50-95): 59% ━━━━━━━───── 34/58 1.1it/s 21.9s<22.1s
[K                 Class     Images  Instances      Box(P          R      mAP50  mAP50-95): 60% ━━━━━━━───── 35/58 1.1it/s 22.9s<21.8s
[K                 Class     Images  Instances      Box(P          R      mAP50  mAP50-95): 62% ━━━━━━━───── 36/58 1.0it/s 23.9s<21.1s
[K                 Class     Images  Instances      Box(P          R      mAP50  mAP50-95): 64% ━━━━━━━╸──── 37/58 1.0it/s 24.9s<20.8s
[K                 Class     Images  Instances      Box(P          R      mAP50  mAP50-95): 66% ━━━━━━━╸──── 38/58 1.0it/s 25.9s<19.6s
[K                 Class     Images  Instances      Box(P          R      mAP50  mAP50-95): 67% ━━━━━━━━──── 39/58 1.0s/it 27.0s<19.2s
[K                 Class     Images  Instances      Box(P          R      mAP50  mAP50-95): 69% ━━━━━━━━──── 40/58 1.0s/it 28.1s<18.6s
[K                 Class     Images  Instances      Box(P          R      mAP50  mAP50-95): 71% ━━━━━━━━──── 41/58 1.0s/it 29.0s<17.2s
[K                 Class     Images  Instances      Box(P          R      mAP50  mAP50-95): 72% ━━━━━━━━╸─── 42/58 1.0s/it 30.0s<16.1s
[K                 Class     Images  Instances      Box(P          R      mAP50  mAP50-95): 74% ━━━━━━━━╸─── 43/58 1.0s/it 31.2s<15.6s
[K                 Class     Images  Instances      Box(P          R      mAP50  mAP50-95): 76% ━━━━━━━━━─── 44/58 1.1s/it 32.2s<14.8s
[K                 Class     Images  Instances      Box(P          R      mAP50  mAP50-95): 78% ━━━━━━━━━─── 45/58 1.0s/it 33.2s<13.3s
[K                 Class     Images  Instances      Box(P          R      mAP50  mAP50-95): 79% ━━━━━━━━━╸── 46/58 1.0s/it 34.3s<12.5s
[K                 Class     Images  Instances      Box(P          R      mAP50  mAP50-95): 81% ━━━━━━━━━╸── 47/58 1.1s/it 35.4s<11.6s
[K                 Class     Images  Instances      Box(P          R      mAP50  mAP50-95): 83% ━━━━━━━━━╸── 48/58 1.1s/it 36.4s<10.6s
[K                 Class     Images  Instances      Box(P          R      mAP50  mAP50-95): 84% ━━━━━━━━━━── 49/58 1.0s/it 37.4s<9.2s
[K                 Class     Images  Instances      Box(P          R      mAP50  mAP50-95): 86% ━━━━━━━━━━── 50/58 1.0it/s 38.3s<8.0s
[K                 Class     Images  Instances      Box(P          R      mAP50  mAP50-95): 88% ━━━━━━━━━━╸─ 51/58 1.0s/it 39.4s<7.2s
[K                 Class     Images  Instances      Box(P          R      mAP50  mAP50-95): 90% ━━━━━━━━━━╸─ 52/58 1.0s/it 40.5s<6.2s
[K                 Class     Images  Instances      Box(P          R      mAP50  mAP50-95): 91% ━━━━━━━━━━╸─ 53/58 1.0s/it 41.6s<5.2s
[K                 Class     Images  Instances      Box(P          R      mAP50  mAP50-95): 93% ━━━━━━━━━━━─ 54/58 1.0s/it 42.6s<4.2s
[K                 Class     Images  Instances      Box(P          R      mAP50  mAP50-95): 95% ━━━━━━━━━━━─ 55/58 1.0s/it 43.6s<3.1s
[K                 Class     Images  Instances      Box(P          R      mAP50  mAP50-95): 97% ━━━━━━━━━━━╸ 56/58 1.0s/it 44.7s<2.1s
[K                 Class     Images  Instances      Box(P          R      mAP50  mAP50-95): 98% ━━━━━━━━━━━╸ 57/58 1.1s/it 45.8s<1.1s
[K                 Class     Images  Instances      Box(P          R      mAP50  mAP50-95): 100% ━━━━━━━━━━━━ 58/58 1.3it/s 46.2s
                   all       3667       9614      0.942      0.903      0.935      0.655

10 epochs completed in 0.371 hours.
Optimizer stripped from /root/autodl-tmp/LADD_public/runs_public/ogsod/hbb/formal_nomosaic_20260528/ladd/yolo11m/cap2/ladd_hbb_ogsod11m_formal_nomosaic_yolo11m_cap2_s0_fix_m_s0_a2lr3e4_short4_freezeBN_b1_autodl_retry1_a1_e10_b32_s0_gpu0/weights/last.pt, 90.3MB
Optimizer stripped from /root/autodl-tmp/LADD_public/runs_public/ogsod/hbb/formal_nomosaic_20260528/ladd/yolo11m/cap2/ladd_hbb_ogsod11m_formal_nomosaic_yolo11m_cap2_s0_fix_m_s0_a2lr3e4_short4_freezeBN_b1_autodl_retry1_a1_e10_b32_s0_gpu0/weights/best.pt, 90.3MB

Validating /root/autodl-tmp/LADD_public/runs_public/ogsod/hbb/formal_nomosaic_20260528/ladd/yolo11m/cap2/ladd_hbb_ogsod11m_formal_nomosaic_yolo11m_cap2_s0_fix_m_s0_a2lr3e4_short4_freezeBN_b1_autodl_retry1_a1_e10_b32_s0_gpu0/weights/best.pt...
Ultralytics 8.4.30 🚀 Python-3.12.3 torch-2.7.0+cu128 CUDA:0 (NVIDIA GeForce RTX 4090 D, 24092MiB)
YOLO11m summary: 297 layers, 44,861,288 parameters, 0 gradients, 82.8 GFLOPs

[K                 Class     Images  Instances      Box(P          R      mAP50  mAP50-95): 2% ──────────── 1/58 5.3s/it 1.6s<4:60
[K                 Class     Images  Instances      Box(P          R      mAP50  mAP50-95): 3% ──────────── 2/58 3.2s/it 3.2s<2:57
[K                 Class     Images  Instances      Box(P          R      mAP50  mAP50-95): 5% ╸─────────── 3/58 2.5s/it 4.9s<2:19
[K                 Class     Images  Instances      Box(P          R      mAP50  mAP50-95): 7% ╸─────────── 4/58 2.2s/it 6.6s<1:58
[K                 Class     Images  Instances      Box(P          R      mAP50  mAP50-95): 9% ━─────────── 5/58 1.9s/it 8.1s<1:41
[K                 Class     Images  Instances      Box(P          R      mAP50  mAP50-95): 10% ━─────────── 6/58 1.8s/it 9.6s<1:33
[K                 Class     Images  Instances      Box(P          R      mAP50  mAP50-95): 12% ━─────────── 7/58 1.7s/it 11.3s<1:29
[K                 Class     Images  Instances      Box(P          R      mAP50  mAP50-95): 14% ━╸────────── 8/58 1.7s/it 12.9s<1:25
[K                 Class     Images  Instances      Box(P          R      mAP50  mAP50-95): 16% ━╸────────── 9/58 1.6s/it 14.4s<1:21
[K                 Class     Images  Instances      Box(P          R      mAP50  mAP50-95): 17% ━━────────── 10/58 1.7s/it 16.1s<1:19
[K                 Class     Images  Instances      Box(P          R      mAP50  mAP50-95): 19% ━━────────── 11/58 1.6s/it 17.6s<1:16
[K                 Class     Images  Instances      Box(P          R      mAP50  mAP50-95): 21% ━━────────── 12/58 1.6s/it 19.2s<1:14
[K                 Class     Images  Instances      Box(P          R      mAP50  mAP50-95): 22% ━━╸───────── 13/58 1.6s/it 20.9s<1:13
[K                 Class     Images  Instances      Box(P          R      mAP50  mAP50-95): 24% ━━╸───────── 14/58 1.7s/it 22.6s<1:13
[K                 Class     Images  Instances      Box(P          R      mAP50  mAP50-95): 26% ━━━───────── 15/58 1.4s/it 23.7s<1:02
[K                 Class     Images  Instances      Box(P          R      mAP50  mAP50-95): 28% ━━━───────── 16/58 1.3s/it 24.8s<54.7s
[K                 Class     Images  Instances      Box(P          R      mAP50  mAP50-95): 29% ━━━╸──────── 17/58 1.2s/it 25.8s<49.5s
[K                 Class     Images  Instances      Box(P          R      mAP50  mAP50-95): 31% ━━━╸──────── 18/58 1.2s/it 26.9s<46.3s
[K                 Class     Images  Instances      Box(P          R      mAP50  mAP50-95): 33% ━━━╸──────── 19/58 1.1s/it 28.0s<44.6s
[K                 Class     Images  Instances      Box(P          R      mAP50  mAP50-95): 34% ━━━━──────── 20/58 1.1s/it 29.1s<43.5s
[K                 Class     Images  Instances      Box(P          R      mAP50  mAP50-95): 36% ━━━━──────── 21/58 1.1s/it 30.2s<41.5s
[K                 Class     Images  Instances      Box(P          R      mAP50  mAP50-95): 38% ━━━━╸─────── 22/58 1.1s/it 31.2s<39.1s
[K                 Class     Images  Instances      Box(P          R      mAP50  mAP50-95): 40% ━━━━╸─────── 23/58 1.1s/it 32.3s<37.7s
[K                 Class     Images  Instances      Box(P          R      mAP50  mAP50-95): 41% ━━━━╸─────── 24/58 1.1s/it 33.3s<36.2s
[K                 Class     Images  Instances      Box(P          R      mAP50  mAP50-95): 43% ━━━━━─────── 25/58 1.1s/it 34.4s<35.3s
[K                 Class     Images  Instances      Box(P          R      mAP50  mAP50-95): 45% ━━━━━─────── 26/58 1.1s/it 35.4s<34.0s
[K                 Class     Images  Instances      Box(P          R      mAP50  mAP50-95): 47% ━━━━━╸────── 27/58 1.1s/it 36.5s<33.3s
[K                 Class     Images  Instances      Box(P          R      mAP50  mAP50-95): 48% ━━━━━╸────── 28/58 1.1s/it 37.6s<32.3s
[K                 Class     Images  Instances      Box(P          R      mAP50  mAP50-95): 50% ━━━━━━────── 29/58 1.1s/it 38.8s<31.8s
[K                 Class     Images  Instances      Box(P          R      mAP50  mAP50-95): 52% ━━━━━━────── 30/58 1.1s/it 39.9s<31.0s
[K                 Class     Images  Instances      Box(P          R      mAP50  mAP50-95): 53% ━━━━━━────── 31/58 1.1s/it 41.0s<30.2s
[K                 Class     Images  Instances      Box(P          R      mAP50  mAP50-95): 55% ━━━━━━╸───── 32/58 1.1s/it 42.1s<28.4s
[K                 Class     Images  Instances      Box(P          R      mAP50  mAP50-95): 57% ━━━━━━╸───── 33/58 1.1s/it 43.2s<27.7s
[K                 Class     Images  Instances      Box(P          R      mAP50  mAP50-95): 59% ━━━━━━━───── 34/58 1.1s/it 44.3s<26.7s
[K                 Class     Images  Instances      Box(P          R      mAP50  mAP50-95): 60% ━━━━━━━───── 35/58 1.1s/it 45.4s<25.2s
[K                 Class     Images  Instances      Box(P          R      mAP50  mAP50-95): 62% ━━━━━━━───── 36/58 1.1s/it 46.4s<23.6s
[K                 Class     Images  Instances      Box(P          R      mAP50  mAP50-95): 64% ━━━━━━━╸──── 37/58 1.1s/it 47.5s<22.4s
[K                 Class     Images  Instances      Box(P          R      mAP50  mAP50-95): 66% ━━━━━━━╸──── 38/58 1.1s/it 48.5s<21.3s
[K                 Class     Images  Instances      Box(P          R      mAP50  mAP50-95): 67% ━━━━━━━━──── 39/58 1.1s/it 49.6s<20.0s
[K                 Class     Images  Instances      Box(P          R      mAP50  mAP50-95): 69% ━━━━━━━━──── 40/58 1.1s/it 50.7s<19.4s
[K                 Class     Images  Instances      Box(P          R      mAP50  mAP50-95): 71% ━━━━━━━━──── 41/58 1.1s/it 51.8s<18.1s
[K                 Class     Images  Instances      Box(P          R      mAP50  mAP50-95): 72% ━━━━━━━━╸─── 42/58 1.1s/it 52.8s<17.0s
[K                 Class     Images  Instances      Box(P          R      mAP50  mAP50-95): 74% ━━━━━━━━╸─── 43/58 1.1s/it 53.8s<15.8s
[K                 Class     Images  Instances      Box(P          R      mAP50  mAP50-95): 76% ━━━━━━━━━─── 44/58 1.1s/it 54.9s<14.7s
[K                 Class     Images  Instances      Box(P          R      mAP50  mAP50-95): 78% ━━━━━━━━━─── 45/58 1.1s/it 56.0s<13.7s
[K                 Class     Images  Instances      Box(P          R      mAP50  mAP50-95): 79% ━━━━━━━━━╸── 46/58 1.1s/it 57.0s<12.6s
[K                 Class     Images  Instances      Box(P          R      mAP50  mAP50-95): 81% ━━━━━━━━━╸── 47/58 1.1s/it 58.1s<11.6s
[K                 Class     Images  Instances      Box(P          R      mAP50  mAP50-95): 83% ━━━━━━━━━╸── 48/58 1.1s/it 59.1s<10.6s
[K                 Class     Images  Instances      Box(P          R      mAP50  mAP50-95): 84% ━━━━━━━━━━── 49/58 1.1s/it 1:00<9.5s
[K                 Class     Images  Instances      Box(P          R      mAP50  mAP50-95): 86% ━━━━━━━━━━── 50/58 1.0s/it 1:01<8.4s
[K                 Class     Images  Instances      Box(P          R      mAP50  mAP50-95): 88% ━━━━━━━━━━╸─ 51/58 1.0it/s 1:02<6.9s
[K                 Class     Images  Instances      Box(P          R      mAP50  mAP50-95): 90% ━━━━━━━━━━╸─ 52/58 1.1it/s 1:03<5.6s
[K                 Class     Images  Instances      Box(P          R      mAP50  mAP50-95): 91% ━━━━━━━━━━╸─ 53/58 1.1s/it 1:05<5.4s
[K                 Class     Images  Instances      Box(P          R      mAP50  mAP50-95): 93% ━━━━━━━━━━━─ 54/58 1.2s/it 1:06<4.8s
[K                 Class     Images  Instances      Box(P          R      mAP50  mAP50-95): 95% ━━━━━━━━━━━─ 55/58 1.3s/it 1:08<3.8s
[K                 Class     Images  Instances      Box(P          R      mAP50  mAP50-95): 97% ━━━━━━━━━━━╸ 56/58 1.4s/it 1:09<2.7s
[K                 Class     Images  Instances      Box(P          R      mAP50  mAP50-95): 98% ━━━━━━━━━━━╸ 57/58 1.4s/it 1:11<1.4s
[K                 Class     Images  Instances      Box(P          R      mAP50  mAP50-95): 100% ━━━━━━━━━━━━ 58/58 1.2s/it 1:12
                   all       3667       9614      0.942      0.904      0.935      0.655
                bridge       3315       6389      0.954      0.951      0.974      0.657
                harbor        331        803      0.996      0.997      0.995      0.939
          storage_tank        153       2422      0.877      0.763      0.836       0.37
Speed: 0.1ms preprocess, 0.7ms inference, 0.0ms loss, 3.5ms postprocess per image
Results saved to [1m/root/autodl-tmp/LADD_public/runs_public/ogsod/hbb/formal_nomosaic_20260528/ladd/yolo11m/cap2/ladd_hbb_ogsod11m_formal_nomosaic_yolo11m_cap2_s0_fix_m_s0_a2lr3e4_short4_freezeBN_b1_autodl_retry1_a1_e10_b32_s0_gpu0[0m
