[K        4/4      6.14G     0.6152     0.2996     0.7912          0   0.006988  0.0001304   0.001107     0.1531     0.2617          0          0          0          0          0          0          0          0          0          0          0          0          0          0   0.001107      2.422      2.421          0          0      2.852     0.4747     0.5283    0.05757     0.5054     0.5083         70        256: 86% ━━━━━━━━━━── 395/459 2.2it/s 2:44<28.6s
[K        4/4      6.14G      0.615     0.2995     0.7913          0   0.006988  0.0001304   0.001107     0.1531     0.2616          0          0          0          0          0          0          0          0          0          0          0          0          0          0   0.001107      2.422      2.421          0          0       2.85     0.4747     0.5283    0.05758     0.5054     0.5083         59        256: 86% ━━━━━━━━━━── 396/459 2.1it/s 2:45<30.3s[ WARN:0@865.001] global grfmt_tiff.cpp:122 TIFF_Warning TIFFReadDirectory: Unknown field with tag 34264 (0x85d8) encountered

[K        4/4      6.14G      0.615     0.2995     0.7914          0   0.006987  0.0001304   0.001107     0.1531     0.2616          0          0          0          0          0          0          0          0          0          0          0          0          0          0   0.001107      2.422      2.421          0          0      2.852     0.4747     0.5283    0.05758     0.5053     0.5083         60        256: 86% ━━━━━━━━━━── 397/459 2.2it/s 2:45<27.6s
[K        4/4      6.14G     0.6148     0.2995     0.7913          0   0.006987  0.0001305   0.001106     0.1531     0.2615          0          0          0          0          0          0          0          0          0          0          0          0          0          0   0.001106      2.422      2.421          0          0      2.852     0.4747     0.5283    0.05758     0.5053     0.5083         48        256: 87% ━━━━━━━━━━── 398/459 2.1it/s 2:46<29.6s
[K        4/4      6.14G      0.615     0.2996     0.7913          0   0.006996  0.0001306   0.001106     0.1531     0.2616          0          0          0          0          0          0          0          0          0          0          0          0          0          0   0.001106      2.422      2.421          0          0      2.852     0.4747     0.5283    0.05757     0.5053     0.5083         66        256: 87% ━━━━━━━━━━── 399/459 2.2it/s 2:46<26.8s
[K        4/4      6.14G     0.6151     0.2996     0.7912          0   0.006996   0.000131   0.001107     0.1531     0.2616          0          0          0          0          0          0          0          0          0          0          0          0          0          0   0.001107      2.422      2.421          0          0      2.851     0.4747     0.5283    0.05757     0.5053     0.5083         60        256: 87% ━━━━━━━━━━── 400/459 2.1it/s 2:47<28.5s
[K        4/4      6.14G     0.6151     0.2996     0.7912          0   0.006996  0.0001308   0.001107     0.1531     0.2616          0          0          0          0          0          0          0          0          0          0          0          0          0          0   0.001107      2.422      2.421          0          0       2.85     0.4747     0.5283    0.05758     0.5053     0.5083         71        256: 87% ━━━━━━━━━━── 401/459 2.3it/s 2:47<25.7s
[K        4/4      6.14G     0.6148     0.2996     0.7912          0   0.006996  0.0001306   0.001108     0.1531     0.2617          0          0          0          0          0          0          0          0          0          0          0          0          0          0   0.001108      2.422      2.421          0          0       2.85     0.4747     0.5282    0.05758     0.5052     0.5083         65        256: 88% ━━━━━━━━━━╸─ 402/459 2.1it/s 2:48<27.4s
[K        4/4      6.14G     0.6147     0.2995     0.7912          0   0.006995  0.0001305   0.001108     0.1531     0.2616          0          0          0          0          0          0          0          0          0          0          0          0          0          0   0.001108      2.422      2.421          0          0      2.849     0.4747     0.5282    0.05758     0.5052     0.5083         59        256: 88% ━━━━━━━━━━╸─ 403/459 2.2it/s 2:48<25.0s
[K        4/4      6.14G     0.6147     0.2995     0.7911          0   0.006995  0.0001311   0.001107     0.1531     0.2616          0          0          0          0          0          0          0          0          0          0          0          0          0          0   0.001107      2.422      2.421          0          0      2.851     0.4747     0.5282    0.05758     0.5051     0.5083         43        256: 88% ━━━━━━━━━━╸─ 404/459 2.1it/s 2:49<26.6s
[K        4/4      6.14G     0.6143     0.2995     0.7911          0   0.006994  0.0001311   0.001107     0.1531     0.2615          0          0          0          0          0          0          0          0          0          0          0          0          0          0   0.001107      2.422      2.421          0          0       2.85     0.4746     0.5282    0.05757     0.5051     0.5083         51        256: 88% ━━━━━━━━━━╸─ 405/459 2.3it/s 2:49<23.8s
[K        4/4      6.14G     0.6143     0.2995     0.7912          0   0.006995  0.0001311   0.001106     0.1531     0.2615          0          0          0          0          0          0          0          0          0          0          0          0          0          0   0.001106      2.422      2.421          0          0      2.852     0.4746     0.5282    0.05758      0.505     0.5083         59        256: 88% ━━━━━━━━━━╸─ 406/459 2.1it/s 2:50<25.5s
[K        4/4      6.14G     0.6144     0.2995     0.7912          0   0.006995   0.000131   0.001106     0.1531     0.2615          0          0          0          0          0          0          0          0          0          0          0          0          0          0   0.001106      2.422       2.42          0          0      2.855     0.4746     0.5282    0.05758      0.505     0.5083         87        256: 89% ━━━━━━━━━━╸─ 407/459 2.3it/s 2:50<22.7s
[K        4/4      6.14G     0.6146     0.2996     0.7913          0   0.006994   0.000131   0.001106     0.1531     0.2616          0          0          0          0          0          0          0          0          0          0          0          0          0          0   0.001106      2.422       2.42          0          0      2.854     0.4746     0.5282    0.05757      0.505     0.5083         84        256: 89% ━━━━━━━━━━╸─ 408/459 2.1it/s 2:51<24.3s
[K        4/4      6.14G     0.6151     0.2998     0.7913          0   0.006994  0.0001311   0.001106     0.1531     0.2617          0          0          0          0          0          0          0          0          0          0          0          0          0          0   0.001106      2.422       2.42          0          0      2.853     0.4746     0.5282    0.05757     0.5049     0.5083         97        256: 89% ━━━━━━━━━━╸─ 409/459 2.3it/s 2:51<22.0s
[K        4/4      6.14G     0.6149     0.2998     0.7912          0   0.006994   0.000131   0.001105     0.1531     0.2616          0          0          0          0          0          0          0          0          0          0          0          0          0          0   0.001105      2.421       2.42          0          0      2.853     0.4746     0.5282    0.05757     0.5048     0.5083         67        256: 89% ━━━━━━━━━━╸─ 410/459 2.1it/s 2:52<23.5s
[K        4/4      6.14G     0.6151     0.2999     0.7913          0   0.006994   0.000131   0.001105     0.1531     0.2617          0          0          0          0          0          0          0          0          0          0          0          0          0          0   0.001105      2.422       2.42          0          0      2.852     0.4746     0.5282    0.05757     0.5048     0.5083         70        256: 90% ━━━━━━━━━━╸─ 411/459 2.2it/s 2:52<21.5s
[K        4/4      6.14G      0.615     0.2999     0.7913          0   0.006994  0.0001314   0.001105     0.1531     0.2616          0          0          0          0          0          0          0          0          0          0          0          0          0          0   0.001105      2.421       2.42          0          0      2.851     0.4746     0.5282    0.05757     0.5048     0.5083         47        256: 90% ━━━━━━━━━━╸─ 412/459 2.1it/s 2:53<22.8s
[K        4/4      6.14G     0.6158     0.3001     0.7913          0   0.006994  0.0001315   0.001105     0.1531     0.2617          0          0          0          0          0          0          0          0          0          0          0          0          0          0   0.001105      2.422      2.421          0          0      2.848     0.4747     0.5282    0.05757     0.5048     0.5083        163        256: 90% ━━━━━━━━━━╸─ 413/459 2.2it/s 2:53<20.5s
[K        4/4      6.14G     0.6165     0.3003     0.7913          0   0.006994  0.0001315   0.001104     0.1531     0.2618          0          0          0          0          0          0          0          0          0          0          0          0          0          0   0.001104      2.422       2.42          0          0      2.848     0.4747     0.5282    0.05758     0.5047     0.5083         63        256: 90% ━━━━━━━━━━╸─ 414/459 2.1it/s 2:54<21.5s
[K        4/4      6.14G     0.6163     0.3003     0.7913          0   0.006994  0.0001316   0.001104     0.1531     0.2618          0          0          0          0          0          0          0          0          0          0          0          0          0          0   0.001104      2.422       2.42          0          0      2.848     0.4747     0.5282    0.05758     0.5047     0.5083         68        256: 90% ━━━━━━━━━━╸─ 415/459 2.3it/s 2:54<19.4s
[K        4/4      6.14G      0.617     0.3006     0.7913          0   0.006993  0.0001316   0.001103     0.1531     0.2618          0          0          0          0          0          0          0          0          0          0          0          0          0          0   0.001103      2.421       2.42          0          0      2.852     0.4747     0.5282    0.05758     0.5046     0.5083        113        256: 91% ━━━━━━━━━━╸─ 416/459 2.1it/s 2:55<20.7s
[K        4/4      6.14G     0.6165     0.3005     0.7913          0   0.006993  0.0001317   0.001104     0.1531     0.2619          0          0          0          0          0          0          0          0          0          0          0          0          0          0   0.001104      2.421       2.42          0          0       2.85     0.4747     0.5282    0.05758     0.5046     0.5083         58        256: 91% ━━━━━━━━━━╸─ 417/459 2.2it/s 2:55<18.7s
[K        4/4      6.14G     0.6162     0.3004     0.7912          0   0.006993  0.0001316   0.001105     0.1531     0.2619          0          0          0          0          0          0          0          0          0          0          0          0          0          0   0.001105      2.422       2.42          0          0      2.849     0.4747     0.5282    0.05758     0.5046     0.5083         57        256: 91% ━━━━━━━━━━╸─ 418/459 2.1it/s 2:56<19.8s
[K        4/4      6.14G     0.6159     0.3003     0.7913          0   0.006993  0.0001315   0.001105     0.1531     0.2619          0          0          0          0          0          0          0          0          0          0          0          0          0          0   0.001105      2.422       2.42          0          0      2.848     0.4747     0.5282    0.05758     0.5047     0.5083         70        256: 91% ━━━━━━━━━━╸─ 419/459 2.2it/s 2:56<17.8s
[K        4/4      6.14G     0.6158     0.3003     0.7914          0   0.006993  0.0001318   0.001105     0.1531     0.2619          0          0          0          0          0          0          0          0          0          0          0          0          0          0   0.001105      2.422       2.42          0          0      2.848     0.4747     0.5282    0.05758     0.5046     0.5083         50        256: 92% ━━━━━━━━━━╸─ 420/459 2.1it/s 2:57<18.9s
[K        4/4      6.14G     0.6159     0.3003     0.7913          0   0.006992  0.0001319   0.001104     0.1531     0.2619          0          0          0          0          0          0          0          0          0          0          0          0          0          0   0.001104      2.421       2.42          0          0       2.85     0.4747     0.5282    0.05758     0.5045     0.5083         56        256: 92% ━━━━━━━━━━━─ 421/459 2.3it/s 2:57<16.8s
[K        4/4      6.14G     0.6159     0.3003     0.7913          0   0.006992  0.0001318   0.001104     0.1531     0.2619          0          0          0          0          0          0          0          0          0          0          0          0          0          0   0.001104      2.421       2.42          0          0      2.849     0.4747     0.5282    0.05758     0.5044     0.5083         90        256: 92% ━━━━━━━━━━━─ 422/459 2.1it/s 2:58<17.8s
[K        4/4      6.14G     0.6157     0.3003     0.7914          0   0.006992  0.0001316   0.001104     0.1531     0.2618          0          0          0          0          0          0          0          0          0          0          0          0          0          0   0.001104      2.421       2.42          0          0       2.85     0.4747     0.5282    0.05758     0.5044     0.5083         65        256: 92% ━━━━━━━━━━━─ 423/459 2.2it/s 2:58<16.0s
[K        4/4      6.14G     0.6156     0.3002     0.7914          0   0.006992  0.0001315   0.001104     0.1531     0.2618          0          0          0          0          0          0          0          0          0          0          0          0          0          0   0.001104      2.421       2.42          0          0       2.85     0.4747     0.5282    0.05758     0.5044     0.5083         64        256: 92% ━━━━━━━━━━━─ 424/459 2.1it/s 2:59<16.9s
[K        4/4      6.14G     0.6157     0.3003     0.7914          0   0.006991  0.0001316   0.001104     0.1531     0.2618          0          0          0          0          0          0          0          0          0          0          0          0          0          0   0.001104      2.421       2.42          0          0      2.853     0.4747     0.5282    0.05758     0.5045     0.5083         84        256: 93% ━━━━━━━━━━━─ 425/459 2.3it/s 2:59<15.1s
[K        4/4      6.14G     0.6156     0.3002     0.7914          0   0.006991  0.0001316   0.001104     0.1531     0.2618          0          0          0          0          0          0          0          0          0          0          0          0          0          0   0.001104      2.421       2.42          0          0       2.85     0.4747     0.5282    0.05758     0.5045     0.5083         82        256: 93% ━━━━━━━━━━━─ 426/459 2.1it/s 2:59<15.9s
[K        4/4      6.14G     0.6154     0.3001     0.7914          0   0.006991  0.0001314   0.001104     0.1531     0.2617          0          0          0          0          0          0          0          0          0          0          0          0          0          0   0.001104      2.421       2.42          0          0      2.849     0.4747     0.5282    0.05758     0.5046     0.5083        103        256: 93% ━━━━━━━━━━━─ 427/459 2.2it/s 2:60<14.3s
[K        4/4      6.14G     0.6164     0.3004     0.7913          0   0.006991  0.0001313   0.001105     0.1531     0.2619          0          0          0          0          0          0          0          0          0          0          0          0          0          0   0.001105      2.422       2.42          0          0      2.847     0.4747     0.5282    0.05758     0.5046     0.5083        177        256: 93% ━━━━━━━━━━━─ 428/459 2.1it/s 3:00<15.0s
[K        4/4      6.14G     0.6164     0.3005     0.7912          0   0.006991  0.0001312   0.001104     0.1531     0.2618          0          0          0          0          0          0          0          0          0          0          0          0          0          0   0.001104      2.421       2.42          0          0      2.851     0.4747     0.5282    0.05758     0.5045     0.5083         56        256: 93% ━━━━━━━━━━━─ 429/459 2.2it/s 3:01<13.4s
[K        4/4      6.14G     0.6161     0.3004     0.7913          0    0.00699  0.0001315   0.001105     0.1531     0.2617          0          0          0          0          0          0          0          0          0          0          0          0          0          0   0.001105      2.422       2.42          0          0      2.852     0.4747     0.5282    0.05758     0.5045     0.5083         56        256: 94% ━━━━━━━━━━━─ 430/459 2.1it/s 3:01<14.0s
[K        4/4      6.14G      0.616     0.3003     0.7912          0    0.00699  0.0001313   0.001104     0.1531     0.2617          0          0          0          0          0          0          0          0          0          0          0          0          0          0   0.001104      2.422       2.42          0          0      2.851     0.4747     0.5282    0.05758     0.5046     0.5083         63        256: 94% ━━━━━━━━━━━─ 431/459 2.2it/s 3:02<12.5s
[K        4/4      6.14G     0.6164     0.3005     0.7912          0    0.00699  0.0001314   0.001104     0.1531     0.2617          0          0          0          0          0          0          0          0          0          0          0          0          0          0   0.001104      2.421       2.42          0          0      2.851     0.4747     0.5282    0.05758     0.5045     0.5083         77        256: 94% ━━━━━━━━━━━─ 432/459 2.1it/s 3:02<13.2s
[K        4/4      6.14G     0.6165     0.3005     0.7911          0   0.006989  0.0001315   0.001104     0.1531     0.2618          0          0          0          0          0          0          0          0          0          0          0          0          0          0   0.001104      2.422       2.42          0          0      2.852     0.4747     0.5282    0.05758     0.5046     0.5083         61        256: 94% ━━━━━━━━━━━─ 433/459 2.3it/s 3:03<11.5s
[K        4/4      6.14G     0.6163     0.3004     0.7911          0   0.006989  0.0001318   0.001104     0.1531     0.2617          0          0          0          0          0          0          0          0          0          0          0          0          0          0   0.001104      2.422       2.42          0          0       2.85     0.4747     0.5282    0.05758     0.5047     0.5083         45        256: 95% ━━━━━━━━━━━─ 434/459 2.1it/s 3:03<12.1s
[K        4/4      6.14G      0.616     0.3003     0.7911          0    0.00699  0.0001319   0.001104     0.1531     0.2617          0          0          0          0          0          0          0          0          0          0          0          0          0          0   0.001104      2.422       2.42          0          0       2.85     0.4747     0.5282    0.05758     0.5046     0.5083         49        256: 95% ━━━━━━━━━━━─ 435/459 2.3it/s 3:04<10.6s
[K        4/4      6.14G     0.6158     0.3003     0.7911          0    0.00699  0.0001319   0.001104     0.1531     0.2618          0          0          0          0          0          0          0          0          0          0          0          0          0          0   0.001104      2.421       2.42          0          0      2.851     0.4747     0.5282    0.05758     0.5046     0.5083         63        256: 95% ━━━━━━━━━━━─ 436/459 2.1it/s 3:04<11.1s
[K        4/4      6.14G     0.6156     0.3003     0.7911          0    0.00699  0.0001318   0.001105     0.1531     0.2618          0          0          0          0          0          0          0          0          0          0          0          0          0          0   0.001105      2.422       2.42          0          0      2.848     0.4747     0.5282    0.05758     0.5046     0.5083         89        256: 95% ━━━━━━━━━━━─ 437/459 2.3it/s 3:05<9.6s
[K        4/4      6.14G     0.6159     0.3004     0.7911          0   0.006989  0.0001317   0.001106     0.1531     0.2618          0          0          0          0          0          0          0          0          0          0          0          0          0          0   0.001106      2.422      2.421          0          0      2.846     0.4747     0.5282    0.05758     0.5047     0.5083        124        256: 95% ━━━━━━━━━━━─ 438/459 2.1it/s 3:05<10.0s
[K        4/4      6.14G     0.6155     0.3003     0.7911          0   0.006989  0.0001316   0.001106     0.1531     0.2618          0          0          0          0          0          0          0          0          0          0          0          0          0          0   0.001106      2.422      2.421          0          0      2.845     0.4747     0.5282    0.05758     0.5047     0.5083         61        256: 96% ━━━━━━━━━━━─ 439/459 2.3it/s 3:06<8.8s[ WARN:0@885.903] global grfmt_tiff.cpp:122 TIFF_Warning TIFFReadDirectory: Unknown field with tag 34264 (0x85d8) encountered

[K        4/4      6.14G     0.6158     0.3004     0.7911          0   0.006989  0.0001314   0.001106     0.1531     0.2619          0          0          0          0          0          0          0          0          0          0          0          0          0          0   0.001106      2.422      2.421          0          0      2.849     0.4747     0.5282    0.05757     0.5046     0.5083         72        256: 96% ━━━━━━━━━━━╸ 440/459 2.1it/s 3:06<9.1s
[K        4/4      6.14G     0.6155     0.3002     0.7911          0   0.006989  0.0001314   0.001105     0.1531     0.2618          0          0          0          0          0          0          0          0          0          0          0          0          0          0   0.001105      2.422      2.421          0          0      2.848     0.4747     0.5282    0.05758     0.5047     0.5083         49        256: 96% ━━━━━━━━━━━╸ 441/459 2.3it/s 3:07<8.0s
[K        4/4      6.14G     0.6154     0.3002     0.7912          0   0.006989  0.0001314   0.001106     0.1531     0.2618          0          0          0          0          0          0          0          0          0          0          0          0          0          0   0.001106      2.422      2.421          0          0      2.846     0.4746     0.5282    0.05758     0.5047     0.5083         82        256: 96% ━━━━━━━━━━━╸ 442/459 2.1it/s 3:07<8.2s
[K        4/4      6.14G     0.6156     0.3002     0.7912          0   0.006989  0.0001312   0.001106     0.1531     0.2619          0          0          0          0          0          0          0          0          0          0          0          0          0          0   0.001106      2.422      2.421          0          0      2.844     0.4746     0.5282    0.05758     0.5048     0.5083         99        256: 97% ━━━━━━━━━━━╸ 443/459 2.3it/s 3:08<7.1s
[K        4/4      6.14G     0.6153     0.3002     0.7912          0   0.006988  0.0001315   0.001106     0.1531     0.2618          0          0          0          0          0          0          0          0          0          0          0          0          0          0   0.001106      2.422      2.421          0          0      2.843     0.4746     0.5282    0.05757     0.5048     0.5083         64        256: 97% ━━━━━━━━━━━╸ 444/459 2.1it/s 3:08<7.2s
[K        4/4      6.14G     0.6159     0.3004     0.7913          0   0.006988  0.0001315   0.001106     0.1531     0.2619          0          0          0          0          0          0          0          0          0          0          0          0          0          0   0.001106      2.422      2.421          0          0      2.845     0.4746     0.5282    0.05757     0.5047     0.5083         89        256: 97% ━━━━━━━━━━━╸ 445/459 2.2it/s 3:09<6.2s
[K        4/4      6.14G     0.6157     0.3003     0.7914          0   0.006987  0.0001317   0.001107     0.1531     0.2619          0          0          0          0          0          0          0          0          0          0          0          0          0          0   0.001107      2.422      2.421          0          0      2.842     0.4746     0.5282    0.05757     0.5048     0.5083         73        256: 97% ━━━━━━━━━━━╸ 446/459 2.1it/s 3:09<6.3s
[K        4/4      6.14G     0.6155     0.3002     0.7913          0   0.006987  0.0001316   0.001106     0.1531     0.2618          0          0          0          0          0          0          0          0          0          0          0          0          0          0   0.001106      2.422      2.421          0          0      2.842     0.4746     0.5282    0.05757     0.5049     0.5083         65        256: 97% ━━━━━━━━━━━╸ 447/459 2.2it/s 3:10<5.3s
[K        4/4      6.14G     0.6151        0.3     0.7915          0   0.006987  0.0001316   0.001106     0.1531     0.2618          0          0          0          0          0          0          0          0          0          0          0          0          0          0   0.001106      2.422      2.421          0          0      2.839     0.4745     0.5282    0.05757      0.505     0.5083         60        256: 98% ━━━━━━━━━━━╸ 448/459 2.1it/s 3:10<5.3s
[K        4/4      6.14G     0.6151        0.3     0.7914          0   0.006987  0.0001315   0.001107     0.1531     0.2618          0          0          0          0          0          0          0          0          0          0          0          0          0          0   0.001107      2.422      2.421          0          0      2.838     0.4745     0.5282    0.05757      0.505     0.5083         96        256: 98% ━━━━━━━━━━━╸ 449/459 2.2it/s 3:11<4.5s
[K        4/4      6.14G     0.6155     0.3001     0.7914          0   0.006987  0.0001319   0.001106     0.1531     0.2618          0          0          0          0          0          0          0          0          0          0          0          0          0          0   0.001106      2.422      2.421          0          0      2.841     0.4745     0.5282    0.05757     0.5049     0.5083         77        256: 98% ━━━━━━━━━━━╸ 450/459 2.1it/s 3:11<4.4s
[K        4/4      6.14G     0.6155     0.3002     0.7914          0   0.006987  0.0001318   0.001107     0.1531     0.2619          0          0          0          0          0          0          0          0          0          0          0          0          0          0   0.001107      2.422      2.421          0          0      2.841     0.4745     0.5282    0.05757      0.505     0.5083         80        256: 98% ━━━━━━━━━━━╸ 451/459 2.3it/s 3:12<3.5s
[K        4/4      6.14G     0.6157     0.3002     0.7914          0   0.006995   0.000132   0.001107     0.1531     0.2619          0          0          0          0          0          0          0          0          0          0          0          0          0          0   0.001107      2.422      2.421          0          0      2.842     0.4745     0.5282    0.05757     0.5049     0.5083         89        256: 98% ━━━━━━━━━━━╸ 452/459 2.1it/s 3:12<3.4s
[K        4/4      6.14G     0.6154     0.3001     0.7914          0   0.006995  0.0001318   0.001107     0.1531      0.262          0          0          0          0          0          0          0          0          0          0          0          0          0          0   0.001107      2.422      2.421          0          0       2.84     0.4745     0.5282    0.05757      0.505     0.5083         52        256: 99% ━━━━━━━━━━━╸ 453/459 2.2it/s 3:13<2.7s
[K        4/4      6.14G     0.6157     0.3002     0.7915          0   0.006995  0.0001318   0.001107     0.1531      0.262          0          0          0          0          0          0          0          0          0          0          0          0          0          0   0.001107      2.422      2.421          0          0      2.841     0.4745     0.5282    0.05757      0.505     0.5083        121        256: 99% ━━━━━━━━━━━╸ 454/459 2.1it/s 3:13<2.4s
[K        4/4      6.14G     0.6159     0.3002     0.7915          0   0.006995  0.0001319   0.001107     0.1531      0.262          0          0          0          0          0          0          0          0          0          0          0          0          0          0   0.001107      2.422      2.421          0          0      2.841     0.4744     0.5282    0.05757      0.505     0.5083         84        256: 99% ━━━━━━━━━━━╸ 455/459 2.2it/s 3:14<1.8s
[K        4/4      6.14G     0.6156     0.3002     0.7915          0   0.006995  0.0001319   0.001106     0.1531     0.2619          0          0          0          0          0          0          0          0          0          0          0          0          0          0   0.001106      2.422      2.421          0          0       2.84     0.4744     0.5282    0.05757      0.505     0.5083         66        256: 99% ━━━━━━━━━━━╸ 456/459 2.1it/s 3:14<1.5s
[K        4/4      6.14G     0.6157     0.3002     0.7915          0   0.006994  0.0001319   0.001107     0.1531      0.262          0          0          0          0          0          0          0          0          0          0          0          0          0          0   0.001107      2.422      2.421          0          0      2.841     0.4744     0.5282    0.05757      0.505     0.5083         53        256: 100% ━━━━━━━━━━━╸ 457/459 2.2it/s 3:15<0.9s
[K        4/4      6.14G      0.616     0.3003     0.7916          0   0.006994   0.000133   0.001106     0.1531      0.262          0          0          0          0          0          0          0          0          0          0          0          0          0          0   0.001106      2.422      2.421          0          0      2.844     0.4744     0.5282    0.05757     0.5048     0.5083         25        256: 100% ━━━━━━━━━━━╸ 458/459 2.2it/s 3:15<0.5s
[K        4/4      6.14G      0.616     0.3003     0.7916          0   0.006994   0.000133   0.001106     0.1531      0.262          0          0          0          0          0          0          0          0          0          0          0          0          0          0   0.001106      2.422      2.421          0          0      2.844     0.4744     0.5282    0.05757     0.5048     0.5083         25        256: 100% ━━━━━━━━━━━━ 459/459 2.4it/s 3:15

[K                 Class     Images  Instances      Box(P          R      mAP50  mAP50-95): 2% ──────────── 1/58 3.5s/it 1.0s<3:17
[K                 Class     Images  Instances      Box(P          R      mAP50  mAP50-95): 3% ──────────── 2/58 2.4s/it 2.4s<2:12
[K                 Class     Images  Instances      Box(P          R      mAP50  mAP50-95): 5% ╸─────────── 3/58 1.9s/it 3.7s<1:44
[K                 Class     Images  Instances      Box(P          R      mAP50  mAP50-95): 7% ╸─────────── 4/58 1.7s/it 5.1s<1:32
[K                 Class     Images  Instances      Box(P          R      mAP50  mAP50-95): 9% ━─────────── 5/58 1.5s/it 6.3s<1:22
[K                 Class     Images  Instances      Box(P          R      mAP50  mAP50-95): 10% ━─────────── 6/58 1.5s/it 7.7s<1:16
[K                 Class     Images  Instances      Box(P          R      mAP50  mAP50-95): 12% ━─────────── 7/58 1.5s/it 9.1s<1:15
[K                 Class     Images  Instances      Box(P          R      mAP50  mAP50-95): 14% ━╸────────── 8/58 1.4s/it 10.5s<1:12
[K                 Class     Images  Instances      Box(P          R      mAP50  mAP50-95): 16% ━╸────────── 9/58 1.4s/it 11.8s<1:08
[K                 Class     Images  Instances      Box(P          R      mAP50  mAP50-95): 17% ━━────────── 10/58 1.4s/it 13.1s<1:05
[K                 Class     Images  Instances      Box(P          R      mAP50  mAP50-95): 19% ━━────────── 11/58 1.3s/it 14.3s<1:01
[K                 Class     Images  Instances      Box(P          R      mAP50  mAP50-95): 21% ━━────────── 12/58 1.3s/it 15.6s<1:00
[K                 Class     Images  Instances      Box(P          R      mAP50  mAP50-95): 22% ━━╸───────── 13/58 1.3s/it 16.7s<56.6s
[K                 Class     Images  Instances      Box(P          R      mAP50  mAP50-95): 24% ━━╸───────── 14/58 1.3s/it 18.0s<55.5s
[K                 Class     Images  Instances      Box(P          R      mAP50  mAP50-95): 26% ━━━───────── 15/58 1.2s/it 19.2s<53.5s
[K                 Class     Images  Instances      Box(P          R      mAP50  mAP50-95): 28% ━━━───────── 16/58 1.3s/it 20.5s<52.9s
[K                 Class     Images  Instances      Box(P          R      mAP50  mAP50-95): 29% ━━━╸──────── 17/58 1.2s/it 21.7s<50.7s
[K                 Class     Images  Instances      Box(P          R      mAP50  mAP50-95): 31% ━━━╸──────── 18/58 1.3s/it 23.0s<50.0s
[K                 Class     Images  Instances      Box(P          R      mAP50  mAP50-95): 33% ━━━╸──────── 19/58 1.2s/it 24.2s<48.1s
[K                 Class     Images  Instances      Box(P          R      mAP50  mAP50-95): 34% ━━━━──────── 20/58 1.2s/it 25.5s<47.4s
[K                 Class     Images  Instances      Box(P          R      mAP50  mAP50-95): 36% ━━━━──────── 21/58 1.2s/it 26.7s<45.6s
[K                 Class     Images  Instances      Box(P          R      mAP50  mAP50-95): 38% ━━━━╸─────── 22/58 1.2s/it 27.9s<44.9s
[K                 Class     Images  Instances      Box(P          R      mAP50  mAP50-95): 40% ━━━━╸─────── 23/58 1.2s/it 29.1s<43.1s
[K                 Class     Images  Instances      Box(P          R      mAP50  mAP50-95): 41% ━━━━╸─────── 24/58 1.3s/it 30.5s<42.9s
[K                 Class     Images  Instances      Box(P          R      mAP50  mAP50-95): 43% ━━━━━─────── 25/58 1.2s/it 31.6s<40.4s
[K                 Class     Images  Instances      Box(P          R      mAP50  mAP50-95): 45% ━━━━━─────── 26/58 1.3s/it 33.0s<40.4s
[K                 Class     Images  Instances      Box(P          R      mAP50  mAP50-95): 47% ━━━━━╸────── 27/58 1.2s/it 34.2s<38.6s
[K                 Class     Images  Instances      Box(P          R      mAP50  mAP50-95): 48% ━━━━━╸────── 28/58 1.3s/it 35.5s<37.7s
[K                 Class     Images  Instances      Box(P          R      mAP50  mAP50-95): 50% ━━━━━━────── 29/58 1.3s/it 36.7s<36.5s
[K                 Class     Images  Instances      Box(P          R      mAP50  mAP50-95): 52% ━━━━━━────── 30/58 1.2s/it 38.0s<35.0s
[K                 Class     Images  Instances      Box(P          R      mAP50  mAP50-95): 53% ━━━━━━────── 31/58 1.3s/it 39.2s<33.9s
[K                 Class     Images  Instances      Box(P          R      mAP50  mAP50-95): 55% ━━━━━━╸───── 32/58 1.2s/it 40.5s<32.4s
[K                 Class     Images  Instances      Box(P          R      mAP50  mAP50-95): 57% ━━━━━━╸───── 33/58 1.2s/it 41.6s<30.4s
[K                 Class     Images  Instances      Box(P          R      mAP50  mAP50-95): 59% ━━━━━━━───── 34/58 1.2s/it 42.9s<29.9s
[K                 Class     Images  Instances      Box(P          R      mAP50  mAP50-95): 60% ━━━━━━━───── 35/58 1.2s/it 44.1s<28.3s
[K                 Class     Images  Instances      Box(P          R      mAP50  mAP50-95): 62% ━━━━━━━───── 36/58 1.2s/it 45.4s<27.4s
[K                 Class     Images  Instances      Box(P          R      mAP50  mAP50-95): 64% ━━━━━━━╸──── 37/58 1.2s/it 46.6s<25.7s
[K                 Class     Images  Instances      Box(P          R      mAP50  mAP50-95): 66% ━━━━━━━╸──── 38/58 1.2s/it 47.9s<24.9s
[K                 Class     Images  Instances      Box(P          R      mAP50  mAP50-95): 67% ━━━━━━━━──── 39/58 1.2s/it 49.0s<23.0s
[K                 Class     Images  Instances      Box(P          R      mAP50  mAP50-95): 69% ━━━━━━━━──── 40/58 1.2s/it 50.4s<22.4s
[K                 Class     Images  Instances      Box(P          R      mAP50  mAP50-95): 71% ━━━━━━━━──── 41/58 1.2s/it 51.5s<20.6s
[K                 Class     Images  Instances      Box(P          R      mAP50  mAP50-95): 72% ━━━━━━━━╸─── 42/58 1.2s/it 52.8s<19.9s
[K                 Class     Images  Instances      Box(P          R      mAP50  mAP50-95): 74% ━━━━━━━━╸─── 43/58 1.2s/it 54.0s<18.2s
[K                 Class     Images  Instances      Box(P          R      mAP50  mAP50-95): 76% ━━━━━━━━━─── 44/58 1.2s/it 55.3s<17.3s
[K                 Class     Images  Instances      Box(P          R      mAP50  mAP50-95): 78% ━━━━━━━━━─── 45/58 1.2s/it 56.5s<15.9s
[K                 Class     Images  Instances      Box(P          R      mAP50  mAP50-95): 79% ━━━━━━━━━╸── 46/58 1.3s/it 57.8s<15.1s
[K                 Class     Images  Instances      Box(P          R      mAP50  mAP50-95): 81% ━━━━━━━━━╸── 47/58 1.2s/it 58.9s<13.4s
[K                 Class     Images  Instances      Box(P          R      mAP50  mAP50-95): 83% ━━━━━━━━━╸── 48/58 1.2s/it 1:00<12.3s
[K                 Class     Images  Instances      Box(P          R      mAP50  mAP50-95): 84% ━━━━━━━━━━── 49/58 1.2s/it 1:01<11.0s
[K                 Class     Images  Instances      Box(P          R      mAP50  mAP50-95): 86% ━━━━━━━━━━── 50/58 1.2s/it 1:03<9.9s
[K                 Class     Images  Instances      Box(P          R      mAP50  mAP50-95): 88% ━━━━━━━━━━╸─ 51/58 1.2s/it 1:04<8.6s
[K                 Class     Images  Instances      Box(P          R      mAP50  mAP50-95): 90% ━━━━━━━━━━╸─ 52/58 1.3s/it 1:05<7.6s
[K                 Class     Images  Instances      Box(P          R      mAP50  mAP50-95): 91% ━━━━━━━━━━╸─ 53/58 1.2s/it 1:06<6.1s
[K                 Class     Images  Instances      Box(P          R      mAP50  mAP50-95): 93% ━━━━━━━━━━━─ 54/58 1.2s/it 1:08<5.0s
[K                 Class     Images  Instances      Box(P          R      mAP50  mAP50-95): 95% ━━━━━━━━━━━─ 55/58 1.2s/it 1:09<3.7s
[K                 Class     Images  Instances      Box(P          R      mAP50  mAP50-95): 97% ━━━━━━━━━━━╸ 56/58 1.2s/it 1:10<2.5s
[K                 Class     Images  Instances      Box(P          R      mAP50  mAP50-95): 98% ━━━━━━━━━━━╸ 57/58 1.2s/it 1:11<1.2s
[K                 Class     Images  Instances      Box(P          R      mAP50  mAP50-95): 100% ━━━━━━━━━━━━ 58/58 1.2s/it 1:12
                   all       3667       9614      0.941      0.896      0.932      0.642

4 epochs completed in 0.259 hours.
Optimizer stripped from /root/autodl-tmp/LADD_public/runs_public/ogsod/hbb/formal_nomosaic_20260528/ladd/yolo11m/cap2/ladd_hbb_ogsod11m_formal_nomosaic_yolo11m_cap2_s0_fix_m_s0_a2lr3e4_short4_freezeBN_b1_autodl_retry1_a2_e4_b32_s0_gpu0/weights/last.pt, 90.3MB
Optimizer stripped from /root/autodl-tmp/LADD_public/runs_public/ogsod/hbb/formal_nomosaic_20260528/ladd/yolo11m/cap2/ladd_hbb_ogsod11m_formal_nomosaic_yolo11m_cap2_s0_fix_m_s0_a2lr3e4_short4_freezeBN_b1_autodl_retry1_a2_e4_b32_s0_gpu0/weights/best.pt, 90.3MB

Validating /root/autodl-tmp/LADD_public/runs_public/ogsod/hbb/formal_nomosaic_20260528/ladd/yolo11m/cap2/ladd_hbb_ogsod11m_formal_nomosaic_yolo11m_cap2_s0_fix_m_s0_a2lr3e4_short4_freezeBN_b1_autodl_retry1_a2_e4_b32_s0_gpu0/weights/best.pt...
Ultralytics 8.4.30 🚀 Python-3.12.3 torch-2.7.0+cu128 CUDA:0 (NVIDIA GeForce RTX 4090 D, 24092MiB)
YOLO11m summary: 297 layers, 44,861,288 parameters, 0 gradients, 82.8 GFLOPs

[K                 Class     Images  Instances      Box(P          R      mAP50  mAP50-95): 2% ──────────── 1/58 6.4s/it 1.9s<6:06
[K                 Class     Images  Instances      Box(P          R      mAP50  mAP50-95): 3% ──────────── 2/58 3.9s/it 4.0s<3:39
[K                 Class     Images  Instances      Box(P          R      mAP50  mAP50-95): 5% ╸─────────── 3/58 3.1s/it 6.0s<2:50
[K                 Class     Images  Instances      Box(P          R      mAP50  mAP50-95): 7% ╸─────────── 4/58 2.7s/it 8.1s<2:24
[K                 Class     Images  Instances      Box(P          R      mAP50  mAP50-95): 9% ━─────────── 5/58 2.4s/it 9.9s<2:05
[K                 Class     Images  Instances      Box(P          R      mAP50  mAP50-95): 10% ━─────────── 6/58 2.2s/it 11.9s<1:55
[K                 Class     Images  Instances      Box(P          R      mAP50  mAP50-95): 12% ━─────────── 7/58 2.1s/it 13.8s<1:48
[K                 Class     Images  Instances      Box(P          R      mAP50  mAP50-95): 14% ━╸────────── 8/58 2.0s/it 15.7s<1:42
[K                 Class     Images  Instances      Box(P          R      mAP50  mAP50-95): 16% ━╸────────── 9/58 2.0s/it 17.6s<1:38
[K                 Class     Images  Instances      Box(P          R      mAP50  mAP50-95): 17% ━━────────── 10/58 2.0s/it 19.5s<1:35
[K                 Class     Images  Instances      Box(P          R      mAP50  mAP50-95): 19% ━━────────── 11/58 1.9s/it 21.4s<1:32
[K                 Class     Images  Instances      Box(P          R      mAP50  mAP50-95): 21% ━━────────── 12/58 1.9s/it 23.3s<1:29
[K                 Class     Images  Instances      Box(P          R      mAP50  mAP50-95): 22% ━━╸───────── 13/58 1.9s/it 25.2s<1:27
[K                 Class     Images  Instances      Box(P          R      mAP50  mAP50-95): 24% ━━╸───────── 14/58 1.9s/it 27.1s<1:25
[K                 Class     Images  Instances      Box(P          R      mAP50  mAP50-95): 26% ━━━───────── 15/58 1.9s/it 29.1s<1:23
[K                 Class     Images  Instances      Box(P          R      mAP50  mAP50-95): 28% ━━━───────── 16/58 1.9s/it 31.0s<1:21
[K                 Class     Images  Instances      Box(P          R      mAP50  mAP50-95): 29% ━━━╸──────── 17/58 1.9s/it 32.9s<1:19
[K                 Class     Images  Instances      Box(P          R      mAP50  mAP50-95): 31% ━━━╸──────── 18/58 2.0s/it 34.9s<1:18
[K                 Class     Images  Instances      Box(P          R      mAP50  mAP50-95): 33% ━━━╸──────── 19/58 1.9s/it 36.8s<1:15
[K                 Class     Images  Instances      Box(P          R      mAP50  mAP50-95): 34% ━━━━──────── 20/58 1.9s/it 38.6s<1:11
[K                 Class     Images  Instances      Box(P          R      mAP50  mAP50-95): 36% ━━━━──────── 21/58 1.7s/it 40.1s<1:05
[K                 Class     Images  Instances      Box(P          R      mAP50  mAP50-95): 38% ━━━━╸─────── 22/58 1.6s/it 41.5s<58.8s
[K                 Class     Images  Instances      Box(P          R      mAP50  mAP50-95): 40% ━━━━╸─────── 23/58 1.6s/it 43.1s<56.3s
[K                 Class     Images  Instances      Box(P          R      mAP50  mAP50-95): 41% ━━━━╸─────── 24/58 1.6s/it 44.5s<53.1s
[K                 Class     Images  Instances      Box(P          R      mAP50  mAP50-95): 43% ━━━━━─────── 25/58 1.5s/it 46.0s<50.4s
[K                 Class     Images  Instances      Box(P          R      mAP50  mAP50-95): 45% ━━━━━─────── 26/58 1.5s/it 47.5s<49.0s
[K                 Class     Images  Instances      Box(P          R      mAP50  mAP50-95): 47% ━━━━━╸────── 27/58 1.5s/it 48.9s<46.4s
[K                 Class     Images  Instances      Box(P          R      mAP50  mAP50-95): 48% ━━━━━╸────── 28/58 1.5s/it 50.4s<44.9s
[K                 Class     Images  Instances      Box(P          R      mAP50  mAP50-95): 50% ━━━━━━────── 29/58 1.5s/it 51.9s<42.8s
[K                 Class     Images  Instances      Box(P          R      mAP50  mAP50-95): 52% ━━━━━━────── 30/58 1.5s/it 53.4s<41.5s
[K                 Class     Images  Instances      Box(P          R      mAP50  mAP50-95): 53% ━━━━━━────── 31/58 1.5s/it 54.8s<39.6s
[K                 Class     Images  Instances      Box(P          R      mAP50  mAP50-95): 55% ━━━━━━╸───── 32/58 1.5s/it 56.3s<38.6s
[K                 Class     Images  Instances      Box(P          R      mAP50  mAP50-95): 57% ━━━━━━╸───── 33/58 1.4s/it 57.7s<36.0s
[K                 Class     Images  Instances      Box(P          R      mAP50  mAP50-95): 59% ━━━━━━━───── 34/58 1.5s/it 59.3s<35.9s
[K                 Class     Images  Instances      Box(P          R      mAP50  mAP50-95): 60% ━━━━━━━───── 35/58 1.5s/it 1:01<34.0s
[K                 Class     Images  Instances      Box(P          R      mAP50  mAP50-95): 62% ━━━━━━━───── 36/58 1.5s/it 1:02<33.0s
[K                 Class     Images  Instances      Box(P          R      mAP50  mAP50-95): 64% ━━━━━━━╸──── 37/58 1.5s/it 1:04<31.2s
[K                 Class     Images  Instances      Box(P          R      mAP50  mAP50-95): 66% ━━━━━━━╸──── 38/58 1.5s/it 1:05<29.5s
[K                 Class     Images  Instances      Box(P          R      mAP50  mAP50-95): 67% ━━━━━━━━──── 39/58 1.5s/it 1:07<28.7s
[K                 Class     Images  Instances      Box(P          R      mAP50  mAP50-95): 69% ━━━━━━━━──── 40/58 1.5s/it 1:08<27.9s
[K                 Class     Images  Instances      Box(P          R      mAP50  mAP50-95): 71% ━━━━━━━━──── 41/58 1.6s/it 1:10<26.4s
[K                 Class     Images  Instances      Box(P          R      mAP50  mAP50-95): 72% ━━━━━━━━╸─── 42/58 1.5s/it 1:11<23.9s
[K                 Class     Images  Instances      Box(P          R      mAP50  mAP50-95): 74% ━━━━━━━━╸─── 43/58 1.5s/it 1:13<22.5s
[K                 Class     Images  Instances      Box(P          R      mAP50  mAP50-95): 76% ━━━━━━━━━─── 44/58 1.5s/it 1:14<21.2s
[K                 Class     Images  Instances      Box(P          R      mAP50  mAP50-95): 78% ━━━━━━━━━─── 45/58 1.5s/it 1:16<20.0s
[K                 Class     Images  Instances      Box(P          R      mAP50  mAP50-95): 79% ━━━━━━━━━╸── 46/58 1.6s/it 1:18<18.9s
[K                 Class     Images  Instances      Box(P          R      mAP50  mAP50-95): 81% ━━━━━━━━━╸── 47/58 1.6s/it 1:19<17.6s
[K                 Class     Images  Instances      Box(P          R      mAP50  mAP50-95): 83% ━━━━━━━━━╸── 48/58 1.6s/it 1:21<15.9s
[K                 Class     Images  Instances      Box(P          R      mAP50  mAP50-95): 84% ━━━━━━━━━━── 49/58 1.6s/it 1:22<14.2s
[K                 Class     Images  Instances      Box(P          R      mAP50  mAP50-95): 86% ━━━━━━━━━━── 50/58 1.5s/it 1:24<12.1s
[K                 Class     Images  Instances      Box(P          R      mAP50  mAP50-95): 88% ━━━━━━━━━━╸─ 51/58 1.5s/it 1:25<10.5s
[K                 Class     Images  Instances      Box(P          R      mAP50  mAP50-95): 90% ━━━━━━━━━━╸─ 52/58 1.5s/it 1:27<8.9s
[K                 Class     Images  Instances      Box(P          R      mAP50  mAP50-95): 91% ━━━━━━━━━━╸─ 53/58 1.2s/it 1:28<6.2s
[K                 Class     Images  Instances      Box(P          R      mAP50  mAP50-95): 93% ━━━━━━━━━━━─ 54/58 1.0it/s 1:28<4.0s
[K                 Class     Images  Instances      Box(P          R      mAP50  mAP50-95): 95% ━━━━━━━━━━━─ 55/58 1.1it/s 1:29<2.6s
[K                 Class     Images  Instances      Box(P          R      mAP50  mAP50-95): 97% ━━━━━━━━━━━╸ 56/58 1.3it/s 1:30<1.5s
[K                 Class     Images  Instances      Box(P          R      mAP50  mAP50-95): 98% ━━━━━━━━━━━╸ 57/58 1.4it/s 1:30<0.7s
[K                 Class     Images  Instances      Box(P          R      mAP50  mAP50-95): 100% ━━━━━━━━━━━━ 58/58 1.6s/it 1:30
                   all       3667       9614      0.942      0.896      0.932      0.642
                bridge       3315       6389      0.958      0.938      0.972      0.641
                harbor        331        803      0.996      0.995      0.995      0.933
          storage_tank        153       2422       0.87      0.755      0.829      0.352
Speed: 0.1ms preprocess, 0.7ms inference, 0.0ms loss, 4.1ms postprocess per image
Results saved to [1m/root/autodl-tmp/LADD_public/runs_public/ogsod/hbb/formal_nomosaic_20260528/ladd/yolo11m/cap2/ladd_hbb_ogsod11m_formal_nomosaic_yolo11m_cap2_s0_fix_m_s0_a2lr3e4_short4_freezeBN_b1_autodl_retry1_a2_e4_b32_s0_gpu0[0m
