[K        4/4      6.16G     0.6152     0.2996     0.7912          0   0.006988  0.0001304   0.001107     0.1531     0.2617          0          0          0          0          0          0          0          0          0          0          0          0          0          0   0.001107      2.422      2.421          0          0      2.852     0.4747     0.5283    0.05757     0.5054     0.5083         70        256: 86% ━━━━━━━━━━── 395/459 3.0it/s 2:24<21.2s
[K        4/4      6.16G      0.615     0.2995     0.7913          0   0.006988  0.0001304   0.001107     0.1531     0.2616          0          0          0          0          0          0          0          0          0          0          0          0          0          0   0.001107      2.422      2.421          0          0       2.85     0.4747     0.5283    0.05758     0.5054     0.5083         59        256: 86% ━━━━━━━━━━── 396/459 2.7it/s 2:24<23.4s[ WARN:0@903.766] global grfmt_tiff.cpp:122 TIFF_Warning TIFFReadDirectory: Unknown field with tag 34264 (0x85d8) encountered

[K        4/4      6.16G      0.615     0.2995     0.7914          0   0.006987  0.0001304   0.001107     0.1531     0.2616          0          0          0          0          0          0          0          0          0          0          0          0          0          0   0.001107      2.422      2.421          0          0      2.852     0.4747     0.5283    0.05758     0.5053     0.5083         60        256: 86% ━━━━━━━━━━── 397/459 3.0it/s 2:25<20.6s
[K        4/4      6.16G     0.6148     0.2995     0.7913          0   0.006987  0.0001305   0.001106     0.1531     0.2615          0          0          0          0          0          0          0          0          0          0          0          0          0          0   0.001106      2.422      2.421          0          0      2.852     0.4747     0.5283    0.05758     0.5053     0.5083         48        256: 87% ━━━━━━━━━━── 398/459 2.7it/s 2:25<22.7s
[K        4/4      6.16G      0.615     0.2996     0.7913          0   0.006996  0.0001306   0.001106     0.1531     0.2616          0          0          0          0          0          0          0          0          0          0          0          0          0          0   0.001106      2.422      2.421          0          0      2.852     0.4747     0.5283    0.05757     0.5053     0.5083         66        256: 87% ━━━━━━━━━━── 399/459 3.0it/s 2:25<19.9s
[K        4/4      6.16G     0.6151     0.2996     0.7912          0   0.006996   0.000131   0.001107     0.1531     0.2616          0          0          0          0          0          0          0          0          0          0          0          0          0          0   0.001107      2.422      2.421          0          0      2.851     0.4747     0.5283    0.05757     0.5053     0.5083         60        256: 87% ━━━━━━━━━━── 400/459 2.7it/s 2:26<21.9s
[K        4/4      6.16G     0.6151     0.2996     0.7912          0   0.006996  0.0001308   0.001107     0.1531     0.2616          0          0          0          0          0          0          0          0          0          0          0          0          0          0   0.001107      2.422      2.421          0          0       2.85     0.4747     0.5283    0.05758     0.5053     0.5083         71        256: 87% ━━━━━━━━━━── 401/459 3.0it/s 2:26<19.2s
[K        4/4      6.16G     0.6148     0.2996     0.7912          0   0.006996  0.0001306   0.001108     0.1531     0.2617          0          0          0          0          0          0          0          0          0          0          0          0          0          0   0.001108      2.422      2.421          0          0       2.85     0.4747     0.5282    0.05758     0.5052     0.5083         65        256: 88% ━━━━━━━━━━╸─ 402/459 2.7it/s 2:27<21.2s
[K        4/4      6.16G     0.6147     0.2995     0.7912          0   0.006995  0.0001305   0.001108     0.1531     0.2616          0          0          0          0          0          0          0          0          0          0          0          0          0          0   0.001108      2.422      2.421          0          0      2.849     0.4747     0.5282    0.05758     0.5052     0.5083         59        256: 88% ━━━━━━━━━━╸─ 403/459 3.0it/s 2:27<18.4s
[K        4/4      6.16G     0.6147     0.2995     0.7911          0   0.006995  0.0001311   0.001107     0.1531     0.2616          0          0          0          0          0          0          0          0          0          0          0          0          0          0   0.001107      2.422      2.421          0          0      2.851     0.4747     0.5282    0.05758     0.5051     0.5083         43        256: 88% ━━━━━━━━━━╸─ 404/459 2.7it/s 2:27<20.3s
[K        4/4      6.16G     0.6143     0.2995     0.7911          0   0.006994  0.0001311   0.001107     0.1531     0.2615          0          0          0          0          0          0          0          0          0          0          0          0          0          0   0.001107      2.422      2.421          0          0       2.85     0.4746     0.5282    0.05757     0.5051     0.5083         51        256: 88% ━━━━━━━━━━╸─ 405/459 3.0it/s 2:28<17.7s
[K        4/4      6.16G     0.6143     0.2995     0.7912          0   0.006995  0.0001311   0.001106     0.1531     0.2615          0          0          0          0          0          0          0          0          0          0          0          0          0          0   0.001106      2.422      2.421          0          0      2.852     0.4746     0.5282    0.05758      0.505     0.5083         59        256: 88% ━━━━━━━━━━╸─ 406/459 2.7it/s 2:28<19.6s
[K        4/4      6.16G     0.6144     0.2995     0.7912          0   0.006995   0.000131   0.001106     0.1531     0.2615          0          0          0          0          0          0          0          0          0          0          0          0          0          0   0.001106      2.422       2.42          0          0      2.855     0.4746     0.5282    0.05758      0.505     0.5083         87        256: 89% ━━━━━━━━━━╸─ 407/459 3.0it/s 2:29<17.2s
[K        4/4      6.16G     0.6146     0.2996     0.7913          0   0.006994   0.000131   0.001106     0.1531     0.2616          0          0          0          0          0          0          0          0          0          0          0          0          0          0   0.001106      2.422       2.42          0          0      2.854     0.4746     0.5282    0.05757      0.505     0.5083         84        256: 89% ━━━━━━━━━━╸─ 408/459 2.7it/s 2:29<18.9s
[K        4/4      6.16G     0.6151     0.2998     0.7913          0   0.006994  0.0001311   0.001106     0.1531     0.2617          0          0          0          0          0          0          0          0          0          0          0          0          0          0   0.001106      2.422       2.42          0          0      2.853     0.4746     0.5282    0.05757     0.5049     0.5083         97        256: 89% ━━━━━━━━━━╸─ 409/459 3.0it/s 2:29<16.6s
[K        4/4      6.16G     0.6149     0.2998     0.7912          0   0.006994   0.000131   0.001105     0.1531     0.2616          0          0          0          0          0          0          0          0          0          0          0          0          0          0   0.001105      2.421       2.42          0          0      2.853     0.4746     0.5282    0.05757     0.5048     0.5083         67        256: 89% ━━━━━━━━━━╸─ 410/459 2.7it/s 2:30<18.2s
[K        4/4      6.16G     0.6151     0.2999     0.7913          0   0.006994   0.000131   0.001105     0.1531     0.2617          0          0          0          0          0          0          0          0          0          0          0          0          0          0   0.001105      2.422       2.42          0          0      2.852     0.4746     0.5282    0.05757     0.5048     0.5083         70        256: 90% ━━━━━━━━━━╸─ 411/459 3.0it/s 2:30<16.0s
[K        4/4      6.16G      0.615     0.2999     0.7913          0   0.006994  0.0001314   0.001105     0.1531     0.2616          0          0          0          0          0          0          0          0          0          0          0          0          0          0   0.001105      2.421       2.42          0          0      2.851     0.4746     0.5282    0.05757     0.5048     0.5083         47        256: 90% ━━━━━━━━━━╸─ 412/459 2.7it/s 2:31<17.5s
[K        4/4      6.16G     0.6158     0.3001     0.7913          0   0.006994  0.0001315   0.001105     0.1531     0.2617          0          0          0          0          0          0          0          0          0          0          0          0          0          0   0.001105      2.422      2.421          0          0      2.848     0.4747     0.5282    0.05757     0.5048     0.5083        163        256: 90% ━━━━━━━━━━╸─ 413/459 3.0it/s 2:31<15.3s
[K        4/4      6.16G     0.6165     0.3003     0.7913          0   0.006994  0.0001315   0.001104     0.1531     0.2618          0          0          0          0          0          0          0          0          0          0          0          0          0          0   0.001104      2.422       2.42          0          0      2.848     0.4747     0.5282    0.05758     0.5047     0.5083         63        256: 90% ━━━━━━━━━━╸─ 414/459 2.7it/s 2:31<16.8s
[K        4/4      6.16G     0.6163     0.3003     0.7913          0   0.006994  0.0001316   0.001104     0.1531     0.2618          0          0          0          0          0          0          0          0          0          0          0          0          0          0   0.001104      2.422       2.42          0          0      2.848     0.4747     0.5282    0.05758     0.5047     0.5083         68        256: 90% ━━━━━━━━━━╸─ 415/459 3.0it/s 2:32<14.7s
[K        4/4      6.16G      0.617     0.3006     0.7913          0   0.006993  0.0001316   0.001103     0.1531     0.2618          0          0          0          0          0          0          0          0          0          0          0          0          0          0   0.001103      2.421       2.42          0          0      2.852     0.4747     0.5282    0.05758     0.5046     0.5083        113        256: 91% ━━━━━━━━━━╸─ 416/459 2.7it/s 2:32<16.0s
[K        4/4      6.16G     0.6165     0.3005     0.7913          0   0.006993  0.0001317   0.001104     0.1531     0.2619          0          0          0          0          0          0          0          0          0          0          0          0          0          0   0.001104      2.421       2.42          0          0       2.85     0.4747     0.5282    0.05758     0.5046     0.5083         58        256: 91% ━━━━━━━━━━╸─ 417/459 3.0it/s 2:32<14.0s
[K        4/4      6.16G     0.6162     0.3004     0.7912          0   0.006993  0.0001316   0.001105     0.1531     0.2619          0          0          0          0          0          0          0          0          0          0          0          0          0          0   0.001105      2.422       2.42          0          0      2.849     0.4747     0.5282    0.05758     0.5046     0.5083         57        256: 91% ━━━━━━━━━━╸─ 418/459 2.7it/s 2:33<15.3s
[K        4/4      6.16G     0.6159     0.3003     0.7913          0   0.006993  0.0001315   0.001105     0.1531     0.2619          0          0          0          0          0          0          0          0          0          0          0          0          0          0   0.001105      2.422       2.42          0          0      2.848     0.4747     0.5282    0.05758     0.5047     0.5083         70        256: 91% ━━━━━━━━━━╸─ 419/459 3.0it/s 2:33<13.3s
[K        4/4      6.16G     0.6158     0.3003     0.7914          0   0.006993  0.0001318   0.001105     0.1531     0.2619          0          0          0          0          0          0          0          0          0          0          0          0          0          0   0.001105      2.422       2.42          0          0      2.848     0.4747     0.5282    0.05758     0.5046     0.5083         50        256: 92% ━━━━━━━━━━╸─ 420/459 2.7it/s 2:34<14.6s
[K        4/4      6.16G     0.6159     0.3003     0.7913          0   0.006992  0.0001319   0.001104     0.1531     0.2619          0          0          0          0          0          0          0          0          0          0          0          0          0          0   0.001104      2.421       2.42          0          0       2.85     0.4747     0.5282    0.05758     0.5045     0.5083         56        256: 92% ━━━━━━━━━━━─ 421/459 3.0it/s 2:34<12.7s
[K        4/4      6.16G     0.6159     0.3003     0.7913          0   0.006992  0.0001318   0.001104     0.1531     0.2619          0          0          0          0          0          0          0          0          0          0          0          0          0          0   0.001104      2.421       2.42          0          0      2.849     0.4747     0.5282    0.05758     0.5044     0.5083         90        256: 92% ━━━━━━━━━━━─ 422/459 2.7it/s 2:35<13.9s
[K        4/4      6.16G     0.6157     0.3003     0.7914          0   0.006992  0.0001316   0.001104     0.1531     0.2618          0          0          0          0          0          0          0          0          0          0          0          0          0          0   0.001104      2.421       2.42          0          0       2.85     0.4747     0.5282    0.05758     0.5044     0.5083         65        256: 92% ━━━━━━━━━━━─ 423/459 3.0it/s 2:35<12.0s
[K        4/4      6.16G     0.6156     0.3002     0.7914          0   0.006992  0.0001315   0.001104     0.1531     0.2618          0          0          0          0          0          0          0          0          0          0          0          0          0          0   0.001104      2.421       2.42          0          0       2.85     0.4747     0.5282    0.05758     0.5044     0.5083         64        256: 92% ━━━━━━━━━━━─ 424/459 2.7it/s 2:35<13.1s
[K        4/4      6.16G     0.6157     0.3003     0.7914          0   0.006991  0.0001316   0.001104     0.1531     0.2618          0          0          0          0          0          0          0          0          0          0          0          0          0          0   0.001104      2.421       2.42          0          0      2.853     0.4747     0.5282    0.05758     0.5045     0.5083         84        256: 93% ━━━━━━━━━━━─ 425/459 3.0it/s 2:36<11.3s
[K        4/4      6.16G     0.6156     0.3002     0.7914          0   0.006991  0.0001316   0.001104     0.1531     0.2618          0          0          0          0          0          0          0          0          0          0          0          0          0          0   0.001104      2.421       2.42          0          0       2.85     0.4747     0.5282    0.05758     0.5045     0.5083         82        256: 93% ━━━━━━━━━━━─ 426/459 2.7it/s 2:36<12.3s
[K        4/4      6.16G     0.6154     0.3001     0.7914          0   0.006991  0.0001314   0.001104     0.1531     0.2617          0          0          0          0          0          0          0          0          0          0          0          0          0          0   0.001104      2.421       2.42          0          0      2.849     0.4747     0.5282    0.05758     0.5046     0.5083        103        256: 93% ━━━━━━━━━━━─ 427/459 3.0it/s 2:36<10.7s
[K        4/4      6.16G     0.6164     0.3004     0.7913          0   0.006991  0.0001313   0.001105     0.1531     0.2619          0          0          0          0          0          0          0          0          0          0          0          0          0          0   0.001105      2.422       2.42          0          0      2.847     0.4747     0.5282    0.05758     0.5046     0.5083        177        256: 93% ━━━━━━━━━━━─ 428/459 2.7it/s 2:37<11.6s
[K        4/4      6.16G     0.6164     0.3005     0.7912          0   0.006991  0.0001312   0.001104     0.1531     0.2618          0          0          0          0          0          0          0          0          0          0          0          0          0          0   0.001104      2.421       2.42          0          0      2.851     0.4747     0.5282    0.05758     0.5045     0.5083         56        256: 93% ━━━━━━━━━━━─ 429/459 3.0it/s 2:37<10.0s
[K        4/4      6.16G     0.6161     0.3004     0.7913          0    0.00699  0.0001315   0.001105     0.1531     0.2617          0          0          0          0          0          0          0          0          0          0          0          0          0          0   0.001105      2.422       2.42          0          0      2.852     0.4747     0.5282    0.05758     0.5045     0.5083         56        256: 94% ━━━━━━━━━━━─ 430/459 2.7it/s 2:38<10.8s
[K        4/4      6.16G      0.616     0.3003     0.7912          0    0.00699  0.0001313   0.001104     0.1531     0.2617          0          0          0          0          0          0          0          0          0          0          0          0          0          0   0.001104      2.422       2.42          0          0      2.851     0.4747     0.5282    0.05758     0.5046     0.5083         63        256: 94% ━━━━━━━━━━━─ 431/459 3.0it/s 2:38<9.3s
[K        4/4      6.16G     0.6164     0.3005     0.7912          0    0.00699  0.0001314   0.001104     0.1531     0.2617          0          0          0          0          0          0          0          0          0          0          0          0          0          0   0.001104      2.421       2.42          0          0      2.851     0.4747     0.5282    0.05758     0.5045     0.5083         77        256: 94% ━━━━━━━━━━━─ 432/459 2.7it/s 2:38<10.1s
[K        4/4      6.16G     0.6165     0.3005     0.7911          0   0.006989  0.0001315   0.001104     0.1531     0.2618          0          0          0          0          0          0          0          0          0          0          0          0          0          0   0.001104      2.422       2.42          0          0      2.852     0.4747     0.5282    0.05758     0.5046     0.5083         61        256: 94% ━━━━━━━━━━━─ 433/459 3.0it/s 2:39<8.7s
[K        4/4      6.16G     0.6163     0.3004     0.7911          0   0.006989  0.0001318   0.001104     0.1531     0.2617          0          0          0          0          0          0          0          0          0          0          0          0          0          0   0.001104      2.422       2.42          0          0       2.85     0.4747     0.5282    0.05758     0.5047     0.5083         45        256: 95% ━━━━━━━━━━━─ 434/459 2.7it/s 2:39<9.3s
[K        4/4      6.16G      0.616     0.3003     0.7911          0    0.00699  0.0001319   0.001104     0.1531     0.2617          0          0          0          0          0          0          0          0          0          0          0          0          0          0   0.001104      2.422       2.42          0          0       2.85     0.4747     0.5282    0.05758     0.5046     0.5083         49        256: 95% ━━━━━━━━━━━─ 435/459 3.0it/s 2:40<8.0s
[K        4/4      6.16G     0.6158     0.3003     0.7911          0    0.00699  0.0001319   0.001104     0.1531     0.2618          0          0          0          0          0          0          0          0          0          0          0          0          0          0   0.001104      2.421       2.42          0          0      2.851     0.4747     0.5282    0.05758     0.5046     0.5083         63        256: 95% ━━━━━━━━━━━─ 436/459 2.7it/s 2:40<8.6s
[K        4/4      6.16G     0.6156     0.3003     0.7911          0    0.00699  0.0001318   0.001105     0.1531     0.2618          0          0          0          0          0          0          0          0          0          0          0          0          0          0   0.001105      2.422       2.42          0          0      2.848     0.4747     0.5282    0.05758     0.5046     0.5083         89        256: 95% ━━━━━━━━━━━─ 437/459 3.0it/s 2:40<7.3s
[K        4/4      6.16G     0.6159     0.3004     0.7911          0   0.006989  0.0001317   0.001106     0.1531     0.2618          0          0          0          0          0          0          0          0          0          0          0          0          0          0   0.001106      2.422      2.421          0          0      2.846     0.4747     0.5282    0.05758     0.5047     0.5083        124        256: 95% ━━━━━━━━━━━─ 438/459 2.7it/s 2:41<7.8s
[K        4/4      6.16G     0.6155     0.3003     0.7911          0   0.006989  0.0001316   0.001106     0.1531     0.2618          0          0          0          0          0          0          0          0          0          0          0          0          0          0   0.001106      2.422      2.421          0          0      2.845     0.4747     0.5282    0.05758     0.5047     0.5083         61        256: 96% ━━━━━━━━━━━─ 439/459 3.0it/s 2:41<6.7s[ WARN:0@920.486] global grfmt_tiff.cpp:122 TIFF_Warning TIFFReadDirectory: Unknown field with tag 34264 (0x85d8) encountered

[K        4/4      6.16G     0.6158     0.3004     0.7911          0   0.006989  0.0001314   0.001106     0.1531     0.2619          0          0          0          0          0          0          0          0          0          0          0          0          0          0   0.001106      2.422      2.421          0          0      2.849     0.4747     0.5282    0.05757     0.5046     0.5083         72        256: 96% ━━━━━━━━━━━╸ 440/459 2.7it/s 2:42<7.1s
[K        4/4      6.16G     0.6155     0.3002     0.7911          0   0.006989  0.0001314   0.001105     0.1531     0.2618          0          0          0          0          0          0          0          0          0          0          0          0          0          0   0.001105      2.422      2.421          0          0      2.848     0.4747     0.5282    0.05758     0.5047     0.5083         49        256: 96% ━━━━━━━━━━━╸ 441/459 3.0it/s 2:42<6.0s
[K        4/4      6.16G     0.6154     0.3002     0.7912          0   0.006989  0.0001314   0.001106     0.1531     0.2618          0          0          0          0          0          0          0          0          0          0          0          0          0          0   0.001106      2.422      2.421          0          0      2.846     0.4746     0.5282    0.05758     0.5047     0.5083         82        256: 96% ━━━━━━━━━━━╸ 442/459 2.7it/s 2:42<6.4s
[K        4/4      6.16G     0.6156     0.3002     0.7912          0   0.006989  0.0001312   0.001106     0.1531     0.2619          0          0          0          0          0          0          0          0          0          0          0          0          0          0   0.001106      2.422      2.421          0          0      2.844     0.4746     0.5282    0.05758     0.5048     0.5083         99        256: 97% ━━━━━━━━━━━╸ 443/459 3.0it/s 2:43<5.3s
[K        4/4      6.16G     0.6153     0.3002     0.7912          0   0.006988  0.0001315   0.001106     0.1531     0.2618          0          0          0          0          0          0          0          0          0          0          0          0          0          0   0.001106      2.422      2.421          0          0      2.843     0.4746     0.5282    0.05757     0.5048     0.5083         64        256: 97% ━━━━━━━━━━━╸ 444/459 2.7it/s 2:43<5.5s
[K        4/4      6.16G     0.6159     0.3004     0.7913          0   0.006988  0.0001315   0.001106     0.1531     0.2619          0          0          0          0          0          0          0          0          0          0          0          0          0          0   0.001106      2.422      2.421          0          0      2.845     0.4746     0.5282    0.05757     0.5047     0.5083         89        256: 97% ━━━━━━━━━━━╸ 445/459 3.0it/s 2:43<4.6s
[K        4/4      6.16G     0.6157     0.3003     0.7914          0   0.006987  0.0001317   0.001107     0.1531     0.2619          0          0          0          0          0          0          0          0          0          0          0          0          0          0   0.001107      2.422      2.421          0          0      2.842     0.4746     0.5282    0.05757     0.5048     0.5083         73        256: 97% ━━━━━━━━━━━╸ 446/459 2.7it/s 2:44<4.8s
[K        4/4      6.16G     0.6155     0.3002     0.7913          0   0.006987  0.0001316   0.001106     0.1531     0.2618          0          0          0          0          0          0          0          0          0          0          0          0          0          0   0.001106      2.422      2.421          0          0      2.842     0.4746     0.5282    0.05757     0.5049     0.5083         65        256: 97% ━━━━━━━━━━━╸ 447/459 3.0it/s 2:44<4.0s
[K        4/4      6.16G     0.6151        0.3     0.7915          0   0.006987  0.0001316   0.001106     0.1531     0.2618          0          0          0          0          0          0          0          0          0          0          0          0          0          0   0.001106      2.422      2.421          0          0      2.839     0.4745     0.5282    0.05757      0.505     0.5083         60        256: 98% ━━━━━━━━━━━╸ 448/459 2.7it/s 2:45<4.1s
[K        4/4      6.16G     0.6151        0.3     0.7914          0   0.006987  0.0001315   0.001107     0.1531     0.2618          0          0          0          0          0          0          0          0          0          0          0          0          0          0   0.001107      2.422      2.421          0          0      2.838     0.4745     0.5282    0.05757      0.505     0.5083         96        256: 98% ━━━━━━━━━━━╸ 449/459 3.1it/s 2:45<3.3s
[K        4/4      6.16G     0.6155     0.3001     0.7914          0   0.006987  0.0001319   0.001106     0.1531     0.2618          0          0          0          0          0          0          0          0          0          0          0          0          0          0   0.001106      2.422      2.421          0          0      2.841     0.4745     0.5282    0.05757     0.5049     0.5083         77        256: 98% ━━━━━━━━━━━╸ 450/459 2.7it/s 2:46<3.3s
[K        4/4      6.16G     0.6155     0.3002     0.7914          0   0.006987  0.0001318   0.001107     0.1531     0.2619          0          0          0          0          0          0          0          0          0          0          0          0          0          0   0.001107      2.422      2.421          0          0      2.841     0.4745     0.5282    0.05757      0.505     0.5083         80        256: 98% ━━━━━━━━━━━╸ 451/459 3.0it/s 2:46<2.6s
[K        4/4      6.16G     0.6157     0.3002     0.7914          0   0.006995   0.000132   0.001107     0.1531     0.2619          0          0          0          0          0          0          0          0          0          0          0          0          0          0   0.001107      2.422      2.421          0          0      2.842     0.4745     0.5282    0.05757     0.5049     0.5083         89        256: 98% ━━━━━━━━━━━╸ 452/459 2.7it/s 2:46<2.6s
[K        4/4      6.16G     0.6154     0.3001     0.7914          0   0.006995  0.0001318   0.001107     0.1531      0.262          0          0          0          0          0          0          0          0          0          0          0          0          0          0   0.001107      2.422      2.421          0          0       2.84     0.4745     0.5282    0.05757      0.505     0.5083         52        256: 99% ━━━━━━━━━━━╸ 453/459 3.0it/s 2:47<2.0s
[K        4/4      6.16G     0.6157     0.3002     0.7915          0   0.006995  0.0001318   0.001107     0.1531      0.262          0          0          0          0          0          0          0          0          0          0          0          0          0          0   0.001107      2.422      2.421          0          0      2.841     0.4745     0.5282    0.05757      0.505     0.5083        121        256: 99% ━━━━━━━━━━━╸ 454/459 2.7it/s 2:47<1.9s
[K        4/4      6.16G     0.6159     0.3002     0.7915          0   0.006995  0.0001319   0.001107     0.1531      0.262          0          0          0          0          0          0          0          0          0          0          0          0          0          0   0.001107      2.422      2.421          0          0      2.841     0.4744     0.5282    0.05757      0.505     0.5083         84        256: 99% ━━━━━━━━━━━╸ 455/459 3.0it/s 2:47<1.3s
[K        4/4      6.16G     0.6156     0.3002     0.7915          0   0.006995  0.0001319   0.001106     0.1531     0.2619          0          0          0          0          0          0          0          0          0          0          0          0          0          0   0.001106      2.422      2.421          0          0       2.84     0.4744     0.5282    0.05757      0.505     0.5083         66        256: 99% ━━━━━━━━━━━╸ 456/459 2.4it/s 2:48<1.2s
[K        4/4      6.16G     0.6157     0.3002     0.7915          0   0.006994  0.0001319   0.001107     0.1531      0.262          0          0          0          0          0          0          0          0          0          0          0          0          0          0   0.001107      2.422      2.421          0          0      2.841     0.4744     0.5282    0.05757      0.505     0.5083         53        256: 100% ━━━━━━━━━━━╸ 457/459 2.7it/s 2:48<0.7s
[K        4/4      6.16G      0.616     0.3003     0.7916          0   0.006994   0.000133   0.001106     0.1531      0.262          0          0          0          0          0          0          0          0          0          0          0          0          0          0   0.001106      2.422      2.421          0          0      2.844     0.4744     0.5282    0.05757     0.5048     0.5083         25        256: 100% ━━━━━━━━━━━╸ 458/459 2.6it/s 2:49<0.4s
[K        4/4      6.16G      0.616     0.3003     0.7916          0   0.006994   0.000133   0.001106     0.1531      0.262          0          0          0          0          0          0          0          0          0          0          0          0          0          0   0.001106      2.422      2.421          0          0      2.844     0.4744     0.5282    0.05757     0.5048     0.5083         25        256: 100% ━━━━━━━━━━━━ 459/459 2.7it/s 2:49

[K                 Class     Images  Instances      Box(P          R      mAP50  mAP50-95): 2% ──────────── 1/58 2.6s/it 0.8s<2:27
[K                 Class     Images  Instances      Box(P          R      mAP50  mAP50-95): 3% ──────────── 2/58 1.4s/it 1.5s<1:20
[K                 Class     Images  Instances      Box(P          R      mAP50  mAP50-95): 5% ╸─────────── 3/58 1.1s/it 2.3s<1:03
[K                 Class     Images  Instances      Box(P          R      mAP50  mAP50-95): 7% ╸─────────── 4/58 1.1it/s 2.9s<50.8s
[K                 Class     Images  Instances      Box(P          R      mAP50  mAP50-95): 9% ━─────────── 5/58 1.2it/s 3.7s<45.8s
[K                 Class     Images  Instances      Box(P          R      mAP50  mAP50-95): 10% ━─────────── 6/58 1.2it/s 4.4s<43.0s
[K                 Class     Images  Instances      Box(P          R      mAP50  mAP50-95): 12% ━─────────── 7/58 1.3it/s 5.1s<39.5s
[K                 Class     Images  Instances      Box(P          R      mAP50  mAP50-95): 14% ━╸────────── 8/58 1.3it/s 5.9s<38.8s
[K                 Class     Images  Instances      Box(P          R      mAP50  mAP50-95): 16% ━╸────────── 9/58 1.3it/s 6.6s<37.0s
[K                 Class     Images  Instances      Box(P          R      mAP50  mAP50-95): 17% ━━────────── 10/58 1.4it/s 7.3s<35.3s
[K                 Class     Images  Instances      Box(P          R      mAP50  mAP50-95): 19% ━━────────── 11/58 1.4it/s 8.0s<34.3s
[K                 Class     Images  Instances      Box(P          R      mAP50  mAP50-95): 21% ━━────────── 12/58 1.4it/s 8.7s<33.7s
[K                 Class     Images  Instances      Box(P          R      mAP50  mAP50-95): 22% ━━╸───────── 13/58 1.4it/s 9.4s<32.9s
[K                 Class     Images  Instances      Box(P          R      mAP50  mAP50-95): 24% ━━╸───────── 14/58 1.4it/s 10.2s<32.5s
[K                 Class     Images  Instances      Box(P          R      mAP50  mAP50-95): 26% ━━━───────── 15/58 1.4it/s 10.9s<30.8s
[K                 Class     Images  Instances      Box(P          R      mAP50  mAP50-95): 28% ━━━───────── 16/58 1.4it/s 11.6s<30.7s
[K                 Class     Images  Instances      Box(P          R      mAP50  mAP50-95): 29% ━━━╸──────── 17/58 1.4it/s 12.4s<29.9s
[K                 Class     Images  Instances      Box(P          R      mAP50  mAP50-95): 31% ━━━╸──────── 18/58 1.4it/s 13.1s<29.6s
[K                 Class     Images  Instances      Box(P          R      mAP50  mAP50-95): 33% ━━━╸──────── 19/58 1.4it/s 13.9s<28.7s
[K                 Class     Images  Instances      Box(P          R      mAP50  mAP50-95): 34% ━━━━──────── 20/58 1.4it/s 14.6s<27.8s
[K                 Class     Images  Instances      Box(P          R      mAP50  mAP50-95): 36% ━━━━──────── 21/58 1.4it/s 15.3s<27.0s
[K                 Class     Images  Instances      Box(P          R      mAP50  mAP50-95): 38% ━━━━╸─────── 22/58 1.4it/s 16.0s<26.0s
[K                 Class     Images  Instances      Box(P          R      mAP50  mAP50-95): 40% ━━━━╸─────── 23/58 1.4it/s 16.8s<25.5s
[K                 Class     Images  Instances      Box(P          R      mAP50  mAP50-95): 41% ━━━━╸─────── 24/58 1.4it/s 17.5s<25.0s
[K                 Class     Images  Instances      Box(P          R      mAP50  mAP50-95): 43% ━━━━━─────── 25/58 1.3it/s 18.3s<24.9s
[K                 Class     Images  Instances      Box(P          R      mAP50  mAP50-95): 45% ━━━━━─────── 26/58 1.4it/s 19.0s<23.6s
[K                 Class     Images  Instances      Box(P          R      mAP50  mAP50-95): 47% ━━━━━╸────── 27/58 1.3it/s 19.8s<23.7s
[K                 Class     Images  Instances      Box(P          R      mAP50  mAP50-95): 48% ━━━━━╸────── 28/58 1.3it/s 20.6s<23.0s
[K                 Class     Images  Instances      Box(P          R      mAP50  mAP50-95): 50% ━━━━━━────── 29/58 1.3it/s 21.4s<22.0s
[K                 Class     Images  Instances      Box(P          R      mAP50  mAP50-95): 52% ━━━━━━────── 30/58 1.3it/s 22.1s<21.5s
[K                 Class     Images  Instances      Box(P          R      mAP50  mAP50-95): 53% ━━━━━━────── 31/58 1.3it/s 22.9s<20.3s
[K                 Class     Images  Instances      Box(P          R      mAP50  mAP50-95): 55% ━━━━━━╸───── 32/58 1.3it/s 23.6s<19.8s
[K                 Class     Images  Instances      Box(P          R      mAP50  mAP50-95): 57% ━━━━━━╸───── 33/58 1.3it/s 24.4s<18.6s
[K                 Class     Images  Instances      Box(P          R      mAP50  mAP50-95): 59% ━━━━━━━───── 34/58 1.3it/s 25.1s<18.1s
[K                 Class     Images  Instances      Box(P          R      mAP50  mAP50-95): 60% ━━━━━━━───── 35/58 1.3it/s 25.9s<17.1s
[K                 Class     Images  Instances      Box(P          R      mAP50  mAP50-95): 62% ━━━━━━━───── 36/58 1.4it/s 26.6s<16.2s
[K                 Class     Images  Instances      Box(P          R      mAP50  mAP50-95): 64% ━━━━━━━╸──── 37/58 1.3it/s 27.3s<15.7s
[K                 Class     Images  Instances      Box(P          R      mAP50  mAP50-95): 66% ━━━━━━━╸──── 38/58 1.4it/s 28.0s<14.4s
[K                 Class     Images  Instances      Box(P          R      mAP50  mAP50-95): 67% ━━━━━━━━──── 39/58 1.4it/s 28.8s<13.8s
[K                 Class     Images  Instances      Box(P          R      mAP50  mAP50-95): 69% ━━━━━━━━──── 40/58 1.4it/s 29.5s<13.2s
[K                 Class     Images  Instances      Box(P          R      mAP50  mAP50-95): 71% ━━━━━━━━──── 41/58 1.3it/s 30.3s<12.7s
[K                 Class     Images  Instances      Box(P          R      mAP50  mAP50-95): 72% ━━━━━━━━╸─── 42/58 1.4it/s 31.0s<11.8s
[K                 Class     Images  Instances      Box(P          R      mAP50  mAP50-95): 74% ━━━━━━━━╸─── 43/58 1.4it/s 31.7s<10.7s
[K                 Class     Images  Instances      Box(P          R      mAP50  mAP50-95): 76% ━━━━━━━━━─── 44/58 1.4it/s 32.4s<10.2s
[K                 Class     Images  Instances      Box(P          R      mAP50  mAP50-95): 78% ━━━━━━━━━─── 45/58 1.4it/s 33.2s<9.4s
[K                 Class     Images  Instances      Box(P          R      mAP50  mAP50-95): 79% ━━━━━━━━━╸── 46/58 1.4it/s 33.9s<8.9s
[K                 Class     Images  Instances      Box(P          R      mAP50  mAP50-95): 81% ━━━━━━━━━╸── 47/58 1.4it/s 34.6s<8.1s
[K                 Class     Images  Instances      Box(P          R      mAP50  mAP50-95): 83% ━━━━━━━━━╸── 48/58 1.4it/s 35.3s<7.2s
[K                 Class     Images  Instances      Box(P          R      mAP50  mAP50-95): 84% ━━━━━━━━━━── 49/58 1.4it/s 36.1s<6.5s
[K                 Class     Images  Instances      Box(P          R      mAP50  mAP50-95): 86% ━━━━━━━━━━── 50/58 1.4it/s 36.8s<5.8s
[K                 Class     Images  Instances      Box(P          R      mAP50  mAP50-95): 88% ━━━━━━━━━━╸─ 51/58 1.4it/s 37.5s<4.9s
[K                 Class     Images  Instances      Box(P          R      mAP50  mAP50-95): 90% ━━━━━━━━━━╸─ 52/58 1.4it/s 38.2s<4.4s
[K                 Class     Images  Instances      Box(P          R      mAP50  mAP50-95): 91% ━━━━━━━━━━╸─ 53/58 1.4it/s 39.0s<3.6s
[K                 Class     Images  Instances      Box(P          R      mAP50  mAP50-95): 93% ━━━━━━━━━━━─ 54/58 1.4it/s 39.7s<2.9s
[K                 Class     Images  Instances      Box(P          R      mAP50  mAP50-95): 95% ━━━━━━━━━━━─ 55/58 1.4it/s 40.4s<2.2s
[K                 Class     Images  Instances      Box(P          R      mAP50  mAP50-95): 97% ━━━━━━━━━━━╸ 56/58 1.4it/s 41.1s<1.4s
[K                 Class     Images  Instances      Box(P          R      mAP50  mAP50-95): 98% ━━━━━━━━━━━╸ 57/58 1.4it/s 41.8s<0.7s
[K                 Class     Images  Instances      Box(P          R      mAP50  mAP50-95): 100% ━━━━━━━━━━━━ 58/58 1.4it/s 42.2s
                   all       3667       9614      0.941      0.896      0.932      0.642

4 epochs completed in 0.265 hours.
Optimizer stripped from /root/autodl-tmp/LADD_public/runs_public/ogsod/hbb/formal_nomosaic_20260528/ladd/yolo11m/cap2/ladd_hbb_ogsod11m_formal_nomosaic_yolo11m_cap2_s0_fix_m_s0_a2lr3e4_short4_b1_autodl_retry1_a2_e4_b32_s0_gpu0/weights/last.pt, 90.3MB
Optimizer stripped from /root/autodl-tmp/LADD_public/runs_public/ogsod/hbb/formal_nomosaic_20260528/ladd/yolo11m/cap2/ladd_hbb_ogsod11m_formal_nomosaic_yolo11m_cap2_s0_fix_m_s0_a2lr3e4_short4_b1_autodl_retry1_a2_e4_b32_s0_gpu0/weights/best.pt, 90.3MB

Validating /root/autodl-tmp/LADD_public/runs_public/ogsod/hbb/formal_nomosaic_20260528/ladd/yolo11m/cap2/ladd_hbb_ogsod11m_formal_nomosaic_yolo11m_cap2_s0_fix_m_s0_a2lr3e4_short4_b1_autodl_retry1_a2_e4_b32_s0_gpu0/weights/best.pt...
Ultralytics 8.4.30 🚀 Python-3.12.3 torch-2.7.0+cu128 CUDA:0 (NVIDIA GeForce RTX 4090 D, 24092MiB)
YOLO11m summary: 297 layers, 44,861,288 parameters, 0 gradients, 82.8 GFLOPs

[K                 Class     Images  Instances      Box(P          R      mAP50  mAP50-95): 2% ──────────── 1/58 3.7s/it 1.1s<3:30
[K                 Class     Images  Instances      Box(P          R      mAP50  mAP50-95): 3% ──────────── 2/58 2.2s/it 2.2s<2:01
[K                 Class     Images  Instances      Box(P          R      mAP50  mAP50-95): 5% ╸─────────── 3/58 1.8s/it 3.5s<1:38
[K                 Class     Images  Instances      Box(P          R      mAP50  mAP50-95): 7% ╸─────────── 4/58 1.5s/it 4.6s<1:21
[K                 Class     Images  Instances      Box(P          R      mAP50  mAP50-95): 9% ━─────────── 5/58 1.4s/it 5.7s<1:12
[K                 Class     Images  Instances      Box(P          R      mAP50  mAP50-95): 10% ━─────────── 6/58 1.2s/it 6.7s<1:05
[K                 Class     Images  Instances      Box(P          R      mAP50  mAP50-95): 12% ━─────────── 7/58 1.2s/it 7.8s<1:01
[K                 Class     Images  Instances      Box(P          R      mAP50  mAP50-95): 14% ━╸────────── 8/58 1.2s/it 9.0s<58.8s
[K                 Class     Images  Instances      Box(P          R      mAP50  mAP50-95): 16% ━╸────────── 9/58 1.1s/it 10.0s<55.8s
[K                 Class     Images  Instances      Box(P          R      mAP50  mAP50-95): 17% ━━────────── 10/58 1.1s/it 11.1s<53.5s
[K                 Class     Images  Instances      Box(P          R      mAP50  mAP50-95): 19% ━━────────── 11/58 1.1s/it 12.2s<52.8s
[K                 Class     Images  Instances      Box(P          R      mAP50  mAP50-95): 21% ━━────────── 12/58 1.1s/it 13.4s<51.9s
[K                 Class     Images  Instances      Box(P          R      mAP50  mAP50-95): 22% ━━╸───────── 13/58 1.1s/it 14.4s<50.0s
[K                 Class     Images  Instances      Box(P          R      mAP50  mAP50-95): 24% ━━╸───────── 14/58 1.1s/it 15.5s<48.3s
[K                 Class     Images  Instances      Box(P          R      mAP50  mAP50-95): 26% ━━━───────── 15/58 1.1s/it 16.6s<46.8s
[K                 Class     Images  Instances      Box(P          R      mAP50  mAP50-95): 28% ━━━───────── 16/58 1.1s/it 17.7s<46.3s
[K                 Class     Images  Instances      Box(P          R      mAP50  mAP50-95): 29% ━━━╸──────── 17/58 1.1s/it 18.8s<45.2s
[K                 Class     Images  Instances      Box(P          R      mAP50  mAP50-95): 31% ━━━╸──────── 18/58 1.1s/it 19.9s<43.8s
[K                 Class     Images  Instances      Box(P          R      mAP50  mAP50-95): 33% ━━━╸──────── 19/58 1.1s/it 21.0s<43.0s
[K                 Class     Images  Instances      Box(P          R      mAP50  mAP50-95): 34% ━━━━──────── 20/58 1.1s/it 22.1s<41.5s
[K                 Class     Images  Instances      Box(P          R      mAP50  mAP50-95): 36% ━━━━──────── 21/58 1.1s/it 23.1s<40.1s
[K                 Class     Images  Instances      Box(P          R      mAP50  mAP50-95): 38% ━━━━╸─────── 22/58 1.1s/it 24.2s<39.0s
[K                 Class     Images  Instances      Box(P          R      mAP50  mAP50-95): 40% ━━━━╸─────── 23/58 1.1s/it 25.3s<37.5s
[K                 Class     Images  Instances      Box(P          R      mAP50  mAP50-95): 41% ━━━━╸─────── 24/58 1.1s/it 26.4s<36.9s
[K                 Class     Images  Instances      Box(P          R      mAP50  mAP50-95): 43% ━━━━━─────── 25/58 1.1s/it 27.6s<36.7s
[K                 Class     Images  Instances      Box(P          R      mAP50  mAP50-95): 45% ━━━━━─────── 26/58 1.1s/it 28.6s<35.2s
[K                 Class     Images  Instances      Box(P          R      mAP50  mAP50-95): 47% ━━━━━╸────── 27/58 1.1s/it 29.8s<34.9s
[K                 Class     Images  Instances      Box(P          R      mAP50  mAP50-95): 48% ━━━━━╸────── 28/58 1.1s/it 31.0s<33.7s
[K                 Class     Images  Instances      Box(P          R      mAP50  mAP50-95): 50% ━━━━━━────── 29/58 1.1s/it 32.0s<32.1s
[K                 Class     Images  Instances      Box(P          R      mAP50  mAP50-95): 52% ━━━━━━────── 30/58 1.1s/it 33.1s<31.0s
[K                 Class     Images  Instances      Box(P          R      mAP50  mAP50-95): 53% ━━━━━━────── 31/58 1.1s/it 34.3s<30.6s
[K                 Class     Images  Instances      Box(P          R      mAP50  mAP50-95): 55% ━━━━━━╸───── 32/58 1.1s/it 35.4s<29.0s
[K                 Class     Images  Instances      Box(P          R      mAP50  mAP50-95): 57% ━━━━━━╸───── 33/58 1.1s/it 36.5s<27.5s
[K                 Class     Images  Instances      Box(P          R      mAP50  mAP50-95): 59% ━━━━━━━───── 34/58 1.1s/it 37.6s<26.3s
[K                 Class     Images  Instances      Box(P          R      mAP50  mAP50-95): 60% ━━━━━━━───── 35/58 1.1s/it 38.6s<24.8s
[K                 Class     Images  Instances      Box(P          R      mAP50  mAP50-95): 62% ━━━━━━━───── 36/58 1.1s/it 39.7s<23.9s
[K                 Class     Images  Instances      Box(P          R      mAP50  mAP50-95): 64% ━━━━━━━╸──── 37/58 1.1s/it 40.7s<22.5s
[K                 Class     Images  Instances      Box(P          R      mAP50  mAP50-95): 66% ━━━━━━━╸──── 38/58 1.1s/it 41.9s<21.8s
[K                 Class     Images  Instances      Box(P          R      mAP50  mAP50-95): 67% ━━━━━━━━──── 39/58 1.1s/it 42.9s<20.4s
[K                 Class     Images  Instances      Box(P          R      mAP50  mAP50-95): 69% ━━━━━━━━──── 40/58 1.1s/it 44.0s<19.6s
[K                 Class     Images  Instances      Box(P          R      mAP50  mAP50-95): 71% ━━━━━━━━──── 41/58 1.1s/it 45.2s<18.7s
[K                 Class     Images  Instances      Box(P          R      mAP50  mAP50-95): 72% ━━━━━━━━╸─── 42/58 1.1s/it 46.2s<17.4s
[K                 Class     Images  Instances      Box(P          R      mAP50  mAP50-95): 74% ━━━━━━━━╸─── 43/58 1.1s/it 47.3s<16.2s
[K                 Class     Images  Instances      Box(P          R      mAP50  mAP50-95): 76% ━━━━━━━━━─── 44/58 1.1s/it 48.4s<15.1s
[K                 Class     Images  Instances      Box(P          R      mAP50  mAP50-95): 78% ━━━━━━━━━─── 45/58 1.1s/it 49.4s<14.1s
[K                 Class     Images  Instances      Box(P          R      mAP50  mAP50-95): 79% ━━━━━━━━━╸── 46/58 1.1s/it 50.6s<13.1s
[K                 Class     Images  Instances      Box(P          R      mAP50  mAP50-95): 81% ━━━━━━━━━╸── 47/58 1.1s/it 51.6s<11.7s
[K                 Class     Images  Instances      Box(P          R      mAP50  mAP50-95): 83% ━━━━━━━━━╸── 48/58 1.1s/it 52.7s<10.7s
[K                 Class     Images  Instances      Box(P          R      mAP50  mAP50-95): 84% ━━━━━━━━━━── 49/58 1.0s/it 53.7s<9.4s
[K                 Class     Images  Instances      Box(P          R      mAP50  mAP50-95): 86% ━━━━━━━━━━── 50/58 1.1s/it 54.7s<8.4s
[K                 Class     Images  Instances      Box(P          R      mAP50  mAP50-95): 88% ━━━━━━━━━━╸─ 51/58 1.1s/it 55.8s<7.4s
[K                 Class     Images  Instances      Box(P          R      mAP50  mAP50-95): 90% ━━━━━━━━━━╸─ 52/58 1.1s/it 56.8s<6.3s
[K                 Class     Images  Instances      Box(P          R      mAP50  mAP50-95): 91% ━━━━━━━━━━╸─ 53/58 1.1s/it 57.9s<5.3s
[K                 Class     Images  Instances      Box(P          R      mAP50  mAP50-95): 93% ━━━━━━━━━━━─ 54/58 1.1s/it 59.0s<4.2s
[K                 Class     Images  Instances      Box(P          R      mAP50  mAP50-95): 95% ━━━━━━━━━━━─ 55/58 1.1s/it 1:00<3.2s
[K                 Class     Images  Instances      Box(P          R      mAP50  mAP50-95): 97% ━━━━━━━━━━━╸ 56/58 1.1s/it 1:01<2.1s
[K                 Class     Images  Instances      Box(P          R      mAP50  mAP50-95): 98% ━━━━━━━━━━━╸ 57/58 1.1s/it 1:02<1.1s
[K                 Class     Images  Instances      Box(P          R      mAP50  mAP50-95): 100% ━━━━━━━━━━━━ 58/58 1.1s/it 1:03
                   all       3667       9614      0.942      0.896      0.932      0.642
                bridge       3315       6389      0.958      0.938      0.972      0.641
                harbor        331        803      0.996      0.995      0.995      0.933
          storage_tank        153       2422       0.87      0.755      0.829      0.352
Speed: 0.1ms preprocess, 0.7ms inference, 0.0ms loss, 3.0ms postprocess per image
Results saved to [1m/root/autodl-tmp/LADD_public/runs_public/ogsod/hbb/formal_nomosaic_20260528/ladd/yolo11m/cap2/ladd_hbb_ogsod11m_formal_nomosaic_yolo11m_cap2_s0_fix_m_s0_a2lr3e4_short4_b1_autodl_retry1_a2_e4_b32_s0_gpu0[0m
