### logs/formal_nomosaic_20260528/ladd/formal_nomosaic_yolo11m_cap2_s0_diag_a2damage_m_s0_a2detonly_b1_retry1_gpu1/a1/a1.log
Freezing layer 'model.23.dfl.conv.weight'
[34m[1moptimizer:[0m 'optimizer=auto' found, ignoring 'lr0=0.01' and 'momentum=0.937' and determining best 'optimizer', 'lr0' and 'momentum' automatically... 
[34m[1moptimizer:[0m AdamW(lr=0.001429, momentum=0.9) with parameter groups 151 weight(decay=0.0), 194 weight(decay=0.0005), 193 bias(decay=0.0)
ladd_phase_diag phase=a1 trainable_params=14191628/44884264 bn_eval=0/106 freeze_bn_stats=False freeze_bn_after_epoch=-1 ladd_assert_phase_freeze=True alpha_kd=1.0 effective_alpha_kd=1.0 kd_multiplier=1.0 ladd_kd_decay_mode=none ladd_kd_decay_start_epoch=-1 ladd_kd_decay_end_epoch=-1 ladd_kd_final_mult=1.0 ladd_kd_stop_after_epoch=-1 ladd_b_det_only=False ladd_a2_det_only=True ladd_diag_log_grad=False ladd_grad_clip=ULTRALYTICS_DEFAULT ladd_grad_clip_norm=0.0 effective_grad_clip_norm=10.0
Starting training for 10 epochs...
Validating /root/shared-nvme/LADD_public/runs_public/ogsod/hbb/formal_nomosaic_20260528/ladd/yolo11m/cap2/ladd_hbb_ogsod11m_formal_nomosaic_yolo11m_cap2_s0_diag_a2damage_m_s0_a2detonly_b1_retry1_a1_e10_b32_s0_gpu1/weights/best.pt...
Results saved to [1m/root/shared-nvme/LADD_public/runs_public/ogsod/hbb/formal_nomosaic_20260528/ladd/yolo11m/cap2/ladd_hbb_ogsod11m_formal_nomosaic_yolo11m_cap2_s0_diag_a2damage_m_s0_a2detonly_b1_retry1_a1_e10_b32_s0_gpu1[0m
[K                 Class     Images  Instances      Box(P          R      mAP50  mAP50-95): 91% ━━━━━━━━━━╸─ 53/58 4.1it/s 12.4s<1.2s
[K                 Class     Images  Instances      Box(P          R      mAP50  mAP50-95): 93% ━━━━━━━━━━━─ 54/58 4.1it/s 12.6s<1.0s
[K                 Class     Images  Instances      Box(P          R      mAP50  mAP50-95): 95% ━━━━━━━━━━━─ 55/58 4.2it/s 12.9s<0.7s
[K                 Class     Images  Instances      Box(P          R      mAP50  mAP50-95): 97% ━━━━━━━━━━━╸ 56/58 4.2it/s 13.1s<0.5s
[K                 Class     Images  Instances      Box(P          R      mAP50  mAP50-95): 98% ━━━━━━━━━━━╸ 57/58 4.1it/s 13.4s<0.2s
[K                 Class     Images  Instances      Box(P          R      mAP50  mAP50-95): 100% ━━━━━━━━━━━━ 58/58 4.3it/s 13.5s
                   all       3667       9614      0.943      0.903      0.935      0.655

10 epochs completed in 0.218 hours.
Optimizer stripped from /root/shared-nvme/LADD_public/runs_public/ogsod/hbb/formal_nomosaic_20260528/ladd/yolo11m/cap2/ladd_hbb_ogsod11m_formal_nomosaic_yolo11m_cap2_s0_diag_a2damage_m_s0_a2detonly_b1_retry1_a1_e10_b32_s0_gpu1/weights/last.pt, 90.3MB
Optimizer stripped from /root/shared-nvme/LADD_public/runs_public/ogsod/hbb/formal_nomosaic_20260528/ladd/yolo11m/cap2/ladd_hbb_ogsod11m_formal_nomosaic_yolo11m_cap2_s0_diag_a2damage_m_s0_a2detonly_b1_retry1_a1_e10_b32_s0_gpu1/weights/best.pt, 90.3MB
Ultralytics 8.4.30 🚀 Python-3.12.3 torch-2.7.0a0+7c8ec84dab.nv25.03 CUDA:1 (NVIDIA GeForce RTX 4090, 24081MiB)
YOLO11m summary: 297 layers, 44,861,288 parameters, 0 gradients, 82.8 GFLOPs
[K                 Class     Images  Instances      Box(P          R      mAP50  mAP50-95): 2% ──────────── 1/58 1.3s/it 0.4s<1:12
[K                 Class     Images  Instances      Box(P          R      mAP50  mAP50-95): 3% ──────────── 2/58 1.2it/s 0.8s<45.8s
[K                 Class     Images  Instances      Box(P          R      mAP50  mAP50-95): 5% ╸─────────── 3/58 1.5it/s 1.3s<36.4s
[K                 Class     Images  Instances      Box(P          R      mAP50  mAP50-95): 7% ╸─────────── 4/58 1.8it/s 1.7s<30.3s
[K                 Class     Images  Instances      Box(P          R      mAP50  mAP50-95): 9% ━─────────── 5/58 2.1it/s 2.1s<25.3s
[K                 Class     Images  Instances      Box(P          R      mAP50  mAP50-95): 10% ━─────────── 6/58 2.3it/s 2.4s<22.2s
[K                 Class     Images  Instances      Box(P          R      mAP50  mAP50-95): 12% ━─────────── 7/58 2.5it/s 2.7s<20.3s
[K                 Class     Images  Instances      Box(P          R      mAP50  mAP50-95): 14% ━╸────────── 8/58 2.6it/s 3.1s<19.6s
[K                 Class     Images  Instances      Box(P          R      mAP50  mAP50-95): 16% ━╸────────── 9/58 2.7it/s 3.5s<18.5s
[K                 Class     Images  Instances      Box(P          R      mAP50  mAP50-95): 17% ━━────────── 10/58 2.7it/s 3.8s<17.9s
[K                 Class     Images  Instances      Box(P          R      mAP50  mAP50-95): 19% ━━────────── 11/58 2.7it/s 4.2s<17.3s
[K                 Class     Images  Instances      Box(P          R      mAP50  mAP50-95): 21% ━━────────── 12/58 2.8it/s 4.5s<16.6s
[K                 Class     Images  Instances      Box(P          R      mAP50  mAP50-95): 22% ━━╸───────── 13/58 2.8it/s 4.9s<16.2s
[K                 Class     Images  Instances      Box(P          R      mAP50  mAP50-95): 24% ━━╸───────── 14/58 2.8it/s 5.2s<15.7s
[K                 Class     Images  Instances      Box(P          R      mAP50  mAP50-95): 26% ━━━───────── 15/58 2.9it/s 5.6s<15.1s
[K                 Class     Images  Instances      Box(P          R      mAP50  mAP50-95): 28% ━━━───────── 16/58 2.9it/s 5.9s<14.6s
[K                 Class     Images  Instances      Box(P          R      mAP50  mAP50-95): 29% ━━━╸──────── 17/58 2.8it/s 6.3s<14.5s
[K                 Class     Images  Instances      Box(P          R      mAP50  mAP50-95): 31% ━━━╸──────── 18/58 2.8it/s 6.6s<14.1s
[K                 Class     Images  Instances      Box(P          R      mAP50  mAP50-95): 33% ━━━╸──────── 19/58 2.9it/s 7.0s<13.4s
[K                 Class     Images  Instances      Box(P          R      mAP50  mAP50-95): 34% ━━━━──────── 20/58 2.9it/s 7.3s<13.1s
[K                 Class     Images  Instances      Box(P          R      mAP50  mAP50-95): 36% ━━━━──────── 21/58 2.9it/s 7.7s<12.8s
[K                 Class     Images  Instances      Box(P          R      mAP50  mAP50-95): 38% ━━━━╸─────── 22/58 2.9it/s 8.0s<12.4s
[K                 Class     Images  Instances      Box(P          R      mAP50  mAP50-95): 40% ━━━━╸─────── 23/58 2.9it/s 8.4s<12.2s
[K                 Class     Images  Instances      Box(P          R      mAP50  mAP50-95): 41% ━━━━╸─────── 24/58 2.9it/s 8.7s<11.7s
[K                 Class     Images  Instances      Box(P          R      mAP50  mAP50-95): 43% ━━━━━─────── 25/58 2.9it/s 9.0s<11.5s
[K                 Class     Images  Instances      Box(P          R      mAP50  mAP50-95): 45% ━━━━━─────── 26/58 2.9it/s 9.4s<11.1s
[K                 Class     Images  Instances      Box(P          R      mAP50  mAP50-95): 47% ━━━━━╸────── 27/58 2.9it/s 9.7s<10.7s
[K                 Class     Images  Instances      Box(P          R      mAP50  mAP50-95): 48% ━━━━━╸────── 28/58 2.8it/s 10.1s<10.6s
[K                 Class     Images  Instances      Box(P          R      mAP50  mAP50-95): 50% ━━━━━━────── 29/58 2.9it/s 10.5s<10.2s
[K                 Class     Images  Instances      Box(P          R      mAP50  mAP50-95): 52% ━━━━━━────── 30/58 2.8it/s 10.8s<10.0s
[K                 Class     Images  Instances      Box(P          R      mAP50  mAP50-95): 53% ━━━━━━────── 31/58 2.8it/s 11.2s<9.7s
[K                 Class     Images  Instances      Box(P          R      mAP50  mAP50-95): 55% ━━━━━━╸───── 32/58 2.8it/s 11.5s<9.3s
[K                 Class     Images  Instances      Box(P          R      mAP50  mAP50-95): 57% ━━━━━━╸───── 33/58 2.8it/s 11.9s<9.1s
[K                 Class     Images  Instances      Box(P          R      mAP50  mAP50-95): 59% ━━━━━━━───── 34/58 2.8it/s 12.3s<8.7s
[K                 Class     Images  Instances      Box(P          R      mAP50  mAP50-95): 60% ━━━━━━━───── 35/58 2.8it/s 12.6s<8.3s
[K                 Class     Images  Instances      Box(P          R      mAP50  mAP50-95): 62% ━━━━━━━───── 36/58 2.7it/s 13.0s<8.0s
[K                 Class     Images  Instances      Box(P          R      mAP50  mAP50-95): 64% ━━━━━━━╸──── 37/58 2.8it/s 13.4s<7.6s
[K                 Class     Images  Instances      Box(P          R      mAP50  mAP50-95): 66% ━━━━━━━╸──── 38/58 2.7it/s 13.8s<7.4s
[K                 Class     Images  Instances      Box(P          R      mAP50  mAP50-95): 67% ━━━━━━━━──── 39/58 2.7it/s 14.1s<7.0s
[K                 Class     Images  Instances      Box(P          R      mAP50  mAP50-95): 69% ━━━━━━━━──── 40/58 2.7it/s 14.5s<6.7s
[K                 Class     Images  Instances      Box(P          R      mAP50  mAP50-95): 71% ━━━━━━━━──── 41/58 2.7it/s 14.9s<6.3s
[K                 Class     Images  Instances      Box(P          R      mAP50  mAP50-95): 72% ━━━━━━━━╸─── 42/58 2.8it/s 15.2s<5.8s
[K                 Class     Images  Instances      Box(P          R      mAP50  mAP50-95): 74% ━━━━━━━━╸─── 43/58 2.8it/s 15.5s<5.3s
[K                 Class     Images  Instances      Box(P          R      mAP50  mAP50-95): 76% ━━━━━━━━━─── 44/58 2.8it/s 15.9s<5.1s
[K                 Class     Images  Instances      Box(P          R      mAP50  mAP50-95): 78% ━━━━━━━━━─── 45/58 2.7it/s 16.3s<4.7s
[K                 Class     Images  Instances      Box(P          R      mAP50  mAP50-95): 79% ━━━━━━━━━╸── 46/58 2.8it/s 16.6s<4.3s
[K                 Class     Images  Instances      Box(P          R      mAP50  mAP50-95): 81% ━━━━━━━━━╸── 47/58 2.8it/s 17.0s<3.9s
[K                 Class     Images  Instances      Box(P          R      mAP50  mAP50-95): 83% ━━━━━━━━━╸── 48/58 2.8it/s 17.4s<3.6s
[K                 Class     Images  Instances      Box(P          R      mAP50  mAP50-95): 84% ━━━━━━━━━━── 49/58 2.8it/s 17.7s<3.2s
[K                 Class     Images  Instances      Box(P          R      mAP50  mAP50-95): 86% ━━━━━━━━━━── 50/58 2.8it/s 18.1s<2.9s
[K                 Class     Images  Instances      Box(P          R      mAP50  mAP50-95): 88% ━━━━━━━━━━╸─ 51/58 2.8it/s 18.4s<2.5s
[K                 Class     Images  Instances      Box(P          R      mAP50  mAP50-95): 90% ━━━━━━━━━━╸─ 52/58 2.8it/s 18.8s<2.1s
[K                 Class     Images  Instances      Box(P          R      mAP50  mAP50-95): 91% ━━━━━━━━━━╸─ 53/58 2.9it/s 19.1s<1.8s
[K                 Class     Images  Instances      Box(P          R      mAP50  mAP50-95): 93% ━━━━━━━━━━━─ 54/58 2.8it/s 19.5s<1.4s
[K                 Class     Images  Instances      Box(P          R      mAP50  mAP50-95): 95% ━━━━━━━━━━━─ 55/58 2.8it/s 19.8s<1.1s
[K                 Class     Images  Instances      Box(P          R      mAP50  mAP50-95): 97% ━━━━━━━━━━━╸ 56/58 2.8it/s 20.2s<0.7s
[K                 Class     Images  Instances      Box(P          R      mAP50  mAP50-95): 98% ━━━━━━━━━━━╸ 57/58 2.8it/s 20.6s<0.4s
[K                 Class     Images  Instances      Box(P          R      mAP50  mAP50-95): 100% ━━━━━━━━━━━━ 58/58 2.8it/s 20.7s
                   all       3667       9614      0.943      0.904      0.935      0.655
                bridge       3315       6389      0.955      0.951      0.975      0.657
                harbor        331        803      0.996      0.997      0.995      0.939
          storage_tank        153       2422      0.877      0.763      0.836       0.37
Speed: 0.0ms preprocess, 0.4ms inference, 0.0ms loss, 1.3ms postprocess per image

### logs/formal_nomosaic_20260528/ladd/formal_nomosaic_yolo11m_cap2_s0_diag_a2damage_m_s0_a2detonly_b1_retry1_gpu1/a1/master.log
[2026-06-11 21:00:32] Launching OGSOD hbb LADD phase a1: ladd_hbb_ogsod11m_formal_nomosaic_yolo11m_cap2_s0_diag_a2damage_m_s0_a2detonly_b1_retry1_a1_e10_b32_s0_gpu1
[2026-06-11 21:15:12] Phase a1 finished
[2026-06-11 21:15:12] Run directory: /root/shared-nvme/LADD_public/runs_public/ogsod/hbb/formal_nomosaic_20260528/ladd/yolo11m/cap2/ladd_hbb_ogsod11m_formal_nomosaic_yolo11m_cap2_s0_diag_a2damage_m_s0_a2detonly_b1_retry1_a1_e10_b32_s0_gpu1

### logs/formal_nomosaic_20260528/ladd/formal_nomosaic_yolo11m_cap2_s0_diag_a2damage_m_s0_a2detonly_b1_retry1_gpu1/a2/a2.log
Freezing layer 'model.23.dfl.conv.weight'
[34m[1moptimizer:[0m MuSGD(lr=0.001, momentum=0.937) with parameter groups 151 weight(decay=0.0), 194 weight(decay=0.0005), 193 bias(decay=0.0)
ladd_phase_diag phase=a2 trainable_params=34246949/44884264 bn_eval=0/106 freeze_bn_stats=False freeze_bn_after_epoch=-1 ladd_assert_phase_freeze=True alpha_kd=1.0 effective_alpha_kd=0.0 kd_multiplier=1.0 ladd_kd_decay_mode=none ladd_kd_decay_start_epoch=-1 ladd_kd_decay_end_epoch=-1 ladd_kd_final_mult=1.0 ladd_kd_stop_after_epoch=-1 ladd_b_det_only=False ladd_a2_det_only=True ladd_diag_log_grad=False ladd_grad_clip=ULTRALYTICS_DEFAULT ladd_grad_clip_norm=0.0 effective_grad_clip_norm=10.0
Starting training for 50 epochs...
Validating /root/shared-nvme/LADD_public/runs_public/ogsod/hbb/formal_nomosaic_20260528/ladd/yolo11m/cap2/ladd_hbb_ogsod11m_formal_nomosaic_yolo11m_cap2_s0_diag_a2damage_m_s0_a2detonly_b1_retry1_a2_e50_b32_s0_gpu1/weights/best.pt...
Results saved to [1m/root/shared-nvme/LADD_public/runs_public/ogsod/hbb/formal_nomosaic_20260528/ladd/yolo11m/cap2/ladd_hbb_ogsod11m_formal_nomosaic_yolo11m_cap2_s0_diag_a2damage_m_s0_a2detonly_b1_retry1_a2_e50_b32_s0_gpu1[0m
[K                 Class     Images  Instances      Box(P          R      mAP50  mAP50-95): 91% ━━━━━━━━━━╸─ 53/58 3.9it/s 13.7s<1.3s
[K                 Class     Images  Instances      Box(P          R      mAP50  mAP50-95): 93% ━━━━━━━━━━━─ 54/58 3.9it/s 13.9s<1.0s
[K                 Class     Images  Instances      Box(P          R      mAP50  mAP50-95): 95% ━━━━━━━━━━━─ 55/58 3.9it/s 14.2s<0.8s
[K                 Class     Images  Instances      Box(P          R      mAP50  mAP50-95): 97% ━━━━━━━━━━━╸ 56/58 3.9it/s 14.4s<0.5s
[K                 Class     Images  Instances      Box(P          R      mAP50  mAP50-95): 98% ━━━━━━━━━━━╸ 57/58 3.9it/s 14.7s<0.3s
[K                 Class     Images  Instances      Box(P          R      mAP50  mAP50-95): 100% ━━━━━━━━━━━━ 58/58 3.9it/s 14.8s
                   all       3667       9614      0.942      0.894       0.93      0.639

50 epochs completed in 2.365 hours.
Optimizer stripped from /root/shared-nvme/LADD_public/runs_public/ogsod/hbb/formal_nomosaic_20260528/ladd/yolo11m/cap2/ladd_hbb_ogsod11m_formal_nomosaic_yolo11m_cap2_s0_diag_a2damage_m_s0_a2detonly_b1_retry1_a2_e50_b32_s0_gpu1/weights/last.pt, 90.3MB
Optimizer stripped from /root/shared-nvme/LADD_public/runs_public/ogsod/hbb/formal_nomosaic_20260528/ladd/yolo11m/cap2/ladd_hbb_ogsod11m_formal_nomosaic_yolo11m_cap2_s0_diag_a2damage_m_s0_a2detonly_b1_retry1_a2_e50_b32_s0_gpu1/weights/best.pt, 90.3MB
Ultralytics 8.4.30 🚀 Python-3.12.3 torch-2.7.0a0+7c8ec84dab.nv25.03 CUDA:1 (NVIDIA GeForce RTX 4090, 24081MiB)
YOLO11m summary: 297 layers, 44,861,288 parameters, 0 gradients, 82.8 GFLOPs
[K                 Class     Images  Instances      Box(P          R      mAP50  mAP50-95): 2% ──────────── 1/58 1.2s/it 0.3s<1:06
[K                 Class     Images  Instances      Box(P          R      mAP50  mAP50-95): 3% ──────────── 2/58 1.3it/s 0.8s<44.2s
[K                 Class     Images  Instances      Box(P          R      mAP50  mAP50-95): 5% ╸─────────── 3/58 1.6it/s 1.2s<34.6s
[K                 Class     Images  Instances      Box(P          R      mAP50  mAP50-95): 7% ╸─────────── 4/58 1.8it/s 1.7s<29.9s
[K                 Class     Images  Instances      Box(P          R      mAP50  mAP50-95): 9% ━─────────── 5/58 2.1it/s 2.0s<25.4s
[K                 Class     Images  Instances      Box(P          R      mAP50  mAP50-95): 10% ━─────────── 6/58 2.4it/s 2.4s<22.1s
[K                 Class     Images  Instances      Box(P          R      mAP50  mAP50-95): 12% ━─────────── 7/58 2.4it/s 2.7s<20.8s
[K                 Class     Images  Instances      Box(P          R      mAP50  mAP50-95): 14% ━╸────────── 8/58 2.6it/s 3.1s<19.4s
[K                 Class     Images  Instances      Box(P          R      mAP50  mAP50-95): 16% ━╸────────── 9/58 2.6it/s 3.4s<18.5s
[K                 Class     Images  Instances      Box(P          R      mAP50  mAP50-95): 17% ━━────────── 10/58 2.7it/s 3.8s<17.9s
[K                 Class     Images  Instances      Box(P          R      mAP50  mAP50-95): 19% ━━────────── 11/58 2.7it/s 4.1s<17.1s
[K                 Class     Images  Instances      Box(P          R      mAP50  mAP50-95): 21% ━━────────── 12/58 2.8it/s 4.5s<16.6s
[K                 Class     Images  Instances      Box(P          R      mAP50  mAP50-95): 22% ━━╸───────── 13/58 2.8it/s 4.8s<15.9s
[K                 Class     Images  Instances      Box(P          R      mAP50  mAP50-95): 24% ━━╸───────── 14/58 2.8it/s 5.2s<15.5s
[K                 Class     Images  Instances      Box(P          R      mAP50  mAP50-95): 26% ━━━───────── 15/58 2.8it/s 5.6s<15.4s
[K                 Class     Images  Instances      Box(P          R      mAP50  mAP50-95): 28% ━━━───────── 16/58 2.8it/s 5.9s<15.0s
[K                 Class     Images  Instances      Box(P          R      mAP50  mAP50-95): 29% ━━━╸──────── 17/58 2.8it/s 6.3s<14.6s
[K                 Class     Images  Instances      Box(P          R      mAP50  mAP50-95): 31% ━━━╸──────── 18/58 2.8it/s 6.6s<14.2s
[K                 Class     Images  Instances      Box(P          R      mAP50  mAP50-95): 33% ━━━╸──────── 19/58 2.9it/s 7.0s<13.7s
[K                 Class     Images  Instances      Box(P          R      mAP50  mAP50-95): 34% ━━━━──────── 20/58 2.9it/s 7.3s<13.3s
[K                 Class     Images  Instances      Box(P          R      mAP50  mAP50-95): 36% ━━━━──────── 21/58 2.8it/s 7.7s<13.0s
[K                 Class     Images  Instances      Box(P          R      mAP50  mAP50-95): 38% ━━━━╸─────── 22/58 2.9it/s 8.0s<12.6s
[K                 Class     Images  Instances      Box(P          R      mAP50  mAP50-95): 40% ━━━━╸─────── 23/58 2.8it/s 8.4s<12.3s
[K                 Class     Images  Instances      Box(P          R      mAP50  mAP50-95): 41% ━━━━╸─────── 24/58 2.8it/s 8.7s<12.0s
[K                 Class     Images  Instances      Box(P          R      mAP50  mAP50-95): 43% ━━━━━─────── 25/58 2.9it/s 9.1s<11.5s
[K                 Class     Images  Instances      Box(P          R      mAP50  mAP50-95): 45% ━━━━━─────── 26/58 2.9it/s 9.4s<11.2s
[K                 Class     Images  Instances      Box(P          R      mAP50  mAP50-95): 47% ━━━━━╸────── 27/58 2.9it/s 9.8s<10.8s
[K                 Class     Images  Instances      Box(P          R      mAP50  mAP50-95): 48% ━━━━━╸────── 28/58 2.9it/s 10.1s<10.4s
[K                 Class     Images  Instances      Box(P          R      mAP50  mAP50-95): 50% ━━━━━━────── 29/58 2.9it/s 10.5s<10.1s
[K                 Class     Images  Instances      Box(P          R      mAP50  mAP50-95): 52% ━━━━━━────── 30/58 2.9it/s 10.8s<9.8s
[K                 Class     Images  Instances      Box(P          R      mAP50  mAP50-95): 53% ━━━━━━────── 31/58 2.9it/s 11.1s<9.3s
[K                 Class     Images  Instances      Box(P          R      mAP50  mAP50-95): 55% ━━━━━━╸───── 32/58 2.9it/s 11.5s<9.1s
[K                 Class     Images  Instances      Box(P          R      mAP50  mAP50-95): 57% ━━━━━━╸───── 33/58 2.9it/s 11.8s<8.7s
[K                 Class     Images  Instances      Box(P          R      mAP50  mAP50-95): 59% ━━━━━━━───── 34/58 2.9it/s 12.2s<8.3s
[K                 Class     Images  Instances      Box(P          R      mAP50  mAP50-95): 60% ━━━━━━━───── 35/58 2.8it/s 12.6s<8.1s
[K                 Class     Images  Instances      Box(P          R      mAP50  mAP50-95): 62% ━━━━━━━───── 36/58 2.9it/s 12.9s<7.6s
[K                 Class     Images  Instances      Box(P          R      mAP50  mAP50-95): 64% ━━━━━━━╸──── 37/58 2.8it/s 13.3s<7.4s
[K                 Class     Images  Instances      Box(P          R      mAP50  mAP50-95): 66% ━━━━━━━╸──── 38/58 2.9it/s 13.6s<7.0s
[K                 Class     Images  Instances      Box(P          R      mAP50  mAP50-95): 67% ━━━━━━━━──── 39/58 2.9it/s 13.9s<6.6s
[K                 Class     Images  Instances      Box(P          R      mAP50  mAP50-95): 69% ━━━━━━━━──── 40/58 2.9it/s 14.3s<6.3s
[K                 Class     Images  Instances      Box(P          R      mAP50  mAP50-95): 71% ━━━━━━━━──── 41/58 2.8it/s 14.7s<6.0s
[K                 Class     Images  Instances      Box(P          R      mAP50  mAP50-95): 72% ━━━━━━━━╸─── 42/58 2.9it/s 15.0s<5.5s
[K                 Class     Images  Instances      Box(P          R      mAP50  mAP50-95): 74% ━━━━━━━━╸─── 43/58 2.8it/s 15.4s<5.3s
[K                 Class     Images  Instances      Box(P          R      mAP50  mAP50-95): 76% ━━━━━━━━━─── 44/58 2.9it/s 15.7s<4.9s
[K                 Class     Images  Instances      Box(P          R      mAP50  mAP50-95): 78% ━━━━━━━━━─── 45/58 2.9it/s 16.0s<4.5s
[K                 Class     Images  Instances      Box(P          R      mAP50  mAP50-95): 79% ━━━━━━━━━╸── 46/58 2.8it/s 16.4s<4.2s
[K                 Class     Images  Instances      Box(P          R      mAP50  mAP50-95): 81% ━━━━━━━━━╸── 47/58 2.8it/s 16.8s<3.9s
[K                 Class     Images  Instances      Box(P          R      mAP50  mAP50-95): 83% ━━━━━━━━━╸── 48/58 2.8it/s 17.1s<3.5s
[K                 Class     Images  Instances      Box(P          R      mAP50  mAP50-95): 84% ━━━━━━━━━━── 49/58 2.8it/s 17.5s<3.2s
[K                 Class     Images  Instances      Box(P          R      mAP50  mAP50-95): 86% ━━━━━━━━━━── 50/58 2.8it/s 17.8s<2.9s
[K                 Class     Images  Instances      Box(P          R      mAP50  mAP50-95): 88% ━━━━━━━━━━╸─ 51/58 2.7it/s 18.2s<2.5s
[K                 Class     Images  Instances      Box(P          R      mAP50  mAP50-95): 90% ━━━━━━━━━━╸─ 52/58 2.8it/s 18.6s<2.1s
[K                 Class     Images  Instances      Box(P          R      mAP50  mAP50-95): 91% ━━━━━━━━━━╸─ 53/58 2.9it/s 18.9s<1.7s
[K                 Class     Images  Instances      Box(P          R      mAP50  mAP50-95): 93% ━━━━━━━━━━━─ 54/58 2.8it/s 19.3s<1.4s
[K                 Class     Images  Instances      Box(P          R      mAP50  mAP50-95): 95% ━━━━━━━━━━━─ 55/58 2.9it/s 19.6s<1.0s
[K                 Class     Images  Instances      Box(P          R      mAP50  mAP50-95): 97% ━━━━━━━━━━━╸ 56/58 2.9it/s 19.9s<0.7s
[K                 Class     Images  Instances      Box(P          R      mAP50  mAP50-95): 98% ━━━━━━━━━━━╸ 57/58 2.9it/s 20.3s<0.3s
[K                 Class     Images  Instances      Box(P          R      mAP50  mAP50-95): 100% ━━━━━━━━━━━━ 58/58 2.8it/s 20.4s
                   all       3667       9614      0.945      0.892      0.932      0.645
                bridge       3315       6389      0.959      0.932      0.968      0.635
                harbor        331        803      0.997      0.995      0.995      0.931
          storage_tank        153       2422      0.879      0.749      0.834      0.369
Speed: 0.0ms preprocess, 0.5ms inference, 0.0ms loss, 1.3ms postprocess per image

### logs/formal_nomosaic_20260528/ladd/formal_nomosaic_yolo11m_cap2_s0_diag_a2damage_m_s0_a2detonly_b1_retry1_gpu1/a2/master.log
[2026-06-11 21:15:13] Launching OGSOD hbb LADD phase a2: ladd_hbb_ogsod11m_formal_nomosaic_yolo11m_cap2_s0_diag_a2damage_m_s0_a2detonly_b1_retry1_a2_e50_b32_s0_gpu1
[2026-06-11 23:38:01] Phase a2 finished
[2026-06-11 23:38:02] Run directory: /root/shared-nvme/LADD_public/runs_public/ogsod/hbb/formal_nomosaic_20260528/ladd/yolo11m/cap2/ladd_hbb_ogsod11m_formal_nomosaic_yolo11m_cap2_s0_diag_a2damage_m_s0_a2detonly_b1_retry1_a2_e50_b32_s0_gpu1

### logs/formal_nomosaic_20260528/ladd/formal_nomosaic_yolo11m_cap2_s0_diag_a2damage_m_s0_a2detonly_b1_retry1_gpu1/b/b.log
Freezing layer 'model.23.dfl.conv.weight'
[34m[1moptimizer:[0m MuSGD(lr=0.001, momentum=0.937) with parameter groups 151 weight(decay=0.0), 194 weight(decay=0.0005), 193 bias(decay=0.0)
ladd_phase_diag phase=b trainable_params=25379097/44884264 bn_eval=0/106 freeze_bn_stats=False freeze_bn_after_epoch=-1 ladd_assert_phase_freeze=True alpha_kd=1.0 effective_alpha_kd=1.0 kd_multiplier=1.0 ladd_kd_decay_mode=none ladd_kd_decay_start_epoch=-1 ladd_kd_decay_end_epoch=-1 ladd_kd_final_mult=1.0 ladd_kd_stop_after_epoch=-1 ladd_b_det_only=False ladd_a2_det_only=True ladd_diag_log_grad=False ladd_grad_clip=ULTRALYTICS_DEFAULT ladd_grad_clip_norm=0.0 effective_grad_clip_norm=10.0
Starting training for 1 epochs...
Validating /root/shared-nvme/LADD_public/runs_public/ogsod/hbb/formal_nomosaic_20260528/ladd/yolo11m/cap2/ladd_hbb_ogsod11m_formal_nomosaic_yolo11m_cap2_s0_diag_a2damage_m_s0_a2detonly_b1_retry1_b_e1_b32_s0_gpu1/weights/best.pt...
Results saved to [1m/root/shared-nvme/LADD_public/runs_public/ogsod/hbb/formal_nomosaic_20260528/ladd/yolo11m/cap2/ladd_hbb_ogsod11m_formal_nomosaic_yolo11m_cap2_s0_diag_a2damage_m_s0_a2detonly_b1_retry1_b_e1_b32_s0_gpu1[0m
[K                 Class     Images  Instances      Box(P          R      mAP50  mAP50-95): 91% ━━━━━━━━━━╸─ 53/58 2.4it/s 21.7s<2.1s
[K                 Class     Images  Instances      Box(P          R      mAP50  mAP50-95): 93% ━━━━━━━━━━━─ 54/58 2.4it/s 22.1s<1.6s
[K                 Class     Images  Instances      Box(P          R      mAP50  mAP50-95): 95% ━━━━━━━━━━━─ 55/58 2.6it/s 22.5s<1.2s
[K                 Class     Images  Instances      Box(P          R      mAP50  mAP50-95): 97% ━━━━━━━━━━━╸ 56/58 2.6it/s 22.9s<0.8s
[K                 Class     Images  Instances      Box(P          R      mAP50  mAP50-95): 98% ━━━━━━━━━━━╸ 57/58 2.6it/s 23.2s<0.4s
[K                 Class     Images  Instances      Box(P          R      mAP50  mAP50-95): 100% ━━━━━━━━━━━━ 58/58 2.5it/s 23.5s
                   all       3667       9614      0.933      0.881      0.921      0.624

1 epochs completed in 0.046 hours.
Optimizer stripped from /root/shared-nvme/LADD_public/runs_public/ogsod/hbb/formal_nomosaic_20260528/ladd/yolo11m/cap2/ladd_hbb_ogsod11m_formal_nomosaic_yolo11m_cap2_s0_diag_a2damage_m_s0_a2detonly_b1_retry1_b_e1_b32_s0_gpu1/weights/last.pt, 90.3MB
Optimizer stripped from /root/shared-nvme/LADD_public/runs_public/ogsod/hbb/formal_nomosaic_20260528/ladd/yolo11m/cap2/ladd_hbb_ogsod11m_formal_nomosaic_yolo11m_cap2_s0_diag_a2damage_m_s0_a2detonly_b1_retry1_b_e1_b32_s0_gpu1/weights/best.pt, 90.3MB
Ultralytics 8.4.30 🚀 Python-3.12.3 torch-2.7.0a0+7c8ec84dab.nv25.03 CUDA:1 (NVIDIA GeForce RTX 4090, 24081MiB)
YOLO11m summary: 297 layers, 44,861,288 parameters, 0 gradients, 82.8 GFLOPs
[K                 Class     Images  Instances      Box(P          R      mAP50  mAP50-95): 2% ──────────── 1/58 1.1s/it 0.3s<1:04
[K                 Class     Images  Instances      Box(P          R      mAP50  mAP50-95): 3% ──────────── 2/58 1.3it/s 0.8s<43.7s
[K                 Class     Images  Instances      Box(P          R      mAP50  mAP50-95): 5% ╸─────────── 3/58 1.6it/s 1.2s<34.8s
[K                 Class     Images  Instances      Box(P          R      mAP50  mAP50-95): 7% ╸─────────── 4/58 1.7it/s 1.7s<31.6s
[K                 Class     Images  Instances      Box(P          R      mAP50  mAP50-95): 9% ━─────────── 5/58 2.1it/s 2.1s<25.7s
[K                 Class     Images  Instances      Box(P          R      mAP50  mAP50-95): 10% ━─────────── 6/58 2.3it/s 2.4s<22.5s
[K                 Class     Images  Instances      Box(P          R      mAP50  mAP50-95): 12% ━─────────── 7/58 2.4it/s 2.8s<20.9s
[K                 Class     Images  Instances      Box(P          R      mAP50  mAP50-95): 14% ━╸────────── 8/58 2.5it/s 3.2s<19.8s
[K                 Class     Images  Instances      Box(P          R      mAP50  mAP50-95): 16% ━╸────────── 9/58 2.6it/s 3.5s<18.6s
[K                 Class     Images  Instances      Box(P          R      mAP50  mAP50-95): 17% ━━────────── 10/58 2.7it/s 3.9s<18.1s
[K                 Class     Images  Instances      Box(P          R      mAP50  mAP50-95): 19% ━━────────── 11/58 2.7it/s 4.2s<17.5s
[K                 Class     Images  Instances      Box(P          R      mAP50  mAP50-95): 21% ━━────────── 12/58 2.7it/s 4.6s<16.9s
[K                 Class     Images  Instances      Box(P          R      mAP50  mAP50-95): 22% ━━╸───────── 13/58 2.7it/s 4.9s<16.4s
[K                 Class     Images  Instances      Box(P          R      mAP50  mAP50-95): 24% ━━╸───────── 14/58 2.8it/s 5.3s<15.8s
[K                 Class     Images  Instances      Box(P          R      mAP50  mAP50-95): 26% ━━━───────── 15/58 2.8it/s 5.7s<15.5s
[K                 Class     Images  Instances      Box(P          R      mAP50  mAP50-95): 28% ━━━───────── 16/58 2.8it/s 6.0s<15.1s
[K                 Class     Images  Instances      Box(P          R      mAP50  mAP50-95): 29% ━━━╸──────── 17/58 2.8it/s 6.4s<14.5s
[K                 Class     Images  Instances      Box(P          R      mAP50  mAP50-95): 31% ━━━╸──────── 18/58 2.8it/s 6.7s<14.3s
[K                 Class     Images  Instances      Box(P          R      mAP50  mAP50-95): 33% ━━━╸──────── 19/58 2.8it/s 7.1s<13.8s
[K                 Class     Images  Instances      Box(P          R      mAP50  mAP50-95): 34% ━━━━──────── 20/58 2.9it/s 7.4s<13.2s
[K                 Class     Images  Instances      Box(P          R      mAP50  mAP50-95): 36% ━━━━──────── 21/58 2.8it/s 7.8s<13.0s
[K                 Class     Images  Instances      Box(P          R      mAP50  mAP50-95): 38% ━━━━╸─────── 22/58 2.8it/s 8.1s<12.8s
[K                 Class     Images  Instances      Box(P          R      mAP50  mAP50-95): 40% ━━━━╸─────── 23/58 2.8it/s 8.5s<12.4s
[K                 Class     Images  Instances      Box(P          R      mAP50  mAP50-95): 41% ━━━━╸─────── 24/58 2.8it/s 8.8s<12.2s
[K                 Class     Images  Instances      Box(P          R      mAP50  mAP50-95): 43% ━━━━━─────── 25/58 2.8it/s 9.2s<11.8s
[K                 Class     Images  Instances      Box(P          R      mAP50  mAP50-95): 45% ━━━━━─────── 26/58 2.8it/s 9.6s<11.5s
[K                 Class     Images  Instances      Box(P          R      mAP50  mAP50-95): 47% ━━━━━╸────── 27/58 2.8it/s 9.9s<10.9s
[K                 Class     Images  Instances      Box(P          R      mAP50  mAP50-95): 48% ━━━━━╸────── 28/58 2.9it/s 10.2s<10.4s
[K                 Class     Images  Instances      Box(P          R      mAP50  mAP50-95): 50% ━━━━━━────── 29/58 2.9it/s 10.6s<10.1s
[K                 Class     Images  Instances      Box(P          R      mAP50  mAP50-95): 52% ━━━━━━────── 30/58 2.9it/s 10.9s<9.8s
[K                 Class     Images  Instances      Box(P          R      mAP50  mAP50-95): 53% ━━━━━━────── 31/58 2.9it/s 11.3s<9.4s
[K                 Class     Images  Instances      Box(P          R      mAP50  mAP50-95): 55% ━━━━━━╸───── 32/58 2.9it/s 11.6s<9.1s
[K                 Class     Images  Instances      Box(P          R      mAP50  mAP50-95): 57% ━━━━━━╸───── 33/58 2.8it/s 12.0s<8.8s
[K                 Class     Images  Instances      Box(P          R      mAP50  mAP50-95): 59% ━━━━━━━───── 34/58 2.9it/s 12.3s<8.3s
[K                 Class     Images  Instances      Box(P          R      mAP50  mAP50-95): 60% ━━━━━━━───── 35/58 2.8it/s 12.7s<8.1s
[K                 Class     Images  Instances      Box(P          R      mAP50  mAP50-95): 62% ━━━━━━━───── 36/58 2.9it/s 13.0s<7.6s
[K                 Class     Images  Instances      Box(P          R      mAP50  mAP50-95): 64% ━━━━━━━╸──── 37/58 2.9it/s 13.4s<7.3s
[K                 Class     Images  Instances      Box(P          R      mAP50  mAP50-95): 66% ━━━━━━━╸──── 38/58 2.9it/s 13.7s<7.0s
[K                 Class     Images  Instances      Box(P          R      mAP50  mAP50-95): 67% ━━━━━━━━──── 39/58 2.9it/s 14.1s<6.6s
[K                 Class     Images  Instances      Box(P          R      mAP50  mAP50-95): 69% ━━━━━━━━──── 40/58 2.9it/s 14.4s<6.2s
[K                 Class     Images  Instances      Box(P          R      mAP50  mAP50-95): 71% ━━━━━━━━──── 41/58 2.9it/s 14.8s<5.9s
[K                 Class     Images  Instances      Box(P          R      mAP50  mAP50-95): 72% ━━━━━━━━╸─── 42/58 2.9it/s 15.1s<5.6s
[K                 Class     Images  Instances      Box(P          R      mAP50  mAP50-95): 74% ━━━━━━━━╸─── 43/58 2.9it/s 15.5s<5.2s
[K                 Class     Images  Instances      Box(P          R      mAP50  mAP50-95): 76% ━━━━━━━━━─── 44/58 2.8it/s 15.8s<5.0s
[K                 Class     Images  Instances      Box(P          R      mAP50  mAP50-95): 78% ━━━━━━━━━─── 45/58 2.8it/s 16.2s<4.6s
[K                 Class     Images  Instances      Box(P          R      mAP50  mAP50-95): 79% ━━━━━━━━━╸── 46/58 2.8it/s 16.5s<4.2s
[K                 Class     Images  Instances      Box(P          R      mAP50  mAP50-95): 81% ━━━━━━━━━╸── 47/58 2.8it/s 16.9s<3.9s
[K                 Class     Images  Instances      Box(P          R      mAP50  mAP50-95): 83% ━━━━━━━━━╸── 48/58 2.8it/s 17.3s<3.5s
[K                 Class     Images  Instances      Box(P          R      mAP50  mAP50-95): 84% ━━━━━━━━━━── 49/58 2.8it/s 17.6s<3.2s
[K                 Class     Images  Instances      Box(P          R      mAP50  mAP50-95): 86% ━━━━━━━━━━── 50/58 2.8it/s 18.0s<2.9s
[K                 Class     Images  Instances      Box(P          R      mAP50  mAP50-95): 88% ━━━━━━━━━━╸─ 51/58 2.8it/s 18.3s<2.5s
[K                 Class     Images  Instances      Box(P          R      mAP50  mAP50-95): 90% ━━━━━━━━━━╸─ 52/58 2.8it/s 18.7s<2.1s
[K                 Class     Images  Instances      Box(P          R      mAP50  mAP50-95): 91% ━━━━━━━━━━╸─ 53/58 2.8it/s 19.0s<1.8s
[K                 Class     Images  Instances      Box(P          R      mAP50  mAP50-95): 93% ━━━━━━━━━━━─ 54/58 2.8it/s 19.4s<1.4s
[K                 Class     Images  Instances      Box(P          R      mAP50  mAP50-95): 95% ━━━━━━━━━━━─ 55/58 2.8it/s 19.7s<1.1s
[K                 Class     Images  Instances      Box(P          R      mAP50  mAP50-95): 97% ━━━━━━━━━━━╸ 56/58 2.8it/s 20.1s<0.7s
[K                 Class     Images  Instances      Box(P          R      mAP50  mAP50-95): 98% ━━━━━━━━━━━╸ 57/58 2.9it/s 20.4s<0.4s
[K                 Class     Images  Instances      Box(P          R      mAP50  mAP50-95): 100% ━━━━━━━━━━━━ 58/58 2.8it/s 20.5s
                   all       3667       9614      0.932      0.882      0.921      0.624
                bridge       3315       6389      0.958      0.938      0.972      0.627
                harbor        331        803      0.993      0.995      0.994       0.92
          storage_tank        153       2422      0.846      0.711      0.797      0.325
Speed: 0.0ms preprocess, 0.4ms inference, 0.0ms loss, 1.3ms postprocess per image

### logs/formal_nomosaic_20260528/ladd/formal_nomosaic_yolo11m_cap2_s0_diag_a2damage_m_s0_a2detonly_b1_retry1_gpu1/b/master.log
[2026-06-11 23:38:02] Launching OGSOD hbb LADD phase b: ladd_hbb_ogsod11m_formal_nomosaic_yolo11m_cap2_s0_diag_a2damage_m_s0_a2detonly_b1_retry1_b_e1_b32_s0_gpu1
[2026-06-11 23:41:42] Phase b finished
[2026-06-11 23:41:42] Run directory: /root/shared-nvme/LADD_public/runs_public/ogsod/hbb/formal_nomosaic_20260528/ladd/yolo11m/cap2/ladd_hbb_ogsod11m_formal_nomosaic_yolo11m_cap2_s0_diag_a2damage_m_s0_a2detonly_b1_retry1_b_e1_b32_s0_gpu1

### logs/formal_nomosaic_20260528/ladd/formal_nomosaic_yolo11m_cap2_s0_diag_a2damage_m_s0_a2detonly_b1_retry1_gpu1/chain.log
[2026-06-11 21:00:32] phase=a1 model=runs_public/ogsod/hbb/formal_nomosaic_20260528/baselines/sar/sar_yolo11m_hbb_800ep_cos_nomosaic_albu_b32_s0/weights/best.pt
[2026-06-11 21:15:12] phase=a2 model=/root/shared-nvme/LADD_public/runs_public/ogsod/hbb/formal_nomosaic_20260528/ladd/yolo11m/cap2/ladd_hbb_ogsod11m_formal_nomosaic_yolo11m_cap2_s0_diag_a2damage_m_s0_a2detonly_b1_retry1_a1_e10_b32_s0_gpu1/weights/best.pt
[2026-06-11 23:38:02] phase=b model=/root/shared-nvme/LADD_public/runs_public/ogsod/hbb/formal_nomosaic_20260528/ladd/yolo11m/cap2/ladd_hbb_ogsod11m_formal_nomosaic_yolo11m_cap2_s0_diag_a2damage_m_s0_a2detonly_b1_retry1_a2_e50_b32_s0_gpu1/weights/best.pt
[2026-06-11 23:41:42] Chain complete. Final model: /root/shared-nvme/LADD_public/runs_public/ogsod/hbb/formal_nomosaic_20260528/ladd/yolo11m/cap2/ladd_hbb_ogsod11m_formal_nomosaic_yolo11m_cap2_s0_diag_a2damage_m_s0_a2detonly_b1_retry1_b_e1_b32_s0_gpu1/weights/best.pt

### logs/formal_nomosaic_20260528/ladd/formal_nomosaic_yolo11m_cap2_s0_diag_a2damage_m_s0_a2detonly_b1_retry1_gpu1.outer.log
[2026-06-11 21:00:32] phase=a1 model=runs_public/ogsod/hbb/formal_nomosaic_20260528/baselines/sar/sar_yolo11m_hbb_800ep_cos_nomosaic_albu_b32_s0/weights/best.pt
[2026-06-11 21:15:12] phase=a2 model=/root/shared-nvme/LADD_public/runs_public/ogsod/hbb/formal_nomosaic_20260528/ladd/yolo11m/cap2/ladd_hbb_ogsod11m_formal_nomosaic_yolo11m_cap2_s0_diag_a2damage_m_s0_a2detonly_b1_retry1_a1_e10_b32_s0_gpu1/weights/best.pt
[2026-06-11 23:38:02] phase=b model=/root/shared-nvme/LADD_public/runs_public/ogsod/hbb/formal_nomosaic_20260528/ladd/yolo11m/cap2/ladd_hbb_ogsod11m_formal_nomosaic_yolo11m_cap2_s0_diag_a2damage_m_s0_a2detonly_b1_retry1_a2_e50_b32_s0_gpu1/weights/best.pt
[2026-06-11 23:41:42] Chain complete. Final model: /root/shared-nvme/LADD_public/runs_public/ogsod/hbb/formal_nomosaic_20260528/ladd/yolo11m/cap2/ladd_hbb_ogsod11m_formal_nomosaic_yolo11m_cap2_s0_diag_a2damage_m_s0_a2detonly_b1_retry1_b_e1_b32_s0_gpu1/weights/best.pt
[2026-06-11 21:00:32] Launching OGSOD hbb LADD phase a1: ladd_hbb_ogsod11m_formal_nomosaic_yolo11m_cap2_s0_diag_a2damage_m_s0_a2detonly_b1_retry1_a1_e10_b32_s0_gpu1
[2026-06-11 21:15:12] Phase a1 finished
python3: can't open file '/root/shared-nvme/LADD_public_p1/tools/summarize_tskd_results.py': [Errno 2] No such file or directory
[2026-06-11 21:15:12] Run directory: /root/shared-nvme/LADD_public/runs_public/ogsod/hbb/formal_nomosaic_20260528/ladd/yolo11m/cap2/ladd_hbb_ogsod11m_formal_nomosaic_yolo11m_cap2_s0_diag_a2damage_m_s0_a2detonly_b1_retry1_a1_e10_b32_s0_gpu1
[2026-06-11 21:15:13] Launching OGSOD hbb LADD phase a2: ladd_hbb_ogsod11m_formal_nomosaic_yolo11m_cap2_s0_diag_a2damage_m_s0_a2detonly_b1_retry1_a2_e50_b32_s0_gpu1
[2026-06-11 23:38:01] Phase a2 finished
[2026-06-11 23:38:02] Run directory: /root/shared-nvme/LADD_public/runs_public/ogsod/hbb/formal_nomosaic_20260528/ladd/yolo11m/cap2/ladd_hbb_ogsod11m_formal_nomosaic_yolo11m_cap2_s0_diag_a2damage_m_s0_a2detonly_b1_retry1_a2_e50_b32_s0_gpu1
[2026-06-11 23:38:02] Launching OGSOD hbb LADD phase b: ladd_hbb_ogsod11m_formal_nomosaic_yolo11m_cap2_s0_diag_a2damage_m_s0_a2detonly_b1_retry1_b_e1_b32_s0_gpu1
[2026-06-11 23:41:42] Phase b finished
[2026-06-11 23:41:42] Run directory: /root/shared-nvme/LADD_public/runs_public/ogsod/hbb/formal_nomosaic_20260528/ladd/yolo11m/cap2/ladd_hbb_ogsod11m_formal_nomosaic_yolo11m_cap2_s0_diag_a2damage_m_s0_a2detonly_b1_retry1_b_e1_b32_s0_gpu1

