### logs/formal_nomosaic_20260528/ladd/formal_nomosaic_yolo11s_cap2_s0_diag_capkd_s_s0_bdetonly_b400_r2_gpu0/a1/a1.log
Freezing layer 'model.23.dfl.conv.weight'
[34m[1moptimizer:[0m 'optimizer=auto' found, ignoring 'lr0=0.01' and 'momentum=0.937' and determining best 'optimizer', 'lr0' and 'momentum' automatically... 
[34m[1moptimizer:[0m AdamW(lr=0.001429, momentum=0.9) with parameter groups 126 weight(decay=0.0), 169 weight(decay=0.0005), 168 bias(decay=0.0)
ladd_phase_diag phase=a1 trainable_params=8282636/23919080 bn_eval=0/81 freeze_bn_stats=False freeze_bn_after_epoch=-1 ladd_assert_phase_freeze=True alpha_kd=1.0 effective_alpha_kd=1.0 kd_multiplier=1.0 ladd_kd_decay_mode=none ladd_kd_decay_start_epoch=-1 ladd_kd_decay_end_epoch=-1 ladd_kd_final_mult=1.0 ladd_kd_stop_after_epoch=-1 ladd_b_det_only=True ladd_a2_det_only=False ladd_diag_log_grad=False ladd_grad_clip=ULTRALYTICS_DEFAULT ladd_grad_clip_norm=0.0 effective_grad_clip_norm=10.0
Starting training for 10 epochs...
Validating /root/shared-nvme/LADD_public/runs_public/ogsod/hbb/formal_nomosaic_20260528/ladd/yolo11s/cap2/ladd_hbb_ogsod11s_formal_nomosaic_yolo11s_cap2_s0_diag_capkd_s_s0_bdetonly_b400_r2_a1_e10_b64_s0_gpu0/weights/best.pt...
Results saved to [1m/root/shared-nvme/LADD_public/runs_public/ogsod/hbb/formal_nomosaic_20260528/ladd/yolo11s/cap2/ladd_hbb_ogsod11s_formal_nomosaic_yolo11s_cap2_s0_diag_capkd_s_s0_bdetonly_b400_r2_a1_e10_b64_s0_gpu0[0m
[K      10/10      3.44G          0          0          0          0   0.007416  0.0006357   0.001676     0.1532     0.2941          0          0          0          0          0          0          0          0          0          0          0          0          0          0   0.001676      2.342      2.341          0          0      0.998      0.434     0.4695    0.05692     0.3847     0.4335        116        256: 98% ━━━━━━━━━━━╸ 226/230 6.1it/s 36.1s<0.7s
[K      10/10      3.44G          0          0          0          0   0.007414  0.0006342   0.001675     0.1532     0.2941          0          0          0          0          0          0          0          0          0          0          0          0          0          0   0.001675      2.342      2.341          0          0     0.9972     0.4336     0.4695    0.05692     0.3847     0.4335        124        256: 99% ━━━━━━━━━━━╸ 227/230 6.3it/s 36.2s<0.5s
[K      10/10      3.44G          0          0          0          0   0.007414  0.0006325   0.001675     0.1532     0.2941          0          0          0          0          0          0          0          0          0          0          0          0          0          0   0.001675      2.343      2.341          0          0     0.9965     0.4333     0.4695    0.05692     0.3846     0.4335        134        256: 99% ━━━━━━━━━━━╸ 228/230 6.3it/s 36.4s<0.3s
[K      10/10      3.44G          0          0          0          0   0.007416  0.0006363   0.001674     0.1532     0.2939          0          0          0          0          0          0          0          0          0          0          0          0          0          0   0.001674      2.343      2.341          0          0     0.9954      0.433     0.4695    0.05693     0.3846     0.4335         17        256: 100% ━━━━━━━━━━━╸ 229/230 6.3it/s 36.5s<0.2s
[K      10/10      3.44G          0          0          0          0   0.007416  0.0006363   0.001674     0.1532     0.2939          0          0          0          0          0          0          0          0          0          0          0          0          0          0   0.001674      2.343      2.341          0          0     0.9954      0.433     0.4695    0.05693     0.3846     0.4335         17        256: 100% ━━━━━━━━━━━━ 230/230 6.3it/s 36.5s

[K                 Class     Images  Instances      Box(P          R      mAP50  mAP50-95): 3% ──────────── 1/29 2.2s/it 0.7s<1:02
[K                 Class     Images  Instances      Box(P          R      mAP50  mAP50-95): 7% ╸─────────── 2/29 1.4s/it 1.4s<37.7s
[K                 Class     Images  Instances      Box(P          R      mAP50  mAP50-95): 10% ━─────────── 3/29 1.0s/it 2.1s<27.1s
[K                 Class     Images  Instances      Box(P          R      mAP50  mAP50-95): 14% ━╸────────── 4/29 1.1it/s 2.7s<22.3s
[K                 Class     Images  Instances      Box(P          R      mAP50  mAP50-95): 17% ━━────────── 5/29 1.2it/s 3.5s<20.2s
[K                 Class     Images  Instances      Box(P          R      mAP50  mAP50-95): 21% ━━────────── 6/29 1.3it/s 4.1s<17.9s
[K                 Class     Images  Instances      Box(P          R      mAP50  mAP50-95): 24% ━━╸───────── 7/29 1.3it/s 4.9s<16.7s
[K                 Class     Images  Instances      Box(P          R      mAP50  mAP50-95): 28% ━━━───────── 8/29 1.4it/s 5.6s<15.5s
[K                 Class     Images  Instances      Box(P          R      mAP50  mAP50-95): 31% ━━━╸──────── 9/29 1.4it/s 6.3s<14.5s
[K                 Class     Images  Instances      Box(P          R      mAP50  mAP50-95): 34% ━━━━──────── 10/29 1.4it/s 6.9s<13.4s
[K                 Class     Images  Instances      Box(P          R      mAP50  mAP50-95): 38% ━━━━╸─────── 11/29 1.4it/s 7.6s<12.4s
[K                 Class     Images  Instances      Box(P          R      mAP50  mAP50-95): 41% ━━━━╸─────── 12/29 1.5it/s 8.2s<11.5s
[K                 Class     Images  Instances      Box(P          R      mAP50  mAP50-95): 45% ━━━━━─────── 13/29 1.5it/s 8.9s<11.0s
[K                 Class     Images  Instances      Box(P          R      mAP50  mAP50-95): 48% ━━━━━╸────── 14/29 1.5it/s 9.6s<10.2s
[K                 Class     Images  Instances      Box(P          R      mAP50  mAP50-95): 52% ━━━━━━────── 15/29 1.5it/s 10.3s<9.6s
[K                 Class     Images  Instances      Box(P          R      mAP50  mAP50-95): 55% ━━━━━━╸───── 16/29 1.5it/s 11.0s<8.9s
[K                 Class     Images  Instances      Box(P          R      mAP50  mAP50-95): 59% ━━━━━━━───── 17/29 1.5it/s 11.7s<8.2s
[K                 Class     Images  Instances      Box(P          R      mAP50  mAP50-95): 62% ━━━━━━━───── 18/29 1.5it/s 12.3s<7.4s
[K                 Class     Images  Instances      Box(P          R      mAP50  mAP50-95): 66% ━━━━━━━╸──── 19/29 1.5it/s 13.0s<6.8s
[K                 Class     Images  Instances      Box(P          R      mAP50  mAP50-95): 69% ━━━━━━━━──── 20/29 1.5it/s 13.6s<6.0s
[K                 Class     Images  Instances      Box(P          R      mAP50  mAP50-95): 72% ━━━━━━━━╸─── 21/29 1.5it/s 14.3s<5.4s
[K                 Class     Images  Instances      Box(P          R      mAP50  mAP50-95): 76% ━━━━━━━━━─── 22/29 1.5it/s 15.0s<4.7s
[K                 Class     Images  Instances      Box(P          R      mAP50  mAP50-95): 79% ━━━━━━━━━╸── 23/29 1.5it/s 15.7s<4.1s
[K                 Class     Images  Instances      Box(P          R      mAP50  mAP50-95): 83% ━━━━━━━━━╸── 24/29 1.5it/s 16.3s<3.3s
[K                 Class     Images  Instances      Box(P          R      mAP50  mAP50-95): 86% ━━━━━━━━━━── 25/29 1.5it/s 17.0s<2.7s
[K                 Class     Images  Instances      Box(P          R      mAP50  mAP50-95): 90% ━━━━━━━━━━╸─ 26/29 1.5it/s 17.7s<2.0s
[K                 Class     Images  Instances      Box(P          R      mAP50  mAP50-95): 93% ━━━━━━━━━━━─ 27/29 1.5it/s 18.3s<1.3s
[K                 Class     Images  Instances      Box(P          R      mAP50  mAP50-95): 97% ━━━━━━━━━━━╸ 28/29 1.5it/s 19.0s<0.7s
[K                 Class     Images  Instances      Box(P          R      mAP50  mAP50-95): 100% ━━━━━━━━━━━━ 29/29 1.5it/s 19.5s
                   all       3667       9614      0.932      0.864       0.91      0.629
10 epochs completed in 0.157 hours.
Optimizer stripped from /root/shared-nvme/LADD_public/runs_public/ogsod/hbb/formal_nomosaic_20260528/ladd/yolo11s/cap2/ladd_hbb_ogsod11s_formal_nomosaic_yolo11s_cap2_s0_diag_capkd_s_s0_bdetonly_b400_r2_a1_e10_b64_s0_gpu0/weights/last.pt, 48.2MB
Optimizer stripped from /root/shared-nvme/LADD_public/runs_public/ogsod/hbb/formal_nomosaic_20260528/ladd/yolo11s/cap2/ladd_hbb_ogsod11s_formal_nomosaic_yolo11s_cap2_s0_diag_capkd_s_s0_bdetonly_b400_r2_a1_e10_b64_s0_gpu0/weights/best.pt, 48.2MB
Ultralytics 8.4.30 🚀 Python-3.12.3 torch-2.7.0a0+7c8ec84dab.nv25.03 CUDA:0 (NVIDIA GeForce RTX 4090, 24081MiB)
YOLO11s summary: 272 layers, 23,904,088 parameters, 0 gradients, 26.3 GFLOPs
[K                 Class     Images  Instances      Box(P          R      mAP50  mAP50-95): 3% ──────────── 1/29 3.6s/it 1.1s<1:42
[K                 Class     Images  Instances      Box(P          R      mAP50  mAP50-95): 7% ╸─────────── 2/29 2.2s/it 2.2s<58.9s
[K                 Class     Images  Instances      Box(P          R      mAP50  mAP50-95): 10% ━─────────── 3/29 1.7s/it 3.4s<45.5s
[K                 Class     Images  Instances      Box(P          R      mAP50  mAP50-95): 14% ━╸────────── 4/29 1.6s/it 4.7s<39.3s
[K                 Class     Images  Instances      Box(P          R      mAP50  mAP50-95): 17% ━━────────── 5/29 1.4s/it 5.8s<33.9s
[K                 Class     Images  Instances      Box(P          R      mAP50  mAP50-95): 21% ━━────────── 6/29 1.3s/it 6.9s<30.1s
[K                 Class     Images  Instances      Box(P          R      mAP50  mAP50-95): 24% ━━╸───────── 7/29 1.3s/it 8.1s<27.7s
[K                 Class     Images  Instances      Box(P          R      mAP50  mAP50-95): 28% ━━━───────── 8/29 1.2s/it 9.1s<24.5s
[K                 Class     Images  Instances      Box(P          R      mAP50  mAP50-95): 31% ━━━╸──────── 9/29 1.2s/it 10.2s<23.2s
[K                 Class     Images  Instances      Box(P          R      mAP50  mAP50-95): 34% ━━━━──────── 10/29 1.1s/it 11.3s<21.5s
[K                 Class     Images  Instances      Box(P          R      mAP50  mAP50-95): 38% ━━━━╸─────── 11/29 1.1s/it 12.4s<20.0s
[K                 Class     Images  Instances      Box(P          R      mAP50  mAP50-95): 41% ━━━━╸─────── 12/29 1.1s/it 13.5s<18.9s
[K                 Class     Images  Instances      Box(P          R      mAP50  mAP50-95): 45% ━━━━━─────── 13/29 1.1s/it 14.6s<17.7s
[K                 Class     Images  Instances      Box(P          R      mAP50  mAP50-95): 48% ━━━━━╸────── 14/29 1.1s/it 15.7s<16.4s
[K                 Class     Images  Instances      Box(P          R      mAP50  mAP50-95): 52% ━━━━━━────── 15/29 1.1s/it 16.8s<15.4s
[K                 Class     Images  Instances      Box(P          R      mAP50  mAP50-95): 55% ━━━━━━╸───── 16/29 1.1s/it 17.9s<14.4s
[K                 Class     Images  Instances      Box(P          R      mAP50  mAP50-95): 59% ━━━━━━━───── 17/29 1.1s/it 19.0s<13.3s
[K                 Class     Images  Instances      Box(P          R      mAP50  mAP50-95): 62% ━━━━━━━───── 18/29 1.1s/it 20.1s<12.1s
[K                 Class     Images  Instances      Box(P          R      mAP50  mAP50-95): 66% ━━━━━━━╸──── 19/29 1.1s/it 21.1s<10.9s
[K                 Class     Images  Instances      Box(P          R      mAP50  mAP50-95): 69% ━━━━━━━━──── 20/29 1.1s/it 22.3s<9.9s
[K                 Class     Images  Instances      Box(P          R      mAP50  mAP50-95): 72% ━━━━━━━━╸─── 21/29 1.1s/it 23.3s<8.6s
[K                 Class     Images  Instances      Box(P          R      mAP50  mAP50-95): 76% ━━━━━━━━━─── 22/29 1.1s/it 24.4s<7.6s
[K                 Class     Images  Instances      Box(P          R      mAP50  mAP50-95): 79% ━━━━━━━━━╸── 23/29 1.1s/it 25.5s<6.5s
[K                 Class     Images  Instances      Box(P          R      mAP50  mAP50-95): 83% ━━━━━━━━━╸── 24/29 1.1s/it 26.6s<5.4s
[K                 Class     Images  Instances      Box(P          R      mAP50  mAP50-95): 86% ━━━━━━━━━━── 25/29 1.1s/it 27.6s<4.2s
[K                 Class     Images  Instances      Box(P          R      mAP50  mAP50-95): 90% ━━━━━━━━━━╸─ 26/29 1.0s/it 28.5s<3.0s
[K                 Class     Images  Instances      Box(P          R      mAP50  mAP50-95): 93% ━━━━━━━━━━━─ 27/29 1.0it/s 29.4s<2.0s
[K                 Class     Images  Instances      Box(P          R      mAP50  mAP50-95): 97% ━━━━━━━━━━━╸ 28/29 1.0it/s 30.4s<1.0s
[K                 Class     Images  Instances      Box(P          R      mAP50  mAP50-95): 100% ━━━━━━━━━━━━ 29/29 1.1s/it 31.0s
                bridge       3315       6389      0.953      0.938      0.969      0.636
                harbor        331        803      0.996      0.989      0.995      0.932
          storage_tank        153       2422      0.847      0.666      0.766      0.317
Speed: 0.0ms preprocess, 0.2ms inference, 0.0ms loss, 1.9ms postprocess per image

### logs/formal_nomosaic_20260528/ladd/formal_nomosaic_yolo11s_cap2_s0_diag_capkd_s_s0_bdetonly_b400_r2_gpu0/a1/master.log
[2026-06-11 16:03:47] Launching OGSOD hbb LADD phase a1: ladd_hbb_ogsod11s_formal_nomosaic_yolo11s_cap2_s0_diag_capkd_s_s0_bdetonly_b400_r2_a1_e10_b64_s0_gpu0
[2026-06-11 16:14:17] Phase a1 finished
[2026-06-11 16:14:17] Run directory: /root/shared-nvme/LADD_public/runs_public/ogsod/hbb/formal_nomosaic_20260528/ladd/yolo11s/cap2/ladd_hbb_ogsod11s_formal_nomosaic_yolo11s_cap2_s0_diag_capkd_s_s0_bdetonly_b400_r2_a1_e10_b64_s0_gpu0

### logs/formal_nomosaic_20260528/ladd/formal_nomosaic_yolo11s_cap2_s0_diag_capkd_s_s0_bdetonly_b400_r2_gpu0/a2/a2.log
Freezing layer 'model.23.dfl.conv.weight'
[34m[1moptimizer:[0m MuSGD(lr=0.001, momentum=0.937) with parameter groups 126 weight(decay=0.0), 169 weight(decay=0.0005), 168 bias(decay=0.0)
ladd_phase_diag phase=a2 trainable_params=17711589/23919080 bn_eval=0/81 freeze_bn_stats=False freeze_bn_after_epoch=-1 ladd_assert_phase_freeze=True alpha_kd=1.0 effective_alpha_kd=1.0 kd_multiplier=1.0 ladd_kd_decay_mode=none ladd_kd_decay_start_epoch=-1 ladd_kd_decay_end_epoch=-1 ladd_kd_final_mult=1.0 ladd_kd_stop_after_epoch=-1 ladd_b_det_only=True ladd_a2_det_only=False ladd_diag_log_grad=False ladd_grad_clip=ULTRALYTICS_DEFAULT ladd_grad_clip_norm=0.0 effective_grad_clip_norm=10.0
Starting training for 50 epochs...
Validating /root/shared-nvme/LADD_public/runs_public/ogsod/hbb/formal_nomosaic_20260528/ladd/yolo11s/cap2/ladd_hbb_ogsod11s_formal_nomosaic_yolo11s_cap2_s0_diag_capkd_s_s0_bdetonly_b400_r2_a2_e50_b64_s0_gpu0/weights/best.pt...
Results saved to [1m/root/shared-nvme/LADD_public/runs_public/ogsod/hbb/formal_nomosaic_20260528/ladd/yolo11s/cap2/ladd_hbb_ogsod11s_formal_nomosaic_yolo11s_cap2_s0_diag_capkd_s_s0_bdetonly_b400_r2_a2_e50_b64_s0_gpu0[0m
[K      50/50       5.4G     0.6744     0.3358     0.7936          0   0.005651  9.998e-05  0.0007445     0.1531     0.2758          0          0          0          0          0          0          0          0          0          0          0          0          0          0  0.0007445      2.327      2.326          0          0      0.788     0.2456     0.4689    0.05922     0.3769     0.4249        125        256: 98% ━━━━━━━━━━━╸ 226/230 2.0it/s 1:54<2.0s
[K      50/50       5.4G     0.6744     0.3357     0.7936          0   0.005651  9.997e-05  0.0007446     0.1531     0.2757          0          0          0          0          0          0          0          0          0          0          0          0          0          0  0.0007446      2.327      2.326          0          0     0.7881     0.2456     0.4689    0.05923     0.3769     0.4249        156        256: 99% ━━━━━━━━━━━╸ 227/230 2.1it/s 1:54<1.5s
[K      50/50       5.4G      0.675     0.3359     0.7936          0   0.005652  9.996e-05  0.0007445     0.1531     0.2757          0          0          0          0          0          0          0          0          0          0          0          0          0          0  0.0007445      2.327      2.327          0          0     0.7875     0.2456     0.4689    0.05923     0.3769     0.4249        217        256: 99% ━━━━━━━━━━━╸ 228/230 2.1it/s 1:55<0.9s
[K      50/50       5.4G     0.6744     0.3359     0.7939          0   0.005652  0.0001008  0.0007442     0.1531     0.2756          0          0          0          0          0          0          0          0          0          0          0          0          0          0  0.0007442      2.327      2.327          0          0      0.787     0.2456     0.4689    0.05924      0.377     0.4249         12        256: 100% ━━━━━━━━━━━╸ 229/230 2.1it/s 1:55<0.5s
[K      50/50       5.4G     0.6744     0.3359     0.7939          0   0.005652  0.0001008  0.0007442     0.1531     0.2756          0          0          0          0          0          0          0          0          0          0          0          0          0          0  0.0007442      2.327      2.327          0          0      0.787     0.2456     0.4689    0.05924      0.377     0.4249         12        256: 100% ━━━━━━━━━━━━ 230/230 2.0it/s 1:55

[K                 Class     Images  Instances      Box(P          R      mAP50  mAP50-95): 3% ──────────── 1/29 2.1s/it 0.6s<58.6s
[K                 Class     Images  Instances      Box(P          R      mAP50  mAP50-95): 7% ╸─────────── 2/29 1.2s/it 1.3s<33.3s
[K                 Class     Images  Instances      Box(P          R      mAP50  mAP50-95): 10% ━─────────── 3/29 1.0it/s 1.9s<25.0s
[K                 Class     Images  Instances      Box(P          R      mAP50  mAP50-95): 14% ━╸────────── 4/29 1.2it/s 2.5s<21.1s
[K                 Class     Images  Instances      Box(P          R      mAP50  mAP50-95): 17% ━━────────── 5/29 1.3it/s 3.1s<17.9s
[K                 Class     Images  Instances      Box(P          R      mAP50  mAP50-95): 21% ━━────────── 6/29 1.5it/s 3.7s<15.8s
[K                 Class     Images  Instances      Box(P          R      mAP50  mAP50-95): 24% ━━╸───────── 7/29 1.5it/s 4.3s<14.5s
[K                 Class     Images  Instances      Box(P          R      mAP50  mAP50-95): 28% ━━━───────── 8/29 1.6it/s 4.9s<13.3s
[K                 Class     Images  Instances      Box(P          R      mAP50  mAP50-95): 31% ━━━╸──────── 9/29 1.7it/s 5.4s<11.5s
[K                 Class     Images  Instances      Box(P          R      mAP50  mAP50-95): 34% ━━━━──────── 10/29 1.7it/s 6.0s<11.4s
[K                 Class     Images  Instances      Box(P          R      mAP50  mAP50-95): 38% ━━━━╸─────── 11/29 1.6it/s 6.7s<10.9s
[K                 Class     Images  Instances      Box(P          R      mAP50  mAP50-95): 41% ━━━━╸─────── 12/29 1.6it/s 7.3s<10.4s
[K                 Class     Images  Instances      Box(P          R      mAP50  mAP50-95): 45% ━━━━━─────── 13/29 1.5it/s 8.2s<10.9s
[K                 Class     Images  Instances      Box(P          R      mAP50  mAP50-95): 48% ━━━━━╸────── 14/29 1.5it/s 8.9s<10.2s
[K                 Class     Images  Instances      Box(P          R      mAP50  mAP50-95): 52% ━━━━━━────── 15/29 1.5it/s 9.5s<9.3s
[K                 Class     Images  Instances      Box(P          R      mAP50  mAP50-95): 55% ━━━━━━╸───── 16/29 1.6it/s 10.1s<8.4s
[K                 Class     Images  Instances      Box(P          R      mAP50  mAP50-95): 59% ━━━━━━━───── 17/29 1.5it/s 10.8s<7.9s
[K                 Class     Images  Instances      Box(P          R      mAP50  mAP50-95): 62% ━━━━━━━───── 18/29 1.6it/s 11.4s<7.1s
[K                 Class     Images  Instances      Box(P          R      mAP50  mAP50-95): 66% ━━━━━━━╸──── 19/29 1.5it/s 12.1s<6.5s
[K                 Class     Images  Instances      Box(P          R      mAP50  mAP50-95): 69% ━━━━━━━━──── 20/29 1.6it/s 12.7s<5.7s
[K                 Class     Images  Instances      Box(P          R      mAP50  mAP50-95): 72% ━━━━━━━━╸─── 21/29 1.6it/s 13.3s<5.0s
[K                 Class     Images  Instances      Box(P          R      mAP50  mAP50-95): 76% ━━━━━━━━━─── 22/29 1.6it/s 14.0s<4.5s
[K                 Class     Images  Instances      Box(P          R      mAP50  mAP50-95): 79% ━━━━━━━━━╸── 23/29 1.6it/s 14.6s<3.8s
[K                 Class     Images  Instances      Box(P          R      mAP50  mAP50-95): 83% ━━━━━━━━━╸── 24/29 1.6it/s 15.2s<3.2s
[K                 Class     Images  Instances      Box(P          R      mAP50  mAP50-95): 86% ━━━━━━━━━━── 25/29 1.5it/s 15.9s<2.6s
[K                 Class     Images  Instances      Box(P          R      mAP50  mAP50-95): 90% ━━━━━━━━━━╸─ 26/29 1.6it/s 16.5s<1.9s
[K                 Class     Images  Instances      Box(P          R      mAP50  mAP50-95): 93% ━━━━━━━━━━━─ 27/29 1.5it/s 17.2s<1.3s
[K                 Class     Images  Instances      Box(P          R      mAP50  mAP50-95): 97% ━━━━━━━━━━━╸ 28/29 1.6it/s 17.8s<0.6s
[K                 Class     Images  Instances      Box(P          R      mAP50  mAP50-95): 100% ━━━━━━━━━━━━ 29/29 1.6it/s 18.2s
                   all       3667       9614      0.929      0.867      0.909      0.624
50 epochs completed in 1.831 hours.
Optimizer stripped from /root/shared-nvme/LADD_public/runs_public/ogsod/hbb/formal_nomosaic_20260528/ladd/yolo11s/cap2/ladd_hbb_ogsod11s_formal_nomosaic_yolo11s_cap2_s0_diag_capkd_s_s0_bdetonly_b400_r2_a2_e50_b64_s0_gpu0/weights/last.pt, 48.3MB
Optimizer stripped from /root/shared-nvme/LADD_public/runs_public/ogsod/hbb/formal_nomosaic_20260528/ladd/yolo11s/cap2/ladd_hbb_ogsod11s_formal_nomosaic_yolo11s_cap2_s0_diag_capkd_s_s0_bdetonly_b400_r2_a2_e50_b64_s0_gpu0/weights/best.pt, 48.3MB
Ultralytics 8.4.30 🚀 Python-3.12.3 torch-2.7.0a0+7c8ec84dab.nv25.03 CUDA:0 (NVIDIA GeForce RTX 4090, 24081MiB)
YOLO11s summary: 272 layers, 23,904,088 parameters, 0 gradients, 26.3 GFLOPs
[K                 Class     Images  Instances      Box(P          R      mAP50  mAP50-95): 3% ──────────── 1/29 3.5s/it 1.1s<1:39
[K                 Class     Images  Instances      Box(P          R      mAP50  mAP50-95): 7% ╸─────────── 2/29 2.3s/it 2.3s<1:01
[K                 Class     Images  Instances      Box(P          R      mAP50  mAP50-95): 10% ━─────────── 3/29 1.6s/it 3.2s<41.9s
[K                 Class     Images  Instances      Box(P          R      mAP50  mAP50-95): 14% ━╸────────── 4/29 1.5s/it 4.6s<38.1s
[K                 Class     Images  Instances      Box(P          R      mAP50  mAP50-95): 17% ━━────────── 5/29 1.4s/it 5.7s<33.2s
[K                 Class     Images  Instances      Box(P          R      mAP50  mAP50-95): 21% ━━────────── 6/29 1.3s/it 6.9s<29.8s
[K                 Class     Images  Instances      Box(P          R      mAP50  mAP50-95): 24% ━━╸───────── 7/29 1.2s/it 8.0s<27.1s
[K                 Class     Images  Instances      Box(P          R      mAP50  mAP50-95): 28% ━━━───────── 8/29 1.2s/it 9.0s<24.6s
[K                 Class     Images  Instances      Box(P          R      mAP50  mAP50-95): 31% ━━━╸──────── 9/29 1.2s/it 10.1s<23.1s
[K                 Class     Images  Instances      Box(P          R      mAP50  mAP50-95): 34% ━━━━──────── 10/29 1.1s/it 11.1s<21.0s
[K                 Class     Images  Instances      Box(P          R      mAP50  mAP50-95): 38% ━━━━╸─────── 11/29 1.1s/it 12.2s<19.5s
[K                 Class     Images  Instances      Box(P          R      mAP50  mAP50-95): 41% ━━━━╸─────── 12/29 1.1s/it 13.2s<18.3s
[K                 Class     Images  Instances      Box(P          R      mAP50  mAP50-95): 45% ━━━━━─────── 13/29 1.1s/it 14.3s<17.0s
[K                 Class     Images  Instances      Box(P          R      mAP50  mAP50-95): 48% ━━━━━╸────── 14/29 1.1s/it 15.4s<16.1s
[K                 Class     Images  Instances      Box(P          R      mAP50  mAP50-95): 52% ━━━━━━────── 15/29 1.1s/it 16.5s<15.0s
[K                 Class     Images  Instances      Box(P          R      mAP50  mAP50-95): 55% ━━━━━━╸───── 16/29 1.1s/it 17.6s<14.1s
[K                 Class     Images  Instances      Box(P          R      mAP50  mAP50-95): 59% ━━━━━━━───── 17/29 1.1s/it 18.7s<13.1s
[K                 Class     Images  Instances      Box(P          R      mAP50  mAP50-95): 62% ━━━━━━━───── 18/29 1.1s/it 19.7s<11.9s
[K                 Class     Images  Instances      Box(P          R      mAP50  mAP50-95): 66% ━━━━━━━╸──── 19/29 1.1s/it 20.8s<10.9s
[K                 Class     Images  Instances      Box(P          R      mAP50  mAP50-95): 69% ━━━━━━━━──── 20/29 1.1s/it 21.9s<9.8s
[K                 Class     Images  Instances      Box(P          R      mAP50  mAP50-95): 72% ━━━━━━━━╸─── 21/29 1.1s/it 23.0s<8.7s
[K                 Class     Images  Instances      Box(P          R      mAP50  mAP50-95): 76% ━━━━━━━━━─── 22/29 1.1s/it 24.1s<7.6s
[K                 Class     Images  Instances      Box(P          R      mAP50  mAP50-95): 79% ━━━━━━━━━╸── 23/29 1.1s/it 25.2s<6.5s
[K                 Class     Images  Instances      Box(P          R      mAP50  mAP50-95): 83% ━━━━━━━━━╸── 24/29 1.1s/it 26.2s<5.3s
[K                 Class     Images  Instances      Box(P          R      mAP50  mAP50-95): 86% ━━━━━━━━━━── 25/29 1.1s/it 27.3s<4.3s
[K                 Class     Images  Instances      Box(P          R      mAP50  mAP50-95): 90% ━━━━━━━━━━╸─ 26/29 1.1s/it 28.4s<3.3s
[K                 Class     Images  Instances      Box(P          R      mAP50  mAP50-95): 93% ━━━━━━━━━━━─ 27/29 1.1s/it 29.5s<2.2s
[K                 Class     Images  Instances      Box(P          R      mAP50  mAP50-95): 97% ━━━━━━━━━━━╸ 28/29 1.1s/it 30.7s<1.1s
[K                 Class     Images  Instances      Box(P          R      mAP50  mAP50-95): 100% ━━━━━━━━━━━━ 29/29 1.1s/it 31.4s
                bridge       3315       6389      0.957      0.935      0.967      0.634
                harbor        331        803      0.999      0.986      0.995      0.928
          storage_tank        153       2422      0.832      0.679      0.766      0.309
Speed: 0.0ms preprocess, 0.2ms inference, 0.0ms loss, 2.0ms postprocess per image

### logs/formal_nomosaic_20260528/ladd/formal_nomosaic_yolo11s_cap2_s0_diag_capkd_s_s0_bdetonly_b400_r2_gpu0/a2/master.log
[2026-06-11 16:14:17] Launching OGSOD hbb LADD phase a2: ladd_hbb_ogsod11s_formal_nomosaic_yolo11s_cap2_s0_diag_capkd_s_s0_bdetonly_b400_r2_a2_e50_b64_s0_gpu0
[2026-06-11 18:05:18] Phase a2 finished
[2026-06-11 18:05:18] Run directory: /root/shared-nvme/LADD_public/runs_public/ogsod/hbb/formal_nomosaic_20260528/ladd/yolo11s/cap2/ladd_hbb_ogsod11s_formal_nomosaic_yolo11s_cap2_s0_diag_capkd_s_s0_bdetonly_b400_r2_a2_e50_b64_s0_gpu0

### logs/formal_nomosaic_20260528/ladd/formal_nomosaic_yolo11s_cap2_s0_diag_capkd_s_s0_bdetonly_b400_r2_gpu0/b/b.log
Freezing layer 'model.23.dfl.conv.weight'
[34m[1moptimizer:[0m MuSGD(lr=0.001, momentum=0.937) with parameter groups 126 weight(decay=0.0), 169 weight(decay=0.0005), 168 bias(decay=0.0)
ladd_phase_diag phase=b trainable_params=12536281/23919080 bn_eval=81/81 freeze_bn_stats=True freeze_bn_after_epoch=-1 ladd_assert_phase_freeze=True alpha_kd=1.0 effective_alpha_kd=0.0 kd_multiplier=1.0 ladd_kd_decay_mode=none ladd_kd_decay_start_epoch=-1 ladd_kd_decay_end_epoch=-1 ladd_kd_final_mult=1.0 ladd_kd_stop_after_epoch=-1 ladd_b_det_only=True ladd_a2_det_only=False ladd_diag_log_grad=False ladd_grad_clip=ULTRALYTICS_DEFAULT ladd_grad_clip_norm=0.0 effective_grad_clip_norm=10.0
Starting training for 400 epochs...
[K    293/400      4.86G     0.6406     0.3185     0.7905          0          0          0          0          0          0          0          0          0          0          0          0          0          0          0          0          0          0          0          0          0          0          0          0          0          0          0     0.4691    0.05908     0.3763     0.4248        193        256: 74% ━━━━━━━━╸─── 170/230 2.7it/s 1:04<22.2s
[K    293/400      4.86G       0.64     0.3183     0.7905          0          0          0          0          0          0          0          0          0          0          0          0          0          0          0          0          0          0          0          0          0          0          0          0          0          0          0     0.4691    0.05908     0.3763     0.4249        107        256: 74% ━━━━━━━━╸─── 171/230 2.7it/s 1:05<21.9s
[K    293/400      4.86G     0.6395     0.3181     0.7905          0          0          0          0          0          0          0          0          0          0          0          0          0          0          0          0          0          0          0          0          0          0          0          0          0          0          0     0.4691    0.05908     0.3763     0.4249        129        256: 75% ━━━━━━━━╸─── 172/230 2.7it/s 1:05<21.2s
[K    293/400      4.86G     0.6397     0.3181     0.7905          0          0          0          0          0          0          0          0          0          0          0          0          0          0          0          0          0          0          0          0          0          0          0          0          0          0          0     0.4691    0.05908     0.3763     0.4249        139        256: 75% ━━━━━━━━━─── 173/230 2.8it/s 1:05<20.7s
[K    293/400      4.86G     0.6392      0.318     0.7906          0          0          0          0          0          0          0          0          0          0          0          0          0          0          0          0          0          0          0          0          0          0          0          0          0          0          0     0.4691    0.05908     0.3763     0.4249        139        256: 76% ━━━━━━━━━─── 174/230 2.7it/s 1:06<20.4s
[K    293/400      4.86G     0.6388     0.3179     0.7905          0          0          0          0          0          0          0          0          0          0          0          0          0          0          0          0          0          0          0          0          0          0          0          0          0          0          0     0.4691    0.05908     0.3763     0.4249        129        256: 76% ━━━━━━━━━─── 175/230 2.8it/s 1:06<19.8s
[K    293/400      4.86G     0.6387     0.3178     0.7906          0          0          0          0          0          0          0          0          0          0          0          0          0          0          0          0          0          0          0          0          0          0          0          0          0          0          0     0.4691    0.05909     0.3764     0.4249        171        256: 77% ━━━━━━━━━─── 176/230 2.8it/s 1:06<19.5s
[K    293/400      4.86G      0.639     0.3179     0.7906          0          0          0          0          0          0          0          0          0          0          0          0          0          0          0          0          0          0          0          0          0          0          0          0          0          0          0     0.4691    0.05909     0.3765     0.4249        188        256: 77% ━━━━━━━━━─── 177/230 2.7it/s 1:07<19.3s
[K    293/400      4.86G     0.6381     0.3176     0.7906          0          0          0          0          0          0          0          0          0          0          0          0          0          0          0          0          0          0          0          0          0          0          0          0          0          0          0     0.4691     0.0591     0.3765     0.4249        117        256: 77% ━━━━━━━━━─── 178/230 2.7it/s 1:07<18.9s
[K    293/400      4.86G     0.6387     0.3178     0.7907          0          0          0          0          0          0          0          0          0          0          0          0          0          0          0          0          0          0          0          0          0          0          0          0          0          0          0     0.4691    0.05909     0.3765     0.4248        161        256: 78% ━━━━━━━━━─── 179/230 2.7it/s 1:07<18.6s
[K    293/400      4.86G     0.6382     0.3176     0.7908          0          0          0          0          0          0          0          0          0          0          0          0          0          0          0          0          0          0          0          0          0          0          0          0          0          0          0     0.4691    0.05909     0.3765     0.4249        150        256: 78% ━━━━━━━━━─── 180/230 2.8it/s 1:08<18.2s
[K    293/400      4.86G     0.6382     0.3177     0.7908          0          0          0          0          0          0          0          0          0          0          0          0          0          0          0          0          0          0          0          0          0          0          0          0          0          0          0     0.4691     0.0591     0.3765     0.4249        166        256: 79% ━━━━━━━━━─── 181/230 2.7it/s 1:08<18.3s
[K    293/400      4.86G     0.6384     0.3177     0.7906          0          0          0          0          0          0          0          0          0          0          0          0          0          0          0          0          0          0          0          0          0          0          0          0          0          0          0     0.4691     0.0591     0.3765     0.4249        155        256: 79% ━━━━━━━━━─── 182/230 2.7it/s 1:09<17.8s
[K    293/400      4.86G     0.6375     0.3174     0.7906          0          0          0          0          0          0          0          0          0          0          0          0          0          0          0          0          0          0          0          0          0          0          0          0          0          0          0     0.4691     0.0591     0.3765     0.4249        122        256: 80% ━━━━━━━━━╸── 183/230 2.7it/s 1:09<17.2s
[K    293/400      4.86G     0.6378     0.3175     0.7906          0          0          0          0          0          0          0          0          0          0          0          0          0          0          0          0          0          0          0          0          0          0          0          0          0          0          0     0.4691     0.0591     0.3765     0.4249        181        256: 80% ━━━━━━━━━╸── 184/230 2.8it/s 1:09<16.7s
[K    293/400      4.86G     0.6372     0.3172     0.7906          0          0          0          0          0          0          0          0          0          0          0          0          0          0          0          0          0          0          0          0          0          0          0          0          0          0          0     0.4691     0.0591     0.3766     0.4249        146        256: 80% ━━━━━━━━━╸── 185/230 2.7it/s 1:10<16.4s
[K    293/400      4.86G     0.6367     0.3171     0.7907          0          0          0          0          0          0          0          0          0          0          0          0          0          0          0          0          0          0          0          0          0          0          0          0          0          0          0     0.4691    0.05911     0.3767     0.4249        173        256: 81% ━━━━━━━━━╸── 186/230 2.8it/s 1:10<15.9s
[K    293/400      4.86G     0.6363     0.3168     0.7907          0          0          0          0          0          0          0          0          0          0          0          0          0          0          0          0          0          0          0          0          0          0          0          0          0          0          0     0.4691    0.05911     0.3766     0.4249        106        256: 81% ━━━━━━━━━╸── 187/230 2.8it/s 1:10<15.4s
[K    293/400      4.86G     0.6365     0.3169     0.7908          0          0          0          0          0          0          0          0          0          0          0          0          0          0          0          0          0          0          0          0          0          0          0          0          0          0          0     0.4691    0.05911     0.3767     0.4249        121        256: 82% ━━━━━━━━━╸── 188/230 2.8it/s 1:11<15.2s
[K    293/400      4.86G     0.6375     0.3172     0.7909          0          0          0          0          0          0          0          0          0          0          0          0          0          0          0          0          0          0          0          0          0          0          0          0          0          0          0     0.4691    0.05911     0.3767     0.4249        181        256: 82% ━━━━━━━━━╸── 189/230 2.8it/s 1:11<14.7s
[K    293/400      4.86G     0.6375     0.3172     0.7908          0          0          0          0          0          0          0          0          0          0          0          0          0          0          0          0          0          0          0          0          0          0          0          0          0          0          0     0.4691     0.0591     0.3766     0.4249        154        256: 83% ━━━━━━━━━╸── 190/230 2.8it/s 1:11<14.5s
[K    293/400      4.86G     0.6383     0.3174     0.7908          0          0          0          0          0          0          0          0          0          0          0          0          0          0          0          0          0          0          0          0          0          0          0          0          0          0          0     0.4691    0.05911     0.3766     0.4249        210        256: 83% ━━━━━━━━━╸── 191/230 2.8it/s 1:12<14.1s
[K    293/400      4.86G     0.6383     0.3174     0.7908          0          0          0          0          0          0          0          0          0          0          0          0          0          0          0          0          0          0          0          0          0          0          0          0          0          0          0     0.4691    0.05912     0.3766     0.4249        118        256: 83% ━━━━━━━━━━── 192/230 2.7it/s 1:12<14.0s
[K    293/400      4.86G      0.638     0.3172     0.7908          0          0          0          0          0          0          0          0          0          0          0          0          0          0          0          0          0          0          0          0          0          0          0          0          0          0          0     0.4691    0.05911     0.3767     0.4249        133        256: 84% ━━━━━━━━━━── 193/230 2.7it/s 1:13<13.5s
[K    293/400      4.86G     0.6385     0.3174     0.7908          0          0          0          0          0          0          0          0          0          0          0          0          0          0          0          0          0          0          0          0          0          0          0          0          0          0          0     0.4691    0.05912     0.3767     0.4249        139        256: 84% ━━━━━━━━━━── 194/230 2.7it/s 1:13<13.3s
[K    293/400      4.86G     0.6383     0.3174     0.7908          0          0          0          0          0          0          0          0          0          0          0          0          0          0          0          0          0          0          0          0          0          0          0          0          0          0          0     0.4691    0.05911     0.3767     0.4249        134        256: 85% ━━━━━━━━━━── 195/230 2.7it/s 1:13<13.0s
[K    293/400      4.86G     0.6381     0.3174     0.7908          0          0          0          0          0          0          0          0          0          0          0          0          0          0          0          0          0          0          0          0          0          0          0          0          0          0          0     0.4691    0.05911     0.3766     0.4249        115        256: 85% ━━━━━━━━━━── 196/230 2.6it/s 1:14<12.9s
[K    293/400      4.86G     0.6375     0.3172     0.7908          0          0          0          0          0          0          0          0          0          0          0          0          0          0          0          0          0          0          0          0          0          0          0          0          0          0          0     0.4691    0.05911     0.3767     0.4249        135        256: 86% ━━━━━━━━━━── 197/230 2.6it/s 1:14<12.5s
[K    293/400      4.86G     0.6373     0.3172     0.7908          0          0          0          0          0          0          0          0          0          0          0          0          0          0          0          0          0          0          0          0          0          0          0          0          0          0          0     0.4691    0.05912     0.3768     0.4249        167        256: 86% ━━━━━━━━━━── 198/230 2.6it/s 1:14<12.1s
[K    293/400      4.86G     0.6374     0.3172     0.7907          0          0          0          0          0          0          0          0          0          0          0          0          0          0          0          0          0          0          0          0          0          0          0          0          0          0          0     0.4691    0.05912     0.3768     0.4249        162        256: 87% ━━━━━━━━━━── 199/230 2.6it/s 1:15<11.9s
[K    293/400      4.86G     0.6387     0.3177     0.7907          0          0          0          0          0          0          0          0          0          0          0          0          0          0          0          0          0          0          0          0          0          0          0          0          0          0          0     0.4691    0.05912     0.3768     0.4249        271        256: 87% ━━━━━━━━━━── 200/230 2.7it/s 1:15<11.2s
[K    293/400      4.86G     0.6392     0.3178     0.7906          0          0          0          0          0          0          0          0          0          0          0          0          0          0          0          0          0          0          0          0          0          0          0          0          0          0          0     0.4691    0.05913     0.3768     0.4249        178        256: 87% ━━━━━━━━━━── 201/230 2.7it/s 1:16<10.8s
[K    293/400      4.86G     0.6386     0.3176     0.7906          0          0          0          0          0          0          0          0          0          0          0          0          0          0          0          0          0          0          0          0          0          0          0          0          0          0          0     0.4691    0.05913     0.3769     0.4249        137        256: 88% ━━━━━━━━━━╸─ 202/230 2.7it/s 1:16<10.3s
[K    293/400      4.86G     0.6381     0.3174     0.7906          0          0          0          0          0          0          0          0          0          0          0          0          0          0          0          0          0          0          0          0          0          0          0          0          0          0          0     0.4691    0.05914     0.3769     0.4249        120        256: 88% ━━━━━━━━━━╸─ 203/230 2.7it/s 1:16<10.0s
[K    293/400      4.86G     0.6386     0.3176     0.7906          0          0          0          0          0          0          0          0          0          0          0          0          0          0          0          0          0          0          0          0          0          0          0          0          0          0          0      0.469    0.05914     0.3768     0.4249        162        256: 89% ━━━━━━━━━━╸─ 204/230 2.7it/s 1:17<9.6s
[K    293/400      4.86G     0.6386     0.3177     0.7906          0          0          0          0          0          0          0          0          0          0          0          0          0          0          0          0          0          0          0          0          0          0          0          0          0          0          0      0.469    0.05914     0.3768     0.4249        128        256: 89% ━━━━━━━━━━╸─ 205/230 2.7it/s 1:17<9.1s
[K    293/400      4.86G     0.6382     0.3176     0.7906          0          0          0          0          0          0          0          0          0          0          0          0          0          0          0          0          0          0          0          0          0          0          0          0          0          0          0      0.469    0.05914     0.3768     0.4249        148        256: 90% ━━━━━━━━━━╸─ 206/230 2.7it/s 1:17<8.8s
[K    293/400      4.86G     0.6388     0.3178     0.7905          0          0          0          0          0          0          0          0          0          0          0          0          0          0          0          0          0          0          0          0          0          0          0          0          0          0          0      0.469    0.05915     0.3768     0.4249        175        256: 90% ━━━━━━━━━━╸─ 207/230 2.7it/s 1:18<8.4s
[K    293/400      4.86G     0.6388     0.3179     0.7906          0          0          0          0          0          0          0          0          0          0          0          0          0          0          0          0          0          0          0          0          0          0          0          0          0          0          0      0.469    0.05915     0.3768     0.4248        197        256: 90% ━━━━━━━━━━╸─ 208/230 2.8it/s 1:18<8.0s
[K    293/400      4.86G     0.6388     0.3178     0.7906          0          0          0          0          0          0          0          0          0          0          0          0          0          0          0          0          0          0          0          0          0          0          0          0          0          0          0      0.469    0.05914     0.3768     0.4248        153        256: 91% ━━━━━━━━━━╸─ 209/230 2.8it/s 1:19<7.6s
[K    293/400      4.86G     0.6392     0.3179     0.7906          0          0          0          0          0          0          0          0          0          0          0          0          0          0          0          0          0          0          0          0          0          0          0          0          0          0          0      0.469    0.05914     0.3768     0.4248        151        256: 91% ━━━━━━━━━━╸─ 210/230 2.7it/s 1:19<7.3s
[K    293/400      4.86G     0.6389     0.3178     0.7906          0          0          0          0          0          0          0          0          0          0          0          0          0          0          0          0          0          0          0          0          0          0          0          0          0          0          0      0.469    0.05914     0.3767     0.4248        146        256: 92% ━━━━━━━━━━━─ 211/230 2.7it/s 1:19<7.2s
[K    293/400      4.86G     0.6388     0.3179     0.7907          0          0          0          0          0          0          0          0          0          0          0          0          0          0          0          0          0          0          0          0          0          0          0          0          0          0          0      0.469    0.05914     0.3768     0.4248        113        256: 92% ━━━━━━━━━━━─ 212/230 2.6it/s 1:20<6.8s
[K    293/400      4.86G     0.6385     0.3178     0.7907          0          0          0          0          0          0          0          0          0          0          0          0          0          0          0          0          0          0          0          0          0          0          0          0          0          0          0      0.469    0.05914     0.3768     0.4249        113        256: 93% ━━━━━━━━━━━─ 213/230 2.7it/s 1:20<6.4s
[K    293/400      4.86G      0.638     0.3176     0.7907          0          0          0          0          0          0          0          0          0          0          0          0          0          0          0          0          0          0          0          0          0          0          0          0          0          0          0      0.469    0.05914     0.3767     0.4249        120        256: 93% ━━━━━━━━━━━─ 214/230 2.7it/s 1:20<6.0s
[K    293/400      4.86G     0.6381     0.3176     0.7907          0          0          0          0          0          0          0          0          0          0          0          0          0          0          0          0          0          0          0          0          0          0          0          0          0          0          0      0.469    0.05914     0.3767     0.4248        143        256: 93% ━━━━━━━━━━━─ 215/230 2.7it/s 1:21<5.6s
[K    293/400      4.86G     0.6376     0.3174     0.7907          0          0          0          0          0          0          0          0          0          0          0          0          0          0          0          0          0          0          0          0          0          0          0          0          0          0          0      0.469    0.05914     0.3768     0.4249        169        256: 94% ━━━━━━━━━━━─ 216/230 2.6it/s 1:21<5.4s
[K    293/400      4.86G     0.6378     0.3174     0.7906          0          0          0          0          0          0          0          0          0          0          0          0          0          0          0          0          0          0          0          0          0          0          0          0          0          0          0      0.469    0.05915     0.3768     0.4249        211        256: 94% ━━━━━━━━━━━─ 217/230 2.6it/s 1:22<5.0s
[K    293/400      4.86G     0.6379     0.3175     0.7907          0          0          0          0          0          0          0          0          0          0          0          0          0          0          0          0          0          0          0          0          0          0          0          0          0          0          0      0.469    0.05915     0.3768     0.4249        175        256: 95% ━━━━━━━━━━━─ 218/230 2.7it/s 1:22<4.5s
[K    293/400      4.86G     0.6377     0.3174     0.7906          0          0          0          0          0          0          0          0          0          0          0          0          0          0          0          0          0          0          0          0          0          0          0          0          0          0          0      0.469    0.05915     0.3768     0.4248        134        256: 95% ━━━━━━━━━━━─ 219/230 2.6it/s 1:22<4.2s
[K    293/400      4.86G     0.6373     0.3173     0.7907          0          0          0          0          0          0          0          0          0          0          0          0          0          0          0          0          0          0          0          0          0          0          0          0          0          0          0      0.469    0.05915     0.3768     0.4248         99        256: 96% ━━━━━━━━━━━─ 220/230 2.6it/s 1:23<3.8s
[K    293/400      4.86G     0.6369     0.3172     0.7906          0          0          0          0          0          0          0          0          0          0          0          0          0          0          0          0          0          0          0          0          0          0          0          0          0          0          0      0.469    0.05915     0.3768     0.4248        146        256: 96% ━━━━━━━━━━━╸ 221/230 2.6it/s 1:23<3.4s
[K    293/400      4.86G     0.6367     0.3172     0.7906          0          0          0          0          0          0          0          0          0          0          0          0          0          0          0          0          0          0          0          0          0          0          0          0          0          0          0      0.469    0.05916     0.3768     0.4248        116        256: 97% ━━━━━━━━━━━╸ 222/230 2.7it/s 1:23<3.0s
[K    293/400      4.86G     0.6362     0.3171     0.7906          0          0          0          0          0          0          0          0          0          0          0          0          0          0          0          0          0          0          0          0          0          0          0          0          0          0          0      0.469    0.05915     0.3769     0.4248        131        256: 97% ━━━━━━━━━━━╸ 223/230 2.7it/s 1:24<2.6s
[K    293/400      4.86G     0.6358     0.3169     0.7906          0          0          0          0          0          0          0          0          0          0          0          0          0          0          0          0          0          0          0          0          0          0          0          0          0          0          0      0.469    0.05915     0.3769     0.4248        120        256: 97% ━━━━━━━━━━━╸ 224/230 2.7it/s 1:24<2.2s
[K    293/400      4.86G     0.6354     0.3168     0.7907          0          0          0          0          0          0          0          0          0          0          0          0          0          0          0          0          0          0          0          0          0          0          0          0          0          0          0      0.469    0.05915     0.3769     0.4248        118        256: 98% ━━━━━━━━━━━╸ 225/230 2.7it/s 1:25<1.9s
[K    293/400      4.86G     0.6356     0.3169     0.7907          0          0          0          0          0          0          0          0          0          0          0          0          0          0          0          0          0          0          0          0          0          0          0          0          0          0          0      0.469    0.05915      0.377     0.4248        151        256: 98% ━━━━━━━━━━━╸ 226/230 2.7it/s 1:25<1.5s
[K    293/400      4.86G      0.635     0.3166     0.7906          0          0          0          0          0          0          0          0          0          0          0          0          0          0          0          0          0          0          0          0          0          0          0          0          0          0          0      0.469    0.05916     0.3771     0.4248        117        256: 99% ━━━━━━━━━━━╸ 227/230 2.7it/s 1:25<1.1s
[K    293/400      4.86G     0.6347     0.3166     0.7906          0          0          0          0          0          0          0          0          0          0          0          0          0          0          0          0          0          0          0          0          0          0          0          0          0          0          0      0.469    0.05916      0.377     0.4248        167        256: 99% ━━━━━━━━━━━╸ 228/230 2.7it/s 1:26<0.7s
[K    293/400      4.86G     0.6354      0.317     0.7906          0          0          0          0          0          0          0          0          0          0          0          0          0          0          0          0          0          0          0          0          0          0          0          0          0          0          0      0.469    0.05916      0.377     0.4248         15        256: 100% ━━━━━━━━━━━╸ 229/230 2.7it/s 1:26<0.4s
[K    293/400      4.86G     0.6354      0.317     0.7906          0          0          0          0          0          0          0          0          0          0          0          0          0          0          0          0          0          0          0          0          0          0          0          0          0          0          0      0.469    0.05916      0.377     0.4248         15        256: 100% ━━━━━━━━━━━━ 230/230 2.7it/s 1:26

[K                 Class     Images  Instances      Box(P          R      mAP50  mAP50-95): 3% ──────────── 1/29 1.5s/it 0.4s<41.6s
[K                 Class     Images  Instances      Box(P          R      mAP50  mAP50-95): 7% ╸─────────── 2/29 1.1it/s 0.9s<23.9s
[K                 Class     Images  Instances      Box(P          R      mAP50  mAP50-95): 10% ━─────────── 3/29 1.5it/s 1.3s<17.5s
[K                 Class     Images  Instances      Box(P          R      mAP50  mAP50-95): 14% ━╸────────── 4/29 1.7it/s 1.8s<14.7s
[K                 Class     Images  Instances      Box(P          R      mAP50  mAP50-95): 17% ━━────────── 5/29 1.8it/s 2.3s<13.3s
[K                 Class     Images  Instances      Box(P          R      mAP50  mAP50-95): 21% ━━────────── 6/29 2.0it/s 2.7s<11.8s
[K                 Class     Images  Instances      Box(P          R      mAP50  mAP50-95): 24% ━━╸───────── 7/29 2.0it/s 3.2s<10.9s
[K                 Class     Images  Instances      Box(P          R      mAP50  mAP50-95): 28% ━━━───────── 8/29 2.1it/s 3.6s<10.0s
[K                 Class     Images  Instances      Box(P          R      mAP50  mAP50-95): 31% ━━━╸──────── 9/29 2.1it/s 4.1s<9.5s
[K                 Class     Images  Instances      Box(P          R      mAP50  mAP50-95): 34% ━━━━──────── 10/29 2.1it/s 4.5s<8.9s
[K                 Class     Images  Instances      Box(P          R      mAP50  mAP50-95): 38% ━━━━╸─────── 11/29 2.2it/s 5.0s<8.3s
[K                 Class     Images  Instances      Box(P          R      mAP50  mAP50-95): 41% ━━━━╸─────── 12/29 2.2it/s 5.4s<7.8s
[K                 Class     Images  Instances      Box(P          R      mAP50  mAP50-95): 45% ━━━━━─────── 13/29 2.2it/s 5.9s<7.4s
[K                 Class     Images  Instances      Box(P          R      mAP50  mAP50-95): 48% ━━━━━╸────── 14/29 2.1it/s 6.4s<7.0s
[K                 Class     Images  Instances      Box(P          R      mAP50  mAP50-95): 52% ━━━━━━────── 15/29 2.1it/s 6.9s<6.8s
[K                 Class     Images  Instances      Box(P          R      mAP50  mAP50-95): 55% ━━━━━━╸───── 16/29 2.1it/s 7.4s<6.3s
[K                 Class     Images  Instances      Box(P          R      mAP50  mAP50-95): 59% ━━━━━━━───── 17/29 2.1it/s 7.9s<5.7s
[K                 Class     Images  Instances      Box(P          R      mAP50  mAP50-95): 62% ━━━━━━━───── 18/29 2.1it/s 8.3s<5.3s

### logs/formal_nomosaic_20260528/ladd/formal_nomosaic_yolo11s_cap2_s0_diag_capkd_s_s0_bdetonly_b400_r2_gpu0/b/master.log
[2026-06-11 18:05:18] Launching OGSOD hbb LADD phase b: ladd_hbb_ogsod11s_formal_nomosaic_yolo11s_cap2_s0_diag_capkd_s_s0_bdetonly_b400_r2_b_e400_b64_s0_gpu0

### logs/formal_nomosaic_20260528/ladd/formal_nomosaic_yolo11s_cap2_s0_diag_capkd_s_s0_bdetonly_b400_r2_gpu0/chain.log
[2026-06-11 16:03:47] phase=a1 model=runs_public/ogsod/hbb/formal_nomosaic_20260528/baselines/sar/sar_yolo11s_hbb_800ep_cos_nomosaic_albu_b64_s0/weights/best.pt
[2026-06-11 16:14:17] phase=a2 model=/root/shared-nvme/LADD_public/runs_public/ogsod/hbb/formal_nomosaic_20260528/ladd/yolo11s/cap2/ladd_hbb_ogsod11s_formal_nomosaic_yolo11s_cap2_s0_diag_capkd_s_s0_bdetonly_b400_r2_a1_e10_b64_s0_gpu0/weights/best.pt
[2026-06-11 18:05:18] phase=b model=/root/shared-nvme/LADD_public/runs_public/ogsod/hbb/formal_nomosaic_20260528/ladd/yolo11s/cap2/ladd_hbb_ogsod11s_formal_nomosaic_yolo11s_cap2_s0_diag_capkd_s_s0_bdetonly_b400_r2_a2_e50_b64_s0_gpu0/weights/best.pt

### logs/formal_nomosaic_20260528/ladd/formal_nomosaic_yolo11s_cap2_s0_diag_capkd_s_s0_bdetonly_b400_r2_gpu0.outer.log
[2026-06-11 16:03:47] phase=a1 model=runs_public/ogsod/hbb/formal_nomosaic_20260528/baselines/sar/sar_yolo11s_hbb_800ep_cos_nomosaic_albu_b64_s0/weights/best.pt
[2026-06-11 16:14:17] phase=a2 model=/root/shared-nvme/LADD_public/runs_public/ogsod/hbb/formal_nomosaic_20260528/ladd/yolo11s/cap2/ladd_hbb_ogsod11s_formal_nomosaic_yolo11s_cap2_s0_diag_capkd_s_s0_bdetonly_b400_r2_a1_e10_b64_s0_gpu0/weights/best.pt
[2026-06-11 18:05:18] phase=b model=/root/shared-nvme/LADD_public/runs_public/ogsod/hbb/formal_nomosaic_20260528/ladd/yolo11s/cap2/ladd_hbb_ogsod11s_formal_nomosaic_yolo11s_cap2_s0_diag_capkd_s_s0_bdetonly_b400_r2_a2_e50_b64_s0_gpu0/weights/best.pt
[2026-06-11 16:03:47] Launching OGSOD hbb LADD phase a1: ladd_hbb_ogsod11s_formal_nomosaic_yolo11s_cap2_s0_diag_capkd_s_s0_bdetonly_b400_r2_a1_e10_b64_s0_gpu0
[2026-06-11 16:14:17] Phase a1 finished
python3: can't open file '/root/shared-nvme/LADD_public_p1/tools/summarize_tskd_results.py': [Errno 2] No such file or directory
[2026-06-11 16:14:17] Run directory: /root/shared-nvme/LADD_public/runs_public/ogsod/hbb/formal_nomosaic_20260528/ladd/yolo11s/cap2/ladd_hbb_ogsod11s_formal_nomosaic_yolo11s_cap2_s0_diag_capkd_s_s0_bdetonly_b400_r2_a1_e10_b64_s0_gpu0
[2026-06-11 16:14:17] Launching OGSOD hbb LADD phase a2: ladd_hbb_ogsod11s_formal_nomosaic_yolo11s_cap2_s0_diag_capkd_s_s0_bdetonly_b400_r2_a2_e50_b64_s0_gpu0
[2026-06-11 18:05:18] Phase a2 finished
[2026-06-11 18:05:18] Run directory: /root/shared-nvme/LADD_public/runs_public/ogsod/hbb/formal_nomosaic_20260528/ladd/yolo11s/cap2/ladd_hbb_ogsod11s_formal_nomosaic_yolo11s_cap2_s0_diag_capkd_s_s0_bdetonly_b400_r2_a2_e50_b64_s0_gpu0
[2026-06-11 18:05:18] Launching OGSOD hbb LADD phase b: ladd_hbb_ogsod11s_formal_nomosaic_yolo11s_cap2_s0_diag_capkd_s_s0_bdetonly_b400_r2_b_e400_b64_s0_gpu0

