### logs/formal_nomosaic_20260528/ladd/formal_nomosaic_yolo11s_cap2_s0_diag_a2damage_s_s0_a2lr3e4_b1_gpu1/a1/a1.log
Freezing layer 'model.23.dfl.conv.weight'
[34m[1moptimizer:[0m 'optimizer=auto' found, ignoring 'lr0=0.01' and 'momentum=0.937' and determining best 'optimizer', 'lr0' and 'momentum' automatically... 
[34m[1moptimizer:[0m AdamW(lr=0.001429, momentum=0.9) with parameter groups 126 weight(decay=0.0), 169 weight(decay=0.0005), 168 bias(decay=0.0)
ladd_phase_diag phase=a1 trainable_params=8282636/23919080 bn_eval=0/81 freeze_bn_stats=False freeze_bn_after_epoch=-1 ladd_assert_phase_freeze=True alpha_kd=1.0 effective_alpha_kd=1.0 kd_multiplier=1.0 ladd_kd_decay_mode=none ladd_kd_decay_start_epoch=-1 ladd_kd_decay_end_epoch=-1 ladd_kd_final_mult=1.0 ladd_kd_stop_after_epoch=-1 ladd_b_det_only=False ladd_a2_det_only=False ladd_diag_log_grad=False ladd_grad_clip=ULTRALYTICS_DEFAULT ladd_grad_clip_norm=0.0 effective_grad_clip_norm=10.0
Starting training for 10 epochs...
Validating /root/shared-nvme/LADD_public/runs_public/ogsod/hbb/formal_nomosaic_20260528/ladd/yolo11s/cap2/ladd_hbb_ogsod11s_formal_nomosaic_yolo11s_cap2_s0_diag_a2damage_s_s0_a2lr3e4_b1_a1_e10_b64_s0_gpu1/weights/best.pt...
Results saved to [1m/root/shared-nvme/LADD_public/runs_public/ogsod/hbb/formal_nomosaic_20260528/ladd/yolo11s/cap2/ladd_hbb_ogsod11s_formal_nomosaic_yolo11s_cap2_s0_diag_a2damage_s_s0_a2lr3e4_b1_a1_e10_b64_s0_gpu1[0m
[K      10/10      3.49G          0          0          0          0   0.007416  0.0006357   0.001676     0.1532     0.2941          0          0          0          0          0          0          0          0          0          0          0          0          0          0   0.001676      2.342      2.341          0          0      0.998      0.434     0.4695    0.05692     0.3847     0.4335        116        256: 98% ━━━━━━━━━━━╸ 226/230 7.5it/s 30.8s<0.5s
[K      10/10      3.49G          0          0          0          0   0.007414  0.0006342   0.001675     0.1532     0.2941          0          0          0          0          0          0          0          0          0          0          0          0          0          0   0.001675      2.342      2.341          0          0     0.9972     0.4336     0.4695    0.05692     0.3847     0.4335        124        256: 99% ━━━━━━━━━━━╸ 227/230 7.6it/s 30.9s<0.4s
[K      10/10      3.49G          0          0          0          0   0.007414  0.0006325   0.001675     0.1532     0.2941          0          0          0          0          0          0          0          0          0          0          0          0          0          0   0.001675      2.343      2.341          0          0     0.9965     0.4333     0.4695    0.05692     0.3846     0.4335        134        256: 99% ━━━━━━━━━━━╸ 228/230 7.8it/s 31.0s<0.3s
[K      10/10      3.49G          0          0          0          0   0.007416  0.0006363   0.001674     0.1532     0.2939          0          0          0          0          0          0          0          0          0          0          0          0          0          0   0.001674      2.343      2.341          0          0     0.9954      0.433     0.4695    0.05693     0.3846     0.4335         17        256: 100% ━━━━━━━━━━━╸ 229/230 7.7it/s 31.1s<0.1s
[K      10/10      3.49G          0          0          0          0   0.007416  0.0006363   0.001674     0.1532     0.2939          0          0          0          0          0          0          0          0          0          0          0          0          0          0   0.001674      2.343      2.341          0          0     0.9954      0.433     0.4695    0.05693     0.3846     0.4335         17        256: 100% ━━━━━━━━━━━━ 230/230 7.4it/s 31.1s

[K                 Class     Images  Instances      Box(P          R      mAP50  mAP50-95): 3% ──────────── 1/29 1.5s/it 0.4s<41.0s
[K                 Class     Images  Instances      Box(P          R      mAP50  mAP50-95): 7% ╸─────────── 2/29 1.2it/s 0.9s<23.3s
[K                 Class     Images  Instances      Box(P          R      mAP50  mAP50-95): 10% ━─────────── 3/29 1.5it/s 1.3s<17.6s
[K                 Class     Images  Instances      Box(P          R      mAP50  mAP50-95): 14% ━╸────────── 4/29 1.7it/s 1.8s<14.5s
[K                 Class     Images  Instances      Box(P          R      mAP50  mAP50-95): 17% ━━────────── 5/29 1.9it/s 2.2s<12.9s
[K                 Class     Images  Instances      Box(P          R      mAP50  mAP50-95): 21% ━━────────── 6/29 2.0it/s 2.7s<11.5s
[K                 Class     Images  Instances      Box(P          R      mAP50  mAP50-95): 24% ━━╸───────── 7/29 2.1it/s 3.1s<10.3s
[K                 Class     Images  Instances      Box(P          R      mAP50  mAP50-95): 28% ━━━───────── 8/29 2.2it/s 3.5s<9.6s
[K                 Class     Images  Instances      Box(P          R      mAP50  mAP50-95): 31% ━━━╸──────── 9/29 2.3it/s 3.9s<8.8s
[K                 Class     Images  Instances      Box(P          R      mAP50  mAP50-95): 34% ━━━━──────── 10/29 2.3it/s 4.3s<8.2s
[K                 Class     Images  Instances      Box(P          R      mAP50  mAP50-95): 38% ━━━━╸─────── 11/29 2.3it/s 4.7s<7.7s
[K                 Class     Images  Instances      Box(P          R      mAP50  mAP50-95): 41% ━━━━╸─────── 12/29 2.4it/s 5.1s<7.1s
[K                 Class     Images  Instances      Box(P          R      mAP50  mAP50-95): 45% ━━━━━─────── 13/29 2.4it/s 5.6s<6.7s
[K                 Class     Images  Instances      Box(P          R      mAP50  mAP50-95): 48% ━━━━━╸────── 14/29 2.4it/s 6.0s<6.4s
[K                 Class     Images  Instances      Box(P          R      mAP50  mAP50-95): 52% ━━━━━━────── 15/29 2.4it/s 6.4s<5.9s
[K                 Class     Images  Instances      Box(P          R      mAP50  mAP50-95): 55% ━━━━━━╸───── 16/29 2.1it/s 7.1s<6.1s
[K                 Class     Images  Instances      Box(P          R      mAP50  mAP50-95): 59% ━━━━━━━───── 17/29 2.2it/s 7.5s<5.5s
[K                 Class     Images  Instances      Box(P          R      mAP50  mAP50-95): 62% ━━━━━━━───── 18/29 2.2it/s 7.9s<5.0s
[K                 Class     Images  Instances      Box(P          R      mAP50  mAP50-95): 66% ━━━━━━━╸──── 19/29 2.2it/s 8.4s<4.5s
[K                 Class     Images  Instances      Box(P          R      mAP50  mAP50-95): 69% ━━━━━━━━──── 20/29 2.2it/s 8.8s<4.0s
[K                 Class     Images  Instances      Box(P          R      mAP50  mAP50-95): 72% ━━━━━━━━╸─── 21/29 2.2it/s 9.3s<3.6s
[K                 Class     Images  Instances      Box(P          R      mAP50  mAP50-95): 76% ━━━━━━━━━─── 22/29 2.2it/s 9.7s<3.2s
[K                 Class     Images  Instances      Box(P          R      mAP50  mAP50-95): 79% ━━━━━━━━━╸── 23/29 2.2it/s 10.2s<2.7s
[K                 Class     Images  Instances      Box(P          R      mAP50  mAP50-95): 83% ━━━━━━━━━╸── 24/29 2.2it/s 10.6s<2.3s
[K                 Class     Images  Instances      Box(P          R      mAP50  mAP50-95): 86% ━━━━━━━━━━── 25/29 2.2it/s 11.1s<1.8s
[K                 Class     Images  Instances      Box(P          R      mAP50  mAP50-95): 90% ━━━━━━━━━━╸─ 26/29 2.2it/s 11.5s<1.4s
[K                 Class     Images  Instances      Box(P          R      mAP50  mAP50-95): 93% ━━━━━━━━━━━─ 27/29 2.3it/s 12.0s<0.9s
[K                 Class     Images  Instances      Box(P          R      mAP50  mAP50-95): 97% ━━━━━━━━━━━╸ 28/29 2.3it/s 12.4s<0.4s
[K                 Class     Images  Instances      Box(P          R      mAP50  mAP50-95): 100% ━━━━━━━━━━━━ 29/29 2.3it/s 12.7s
                   all       3667       9614      0.932      0.864       0.91      0.629
10 epochs completed in 0.125 hours.
Optimizer stripped from /root/shared-nvme/LADD_public/runs_public/ogsod/hbb/formal_nomosaic_20260528/ladd/yolo11s/cap2/ladd_hbb_ogsod11s_formal_nomosaic_yolo11s_cap2_s0_diag_a2damage_s_s0_a2lr3e4_b1_a1_e10_b64_s0_gpu1/weights/last.pt, 48.2MB
Optimizer stripped from /root/shared-nvme/LADD_public/runs_public/ogsod/hbb/formal_nomosaic_20260528/ladd/yolo11s/cap2/ladd_hbb_ogsod11s_formal_nomosaic_yolo11s_cap2_s0_diag_a2damage_s_s0_a2lr3e4_b1_a1_e10_b64_s0_gpu1/weights/best.pt, 48.2MB
Ultralytics 8.4.30 🚀 Python-3.12.3 torch-2.7.0a0+7c8ec84dab.nv25.03 CUDA:1 (NVIDIA GeForce RTX 4090, 24081MiB)
YOLO11s summary: 272 layers, 23,904,088 parameters, 0 gradients, 26.3 GFLOPs
[K                 Class     Images  Instances      Box(P          R      mAP50  mAP50-95): 3% ──────────── 1/29 2.4s/it 0.7s<1:06
[K                 Class     Images  Instances      Box(P          R      mAP50  mAP50-95): 7% ╸─────────── 2/29 1.5s/it 1.5s<40.8s
[K                 Class     Images  Instances      Box(P          R      mAP50  mAP50-95): 10% ━─────────── 3/29 1.2s/it 2.3s<30.9s
[K                 Class     Images  Instances      Box(P          R      mAP50  mAP50-95): 14% ━╸────────── 4/29 1.0s/it 3.1s<25.6s
[K                 Class     Images  Instances      Box(P          R      mAP50  mAP50-95): 17% ━━────────── 5/29 1.1it/s 3.8s<21.4s
[K                 Class     Images  Instances      Box(P          R      mAP50  mAP50-95): 21% ━━────────── 6/29 1.2it/s 4.5s<18.8s
[K                 Class     Images  Instances      Box(P          R      mAP50  mAP50-95): 24% ━━╸───────── 7/29 1.3it/s 5.2s<17.2s
[K                 Class     Images  Instances      Box(P          R      mAP50  mAP50-95): 28% ━━━───────── 8/29 1.3it/s 5.9s<15.8s
[K                 Class     Images  Instances      Box(P          R      mAP50  mAP50-95): 31% ━━━╸──────── 9/29 1.4it/s 6.5s<14.5s
[K                 Class     Images  Instances      Box(P          R      mAP50  mAP50-95): 34% ━━━━──────── 10/29 1.4it/s 7.2s<13.6s
[K                 Class     Images  Instances      Box(P          R      mAP50  mAP50-95): 38% ━━━━╸─────── 11/29 1.4it/s 7.9s<12.7s
[K                 Class     Images  Instances      Box(P          R      mAP50  mAP50-95): 41% ━━━━╸─────── 12/29 1.4it/s 8.6s<11.7s
[K                 Class     Images  Instances      Box(P          R      mAP50  mAP50-95): 45% ━━━━━─────── 13/29 1.5it/s 9.2s<10.8s
[K                 Class     Images  Instances      Box(P          R      mAP50  mAP50-95): 48% ━━━━━╸────── 14/29 1.5it/s 9.9s<10.2s
[K                 Class     Images  Instances      Box(P          R      mAP50  mAP50-95): 52% ━━━━━━────── 15/29 1.5it/s 10.6s<9.5s
[K                 Class     Images  Instances      Box(P          R      mAP50  mAP50-95): 55% ━━━━━━╸───── 16/29 1.5it/s 11.2s<8.8s
[K                 Class     Images  Instances      Box(P          R      mAP50  mAP50-95): 59% ━━━━━━━───── 17/29 1.5it/s 11.9s<8.1s
[K                 Class     Images  Instances      Box(P          R      mAP50  mAP50-95): 62% ━━━━━━━───── 18/29 1.5it/s 12.6s<7.4s
[K                 Class     Images  Instances      Box(P          R      mAP50  mAP50-95): 66% ━━━━━━━╸──── 19/29 1.5it/s 13.2s<6.7s
[K                 Class     Images  Instances      Box(P          R      mAP50  mAP50-95): 69% ━━━━━━━━──── 20/29 1.5it/s 13.9s<6.1s
[K                 Class     Images  Instances      Box(P          R      mAP50  mAP50-95): 72% ━━━━━━━━╸─── 21/29 1.5it/s 14.6s<5.4s
[K                 Class     Images  Instances      Box(P          R      mAP50  mAP50-95): 76% ━━━━━━━━━─── 22/29 1.5it/s 15.3s<4.8s
[K                 Class     Images  Instances      Box(P          R      mAP50  mAP50-95): 79% ━━━━━━━━━╸── 23/29 1.5it/s 16.0s<4.1s
[K                 Class     Images  Instances      Box(P          R      mAP50  mAP50-95): 83% ━━━━━━━━━╸── 24/29 1.4it/s 16.7s<3.5s
[K                 Class     Images  Instances      Box(P          R      mAP50  mAP50-95): 86% ━━━━━━━━━━── 25/29 1.5it/s 17.4s<2.7s
[K                 Class     Images  Instances      Box(P          R      mAP50  mAP50-95): 90% ━━━━━━━━━━╸─ 26/29 1.5it/s 18.0s<2.0s
[K                 Class     Images  Instances      Box(P          R      mAP50  mAP50-95): 93% ━━━━━━━━━━━─ 27/29 1.5it/s 18.7s<1.4s
[K                 Class     Images  Instances      Box(P          R      mAP50  mAP50-95): 97% ━━━━━━━━━━━╸ 28/29 1.5it/s 19.4s<0.7s
[K                 Class     Images  Instances      Box(P          R      mAP50  mAP50-95): 100% ━━━━━━━━━━━━ 29/29 1.5it/s 19.8s
                bridge       3315       6389      0.953      0.938      0.969      0.636
                harbor        331        803      0.996      0.989      0.995      0.932
          storage_tank        153       2422      0.847      0.666      0.766      0.317
Speed: 0.0ms preprocess, 0.2ms inference, 0.0ms loss, 1.3ms postprocess per image

### logs/formal_nomosaic_20260528/ladd/formal_nomosaic_yolo11s_cap2_s0_diag_a2damage_s_s0_a2lr3e4_b1_gpu1/a1/master.log
[2026-06-11 23:53:09] Launching OGSOD hbb LADD phase a1: ladd_hbb_ogsod11s_formal_nomosaic_yolo11s_cap2_s0_diag_a2damage_s_s0_a2lr3e4_b1_a1_e10_b64_s0_gpu1
[2026-06-12 00:01:28] Phase a1 finished
[2026-06-12 00:01:28] Run directory: /root/shared-nvme/LADD_public/runs_public/ogsod/hbb/formal_nomosaic_20260528/ladd/yolo11s/cap2/ladd_hbb_ogsod11s_formal_nomosaic_yolo11s_cap2_s0_diag_a2damage_s_s0_a2lr3e4_b1_a1_e10_b64_s0_gpu1

### logs/formal_nomosaic_20260528/ladd/formal_nomosaic_yolo11s_cap2_s0_diag_a2damage_s_s0_a2lr3e4_b1_gpu1/a2/a2.log
Freezing layer 'model.23.dfl.conv.weight'
[34m[1moptimizer:[0m MuSGD(lr=0.0003, momentum=0.937) with parameter groups 126 weight(decay=0.0), 169 weight(decay=0.0005), 168 bias(decay=0.0)
ladd_phase_diag phase=a2 trainable_params=17711589/23919080 bn_eval=0/81 freeze_bn_stats=False freeze_bn_after_epoch=-1 ladd_assert_phase_freeze=True alpha_kd=1.0 effective_alpha_kd=1.0 kd_multiplier=1.0 ladd_kd_decay_mode=none ladd_kd_decay_start_epoch=-1 ladd_kd_decay_end_epoch=-1 ladd_kd_final_mult=1.0 ladd_kd_stop_after_epoch=-1 ladd_b_det_only=False ladd_a2_det_only=False ladd_diag_log_grad=False ladd_grad_clip=ULTRALYTICS_DEFAULT ladd_grad_clip_norm=0.0 effective_grad_clip_norm=10.0
Starting training for 50 epochs...
Validating /root/shared-nvme/LADD_public/runs_public/ogsod/hbb/formal_nomosaic_20260528/ladd/yolo11s/cap2/ladd_hbb_ogsod11s_formal_nomosaic_yolo11s_cap2_s0_diag_a2damage_s_s0_a2lr3e4_b1_a2_e50_b64_s0_gpu1/weights/best.pt...
Results saved to [1m/root/shared-nvme/LADD_public/runs_public/ogsod/hbb/formal_nomosaic_20260528/ladd/yolo11s/cap2/ladd_hbb_ogsod11s_formal_nomosaic_yolo11s_cap2_s0_diag_a2damage_s_s0_a2lr3e4_b1_a2_e50_b64_s0_gpu1[0m
[K      50/50      6.19G     0.6708     0.3348     0.7929          0   0.006654  0.0001279  0.0009635     0.1531     0.2771          0          0          0          0          0          0          0          0          0          0          0          0          0          0  0.0009635      2.326      2.325          0          0     0.9187     0.3185     0.4667    0.05718      0.374     0.4251        125        256: 98% ━━━━━━━━━━━╸ 226/230 2.3it/s 1:41<1.7s
[K      50/50      6.19G     0.6707     0.3348     0.7929          0   0.006655  0.0001278  0.0009638     0.1531      0.277          0          0          0          0          0          0          0          0          0          0          0          0          0          0  0.0009638      2.326      2.325          0          0     0.9188     0.3186     0.4667    0.05719      0.374     0.4251        156        256: 99% ━━━━━━━━━━━╸ 227/230 2.3it/s 1:42<1.3s
[K      50/50      6.19G     0.6714      0.335     0.7929          0   0.006655  0.0001277  0.0009637     0.1531     0.2771          0          0          0          0          0          0          0          0          0          0          0          0          0          0  0.0009637      2.326      2.325          0          0     0.9182     0.3186     0.4667    0.05719     0.3739     0.4251        217        256: 99% ━━━━━━━━━━━╸ 228/230 2.3it/s 1:42<0.9s
[K      50/50      6.19G     0.6709      0.335     0.7933          0   0.006655   0.000129  0.0009633     0.1531      0.277          0          0          0          0          0          0          0          0          0          0          0          0          0          0  0.0009633      2.326      2.325          0          0     0.9177     0.3185     0.4667     0.0572     0.3741     0.4251         12        256: 100% ━━━━━━━━━━━╸ 229/230 2.4it/s 1:43<0.4s
[K      50/50      6.19G     0.6709      0.335     0.7933          0   0.006655   0.000129  0.0009633     0.1531      0.277          0          0          0          0          0          0          0          0          0          0          0          0          0          0  0.0009633      2.326      2.325          0          0     0.9177     0.3185     0.4667     0.0572     0.3741     0.4251         12        256: 100% ━━━━━━━━━━━━ 230/230 2.2it/s 1:43

[K                 Class     Images  Instances      Box(P          R      mAP50  mAP50-95): 3% ──────────── 1/29 1.5s/it 0.5s<42.5s
[K                 Class     Images  Instances      Box(P          R      mAP50  mAP50-95): 7% ╸─────────── 2/29 1.2it/s 0.9s<23.1s
[K                 Class     Images  Instances      Box(P          R      mAP50  mAP50-95): 10% ━─────────── 3/29 1.5it/s 1.3s<17.4s
[K                 Class     Images  Instances      Box(P          R      mAP50  mAP50-95): 14% ━╸────────── 4/29 1.7it/s 1.8s<14.5s
[K                 Class     Images  Instances      Box(P          R      mAP50  mAP50-95): 17% ━━────────── 5/29 1.9it/s 2.2s<12.8s
[K                 Class     Images  Instances      Box(P          R      mAP50  mAP50-95): 21% ━━────────── 6/29 2.0it/s 2.7s<11.6s
[K                 Class     Images  Instances      Box(P          R      mAP50  mAP50-95): 24% ━━╸───────── 7/29 2.1it/s 3.1s<10.7s
[K                 Class     Images  Instances      Box(P          R      mAP50  mAP50-95): 28% ━━━───────── 8/29 2.1it/s 3.6s<9.9s
[K                 Class     Images  Instances      Box(P          R      mAP50  mAP50-95): 31% ━━━╸──────── 9/29 2.1it/s 4.0s<9.4s
[K                 Class     Images  Instances      Box(P          R      mAP50  mAP50-95): 34% ━━━━──────── 10/29 2.2it/s 4.5s<8.8s
[K                 Class     Images  Instances      Box(P          R      mAP50  mAP50-95): 38% ━━━━╸─────── 11/29 2.0it/s 5.1s<9.0s
[K                 Class     Images  Instances      Box(P          R      mAP50  mAP50-95): 41% ━━━━╸─────── 12/29 2.1it/s 5.5s<8.1s
[K                 Class     Images  Instances      Box(P          R      mAP50  mAP50-95): 45% ━━━━━─────── 13/29 2.1it/s 6.0s<7.5s
[K                 Class     Images  Instances      Box(P          R      mAP50  mAP50-95): 48% ━━━━━╸────── 14/29 2.2it/s 6.4s<6.9s
[K                 Class     Images  Instances      Box(P          R      mAP50  mAP50-95): 52% ━━━━━━────── 15/29 2.2it/s 6.8s<6.3s
[K                 Class     Images  Instances      Box(P          R      mAP50  mAP50-95): 55% ━━━━━━╸───── 16/29 2.2it/s 7.3s<5.9s
[K                 Class     Images  Instances      Box(P          R      mAP50  mAP50-95): 59% ━━━━━━━───── 17/29 2.2it/s 7.7s<5.4s
[K                 Class     Images  Instances      Box(P          R      mAP50  mAP50-95): 62% ━━━━━━━───── 18/29 2.2it/s 8.2s<4.9s
[K                 Class     Images  Instances      Box(P          R      mAP50  mAP50-95): 66% ━━━━━━━╸──── 19/29 2.3it/s 8.6s<4.4s
[K                 Class     Images  Instances      Box(P          R      mAP50  mAP50-95): 69% ━━━━━━━━──── 20/29 2.3it/s 9.0s<4.0s
[K                 Class     Images  Instances      Box(P          R      mAP50  mAP50-95): 72% ━━━━━━━━╸─── 21/29 2.3it/s 9.5s<3.5s
[K                 Class     Images  Instances      Box(P          R      mAP50  mAP50-95): 76% ━━━━━━━━━─── 22/29 2.3it/s 9.9s<3.1s
[K                 Class     Images  Instances      Box(P          R      mAP50  mAP50-95): 79% ━━━━━━━━━╸── 23/29 2.3it/s 10.4s<2.6s
[K                 Class     Images  Instances      Box(P          R      mAP50  mAP50-95): 83% ━━━━━━━━━╸── 24/29 2.3it/s 10.8s<2.2s
[K                 Class     Images  Instances      Box(P          R      mAP50  mAP50-95): 86% ━━━━━━━━━━── 25/29 2.3it/s 11.2s<1.8s
[K                 Class     Images  Instances      Box(P          R      mAP50  mAP50-95): 90% ━━━━━━━━━━╸─ 26/29 2.3it/s 11.7s<1.3s
[K                 Class     Images  Instances      Box(P          R      mAP50  mAP50-95): 93% ━━━━━━━━━━━─ 27/29 2.2it/s 12.1s<0.9s
[K                 Class     Images  Instances      Box(P          R      mAP50  mAP50-95): 97% ━━━━━━━━━━━╸ 28/29 2.3it/s 12.6s<0.4s
[K                 Class     Images  Instances      Box(P          R      mAP50  mAP50-95): 100% ━━━━━━━━━━━━ 29/29 2.3it/s 12.9s
                   all       3667       9614      0.933      0.866      0.908      0.624
50 epochs completed in 1.642 hours.
Optimizer stripped from /root/shared-nvme/LADD_public/runs_public/ogsod/hbb/formal_nomosaic_20260528/ladd/yolo11s/cap2/ladd_hbb_ogsod11s_formal_nomosaic_yolo11s_cap2_s0_diag_a2damage_s_s0_a2lr3e4_b1_a2_e50_b64_s0_gpu1/weights/last.pt, 48.3MB
Optimizer stripped from /root/shared-nvme/LADD_public/runs_public/ogsod/hbb/formal_nomosaic_20260528/ladd/yolo11s/cap2/ladd_hbb_ogsod11s_formal_nomosaic_yolo11s_cap2_s0_diag_a2damage_s_s0_a2lr3e4_b1_a2_e50_b64_s0_gpu1/weights/best.pt, 48.3MB
Ultralytics 8.4.30 🚀 Python-3.12.3 torch-2.7.0a0+7c8ec84dab.nv25.03 CUDA:1 (NVIDIA GeForce RTX 4090, 24081MiB)
YOLO11s summary: 272 layers, 23,904,088 parameters, 0 gradients, 26.3 GFLOPs
[K                 Class     Images  Instances      Box(P          R      mAP50  mAP50-95): 3% ──────────── 1/29 2.4s/it 0.7s<1:07
[K                 Class     Images  Instances      Box(P          R      mAP50  mAP50-95): 7% ╸─────────── 2/29 1.5s/it 1.5s<39.7s
[K                 Class     Images  Instances      Box(P          R      mAP50  mAP50-95): 10% ━─────────── 3/29 1.2s/it 2.3s<30.6s
[K                 Class     Images  Instances      Box(P          R      mAP50  mAP50-95): 14% ━╸────────── 4/29 1.0s/it 3.1s<25.6s
[K                 Class     Images  Instances      Box(P          R      mAP50  mAP50-95): 17% ━━────────── 5/29 1.1it/s 3.7s<21.1s
[K                 Class     Images  Instances      Box(P          R      mAP50  mAP50-95): 21% ━━────────── 6/29 1.2it/s 4.4s<18.4s
[K                 Class     Images  Instances      Box(P          R      mAP50  mAP50-95): 24% ━━╸───────── 7/29 1.3it/s 5.1s<16.6s
[K                 Class     Images  Instances      Box(P          R      mAP50  mAP50-95): 28% ━━━───────── 8/29 1.4it/s 5.7s<15.0s
[K                 Class     Images  Instances      Box(P          R      mAP50  mAP50-95): 31% ━━━╸──────── 9/29 1.4it/s 6.4s<14.0s
[K                 Class     Images  Instances      Box(P          R      mAP50  mAP50-95): 34% ━━━━──────── 10/29 1.5it/s 7.0s<13.1s
[K                 Class     Images  Instances      Box(P          R      mAP50  mAP50-95): 38% ━━━━╸─────── 11/29 1.5it/s 7.7s<12.1s
[K                 Class     Images  Instances      Box(P          R      mAP50  mAP50-95): 41% ━━━━╸─────── 12/29 1.5it/s 8.3s<11.3s
[K                 Class     Images  Instances      Box(P          R      mAP50  mAP50-95): 45% ━━━━━─────── 13/29 1.5it/s 9.0s<10.6s
[K                 Class     Images  Instances      Box(P          R      mAP50  mAP50-95): 48% ━━━━━╸────── 14/29 1.5it/s 9.6s<9.9s
[K                 Class     Images  Instances      Box(P          R      mAP50  mAP50-95): 52% ━━━━━━────── 15/29 1.5it/s 10.3s<9.2s
[K                 Class     Images  Instances      Box(P          R      mAP50  mAP50-95): 55% ━━━━━━╸───── 16/29 1.5it/s 10.9s<8.5s
[K                 Class     Images  Instances      Box(P          R      mAP50  mAP50-95): 59% ━━━━━━━───── 17/29 1.5it/s 11.6s<7.8s
[K                 Class     Images  Instances      Box(P          R      mAP50  mAP50-95): 62% ━━━━━━━───── 18/29 1.5it/s 12.2s<7.2s
[K                 Class     Images  Instances      Box(P          R      mAP50  mAP50-95): 66% ━━━━━━━╸──── 19/29 1.5it/s 12.9s<6.6s
[K                 Class     Images  Instances      Box(P          R      mAP50  mAP50-95): 69% ━━━━━━━━──── 20/29 1.5it/s 13.6s<6.0s
[K                 Class     Images  Instances      Box(P          R      mAP50  mAP50-95): 72% ━━━━━━━━╸─── 21/29 1.6it/s 14.2s<5.2s
[K                 Class     Images  Instances      Box(P          R      mAP50  mAP50-95): 76% ━━━━━━━━━─── 22/29 1.5it/s 14.9s<4.6s
[K                 Class     Images  Instances      Box(P          R      mAP50  mAP50-95): 79% ━━━━━━━━━╸── 23/29 1.5it/s 15.6s<4.0s
[K                 Class     Images  Instances      Box(P          R      mAP50  mAP50-95): 83% ━━━━━━━━━╸── 24/29 1.5it/s 16.3s<3.4s
[K                 Class     Images  Instances      Box(P          R      mAP50  mAP50-95): 86% ━━━━━━━━━━── 25/29 1.3it/s 17.3s<3.0s
[K                 Class     Images  Instances      Box(P          R      mAP50  mAP50-95): 90% ━━━━━━━━━━╸─ 26/29 1.3it/s 18.0s<2.2s
[K                 Class     Images  Instances      Box(P          R      mAP50  mAP50-95): 93% ━━━━━━━━━━━─ 27/29 1.4it/s 18.7s<1.5s
[K                 Class     Images  Instances      Box(P          R      mAP50  mAP50-95): 97% ━━━━━━━━━━━╸ 28/29 1.3it/s 19.5s<0.7s
[K                 Class     Images  Instances      Box(P          R      mAP50  mAP50-95): 100% ━━━━━━━━━━━━ 29/29 1.4it/s 20.0s
                   all       3667       9614      0.936      0.874      0.913      0.633
                bridge       3315       6389      0.962      0.937      0.969      0.638
                harbor        331        803      0.996       0.99      0.995       0.93
          storage_tank        153       2422      0.851      0.697      0.776      0.331
Speed: 0.0ms preprocess, 0.2ms inference, 0.0ms loss, 1.3ms postprocess per image

### logs/formal_nomosaic_20260528/ladd/formal_nomosaic_yolo11s_cap2_s0_diag_a2damage_s_s0_a2lr3e4_b1_gpu1/a2/master.log
[2026-06-12 00:01:29] Launching OGSOD hbb LADD phase a2: ladd_hbb_ogsod11s_formal_nomosaic_yolo11s_cap2_s0_diag_a2damage_s_s0_a2lr3e4_b1_a2_e50_b64_s0_gpu1
[2026-06-12 01:40:57] Phase a2 finished
[2026-06-12 01:40:57] Run directory: /root/shared-nvme/LADD_public/runs_public/ogsod/hbb/formal_nomosaic_20260528/ladd/yolo11s/cap2/ladd_hbb_ogsod11s_formal_nomosaic_yolo11s_cap2_s0_diag_a2damage_s_s0_a2lr3e4_b1_a2_e50_b64_s0_gpu1

### logs/formal_nomosaic_20260528/ladd/formal_nomosaic_yolo11s_cap2_s0_diag_a2damage_s_s0_a2lr3e4_b1_gpu1/b/b.log
Freezing layer 'model.23.dfl.conv.weight'
[34m[1moptimizer:[0m MuSGD(lr=0.001, momentum=0.937) with parameter groups 126 weight(decay=0.0), 169 weight(decay=0.0005), 168 bias(decay=0.0)
ladd_phase_diag phase=b trainable_params=12536281/23919080 bn_eval=0/81 freeze_bn_stats=False freeze_bn_after_epoch=-1 ladd_assert_phase_freeze=True alpha_kd=1.0 effective_alpha_kd=1.0 kd_multiplier=1.0 ladd_kd_decay_mode=none ladd_kd_decay_start_epoch=-1 ladd_kd_decay_end_epoch=-1 ladd_kd_final_mult=1.0 ladd_kd_stop_after_epoch=-1 ladd_b_det_only=False ladd_a2_det_only=False ladd_diag_log_grad=False ladd_grad_clip=ULTRALYTICS_DEFAULT ladd_grad_clip_norm=0.0 effective_grad_clip_norm=10.0
Starting training for 1 epochs...
Validating /root/shared-nvme/LADD_public/runs_public/ogsod/hbb/formal_nomosaic_20260528/ladd/yolo11s/cap2/ladd_hbb_ogsod11s_formal_nomosaic_yolo11s_cap2_s0_diag_a2damage_s_s0_a2lr3e4_b1_b_e1_b64_s0_gpu1/weights/best.pt...
Results saved to [1m/root/shared-nvme/LADD_public/runs_public/ogsod/hbb/formal_nomosaic_20260528/ladd/yolo11s/cap2/ladd_hbb_ogsod11s_formal_nomosaic_yolo11s_cap2_s0_diag_a2damage_s_s0_a2lr3e4_b1_b_e1_b64_s0_gpu1[0m
[K        1/1      3.93G     0.7495     0.3689     0.8013          0          0          0          0          0          0        1.1    0.03676   0.003379  7.881e-05          0          0          0          0          0          0          0          0          0          0          0          0          0     0.5317     0.2551          0          0     0.4672    0.05714     0.3761     0.4263        161        256: 98% ━━━━━━━━━━━╸ 226/230 2.0it/s 1:29<2.0s
[K        1/1      3.93G     0.7496     0.3689     0.8015          0          0          0          0          0          0      1.096    0.03673   0.003377  7.846e-05          0          0          0          0          0          0          0          0          0          0          0          0          0     0.5315     0.2551          0          0     0.4672    0.05714     0.3761     0.4263        117        256: 99% ━━━━━━━━━━━╸ 227/230 2.0it/s 1:29<1.5s
[K        1/1      3.93G     0.7498      0.369     0.8016          0          0          0          0          0          0      1.093    0.03671   0.003375  7.812e-05          0          0          0          0          0          0          0          0          0          0          0          0          0     0.5314     0.2551          0          0     0.4672    0.05714     0.3761     0.4263        107        256: 99% ━━━━━━━━━━━╸ 228/230 2.0it/s 1:30<1.0s
[K        1/1      3.99G     0.7509     0.3693     0.8015          0          0          0          0          0          0      1.099    0.03668   0.003374  0.0001668          0          0          0          0          0          0          0          0          0          0          0          0          0     0.5306      0.255          0          0     0.4672    0.05715     0.3763     0.4265         12        256: 100% ━━━━━━━━━━━╸ 229/230 1.8it/s 1:30<0.5s
[K        1/1      3.99G     0.7509     0.3693     0.8015          0          0          0          0          0          0      1.099    0.03668   0.003374  0.0001668          0          0          0          0          0          0          0          0          0          0          0          0          0     0.5306      0.255          0          0     0.4672    0.05715     0.3763     0.4265         12        256: 100% ━━━━━━━━━━━━ 230/230 2.5it/s 1:30

[K                 Class     Images  Instances      Box(P          R      mAP50  mAP50-95): 3% ──────────── 1/29 3.0s/it 0.9s<1:23
[K                 Class     Images  Instances      Box(P          R      mAP50  mAP50-95): 7% ╸─────────── 2/29 1.7s/it 1.8s<46.2s
[K                 Class     Images  Instances      Box(P          R      mAP50  mAP50-95): 10% ━─────────── 3/29 1.3s/it 2.6s<33.7s
[K                 Class     Images  Instances      Box(P          R      mAP50  mAP50-95): 14% ━╸────────── 4/29 1.1s/it 3.4s<27.9s
[K                 Class     Images  Instances      Box(P          R      mAP50  mAP50-95): 17% ━━────────── 5/29 1.0it/s 4.2s<23.3s
[K                 Class     Images  Instances      Box(P          R      mAP50  mAP50-95): 21% ━━────────── 6/29 1.1it/s 4.9s<20.0s
[K                 Class     Images  Instances      Box(P          R      mAP50  mAP50-95): 24% ━━╸───────── 7/29 1.2it/s 5.6s<18.0s
[K                 Class     Images  Instances      Box(P          R      mAP50  mAP50-95): 28% ━━━───────── 8/29 1.2it/s 6.4s<16.9s
[K                 Class     Images  Instances      Box(P          R      mAP50  mAP50-95): 31% ━━━╸──────── 9/29 1.3it/s 7.1s<15.9s
[K                 Class     Images  Instances      Box(P          R      mAP50  mAP50-95): 34% ━━━━──────── 10/29 1.3it/s 7.9s<14.8s
[K                 Class     Images  Instances      Box(P          R      mAP50  mAP50-95): 38% ━━━━╸─────── 11/29 1.3it/s 8.6s<13.8s
[K                 Class     Images  Instances      Box(P          R      mAP50  mAP50-95): 41% ━━━━╸─────── 12/29 1.3it/s 9.3s<12.7s
[K                 Class     Images  Instances      Box(P          R      mAP50  mAP50-95): 45% ━━━━━─────── 13/29 1.3it/s 10.1s<11.9s
[K                 Class     Images  Instances      Box(P          R      mAP50  mAP50-95): 48% ━━━━━╸────── 14/29 1.4it/s 10.8s<11.0s
[K                 Class     Images  Instances      Box(P          R      mAP50  mAP50-95): 52% ━━━━━━────── 15/29 1.4it/s 11.5s<10.0s
[K                 Class     Images  Instances      Box(P          R      mAP50  mAP50-95): 55% ━━━━━━╸───── 16/29 1.4it/s 12.2s<9.3s
[K                 Class     Images  Instances      Box(P          R      mAP50  mAP50-95): 59% ━━━━━━━───── 17/29 1.4it/s 12.9s<8.5s
[K                 Class     Images  Instances      Box(P          R      mAP50  mAP50-95): 62% ━━━━━━━───── 18/29 1.4it/s 13.6s<7.8s
[K                 Class     Images  Instances      Box(P          R      mAP50  mAP50-95): 66% ━━━━━━━╸──── 19/29 1.4it/s 14.3s<7.1s
[K                 Class     Images  Instances      Box(P          R      mAP50  mAP50-95): 69% ━━━━━━━━──── 20/29 1.4it/s 14.9s<6.2s
[K                 Class     Images  Instances      Box(P          R      mAP50  mAP50-95): 72% ━━━━━━━━╸─── 21/29 1.5it/s 15.6s<5.4s
[K                 Class     Images  Instances      Box(P          R      mAP50  mAP50-95): 76% ━━━━━━━━━─── 22/29 1.5it/s 16.3s<4.8s
[K                 Class     Images  Instances      Box(P          R      mAP50  mAP50-95): 79% ━━━━━━━━━╸── 23/29 1.5it/s 16.9s<4.0s
[K                 Class     Images  Instances      Box(P          R      mAP50  mAP50-95): 83% ━━━━━━━━━╸── 24/29 1.5it/s 17.6s<3.4s
[K                 Class     Images  Instances      Box(P          R      mAP50  mAP50-95): 86% ━━━━━━━━━━── 25/29 1.5it/s 18.2s<2.7s
[K                 Class     Images  Instances      Box(P          R      mAP50  mAP50-95): 90% ━━━━━━━━━━╸─ 26/29 1.6it/s 18.8s<1.9s
[K                 Class     Images  Instances      Box(P          R      mAP50  mAP50-95): 93% ━━━━━━━━━━━─ 27/29 1.6it/s 19.4s<1.3s
[K                 Class     Images  Instances      Box(P          R      mAP50  mAP50-95): 97% ━━━━━━━━━━━╸ 28/29 1.6it/s 20.1s<0.6s
[K                 Class     Images  Instances      Box(P          R      mAP50  mAP50-95): 100% ━━━━━━━━━━━━ 29/29 1.4it/s 20.6s
                   all       3667       9614      0.915      0.861      0.901      0.604
1 epochs completed in 0.032 hours.
Optimizer stripped from /root/shared-nvme/LADD_public/runs_public/ogsod/hbb/formal_nomosaic_20260528/ladd/yolo11s/cap2/ladd_hbb_ogsod11s_formal_nomosaic_yolo11s_cap2_s0_diag_a2damage_s_s0_a2lr3e4_b1_b_e1_b64_s0_gpu1/weights/last.pt, 48.2MB
Optimizer stripped from /root/shared-nvme/LADD_public/runs_public/ogsod/hbb/formal_nomosaic_20260528/ladd/yolo11s/cap2/ladd_hbb_ogsod11s_formal_nomosaic_yolo11s_cap2_s0_diag_a2damage_s_s0_a2lr3e4_b1_b_e1_b64_s0_gpu1/weights/best.pt, 48.2MB
Ultralytics 8.4.30 🚀 Python-3.12.3 torch-2.7.0a0+7c8ec84dab.nv25.03 CUDA:1 (NVIDIA GeForce RTX 4090, 24081MiB)
YOLO11s summary: 272 layers, 23,904,088 parameters, 0 gradients, 26.3 GFLOPs
[K                 Class     Images  Instances      Box(P          R      mAP50  mAP50-95): 3% ──────────── 1/29 2.2s/it 0.7s<1:01
[K                 Class     Images  Instances      Box(P          R      mAP50  mAP50-95): 7% ╸─────────── 2/29 1.4s/it 1.4s<38.3s
[K                 Class     Images  Instances      Box(P          R      mAP50  mAP50-95): 10% ━─────────── 3/29 1.2s/it 2.2s<30.0s
[K                 Class     Images  Instances      Box(P          R      mAP50  mAP50-95): 14% ━╸────────── 4/29 1.0s/it 3.1s<26.0s
[K                 Class     Images  Instances      Box(P          R      mAP50  mAP50-95): 17% ━━────────── 5/29 1.1it/s 3.8s<21.6s
[K                 Class     Images  Instances      Box(P          R      mAP50  mAP50-95): 21% ━━────────── 6/29 1.2it/s 4.4s<18.8s
[K                 Class     Images  Instances      Box(P          R      mAP50  mAP50-95): 24% ━━╸───────── 7/29 1.3it/s 5.1s<17.2s
[K                 Class     Images  Instances      Box(P          R      mAP50  mAP50-95): 28% ━━━───────── 8/29 1.3it/s 5.8s<15.6s
[K                 Class     Images  Instances      Box(P          R      mAP50  mAP50-95): 31% ━━━╸──────── 9/29 1.4it/s 6.5s<14.4s
[K                 Class     Images  Instances      Box(P          R      mAP50  mAP50-95): 34% ━━━━──────── 10/29 1.4it/s 7.2s<13.4s
[K                 Class     Images  Instances      Box(P          R      mAP50  mAP50-95): 38% ━━━━╸─────── 11/29 1.5it/s 7.8s<12.4s
[K                 Class     Images  Instances      Box(P          R      mAP50  mAP50-95): 41% ━━━━╸─────── 12/29 1.5it/s 8.5s<11.6s
[K                 Class     Images  Instances      Box(P          R      mAP50  mAP50-95): 45% ━━━━━─────── 13/29 1.5it/s 9.1s<10.8s
[K                 Class     Images  Instances      Box(P          R      mAP50  mAP50-95): 48% ━━━━━╸────── 14/29 1.5it/s 9.8s<10.1s
[K                 Class     Images  Instances      Box(P          R      mAP50  mAP50-95): 52% ━━━━━━────── 15/29 1.5it/s 10.5s<9.4s
[K                 Class     Images  Instances      Box(P          R      mAP50  mAP50-95): 55% ━━━━━━╸───── 16/29 1.5it/s 11.1s<8.6s
[K                 Class     Images  Instances      Box(P          R      mAP50  mAP50-95): 59% ━━━━━━━───── 17/29 1.5it/s 11.8s<7.8s
[K                 Class     Images  Instances      Box(P          R      mAP50  mAP50-95): 62% ━━━━━━━───── 18/29 1.5it/s 12.4s<7.2s
[K                 Class     Images  Instances      Box(P          R      mAP50  mAP50-95): 66% ━━━━━━━╸──── 19/29 1.5it/s 13.1s<6.6s
[K                 Class     Images  Instances      Box(P          R      mAP50  mAP50-95): 69% ━━━━━━━━──── 20/29 1.5it/s 13.8s<6.0s
[K                 Class     Images  Instances      Box(P          R      mAP50  mAP50-95): 72% ━━━━━━━━╸─── 21/29 1.5it/s 14.5s<5.4s
[K                 Class     Images  Instances      Box(P          R      mAP50  mAP50-95): 76% ━━━━━━━━━─── 22/29 1.5it/s 15.1s<4.7s
[K                 Class     Images  Instances      Box(P          R      mAP50  mAP50-95): 79% ━━━━━━━━━╸── 23/29 1.5it/s 15.8s<4.0s
[K                 Class     Images  Instances      Box(P          R      mAP50  mAP50-95): 83% ━━━━━━━━━╸── 24/29 1.5it/s 16.5s<3.4s
[K                 Class     Images  Instances      Box(P          R      mAP50  mAP50-95): 86% ━━━━━━━━━━── 25/29 1.5it/s 17.2s<2.7s
[K                 Class     Images  Instances      Box(P          R      mAP50  mAP50-95): 90% ━━━━━━━━━━╸─ 26/29 1.5it/s 17.9s<2.0s
[K                 Class     Images  Instances      Box(P          R      mAP50  mAP50-95): 93% ━━━━━━━━━━━─ 27/29 1.5it/s 18.6s<1.4s
[K                 Class     Images  Instances      Box(P          R      mAP50  mAP50-95): 97% ━━━━━━━━━━━╸ 28/29 1.4it/s 19.3s<0.7s
[K                 Class     Images  Instances      Box(P          R      mAP50  mAP50-95): 100% ━━━━━━━━━━━━ 29/29 1.5it/s 19.7s
                bridge       3315       6389      0.948      0.933      0.964      0.605
                harbor        331        803      0.987      0.988      0.995       0.91
          storage_tank        153       2422       0.81      0.661      0.743      0.298
Speed: 0.0ms preprocess, 0.2ms inference, 0.0ms loss, 1.3ms postprocess per image

### logs/formal_nomosaic_20260528/ladd/formal_nomosaic_yolo11s_cap2_s0_diag_a2damage_s_s0_a2lr3e4_b1_gpu1/b/master.log
[2026-06-12 01:40:58] Launching OGSOD hbb LADD phase b: ladd_hbb_ogsod11s_formal_nomosaic_yolo11s_cap2_s0_diag_a2damage_s_s0_a2lr3e4_b1_b_e1_b64_s0_gpu1
[2026-06-12 01:43:46] Phase b finished
[2026-06-12 01:43:46] Run directory: /root/shared-nvme/LADD_public/runs_public/ogsod/hbb/formal_nomosaic_20260528/ladd/yolo11s/cap2/ladd_hbb_ogsod11s_formal_nomosaic_yolo11s_cap2_s0_diag_a2damage_s_s0_a2lr3e4_b1_b_e1_b64_s0_gpu1

### logs/formal_nomosaic_20260528/ladd/formal_nomosaic_yolo11s_cap2_s0_diag_a2damage_s_s0_a2lr3e4_b1_gpu1/chain.log
[2026-06-11 23:53:09] phase=a1 model=runs_public/ogsod/hbb/formal_nomosaic_20260528/baselines/sar/sar_yolo11s_hbb_800ep_cos_nomosaic_albu_b64_s0/weights/best.pt
[2026-06-12 00:01:28] phase=a2 model=/root/shared-nvme/LADD_public/runs_public/ogsod/hbb/formal_nomosaic_20260528/ladd/yolo11s/cap2/ladd_hbb_ogsod11s_formal_nomosaic_yolo11s_cap2_s0_diag_a2damage_s_s0_a2lr3e4_b1_a1_e10_b64_s0_gpu1/weights/best.pt
[2026-06-12 01:40:58] phase=b model=/root/shared-nvme/LADD_public/runs_public/ogsod/hbb/formal_nomosaic_20260528/ladd/yolo11s/cap2/ladd_hbb_ogsod11s_formal_nomosaic_yolo11s_cap2_s0_diag_a2damage_s_s0_a2lr3e4_b1_a2_e50_b64_s0_gpu1/weights/best.pt
[2026-06-12 01:43:46] Chain complete. Final model: /root/shared-nvme/LADD_public/runs_public/ogsod/hbb/formal_nomosaic_20260528/ladd/yolo11s/cap2/ladd_hbb_ogsod11s_formal_nomosaic_yolo11s_cap2_s0_diag_a2damage_s_s0_a2lr3e4_b1_b_e1_b64_s0_gpu1/weights/best.pt

### logs/formal_nomosaic_20260528/ladd/formal_nomosaic_yolo11s_cap2_s0_diag_a2damage_s_s0_a2lr3e4_b1_gpu1.outer.log
[2026-06-11 23:53:09] phase=a1 model=runs_public/ogsod/hbb/formal_nomosaic_20260528/baselines/sar/sar_yolo11s_hbb_800ep_cos_nomosaic_albu_b64_s0/weights/best.pt
[2026-06-12 00:01:28] phase=a2 model=/root/shared-nvme/LADD_public/runs_public/ogsod/hbb/formal_nomosaic_20260528/ladd/yolo11s/cap2/ladd_hbb_ogsod11s_formal_nomosaic_yolo11s_cap2_s0_diag_a2damage_s_s0_a2lr3e4_b1_a1_e10_b64_s0_gpu1/weights/best.pt
[2026-06-12 01:40:58] phase=b model=/root/shared-nvme/LADD_public/runs_public/ogsod/hbb/formal_nomosaic_20260528/ladd/yolo11s/cap2/ladd_hbb_ogsod11s_formal_nomosaic_yolo11s_cap2_s0_diag_a2damage_s_s0_a2lr3e4_b1_a2_e50_b64_s0_gpu1/weights/best.pt
[2026-06-12 01:43:46] Chain complete. Final model: /root/shared-nvme/LADD_public/runs_public/ogsod/hbb/formal_nomosaic_20260528/ladd/yolo11s/cap2/ladd_hbb_ogsod11s_formal_nomosaic_yolo11s_cap2_s0_diag_a2damage_s_s0_a2lr3e4_b1_b_e1_b64_s0_gpu1/weights/best.pt
[2026-06-11 23:53:09] Launching OGSOD hbb LADD phase a1: ladd_hbb_ogsod11s_formal_nomosaic_yolo11s_cap2_s0_diag_a2damage_s_s0_a2lr3e4_b1_a1_e10_b64_s0_gpu1
[2026-06-12 00:01:28] Phase a1 finished
python3: can't open file '/root/shared-nvme/LADD_public_p1/tools/summarize_tskd_results.py': [Errno 2] No such file or directory
[2026-06-12 00:01:28] Run directory: /root/shared-nvme/LADD_public/runs_public/ogsod/hbb/formal_nomosaic_20260528/ladd/yolo11s/cap2/ladd_hbb_ogsod11s_formal_nomosaic_yolo11s_cap2_s0_diag_a2damage_s_s0_a2lr3e4_b1_a1_e10_b64_s0_gpu1
[2026-06-12 00:01:29] Launching OGSOD hbb LADD phase a2: ladd_hbb_ogsod11s_formal_nomosaic_yolo11s_cap2_s0_diag_a2damage_s_s0_a2lr3e4_b1_a2_e50_b64_s0_gpu1
[2026-06-12 01:40:57] Phase a2 finished
[2026-06-12 01:40:57] Run directory: /root/shared-nvme/LADD_public/runs_public/ogsod/hbb/formal_nomosaic_20260528/ladd/yolo11s/cap2/ladd_hbb_ogsod11s_formal_nomosaic_yolo11s_cap2_s0_diag_a2damage_s_s0_a2lr3e4_b1_a2_e50_b64_s0_gpu1
[2026-06-12 01:40:58] Launching OGSOD hbb LADD phase b: ladd_hbb_ogsod11s_formal_nomosaic_yolo11s_cap2_s0_diag_a2damage_s_s0_a2lr3e4_b1_b_e1_b64_s0_gpu1
[2026-06-12 01:43:46] Phase b finished
[2026-06-12 01:43:46] Run directory: /root/shared-nvme/LADD_public/runs_public/ogsod/hbb/formal_nomosaic_20260528/ladd/yolo11s/cap2/ladd_hbb_ogsod11s_formal_nomosaic_yolo11s_cap2_s0_diag_a2damage_s_s0_a2lr3e4_b1_b_e1_b64_s0_gpu1

