### logs/formal_nomosaic_20260528/ladd/formal_nomosaic_yolo11s_cap2_s0_diag_a2damage_s_s0_a2detonly_b1_retry1_gpu0/a1/a1.log
Freezing layer 'model.23.dfl.conv.weight'
[34m[1moptimizer:[0m 'optimizer=auto' found, ignoring 'lr0=0.01' and 'momentum=0.937' and determining best 'optimizer', 'lr0' and 'momentum' automatically... 
[34m[1moptimizer:[0m AdamW(lr=0.001429, momentum=0.9) with parameter groups 126 weight(decay=0.0), 169 weight(decay=0.0005), 168 bias(decay=0.0)
ladd_phase_diag phase=a1 trainable_params=8282636/23919080 bn_eval=0/81 freeze_bn_stats=False freeze_bn_after_epoch=-1 ladd_assert_phase_freeze=True alpha_kd=1.0 effective_alpha_kd=1.0 kd_multiplier=1.0 ladd_kd_decay_mode=none ladd_kd_decay_start_epoch=-1 ladd_kd_decay_end_epoch=-1 ladd_kd_final_mult=1.0 ladd_kd_stop_after_epoch=-1 ladd_b_det_only=False ladd_a2_det_only=True ladd_diag_log_grad=False ladd_grad_clip=ULTRALYTICS_DEFAULT ladd_grad_clip_norm=0.0 effective_grad_clip_norm=10.0
Starting training for 10 epochs...
Validating /root/shared-nvme/LADD_public/runs_public/ogsod/hbb/formal_nomosaic_20260528/ladd/yolo11s/cap2/ladd_hbb_ogsod11s_formal_nomosaic_yolo11s_cap2_s0_diag_a2damage_s_s0_a2detonly_b1_retry1_a1_e10_b64_s0_gpu0/weights/best.pt...
Results saved to [1m/root/shared-nvme/LADD_public/runs_public/ogsod/hbb/formal_nomosaic_20260528/ladd/yolo11s/cap2/ladd_hbb_ogsod11s_formal_nomosaic_yolo11s_cap2_s0_diag_a2damage_s_s0_a2detonly_b1_retry1_a1_e10_b64_s0_gpu0[0m
[K      10/10      3.44G          0          0          0          0   0.007416  0.0006357   0.001676     0.1532     0.2941          0          0          0          0          0          0          0          0          0          0          0          0          0          0   0.001676      2.342      2.341          0          0      0.998      0.434     0.4695    0.05692     0.3847     0.4335        116        256: 98% ━━━━━━━━━━━╸ 226/230 5.7it/s 37.4s<0.7s
[K      10/10      3.44G          0          0          0          0   0.007414  0.0006342   0.001675     0.1532     0.2941          0          0          0          0          0          0          0          0          0          0          0          0          0          0   0.001675      2.342      2.341          0          0     0.9972     0.4336     0.4695    0.05692     0.3847     0.4335        124        256: 99% ━━━━━━━━━━━╸ 227/230 5.6it/s 37.6s<0.5s
[K      10/10      3.44G          0          0          0          0   0.007414  0.0006325   0.001675     0.1532     0.2941          0          0          0          0          0          0          0          0          0          0          0          0          0          0   0.001675      2.343      2.341          0          0     0.9965     0.4333     0.4695    0.05692     0.3846     0.4335        134        256: 99% ━━━━━━━━━━━╸ 228/230 6.0it/s 37.8s<0.3s
[K      10/10      3.47G          0          0          0          0   0.007416  0.0006363   0.001674     0.1532     0.2939          0          0          0          0          0          0          0          0          0          0          0          0          0          0   0.001674      2.343      2.341          0          0     0.9954      0.433     0.4695    0.05693     0.3846     0.4335         17        256: 100% ━━━━━━━━━━━╸ 229/230 5.8it/s 38.0s<0.2s
[K      10/10      3.47G          0          0          0          0   0.007416  0.0006363   0.001674     0.1532     0.2939          0          0          0          0          0          0          0          0          0          0          0          0          0          0   0.001674      2.343      2.341          0          0     0.9954      0.433     0.4695    0.05693     0.3846     0.4335         17        256: 100% ━━━━━━━━━━━━ 230/230 6.1it/s 38.0s

[K                 Class     Images  Instances      Box(P          R      mAP50  mAP50-95): 3% ──────────── 1/29 2.3s/it 0.7s<1:04
[K                 Class     Images  Instances      Box(P          R      mAP50  mAP50-95): 7% ╸─────────── 2/29 1.4s/it 1.4s<37.1s
[K                 Class     Images  Instances      Box(P          R      mAP50  mAP50-95): 10% ━─────────── 3/29 1.0s/it 2.1s<26.9s
[K                 Class     Images  Instances      Box(P          R      mAP50  mAP50-95): 14% ━╸────────── 4/29 1.1it/s 2.7s<22.5s
[K                 Class     Images  Instances      Box(P          R      mAP50  mAP50-95): 17% ━━────────── 5/29 1.2it/s 3.5s<20.5s
[K                 Class     Images  Instances      Box(P          R      mAP50  mAP50-95): 21% ━━────────── 6/29 1.3it/s 4.2s<18.3s
[K                 Class     Images  Instances      Box(P          R      mAP50  mAP50-95): 24% ━━╸───────── 7/29 1.3it/s 4.9s<16.6s
[K                 Class     Images  Instances      Box(P          R      mAP50  mAP50-95): 28% ━━━───────── 8/29 1.4it/s 5.5s<15.2s
[K                 Class     Images  Instances      Box(P          R      mAP50  mAP50-95): 31% ━━━╸──────── 9/29 1.4it/s 6.2s<14.4s
[K                 Class     Images  Instances      Box(P          R      mAP50  mAP50-95): 34% ━━━━──────── 10/29 1.4it/s 6.9s<13.6s
[K                 Class     Images  Instances      Box(P          R      mAP50  mAP50-95): 38% ━━━━╸─────── 11/29 1.5it/s 7.6s<12.3s
[K                 Class     Images  Instances      Box(P          R      mAP50  mAP50-95): 41% ━━━━╸─────── 12/29 1.4it/s 8.3s<11.8s
[K                 Class     Images  Instances      Box(P          R      mAP50  mAP50-95): 45% ━━━━━─────── 13/29 1.4it/s 9.0s<11.0s
[K                 Class     Images  Instances      Box(P          R      mAP50  mAP50-95): 48% ━━━━━╸────── 14/29 1.5it/s 9.6s<10.3s
[K                 Class     Images  Instances      Box(P          R      mAP50  mAP50-95): 52% ━━━━━━────── 15/29 1.4it/s 10.4s<9.8s
[K                 Class     Images  Instances      Box(P          R      mAP50  mAP50-95): 55% ━━━━━━╸───── 16/29 1.4it/s 11.1s<9.1s
[K                 Class     Images  Instances      Box(P          R      mAP50  mAP50-95): 59% ━━━━━━━───── 17/29 1.4it/s 11.8s<8.3s
[K                 Class     Images  Instances      Box(P          R      mAP50  mAP50-95): 62% ━━━━━━━───── 18/29 1.5it/s 12.4s<7.5s
[K                 Class     Images  Instances      Box(P          R      mAP50  mAP50-95): 66% ━━━━━━━╸──── 19/29 1.4it/s 13.2s<7.1s
[K                 Class     Images  Instances      Box(P          R      mAP50  mAP50-95): 69% ━━━━━━━━──── 20/29 1.4it/s 13.9s<6.5s
[K                 Class     Images  Instances      Box(P          R      mAP50  mAP50-95): 72% ━━━━━━━━╸─── 21/29 1.4it/s 14.6s<5.5s
[K                 Class     Images  Instances      Box(P          R      mAP50  mAP50-95): 76% ━━━━━━━━━─── 22/29 1.5it/s 15.2s<4.7s
[K                 Class     Images  Instances      Box(P          R      mAP50  mAP50-95): 79% ━━━━━━━━━╸── 23/29 1.5it/s 15.8s<3.9s
[K                 Class     Images  Instances      Box(P          R      mAP50  mAP50-95): 83% ━━━━━━━━━╸── 24/29 1.5it/s 16.4s<3.2s
[K                 Class     Images  Instances      Box(P          R      mAP50  mAP50-95): 86% ━━━━━━━━━━── 25/29 1.6it/s 17.1s<2.6s
[K                 Class     Images  Instances      Box(P          R      mAP50  mAP50-95): 90% ━━━━━━━━━━╸─ 26/29 1.6it/s 17.7s<1.9s
[K                 Class     Images  Instances      Box(P          R      mAP50  mAP50-95): 93% ━━━━━━━━━━━─ 27/29 1.6it/s 18.3s<1.2s
[K                 Class     Images  Instances      Box(P          R      mAP50  mAP50-95): 97% ━━━━━━━━━━━╸ 28/29 1.7it/s 18.9s<0.6s
[K                 Class     Images  Instances      Box(P          R      mAP50  mAP50-95): 100% ━━━━━━━━━━━━ 29/29 1.5it/s 19.3s
                   all       3667       9614      0.932      0.864       0.91      0.629
10 epochs completed in 0.162 hours.
Optimizer stripped from /root/shared-nvme/LADD_public/runs_public/ogsod/hbb/formal_nomosaic_20260528/ladd/yolo11s/cap2/ladd_hbb_ogsod11s_formal_nomosaic_yolo11s_cap2_s0_diag_a2damage_s_s0_a2detonly_b1_retry1_a1_e10_b64_s0_gpu0/weights/last.pt, 48.2MB
Optimizer stripped from /root/shared-nvme/LADD_public/runs_public/ogsod/hbb/formal_nomosaic_20260528/ladd/yolo11s/cap2/ladd_hbb_ogsod11s_formal_nomosaic_yolo11s_cap2_s0_diag_a2damage_s_s0_a2detonly_b1_retry1_a1_e10_b64_s0_gpu0/weights/best.pt, 48.2MB
Ultralytics 8.4.30 🚀 Python-3.12.3 torch-2.7.0a0+7c8ec84dab.nv25.03 CUDA:0 (NVIDIA GeForce RTX 4090, 24081MiB)
YOLO11s summary: 272 layers, 23,904,088 parameters, 0 gradients, 26.3 GFLOPs
[K                 Class     Images  Instances      Box(P          R      mAP50  mAP50-95): 3% ──────────── 1/29 3.1s/it 0.9s<1:27
[K                 Class     Images  Instances      Box(P          R      mAP50  mAP50-95): 7% ╸─────────── 2/29 1.9s/it 2.0s<52.2s
[K                 Class     Images  Instances      Box(P          R      mAP50  mAP50-95): 10% ━─────────── 3/29 1.5s/it 3.0s<40.0s
[K                 Class     Images  Instances      Box(P          R      mAP50  mAP50-95): 14% ━╸────────── 4/29 1.3s/it 4.0s<33.7s
[K                 Class     Images  Instances      Box(P          R      mAP50  mAP50-95): 17% ━━────────── 5/29 1.2s/it 5.0s<28.7s
[K                 Class     Images  Instances      Box(P          R      mAP50  mAP50-95): 21% ━━────────── 6/29 1.1s/it 6.0s<25.8s
[K                 Class     Images  Instances      Box(P          R      mAP50  mAP50-95): 24% ━━╸───────── 7/29 1.0s/it 6.8s<22.1s
[K                 Class     Images  Instances      Box(P          R      mAP50  mAP50-95): 28% ━━━───────── 8/29 1.0s/it 7.9s<21.5s
[K                 Class     Images  Instances      Box(P          R      mAP50  mAP50-95): 31% ━━━╸──────── 9/29 1.0s/it 8.9s<20.6s
[K                 Class     Images  Instances      Box(P          R      mAP50  mAP50-95): 34% ━━━━──────── 10/29 1.0s/it 10.0s<19.8s
[K                 Class     Images  Instances      Box(P          R      mAP50  mAP50-95): 38% ━━━━╸─────── 11/29 1.0s/it 11.0s<18.4s
[K                 Class     Images  Instances      Box(P          R      mAP50  mAP50-95): 41% ━━━━╸─────── 12/29 1.0s/it 12.0s<17.7s
[K                 Class     Images  Instances      Box(P          R      mAP50  mAP50-95): 45% ━━━━━─────── 13/29 1.0s/it 13.1s<16.6s
[K                 Class     Images  Instances      Box(P          R      mAP50  mAP50-95): 48% ━━━━━╸────── 14/29 1.0it/s 14.0s<15.0s
[K                 Class     Images  Instances      Box(P          R      mAP50  mAP50-95): 52% ━━━━━━────── 15/29 1.0s/it 15.0s<14.1s
[K                 Class     Images  Instances      Box(P          R      mAP50  mAP50-95): 55% ━━━━━━╸───── 16/29 1.0it/s 16.0s<12.9s
[K                 Class     Images  Instances      Box(P          R      mAP50  mAP50-95): 59% ━━━━━━━───── 17/29 1.0s/it 17.0s<12.2s
[K                 Class     Images  Instances      Box(P          R      mAP50  mAP50-95): 62% ━━━━━━━───── 18/29 1.0s/it 18.1s<11.2s
[K                 Class     Images  Instances      Box(P          R      mAP50  mAP50-95): 66% ━━━━━━━╸──── 19/29 1.0s/it 19.1s<10.1s
[K                 Class     Images  Instances      Box(P          R      mAP50  mAP50-95): 69% ━━━━━━━━──── 20/29 1.0s/it 20.1s<9.2s
[K                 Class     Images  Instances      Box(P          R      mAP50  mAP50-95): 72% ━━━━━━━━╸─── 21/29 1.0s/it 21.2s<8.3s
[K                 Class     Images  Instances      Box(P          R      mAP50  mAP50-95): 76% ━━━━━━━━━─── 22/29 1.1s/it 22.3s<7.4s
[K                 Class     Images  Instances      Box(P          R      mAP50  mAP50-95): 79% ━━━━━━━━━╸── 23/29 1.1s/it 23.4s<6.4s
[K                 Class     Images  Instances      Box(P          R      mAP50  mAP50-95): 83% ━━━━━━━━━╸── 24/29 1.1s/it 24.5s<5.4s
[K                 Class     Images  Instances      Box(P          R      mAP50  mAP50-95): 86% ━━━━━━━━━━── 25/29 1.1s/it 25.6s<4.4s
[K                 Class     Images  Instances      Box(P          R      mAP50  mAP50-95): 90% ━━━━━━━━━━╸─ 26/29 1.1s/it 26.8s<3.3s
[K                 Class     Images  Instances      Box(P          R      mAP50  mAP50-95): 93% ━━━━━━━━━━━─ 27/29 1.1s/it 27.9s<2.2s
[K                 Class     Images  Instances      Box(P          R      mAP50  mAP50-95): 97% ━━━━━━━━━━━╸ 28/29 1.1s/it 29.0s<1.1s
[K                 Class     Images  Instances      Box(P          R      mAP50  mAP50-95): 100% ━━━━━━━━━━━━ 29/29 1.0s/it 29.7s
                bridge       3315       6389      0.953      0.938      0.969      0.636
                harbor        331        803      0.996      0.989      0.995      0.932
          storage_tank        153       2422      0.847      0.666      0.766      0.317
Speed: 0.0ms preprocess, 0.2ms inference, 0.0ms loss, 1.9ms postprocess per image

### logs/formal_nomosaic_20260528/ladd/formal_nomosaic_yolo11s_cap2_s0_diag_a2damage_s_s0_a2detonly_b1_retry1_gpu0/a1/master.log
[2026-06-11 21:00:32] Launching OGSOD hbb LADD phase a1: ladd_hbb_ogsod11s_formal_nomosaic_yolo11s_cap2_s0_diag_a2damage_s_s0_a2detonly_b1_retry1_a1_e10_b64_s0_gpu0
[2026-06-11 21:12:02] Phase a1 finished
[2026-06-11 21:12:02] Run directory: /root/shared-nvme/LADD_public/runs_public/ogsod/hbb/formal_nomosaic_20260528/ladd/yolo11s/cap2/ladd_hbb_ogsod11s_formal_nomosaic_yolo11s_cap2_s0_diag_a2damage_s_s0_a2detonly_b1_retry1_a1_e10_b64_s0_gpu0

### logs/formal_nomosaic_20260528/ladd/formal_nomosaic_yolo11s_cap2_s0_diag_a2damage_s_s0_a2detonly_b1_retry1_gpu0/a2/a2.log
Freezing layer 'model.23.dfl.conv.weight'
[34m[1moptimizer:[0m MuSGD(lr=0.001, momentum=0.937) with parameter groups 126 weight(decay=0.0), 169 weight(decay=0.0005), 168 bias(decay=0.0)
ladd_phase_diag phase=a2 trainable_params=17711589/23919080 bn_eval=0/81 freeze_bn_stats=False freeze_bn_after_epoch=-1 ladd_assert_phase_freeze=True alpha_kd=1.0 effective_alpha_kd=0.0 kd_multiplier=1.0 ladd_kd_decay_mode=none ladd_kd_decay_start_epoch=-1 ladd_kd_decay_end_epoch=-1 ladd_kd_final_mult=1.0 ladd_kd_stop_after_epoch=-1 ladd_b_det_only=False ladd_a2_det_only=True ladd_diag_log_grad=False ladd_grad_clip=ULTRALYTICS_DEFAULT ladd_grad_clip_norm=0.0 effective_grad_clip_norm=10.0
Starting training for 50 epochs...
Validating /root/shared-nvme/LADD_public/runs_public/ogsod/hbb/formal_nomosaic_20260528/ladd/yolo11s/cap2/ladd_hbb_ogsod11s_formal_nomosaic_yolo11s_cap2_s0_diag_a2damage_s_s0_a2detonly_b1_retry1_a2_e50_b64_s0_gpu0/weights/best.pt...
Results saved to [1m/root/shared-nvme/LADD_public/runs_public/ogsod/hbb/formal_nomosaic_20260528/ladd/yolo11s/cap2/ladd_hbb_ogsod11s_formal_nomosaic_yolo11s_cap2_s0_diag_a2damage_s_s0_a2detonly_b1_retry1_a2_e50_b64_s0_gpu0[0m
[K      50/50       5.4G      0.675     0.3362     0.7934          0          0          0          0          0          0          0          0          0          0          0          0          0          0          0          0          0          0          0          0   0.001618      2.349      2.347          0          0          0          0     0.4684    0.05715     0.3779     0.4286        125        256: 98% ━━━━━━━━━━━╸ 226/230 2.3it/s 1:40<1.8s
[K      50/50       5.4G     0.6749     0.3362     0.7934          0          0          0          0          0          0          0          0          0          0          0          0          0          0          0          0          0          0          0          0   0.001618      2.349      2.347          0          0          0          0     0.4684    0.05715     0.3779     0.4286        156        256: 99% ━━━━━━━━━━━╸ 227/230 2.3it/s 1:41<1.3s
[K      50/50       5.4G     0.6756     0.3364     0.7934          0          0          0          0          0          0          0          0          0          0          0          0          0          0          0          0          0          0          0          0   0.001618      2.349      2.347          0          0          0          0     0.4684    0.05715     0.3778     0.4286        217        256: 99% ━━━━━━━━━━━╸ 228/230 2.3it/s 1:41<0.9s
[K      50/50       5.4G     0.6749     0.3363     0.7938          0          0          0          0          0          0          0          0          0          0          0          0          0          0          0          0          0          0          0          0   0.001618      2.349      2.347          0          0          0          0     0.4684    0.05716     0.3779     0.4286         12        256: 100% ━━━━━━━━━━━╸ 229/230 2.2it/s 1:42<0.4s
[K      50/50       5.4G     0.6749     0.3363     0.7938          0          0          0          0          0          0          0          0          0          0          0          0          0          0          0          0          0          0          0          0   0.001618      2.349      2.347          0          0          0          0     0.4684    0.05716     0.3779     0.4286         12        256: 100% ━━━━━━━━━━━━ 230/230 2.3it/s 1:42

[K                 Class     Images  Instances      Box(P          R      mAP50  mAP50-95): 3% ──────────── 1/29 2.3s/it 0.7s<1:05
[K                 Class     Images  Instances      Box(P          R      mAP50  mAP50-95): 7% ╸─────────── 2/29 1.4s/it 1.4s<37.3s
[K                 Class     Images  Instances      Box(P          R      mAP50  mAP50-95): 10% ━─────────── 3/29 1.1s/it 2.1s<27.5s
[K                 Class     Images  Instances      Box(P          R      mAP50  mAP50-95): 14% ━╸────────── 4/29 1.1it/s 2.8s<23.5s
[K                 Class     Images  Instances      Box(P          R      mAP50  mAP50-95): 17% ━━────────── 5/29 1.2it/s 3.5s<20.4s
[K                 Class     Images  Instances      Box(P          R      mAP50  mAP50-95): 21% ━━────────── 6/29 1.3it/s 4.2s<18.2s
[K                 Class     Images  Instances      Box(P          R      mAP50  mAP50-95): 24% ━━╸───────── 7/29 1.4it/s 4.8s<16.0s
[K                 Class     Images  Instances      Box(P          R      mAP50  mAP50-95): 28% ━━━───────── 8/29 1.4it/s 5.6s<15.3s
[K                 Class     Images  Instances      Box(P          R      mAP50  mAP50-95): 31% ━━━╸──────── 9/29 1.4it/s 6.2s<14.3s
[K                 Class     Images  Instances      Box(P          R      mAP50  mAP50-95): 34% ━━━━──────── 10/29 1.4it/s 6.9s<13.5s
[K                 Class     Images  Instances      Box(P          R      mAP50  mAP50-95): 38% ━━━━╸─────── 11/29 1.4it/s 7.6s<12.7s
[K                 Class     Images  Instances      Box(P          R      mAP50  mAP50-95): 41% ━━━━╸─────── 12/29 1.5it/s 8.3s<11.6s
[K                 Class     Images  Instances      Box(P          R      mAP50  mAP50-95): 45% ━━━━━─────── 13/29 1.4it/s 9.0s<11.1s
[K                 Class     Images  Instances      Box(P          R      mAP50  mAP50-95): 48% ━━━━━╸────── 14/29 1.3it/s 9.9s<11.1s
[K                 Class     Images  Instances      Box(P          R      mAP50  mAP50-95): 52% ━━━━━━────── 15/29 1.4it/s 10.6s<10.1s
[K                 Class     Images  Instances      Box(P          R      mAP50  mAP50-95): 55% ━━━━━━╸───── 16/29 1.4it/s 11.3s<9.3s
[K                 Class     Images  Instances      Box(P          R      mAP50  mAP50-95): 59% ━━━━━━━───── 17/29 1.4it/s 12.0s<8.6s
[K                 Class     Images  Instances      Box(P          R      mAP50  mAP50-95): 62% ━━━━━━━───── 18/29 1.5it/s 12.5s<7.3s
[K                 Class     Images  Instances      Box(P          R      mAP50  mAP50-95): 66% ━━━━━━━╸──── 19/29 1.5it/s 13.2s<6.6s
[K                 Class     Images  Instances      Box(P          R      mAP50  mAP50-95): 69% ━━━━━━━━──── 20/29 1.5it/s 13.9s<6.1s
[K                 Class     Images  Instances      Box(P          R      mAP50  mAP50-95): 72% ━━━━━━━━╸─── 21/29 1.5it/s 14.6s<5.3s
[K                 Class     Images  Instances      Box(P          R      mAP50  mAP50-95): 76% ━━━━━━━━━─── 22/29 1.5it/s 15.2s<4.6s
[K                 Class     Images  Instances      Box(P          R      mAP50  mAP50-95): 79% ━━━━━━━━━╸── 23/29 1.6it/s 15.8s<3.8s
[K                 Class     Images  Instances      Box(P          R      mAP50  mAP50-95): 83% ━━━━━━━━━╸── 24/29 1.6it/s 16.4s<3.1s
[K                 Class     Images  Instances      Box(P          R      mAP50  mAP50-95): 86% ━━━━━━━━━━── 25/29 1.6it/s 17.0s<2.5s
[K                 Class     Images  Instances      Box(P          R      mAP50  mAP50-95): 90% ━━━━━━━━━━╸─ 26/29 1.7it/s 17.6s<1.8s
[K                 Class     Images  Instances      Box(P          R      mAP50  mAP50-95): 93% ━━━━━━━━━━━─ 27/29 1.7it/s 18.2s<1.2s
[K                 Class     Images  Instances      Box(P          R      mAP50  mAP50-95): 97% ━━━━━━━━━━━╸ 28/29 1.7it/s 18.8s<0.6s
[K                 Class     Images  Instances      Box(P          R      mAP50  mAP50-95): 100% ━━━━━━━━━━━━ 29/29 1.5it/s 19.1s
                   all       3667       9614       0.93      0.864      0.907      0.622
50 epochs completed in 1.717 hours.
Optimizer stripped from /root/shared-nvme/LADD_public/runs_public/ogsod/hbb/formal_nomosaic_20260528/ladd/yolo11s/cap2/ladd_hbb_ogsod11s_formal_nomosaic_yolo11s_cap2_s0_diag_a2damage_s_s0_a2detonly_b1_retry1_a2_e50_b64_s0_gpu0/weights/last.pt, 48.3MB
Optimizer stripped from /root/shared-nvme/LADD_public/runs_public/ogsod/hbb/formal_nomosaic_20260528/ladd/yolo11s/cap2/ladd_hbb_ogsod11s_formal_nomosaic_yolo11s_cap2_s0_diag_a2damage_s_s0_a2detonly_b1_retry1_a2_e50_b64_s0_gpu0/weights/best.pt, 48.3MB
Ultralytics 8.4.30 🚀 Python-3.12.3 torch-2.7.0a0+7c8ec84dab.nv25.03 CUDA:0 (NVIDIA GeForce RTX 4090, 24081MiB)
YOLO11s summary: 272 layers, 23,904,088 parameters, 0 gradients, 26.3 GFLOPs
[K                 Class     Images  Instances      Box(P          R      mAP50  mAP50-95): 3% ──────────── 1/29 3.2s/it 0.9s<1:28
[K                 Class     Images  Instances      Box(P          R      mAP50  mAP50-95): 7% ╸─────────── 2/29 2.0s/it 2.0s<54.2s
[K                 Class     Images  Instances      Box(P          R      mAP50  mAP50-95): 10% ━─────────── 3/29 1.6s/it 3.1s<41.2s
[K                 Class     Images  Instances      Box(P          R      mAP50  mAP50-95): 14% ━╸────────── 4/29 1.4s/it 4.1s<34.2s
[K                 Class     Images  Instances      Box(P          R      mAP50  mAP50-95): 17% ━━────────── 5/29 1.2s/it 5.1s<28.7s
[K                 Class     Images  Instances      Box(P          R      mAP50  mAP50-95): 21% ━━────────── 6/29 1.1s/it 6.0s<25.5s
[K                 Class     Images  Instances      Box(P          R      mAP50  mAP50-95): 24% ━━╸───────── 7/29 1.0s/it 6.9s<23.1s
[K                 Class     Images  Instances      Box(P          R      mAP50  mAP50-95): 28% ━━━───────── 8/29 1.0s/it 7.8s<21.1s
[K                 Class     Images  Instances      Box(P          R      mAP50  mAP50-95): 31% ━━━╸──────── 9/29 1.0it/s 8.7s<19.4s
[K                 Class     Images  Instances      Box(P          R      mAP50  mAP50-95): 34% ━━━━──────── 10/29 1.1it/s 9.6s<17.8s
[K                 Class     Images  Instances      Box(P          R      mAP50  mAP50-95): 38% ━━━━╸─────── 11/29 1.1it/s 10.5s<16.6s
[K                 Class     Images  Instances      Box(P          R      mAP50  mAP50-95): 41% ━━━━╸─────── 12/29 1.0it/s 11.6s<16.3s
[K                 Class     Images  Instances      Box(P          R      mAP50  mAP50-95): 45% ━━━━━─────── 13/29 1.0it/s 12.6s<15.8s
[K                 Class     Images  Instances      Box(P          R      mAP50  mAP50-95): 48% ━━━━━╸────── 14/29 1.0s/it 13.7s<15.2s
[K                 Class     Images  Instances      Box(P          R      mAP50  mAP50-95): 52% ━━━━━━────── 15/29 1.0s/it 14.7s<14.1s
[K                 Class     Images  Instances      Box(P          R      mAP50  mAP50-95): 55% ━━━━━━╸───── 16/29 1.0s/it 15.8s<13.4s
[K                 Class     Images  Instances      Box(P          R      mAP50  mAP50-95): 59% ━━━━━━━───── 17/29 1.0s/it 16.8s<12.5s
[K                 Class     Images  Instances      Box(P          R      mAP50  mAP50-95): 62% ━━━━━━━───── 18/29 1.0s/it 17.9s<11.4s
[K                 Class     Images  Instances      Box(P          R      mAP50  mAP50-95): 66% ━━━━━━━╸──── 19/29 1.0s/it 18.9s<10.3s
[K                 Class     Images  Instances      Box(P          R      mAP50  mAP50-95): 69% ━━━━━━━━──── 20/29 1.0s/it 20.0s<9.4s
[K                 Class     Images  Instances      Box(P          R      mAP50  mAP50-95): 72% ━━━━━━━━╸─── 21/29 1.1s/it 21.1s<8.5s
[K                 Class     Images  Instances      Box(P          R      mAP50  mAP50-95): 76% ━━━━━━━━━─── 22/29 1.1s/it 22.2s<7.5s
[K                 Class     Images  Instances      Box(P          R      mAP50  mAP50-95): 79% ━━━━━━━━━╸── 23/29 1.1s/it 23.3s<6.5s
[K                 Class     Images  Instances      Box(P          R      mAP50  mAP50-95): 83% ━━━━━━━━━╸── 24/29 1.1s/it 24.3s<5.3s
[K                 Class     Images  Instances      Box(P          R      mAP50  mAP50-95): 86% ━━━━━━━━━━── 25/29 1.1s/it 25.4s<4.3s
[K                 Class     Images  Instances      Box(P          R      mAP50  mAP50-95): 90% ━━━━━━━━━━╸─ 26/29 1.1s/it 26.6s<3.3s
[K                 Class     Images  Instances      Box(P          R      mAP50  mAP50-95): 93% ━━━━━━━━━━━─ 27/29 1.1s/it 27.6s<2.2s
[K                 Class     Images  Instances      Box(P          R      mAP50  mAP50-95): 97% ━━━━━━━━━━━╸ 28/29 1.1s/it 28.8s<1.1s
[K                 Class     Images  Instances      Box(P          R      mAP50  mAP50-95): 100% ━━━━━━━━━━━━ 29/29 1.0s/it 29.5s
                   all       3667       9614      0.937      0.871      0.915      0.628
                bridge       3315       6389      0.955      0.934      0.968      0.624
                harbor        331        803      0.999      0.989      0.995       0.92
          storage_tank        153       2422      0.857      0.691      0.782       0.34
Speed: 0.0ms preprocess, 0.2ms inference, 0.0ms loss, 1.8ms postprocess per image

### logs/formal_nomosaic_20260528/ladd/formal_nomosaic_yolo11s_cap2_s0_diag_a2damage_s_s0_a2detonly_b1_retry1_gpu0/a2/master.log
[2026-06-11 21:12:02] Launching OGSOD hbb LADD phase a2: ladd_hbb_ogsod11s_formal_nomosaic_yolo11s_cap2_s0_diag_a2damage_s_s0_a2detonly_b1_retry1_a2_e50_b64_s0_gpu0
[2026-06-11 22:56:09] Phase a2 finished
[2026-06-11 22:56:09] Run directory: /root/shared-nvme/LADD_public/runs_public/ogsod/hbb/formal_nomosaic_20260528/ladd/yolo11s/cap2/ladd_hbb_ogsod11s_formal_nomosaic_yolo11s_cap2_s0_diag_a2damage_s_s0_a2detonly_b1_retry1_a2_e50_b64_s0_gpu0

### logs/formal_nomosaic_20260528/ladd/formal_nomosaic_yolo11s_cap2_s0_diag_a2damage_s_s0_a2detonly_b1_retry1_gpu0/b/b.log
Freezing layer 'model.23.dfl.conv.weight'
[34m[1moptimizer:[0m MuSGD(lr=0.001, momentum=0.937) with parameter groups 126 weight(decay=0.0), 169 weight(decay=0.0005), 168 bias(decay=0.0)
ladd_phase_diag phase=b trainable_params=12536281/23919080 bn_eval=0/81 freeze_bn_stats=False freeze_bn_after_epoch=-1 ladd_assert_phase_freeze=True alpha_kd=1.0 effective_alpha_kd=1.0 kd_multiplier=1.0 ladd_kd_decay_mode=none ladd_kd_decay_start_epoch=-1 ladd_kd_decay_end_epoch=-1 ladd_kd_final_mult=1.0 ladd_kd_stop_after_epoch=-1 ladd_b_det_only=False ladd_a2_det_only=True ladd_diag_log_grad=False ladd_grad_clip=ULTRALYTICS_DEFAULT ladd_grad_clip_norm=0.0 effective_grad_clip_norm=10.0
Starting training for 1 epochs...
Validating /root/shared-nvme/LADD_public/runs_public/ogsod/hbb/formal_nomosaic_20260528/ladd/yolo11s/cap2/ladd_hbb_ogsod11s_formal_nomosaic_yolo11s_cap2_s0_diag_a2damage_s_s0_a2detonly_b1_retry1_b_e1_b64_s0_gpu0/weights/best.pt...
Results saved to [1m/root/shared-nvme/LADD_public/runs_public/ogsod/hbb/formal_nomosaic_20260528/ladd/yolo11s/cap2/ladd_hbb_ogsod11s_formal_nomosaic_yolo11s_cap2_s0_diag_a2damage_s_s0_a2detonly_b1_retry1_b_e1_b64_s0_gpu0[0m
[K        1/1      3.93G     0.7627     0.3757     0.8024          0          0          0          0          0          0      1.078     0.0368   0.003341  8.199e-05          0          0          0          0          0          0          0          0          0          0          0          0          0     0.5311     0.2549          0          0     0.4684    0.05709     0.3775     0.4285        161        256: 98% ━━━━━━━━━━━╸ 226/230 2.3it/s 1:32<1.7s
[K        1/1      3.93G     0.7628     0.3756     0.8025          0          0          0          0          0          0      1.075    0.03677   0.003339  8.163e-05          0          0          0          0          0          0          0          0          0          0          0          0          0     0.5309     0.2549          0          0     0.4684    0.05708     0.3775     0.4285        117        256: 99% ━━━━━━━━━━━╸ 227/230 2.3it/s 1:32<1.3s
[K        1/1      3.93G     0.7628     0.3757     0.8027          0          0          0          0          0          0      1.072    0.03675   0.003337  8.128e-05          0          0          0          0          0          0          0          0          0          0          0          0          0     0.5308     0.2549          0          0     0.4684    0.05709     0.3774     0.4285        107        256: 99% ━━━━━━━━━━━╸ 228/230 2.4it/s 1:32<0.8s
[K        1/1      3.99G      0.764     0.3759     0.8027          0          0          0          0          0          0      1.077    0.03672   0.003336  0.0001948          0          0          0          0          0          0          0          0          0          0          0          0          0     0.5299     0.2547          0          0     0.4684     0.0571     0.3776     0.4287         12        256: 100% ━━━━━━━━━━━╸ 229/230 2.1it/s 1:33<0.5s
[K        1/1      3.99G      0.764     0.3759     0.8027          0          0          0          0          0          0      1.077    0.03672   0.003336  0.0001948          0          0          0          0          0          0          0          0          0          0          0          0          0     0.5299     0.2547          0          0     0.4684     0.0571     0.3776     0.4287         12        256: 100% ━━━━━━━━━━━━ 230/230 2.5it/s 1:33

[K                 Class     Images  Instances      Box(P          R      mAP50  mAP50-95): 3% ──────────── 1/29 4.0s/it 1.2s<1:53
[K                 Class     Images  Instances      Box(P          R      mAP50  mAP50-95): 7% ╸─────────── 2/29 2.5s/it 2.5s<1:07
[K                 Class     Images  Instances      Box(P          R      mAP50  mAP50-95): 10% ━─────────── 3/29 1.9s/it 3.8s<49.8s
[K                 Class     Images  Instances      Box(P          R      mAP50  mAP50-95): 14% ━╸────────── 4/29 1.7s/it 5.0s<41.4s
[K                 Class     Images  Instances      Box(P          R      mAP50  mAP50-95): 17% ━━────────── 5/29 1.5s/it 6.2s<35.3s
[K                 Class     Images  Instances      Box(P          R      mAP50  mAP50-95): 21% ━━────────── 6/29 1.4s/it 7.4s<31.3s
[K                 Class     Images  Instances      Box(P          R      mAP50  mAP50-95): 24% ━━╸───────── 7/29 1.3s/it 8.5s<28.3s
[K                 Class     Images  Instances      Box(P          R      mAP50  mAP50-95): 28% ━━━───────── 8/29 1.2s/it 9.6s<25.6s
[K                 Class     Images  Instances      Box(P          R      mAP50  mAP50-95): 31% ━━━╸──────── 9/29 1.2s/it 10.7s<23.9s
[K                 Class     Images  Instances      Box(P          R      mAP50  mAP50-95): 34% ━━━━──────── 10/29 1.2s/it 11.9s<22.5s
[K                 Class     Images  Instances      Box(P          R      mAP50  mAP50-95): 38% ━━━━╸─────── 11/29 1.2s/it 13.0s<21.1s
[K                 Class     Images  Instances      Box(P          R      mAP50  mAP50-95): 41% ━━━━╸─────── 12/29 1.2s/it 14.2s<19.7s
[K                 Class     Images  Instances      Box(P          R      mAP50  mAP50-95): 45% ━━━━━─────── 13/29 1.2s/it 15.3s<18.4s
[K                 Class     Images  Instances      Box(P          R      mAP50  mAP50-95): 48% ━━━━━╸────── 14/29 1.2s/it 16.4s<17.3s
[K                 Class     Images  Instances      Box(P          R      mAP50  mAP50-95): 52% ━━━━━━────── 15/29 1.1s/it 17.6s<15.9s
[K                 Class     Images  Instances      Box(P          R      mAP50  mAP50-95): 55% ━━━━━━╸───── 16/29 1.1s/it 18.6s<14.6s
[K                 Class     Images  Instances      Box(P          R      mAP50  mAP50-95): 59% ━━━━━━━───── 17/29 1.1s/it 19.7s<13.4s
[K                 Class     Images  Instances      Box(P          R      mAP50  mAP50-95): 62% ━━━━━━━───── 18/29 1.1s/it 20.9s<12.3s
[K                 Class     Images  Instances      Box(P          R      mAP50  mAP50-95): 66% ━━━━━━━╸──── 19/29 1.1s/it 21.9s<11.0s
[K                 Class     Images  Instances      Box(P          R      mAP50  mAP50-95): 69% ━━━━━━━━──── 20/29 1.1s/it 23.0s<9.8s
[K                 Class     Images  Instances      Box(P          R      mAP50  mAP50-95): 72% ━━━━━━━━╸─── 21/29 1.1s/it 24.1s<8.8s
[K                 Class     Images  Instances      Box(P          R      mAP50  mAP50-95): 76% ━━━━━━━━━─── 22/29 1.1s/it 25.2s<7.8s
[K                 Class     Images  Instances      Box(P          R      mAP50  mAP50-95): 79% ━━━━━━━━━╸── 23/29 1.1s/it 26.3s<6.6s
[K                 Class     Images  Instances      Box(P          R      mAP50  mAP50-95): 83% ━━━━━━━━━╸── 24/29 1.1s/it 27.4s<5.5s
[K                 Class     Images  Instances      Box(P          R      mAP50  mAP50-95): 86% ━━━━━━━━━━── 25/29 1.1s/it 28.6s<4.5s
[K                 Class     Images  Instances      Box(P          R      mAP50  mAP50-95): 90% ━━━━━━━━━━╸─ 26/29 1.1s/it 29.7s<3.3s
[K                 Class     Images  Instances      Box(P          R      mAP50  mAP50-95): 93% ━━━━━━━━━━━─ 27/29 1.1s/it 30.8s<2.2s
[K                 Class     Images  Instances      Box(P          R      mAP50  mAP50-95): 97% ━━━━━━━━━━━╸ 28/29 1.1s/it 31.8s<1.1s
[K                 Class     Images  Instances      Box(P          R      mAP50  mAP50-95): 100% ━━━━━━━━━━━━ 29/29 1.1s/it 32.7s
                   all       3667       9614      0.912      0.862        0.9      0.602
1 epochs completed in 0.036 hours.
Optimizer stripped from /root/shared-nvme/LADD_public/runs_public/ogsod/hbb/formal_nomosaic_20260528/ladd/yolo11s/cap2/ladd_hbb_ogsod11s_formal_nomosaic_yolo11s_cap2_s0_diag_a2damage_s_s0_a2detonly_b1_retry1_b_e1_b64_s0_gpu0/weights/last.pt, 48.2MB
Optimizer stripped from /root/shared-nvme/LADD_public/runs_public/ogsod/hbb/formal_nomosaic_20260528/ladd/yolo11s/cap2/ladd_hbb_ogsod11s_formal_nomosaic_yolo11s_cap2_s0_diag_a2damage_s_s0_a2detonly_b1_retry1_b_e1_b64_s0_gpu0/weights/best.pt, 48.2MB
Ultralytics 8.4.30 🚀 Python-3.12.3 torch-2.7.0a0+7c8ec84dab.nv25.03 CUDA:0 (NVIDIA GeForce RTX 4090, 24081MiB)
YOLO11s summary: 272 layers, 23,904,088 parameters, 0 gradients, 26.3 GFLOPs
[K                 Class     Images  Instances      Box(P          R      mAP50  mAP50-95): 3% ──────────── 1/29 3.6s/it 1.1s<1:40
[K                 Class     Images  Instances      Box(P          R      mAP50  mAP50-95): 7% ╸─────────── 2/29 2.2s/it 2.2s<59.5s
[K                 Class     Images  Instances      Box(P          R      mAP50  mAP50-95): 10% ━─────────── 3/29 1.8s/it 3.4s<45.6s
[K                 Class     Images  Instances      Box(P          R      mAP50  mAP50-95): 14% ━╸────────── 4/29 1.5s/it 4.5s<37.2s
[K                 Class     Images  Instances      Box(P          R      mAP50  mAP50-95): 17% ━━────────── 5/29 1.3s/it 5.5s<31.5s
[K                 Class     Images  Instances      Box(P          R      mAP50  mAP50-95): 21% ━━────────── 6/29 1.2s/it 6.6s<27.7s
[K                 Class     Images  Instances      Box(P          R      mAP50  mAP50-95): 24% ━━╸───────── 7/29 1.1s/it 7.5s<24.7s
[K                 Class     Images  Instances      Box(P          R      mAP50  mAP50-95): 28% ━━━───────── 8/29 1.1s/it 8.6s<23.1s
[K                 Class     Images  Instances      Box(P          R      mAP50  mAP50-95): 31% ━━━╸──────── 9/29 1.1s/it 9.6s<21.7s
[K                 Class     Images  Instances      Box(P          R      mAP50  mAP50-95): 34% ━━━━──────── 10/29 1.1s/it 10.6s<20.1s
[K                 Class     Images  Instances      Box(P          R      mAP50  mAP50-95): 38% ━━━━╸─────── 11/29 1.0s/it 11.6s<18.4s
[K                 Class     Images  Instances      Box(P          R      mAP50  mAP50-95): 41% ━━━━╸─────── 12/29 1.0s/it 12.6s<17.4s
[K                 Class     Images  Instances      Box(P          R      mAP50  mAP50-95): 45% ━━━━━─────── 13/29 1.0s/it 13.6s<16.2s
[K                 Class     Images  Instances      Box(P          R      mAP50  mAP50-95): 48% ━━━━━╸────── 14/29 1.0s/it 14.6s<15.0s
[K                 Class     Images  Instances      Box(P          R      mAP50  mAP50-95): 52% ━━━━━━────── 15/29 1.0it/s 15.5s<13.8s
[K                 Class     Images  Instances      Box(P          R      mAP50  mAP50-95): 55% ━━━━━━╸───── 16/29 1.0it/s 16.6s<13.0s
[K                 Class     Images  Instances      Box(P          R      mAP50  mAP50-95): 59% ━━━━━━━───── 17/29 1.0s/it 17.6s<12.2s
[K                 Class     Images  Instances      Box(P          R      mAP50  mAP50-95): 62% ━━━━━━━───── 18/29 1.0it/s 18.5s<10.8s
[K                 Class     Images  Instances      Box(P          R      mAP50  mAP50-95): 66% ━━━━━━━╸──── 19/29 1.0it/s 19.6s<9.9s
[K                 Class     Images  Instances      Box(P          R      mAP50  mAP50-95): 69% ━━━━━━━━──── 20/29 1.0it/s 20.5s<8.7s
[K                 Class     Images  Instances      Box(P          R      mAP50  mAP50-95): 72% ━━━━━━━━╸─── 21/29 1.1it/s 21.2s<7.0s
[K                 Class     Images  Instances      Box(P          R      mAP50  mAP50-95): 76% ━━━━━━━━━─── 22/29 1.1it/s 22.1s<6.1s
[K                 Class     Images  Instances      Box(P          R      mAP50  mAP50-95): 79% ━━━━━━━━━╸── 23/29 1.1it/s 23.0s<5.4s
[K                 Class     Images  Instances      Box(P          R      mAP50  mAP50-95): 83% ━━━━━━━━━╸── 24/29 1.1it/s 24.0s<4.6s
[K                 Class     Images  Instances      Box(P          R      mAP50  mAP50-95): 86% ━━━━━━━━━━── 25/29 1.1it/s 24.9s<3.7s
[K                 Class     Images  Instances      Box(P          R      mAP50  mAP50-95): 90% ━━━━━━━━━━╸─ 26/29 1.1it/s 25.9s<2.8s
[K                 Class     Images  Instances      Box(P          R      mAP50  mAP50-95): 93% ━━━━━━━━━━━─ 27/29 1.1it/s 26.8s<1.9s
[K                 Class     Images  Instances      Box(P          R      mAP50  mAP50-95): 97% ━━━━━━━━━━━╸ 28/29 1.1it/s 27.7s<0.9s
[K                 Class     Images  Instances      Box(P          R      mAP50  mAP50-95): 100% ━━━━━━━━━━━━ 29/29 1.0it/s 28.3s
                   all       3667       9614      0.911      0.862        0.9      0.602
                bridge       3315       6389      0.945      0.934      0.965      0.605
                harbor        331        803       0.99      0.991      0.995      0.906
          storage_tank        153       2422      0.799      0.663       0.74      0.295
Speed: 0.0ms preprocess, 0.2ms inference, 0.0ms loss, 1.8ms postprocess per image

### logs/formal_nomosaic_20260528/ladd/formal_nomosaic_yolo11s_cap2_s0_diag_a2damage_s_s0_a2detonly_b1_retry1_gpu0/b/master.log
[2026-06-11 22:56:09] Launching OGSOD hbb LADD phase b: ladd_hbb_ogsod11s_formal_nomosaic_yolo11s_cap2_s0_diag_a2damage_s_s0_a2detonly_b1_retry1_b_e1_b64_s0_gpu0
[2026-06-11 22:59:19] Phase b finished
[2026-06-11 22:59:19] Run directory: /root/shared-nvme/LADD_public/runs_public/ogsod/hbb/formal_nomosaic_20260528/ladd/yolo11s/cap2/ladd_hbb_ogsod11s_formal_nomosaic_yolo11s_cap2_s0_diag_a2damage_s_s0_a2detonly_b1_retry1_b_e1_b64_s0_gpu0

### logs/formal_nomosaic_20260528/ladd/formal_nomosaic_yolo11s_cap2_s0_diag_a2damage_s_s0_a2detonly_b1_retry1_gpu0/chain.log
[2026-06-11 21:00:32] phase=a1 model=runs_public/ogsod/hbb/formal_nomosaic_20260528/baselines/sar/sar_yolo11s_hbb_800ep_cos_nomosaic_albu_b64_s0/weights/best.pt
[2026-06-11 21:12:02] phase=a2 model=/root/shared-nvme/LADD_public/runs_public/ogsod/hbb/formal_nomosaic_20260528/ladd/yolo11s/cap2/ladd_hbb_ogsod11s_formal_nomosaic_yolo11s_cap2_s0_diag_a2damage_s_s0_a2detonly_b1_retry1_a1_e10_b64_s0_gpu0/weights/best.pt
[2026-06-11 22:56:09] phase=b model=/root/shared-nvme/LADD_public/runs_public/ogsod/hbb/formal_nomosaic_20260528/ladd/yolo11s/cap2/ladd_hbb_ogsod11s_formal_nomosaic_yolo11s_cap2_s0_diag_a2damage_s_s0_a2detonly_b1_retry1_a2_e50_b64_s0_gpu0/weights/best.pt
[2026-06-11 22:59:19] Chain complete. Final model: /root/shared-nvme/LADD_public/runs_public/ogsod/hbb/formal_nomosaic_20260528/ladd/yolo11s/cap2/ladd_hbb_ogsod11s_formal_nomosaic_yolo11s_cap2_s0_diag_a2damage_s_s0_a2detonly_b1_retry1_b_e1_b64_s0_gpu0/weights/best.pt

### logs/formal_nomosaic_20260528/ladd/formal_nomosaic_yolo11s_cap2_s0_diag_a2damage_s_s0_a2detonly_b1_retry1_gpu0.outer.log
[2026-06-11 21:00:32] phase=a1 model=runs_public/ogsod/hbb/formal_nomosaic_20260528/baselines/sar/sar_yolo11s_hbb_800ep_cos_nomosaic_albu_b64_s0/weights/best.pt
[2026-06-11 21:12:02] phase=a2 model=/root/shared-nvme/LADD_public/runs_public/ogsod/hbb/formal_nomosaic_20260528/ladd/yolo11s/cap2/ladd_hbb_ogsod11s_formal_nomosaic_yolo11s_cap2_s0_diag_a2damage_s_s0_a2detonly_b1_retry1_a1_e10_b64_s0_gpu0/weights/best.pt
[2026-06-11 22:56:09] phase=b model=/root/shared-nvme/LADD_public/runs_public/ogsod/hbb/formal_nomosaic_20260528/ladd/yolo11s/cap2/ladd_hbb_ogsod11s_formal_nomosaic_yolo11s_cap2_s0_diag_a2damage_s_s0_a2detonly_b1_retry1_a2_e50_b64_s0_gpu0/weights/best.pt
[2026-06-11 22:59:19] Chain complete. Final model: /root/shared-nvme/LADD_public/runs_public/ogsod/hbb/formal_nomosaic_20260528/ladd/yolo11s/cap2/ladd_hbb_ogsod11s_formal_nomosaic_yolo11s_cap2_s0_diag_a2damage_s_s0_a2detonly_b1_retry1_b_e1_b64_s0_gpu0/weights/best.pt
[2026-06-11 21:00:32] Launching OGSOD hbb LADD phase a1: ladd_hbb_ogsod11s_formal_nomosaic_yolo11s_cap2_s0_diag_a2damage_s_s0_a2detonly_b1_retry1_a1_e10_b64_s0_gpu0
[2026-06-11 21:12:02] Phase a1 finished
python3: can't open file '/root/shared-nvme/LADD_public_p1/tools/summarize_tskd_results.py': [Errno 2] No such file or directory
[2026-06-11 21:12:02] Run directory: /root/shared-nvme/LADD_public/runs_public/ogsod/hbb/formal_nomosaic_20260528/ladd/yolo11s/cap2/ladd_hbb_ogsod11s_formal_nomosaic_yolo11s_cap2_s0_diag_a2damage_s_s0_a2detonly_b1_retry1_a1_e10_b64_s0_gpu0
[2026-06-11 21:12:02] Launching OGSOD hbb LADD phase a2: ladd_hbb_ogsod11s_formal_nomosaic_yolo11s_cap2_s0_diag_a2damage_s_s0_a2detonly_b1_retry1_a2_e50_b64_s0_gpu0
[2026-06-11 22:56:09] Phase a2 finished
[2026-06-11 22:56:09] Run directory: /root/shared-nvme/LADD_public/runs_public/ogsod/hbb/formal_nomosaic_20260528/ladd/yolo11s/cap2/ladd_hbb_ogsod11s_formal_nomosaic_yolo11s_cap2_s0_diag_a2damage_s_s0_a2detonly_b1_retry1_a2_e50_b64_s0_gpu0
[2026-06-11 22:56:09] Launching OGSOD hbb LADD phase b: ladd_hbb_ogsod11s_formal_nomosaic_yolo11s_cap2_s0_diag_a2damage_s_s0_a2detonly_b1_retry1_b_e1_b64_s0_gpu0
[2026-06-11 22:59:19] Phase b finished
[2026-06-11 22:59:19] Run directory: /root/shared-nvme/LADD_public/runs_public/ogsod/hbb/formal_nomosaic_20260528/ladd/yolo11s/cap2/ladd_hbb_ogsod11s_formal_nomosaic_yolo11s_cap2_s0_diag_a2damage_s_s0_a2detonly_b1_retry1_b_e1_b64_s0_gpu0

