[K    398/400      1.37G     0.1701     0.1225      0.763         82        256: 41% ━━━━╸─────── 189/459 10.0it/s 17.3s<27.1s
[K    398/400      1.37G       0.17     0.1224     0.7629         73        256: 41% ━━━━╸─────── 190/459 9.7it/s 17.4s<27.6s
[K    398/400      1.37G     0.1702     0.1225     0.7627        116        256: 42% ━━━━━─────── 192/459 10.4it/s 17.5s<25.7s
[K    398/400      1.37G     0.1701     0.1224     0.7626         77        256: 42% ━━━━━─────── 193/459 9.5it/s 17.7s<28.0s
[K    398/400      1.37G     0.1703     0.1225     0.7627         67        256: 42% ━━━━━─────── 195/459 9.7it/s 17.9s<27.1s
[K    398/400      1.37G     0.1703     0.1224     0.7626         91        256: 43% ━━━━━─────── 197/459 9.9it/s 18.1s<26.3s
[K    398/400      1.37G     0.1703     0.1224     0.7626        124        256: 43% ━━━━━─────── 198/459 9.9it/s 18.2s<26.4s
[K    398/400      1.37G     0.1702     0.1223     0.7627         75        256: 44% ━━━━━─────── 200/459 10.5it/s 18.3s<24.7s
[K    398/400      1.37G     0.1703     0.1223     0.7627         96        256: 44% ━━━━━─────── 201/459 9.9it/s 18.5s<26.0s
[K    398/400      1.37G     0.1704     0.1223     0.7627        111        256: 44% ━━━━━─────── 202/459 9.3it/s 18.6s<27.6s
[K    398/400      1.37G     0.1709     0.1224     0.7627        130        256: 44% ━━━━━─────── 204/459 9.6it/s 18.8s<26.6s
[K    398/400      1.37G     0.1711     0.1223     0.7628        162        256: 45% ━━━━━─────── 205/459 9.5it/s 18.9s<26.8s
[K    398/400      1.37G     0.1713     0.1224     0.7626        124        256: 45% ━━━━━─────── 207/459 9.4it/s 19.1s<26.8s
[K    398/400      1.37G     0.1712     0.1225     0.7627         62        256: 46% ━━━━━─────── 209/459 9.8it/s 19.3s<25.6s
[K    398/400      1.37G     0.1718     0.1226     0.7627        105        256: 46% ━━━━━╸────── 211/459 9.9it/s 19.5s<25.0s
[K    398/400      1.37G     0.1717     0.1226     0.7625         56        256: 46% ━━━━━╸────── 213/459 10.6it/s 19.6s<23.1s
[K    398/400      1.37G     0.1716     0.1225     0.7626         85        256: 47% ━━━━━╸────── 215/459 10.4it/s 19.8s<23.5s
[K    398/400      1.37G     0.1719     0.1225     0.7626         86        256: 47% ━━━━━╸────── 217/459 10.9it/s 20.0s<22.3s
[K    398/400      1.37G     0.1716     0.1225     0.7626         63        256: 48% ━━━━━╸────── 219/459 10.6it/s 20.2s<22.7s
[K    398/400      1.37G      0.172     0.1226     0.7628         55        256: 48% ━━━━━╸────── 221/459 11.0it/s 20.4s<21.6s
[K    398/400      1.37G     0.1718     0.1226     0.7627         64        256: 49% ━━━━━╸────── 223/459 11.3it/s 20.5s<20.8s
[K    398/400      1.37G     0.1721     0.1227     0.7627        123        256: 49% ━━━━━╸────── 225/459 11.4it/s 20.7s<20.6s
[K    398/400      1.37G     0.1725     0.1228     0.7629         99        256: 49% ━━━━━╸────── 227/459 11.3it/s 20.9s<20.5s
[K    398/400      1.37G     0.1721     0.1226     0.7627         66        256: 50% ━━━━━╸────── 229/459 11.3it/s 21.1s<20.4s
[K    398/400      1.37G      0.172     0.1226      0.763         59        256: 50% ━━━━━━────── 231/459 11.5it/s 21.2s<19.9s
[K    398/400      1.37G     0.1719     0.1226      0.763         53        256: 51% ━━━━━━────── 233/459 11.3it/s 21.4s<20.0s
[K    398/400      1.37G     0.1717     0.1226     0.7629         86        256: 51% ━━━━━━────── 235/459 11.4it/s 21.6s<19.6s
[K    398/400      1.37G     0.1715     0.1226     0.7627         81        256: 52% ━━━━━━────── 237/459 11.7it/s 21.8s<18.9s
[K    398/400      1.37G     0.1715     0.1226     0.7629         60        256: 52% ━━━━━━────── 239/459 11.4it/s 22.0s<19.3s
[K    398/400      1.37G     0.1716     0.1226     0.7629        190        256: 53% ━━━━━━────── 241/459 11.7it/s 22.1s<18.6s
[K    398/400      1.37G     0.1717     0.1226     0.7628        106        256: 53% ━━━━━━────── 243/459 11.7it/s 22.3s<18.4s
[K    398/400      1.37G     0.1721     0.1227     0.7625         81        256: 53% ━━━━━━────── 245/459 11.9it/s 22.4s<17.9s
[K    398/400      1.37G     0.1721     0.1227     0.7624         52        256: 54% ━━━━━━────── 247/459 11.6it/s 22.6s<18.3s
[K    398/400      1.37G     0.1722     0.1227     0.7624         90        256: 54% ━━━━━━╸───── 249/459 11.8it/s 22.8s<17.8s
[K    398/400      1.37G     0.1724     0.1228     0.7625         65        256: 55% ━━━━━━╸───── 251/459 11.3it/s 23.0s<18.3s
[K    398/400      1.37G     0.1722     0.1228     0.7623         73        256: 55% ━━━━━━╸───── 253/459 11.9it/s 23.1s<17.3s
[K    398/400      1.37G     0.1723     0.1228     0.7621         64        256: 56% ━━━━━━╸───── 255/459 11.9it/s 23.3s<17.2s
[K    398/400      1.37G     0.1725     0.1228      0.762         78        256: 56% ━━━━━━╸───── 257/459 12.8it/s 23.4s<15.7s
[K    398/400      1.37G     0.1722     0.1228     0.7621         72        256: 56% ━━━━━━╸───── 259/459 12.8it/s 23.6s<15.7s
[K    398/400      1.37G     0.1724     0.1228      0.762         96        256: 57% ━━━━━━╸───── 261/459 12.9it/s 23.8s<15.4s
[K    398/400      1.37G     0.1722     0.1227     0.7618         86        256: 57% ━━━━━━╸───── 263/459 12.7it/s 23.9s<15.5s
[K    398/400      1.37G     0.1725     0.1227     0.7618        123        256: 58% ━━━━━━╸───── 265/459 12.5it/s 24.1s<15.5s
[K    398/400      1.37G     0.1732     0.1227     0.7616        147        256: 58% ━━━━━━╸───── 267/459 13.0it/s 24.2s<14.8s
[K    398/400      1.37G     0.1732     0.1227     0.7618         67        256: 59% ━━━━━━━───── 269/459 12.7it/s 24.4s<14.9s
[K    398/400      1.37G     0.1729     0.1226     0.7618         64        256: 59% ━━━━━━━───── 271/459 13.6it/s 24.5s<13.8s
[K    398/400      1.37G     0.1728     0.1226     0.7617         85        256: 59% ━━━━━━━───── 273/459 13.5it/s 24.7s<13.8s
[K    398/400      1.37G     0.1727     0.1225     0.7617        121        256: 60% ━━━━━━━───── 275/459 12.6it/s 24.9s<14.6s
[K    398/400      1.37G     0.1732     0.1227     0.7618         98        256: 60% ━━━━━━━───── 277/459 12.1it/s 25.0s<15.0s
[K    398/400      1.37G     0.1732     0.1227     0.7618         77        256: 61% ━━━━━━━───── 279/459 12.1it/s 25.2s<14.9s
[K    398/400      1.37G     0.1733     0.1227      0.762        113        256: 61% ━━━━━━━───── 281/459 11.2it/s 25.4s<15.9s
[K    398/400      1.37G     0.1735     0.1228      0.762        116        256: 62% ━━━━━━━───── 283/459 11.2it/s 25.6s<15.7s
[K    398/400      1.37G     0.1736     0.1228     0.7621        129        256: 62% ━━━━━━━───── 285/459 11.2it/s 25.8s<15.6s
[K    398/400      1.37G     0.1738     0.1228      0.762         76        256: 63% ━━━━━━━╸──── 287/459 11.2it/s 26.0s<15.3s
[K    398/400      1.37G     0.1736     0.1229      0.762         61        256: 63% ━━━━━━━╸──── 289/459 11.3it/s 26.1s<15.0s
[K    398/400      1.37G     0.1736     0.1228     0.7621         58        256: 63% ━━━━━━━╸──── 291/459 10.8it/s 26.3s<15.5s
[K    398/400      1.37G     0.1736     0.1229     0.7623         89        256: 64% ━━━━━━━╸──── 293/459 10.8it/s 26.5s<15.3s
[K    398/400      1.37G     0.1736     0.1229     0.7623         70        256: 64% ━━━━━━━╸──── 295/459 10.9it/s 26.7s<15.1s
[K    398/400      1.37G     0.1738     0.1229     0.7623         77        256: 65% ━━━━━━━╸──── 297/459 11.3it/s 26.9s<14.3s
[K    398/400      1.37G     0.1736     0.1229     0.7623         79        256: 65% ━━━━━━━╸──── 299/459 11.2it/s 27.0s<14.3s
[K    398/400      1.37G     0.1737     0.1229     0.7623         84        256: 66% ━━━━━━━╸──── 301/459 11.5it/s 27.2s<13.8s
[K    398/400      1.37G     0.1738     0.1229     0.7625         72        256: 66% ━━━━━━━╸──── 303/459 11.2it/s 27.4s<13.9s
[K    398/400      1.37G     0.1737     0.1229     0.7625         82        256: 66% ━━━━━━━╸──── 305/459 11.5it/s 27.6s<13.4s
[K    398/400      1.37G     0.1738      0.123     0.7623        105        256: 67% ━━━━━━━━──── 307/459 11.5it/s 27.7s<13.2s
[K    398/400      1.37G     0.1736      0.123     0.7622         77        256: 67% ━━━━━━━━──── 309/459 11.4it/s 27.9s<13.2s
[K    398/400      1.37G     0.1735     0.1229     0.7622         59        256: 68% ━━━━━━━━──── 311/459 11.0it/s 28.1s<13.5s
[K    398/400      1.37G     0.1736     0.1228     0.7624         99        256: 68% ━━━━━━━━──── 313/459 10.9it/s 28.3s<13.4s
[K    398/400      1.37G     0.1736     0.1228     0.7621         99        256: 69% ━━━━━━━━──── 315/459 11.1it/s 28.5s<12.9s
[K    398/400      1.37G     0.1735     0.1229     0.7619         84        256: 69% ━━━━━━━━──── 317/459 11.3it/s 28.7s<12.6s
[K    398/400      1.37G     0.1735     0.1229     0.7619         55        256: 69% ━━━━━━━━──── 319/459 10.9it/s 28.8s<12.8s
[K    398/400      1.37G     0.1734     0.1229      0.762         75        256: 70% ━━━━━━━━──── 321/459 10.7it/s 29.0s<12.9s
[K    398/400      1.37G     0.1736     0.1229     0.7619        145        256: 70% ━━━━━━━━──── 323/459 10.5it/s 29.2s<12.9s
[K    398/400      1.37G     0.1734     0.1228      0.762        105        256: 71% ━━━━━━━━──── 325/459 10.8it/s 29.4s<12.4s
[K    398/400      1.37G     0.1734     0.1228      0.762         52        256: 71% ━━━━━━━━╸─── 326/459 10.5it/s 29.5s<12.7s
[K    398/400      1.37G     0.1734     0.1228     0.7619         83        256: 71% ━━━━━━━━╸─── 327/459 10.3it/s 29.6s<12.8s
[K    398/400      1.37G     0.1733     0.1228     0.7619         83        256: 72% ━━━━━━━━╸─── 329/459 10.5it/s 29.8s<12.3s
[K    398/400      1.37G     0.1733     0.1227     0.7618        127        256: 72% ━━━━━━━━╸─── 331/459 11.2it/s 30.0s<11.5s
[K    398/400      1.37G     0.1731     0.1227     0.7618         83        256: 73% ━━━━━━━━╸─── 333/459 11.3it/s 30.1s<11.1s
[K    398/400      1.37G     0.1732     0.1228     0.7618         79        256: 73% ━━━━━━━━╸─── 335/459 11.9it/s 30.3s<10.4s
[K    398/400      1.37G      0.173     0.1227     0.7619         59        256: 73% ━━━━━━━━╸─── 337/459 12.0it/s 30.4s<10.2s
[K    398/400      1.37G     0.1731     0.1227     0.7617        124        256: 74% ━━━━━━━━╸─── 339/459 11.9it/s 30.6s<10.1s
[K    398/400      1.37G      0.173     0.1227     0.7618         76        256: 74% ━━━━━━━━╸─── 341/459 11.7it/s 30.8s<10.1s
[K    398/400      1.37G      0.173     0.1227     0.7619         62        256: 75% ━━━━━━━━╸─── 343/459 11.8it/s 31.0s<9.8s
[K    398/400      1.37G     0.1733     0.1228     0.7617        144        256: 75% ━━━━━━━━━─── 345/459 11.6it/s 31.1s<9.9s
[K    398/400      1.37G     0.1734     0.1228     0.7618         83        256: 76% ━━━━━━━━━─── 347/459 11.7it/s 31.3s<9.6s
[K    398/400      1.37G     0.1732     0.1227     0.7619         64        256: 76% ━━━━━━━━━─── 349/459 11.6it/s 31.5s<9.5s
[K    398/400      1.37G      0.173     0.1227     0.7619         59        256: 76% ━━━━━━━━━─── 351/459 11.5it/s 31.7s<9.4s
[K    398/400      1.37G     0.1729     0.1228     0.7619         69        256: 77% ━━━━━━━━━─── 353/459 11.9it/s 31.8s<8.9s
[K    398/400      1.37G     0.1728     0.1227     0.7619         69        256: 77% ━━━━━━━━━─── 355/459 11.5it/s 32.0s<9.1s
[K    398/400      1.37G     0.1729     0.1228      0.762         90        256: 78% ━━━━━━━━━─── 357/459 11.3it/s 32.2s<9.1s
[K    398/400      1.37G      0.173     0.1228     0.7622        137        256: 78% ━━━━━━━━━─── 359/459 11.4it/s 32.4s<8.8s
[K    398/400      1.37G     0.1732     0.1228     0.7622         90        256: 79% ━━━━━━━━━─── 361/459 10.9it/s 32.6s<9.0s
[K    398/400      1.37G     0.1733     0.1228     0.7622         73        256: 79% ━━━━━━━━━─── 363/459 11.2it/s 32.7s<8.6s
[K    398/400      1.37G     0.1732     0.1227     0.7621         79        256: 80% ━━━━━━━━━╸── 365/459 11.3it/s 32.9s<8.4s
[K    398/400      1.37G     0.1731     0.1228      0.762         64        256: 80% ━━━━━━━━━╸── 367/459 11.5it/s 33.1s<8.0s
[K    398/400      1.37G      0.173     0.1228     0.7621         71        256: 80% ━━━━━━━━━╸── 369/459 11.1it/s 33.3s<8.1s
[K    398/400      1.37G     0.1729     0.1228      0.762         52        256: 81% ━━━━━━━━━╸── 371/459 11.4it/s 33.4s<7.7s
[K    398/400      1.37G     0.1728     0.1228     0.7622         78        256: 81% ━━━━━━━━━╸── 373/459 11.2it/s 33.6s<7.7s
[K    398/400      1.37G     0.1726     0.1227     0.7622         66        256: 82% ━━━━━━━━━╸── 375/459 11.1it/s 33.8s<7.5s
[K    398/400      1.37G     0.1728     0.1228     0.7621        205        256: 82% ━━━━━━━━━╸── 377/459 11.2it/s 34.0s<7.3s
[K    398/400      1.37G     0.1727     0.1228     0.7621         63        256: 83% ━━━━━━━━━╸── 379/459 11.4it/s 34.2s<7.0s
[K    398/400      1.37G     0.1726     0.1228      0.762         85        256: 83% ━━━━━━━━━╸── 381/459 11.7it/s 34.3s<6.6s
[K    398/400      1.37G     0.1726     0.1228     0.7621        127        256: 83% ━━━━━━━━━━── 383/459 11.7it/s 34.5s<6.5s
[K    398/400      1.37G     0.1727     0.1228     0.7619         94        256: 84% ━━━━━━━━━━── 385/459 11.6it/s 34.7s<6.4s
[K    398/400      1.37G     0.1726     0.1227      0.762         68        256: 84% ━━━━━━━━━━── 387/459 11.8it/s 34.8s<6.1s
[K    398/400      1.37G     0.1725     0.1227      0.762         73        256: 85% ━━━━━━━━━━── 389/459 11.3it/s 35.0s<6.2s
[K    398/400      1.37G     0.1727     0.1228      0.762        115        256: 85% ━━━━━━━━━━── 391/459 11.6it/s 35.2s<5.9s
[K    398/400      1.37G     0.1725     0.1227     0.7621         52        256: 86% ━━━━━━━━━━── 393/459 11.7it/s 35.4s<5.7s
[K    398/400      1.37G     0.1724     0.1227     0.7621         68        256: 86% ━━━━━━━━━━── 395/459 11.7it/s 35.5s<5.5s
[K    398/400      1.37G     0.1725     0.1228     0.7621        112        256: 86% ━━━━━━━━━━── 397/459 11.7it/s 35.7s<5.3s
[K    398/400      1.37G     0.1723     0.1227     0.7622         71        256: 87% ━━━━━━━━━━── 399/459 11.5it/s 35.9s<5.2s
[K    398/400      1.37G     0.1722     0.1228     0.7623         65        256: 87% ━━━━━━━━━━── 401/459 11.6it/s 36.1s<5.0s
[K    398/400      1.37G     0.1723     0.1228     0.7624         74        256: 88% ━━━━━━━━━━╸─ 402/459 10.8it/s 36.2s<5.3s
[K    398/400      1.37G     0.1722     0.1228     0.7624         72        256: 88% ━━━━━━━━━━╸─ 403/459 10.5it/s 36.3s<5.3s
[K    398/400      1.37G     0.1721     0.1228     0.7624         62        256: 88% ━━━━━━━━━━╸─ 405/459 10.6it/s 36.4s<5.1s
[K    398/400      1.37G     0.1721     0.1228     0.7624         85        256: 88% ━━━━━━━━━━╸─ 406/459 9.8it/s 36.6s<5.4s
[K    398/400      1.37G     0.1721     0.1228     0.7624         73        256: 89% ━━━━━━━━━━╸─ 407/459 9.2it/s 36.7s<5.7s
[K    398/400      1.37G     0.1721     0.1228     0.7623         82        256: 89% ━━━━━━━━━━╸─ 409/459 9.9it/s 36.9s<5.0s
[K    398/400      1.37G     0.1721     0.1229     0.7624         79        256: 90% ━━━━━━━━━━╸─ 411/459 9.6it/s 37.1s<5.0s
[K    398/400      1.37G     0.1721     0.1229     0.7624         91        256: 90% ━━━━━━━━━━╸─ 413/459 10.4it/s 37.3s<4.4s
[K    398/400      1.37G      0.172     0.1229     0.7624         85        256: 90% ━━━━━━━━━━╸─ 415/459 10.5it/s 37.5s<4.2s
[K    398/400      1.37G     0.1722     0.1229     0.7624         86        256: 91% ━━━━━━━━━━╸─ 417/459 10.4it/s 37.7s<4.0s
[K    398/400      1.37G     0.1721     0.1229     0.7625         56        256: 91% ━━━━━━━━━━╸─ 419/459 10.6it/s 37.8s<3.8s
[K    398/400      1.37G     0.1722     0.1229     0.7625        153        256: 92% ━━━━━━━━━━━─ 421/459 10.6it/s 38.0s<3.6s
[K    398/400      1.37G     0.1722     0.1229     0.7624         60        256: 92% ━━━━━━━━━━━─ 423/459 10.4it/s 38.2s<3.5s
[K    398/400      1.37G     0.1723     0.1229     0.7625        124        256: 93% ━━━━━━━━━━━─ 425/459 10.4it/s 38.4s<3.3s
[K    398/400      1.37G     0.1723     0.1229     0.7625         84        256: 93% ━━━━━━━━━━━─ 427/459 10.3it/s 38.6s<3.1s
[K    398/400      1.37G     0.1723     0.1229     0.7626         77        256: 93% ━━━━━━━━━━━─ 429/459 10.9it/s 38.8s<2.7s
[K    398/400      1.37G     0.1724     0.1229     0.7626         96        256: 94% ━━━━━━━━━━━─ 431/459 12.0it/s 38.9s<2.3s
[K    398/400      1.37G     0.1724     0.1229     0.7626        104        256: 94% ━━━━━━━━━━━─ 433/459 11.9it/s 39.1s<2.2s
[K    398/400      1.37G     0.1724     0.1229     0.7626         85        256: 95% ━━━━━━━━━━━─ 435/459 12.0it/s 39.2s<2.0s
[K    398/400      1.37G     0.1723     0.1229     0.7627         99        256: 95% ━━━━━━━━━━━─ 437/459 11.9it/s 39.4s<1.8s
[K    398/400      1.37G     0.1725     0.1229     0.7628         81        256: 96% ━━━━━━━━━━━─ 439/459 11.8it/s 39.6s<1.7s
[K    398/400      1.37G     0.1728      0.123     0.7628        116        256: 96% ━━━━━━━━━━━╸ 441/459 11.5it/s 39.8s<1.6s
[K    398/400      1.37G     0.1727      0.123     0.7628         78        256: 97% ━━━━━━━━━━━╸ 443/459 11.1it/s 40.0s<1.4s
[K    398/400      1.37G     0.1727     0.1229     0.7629         76        256: 97% ━━━━━━━━━━━╸ 445/459 11.2it/s 40.1s<1.2s
[K    398/400      1.37G     0.1726     0.1229     0.7629        129        256: 97% ━━━━━━━━━━━╸ 447/459 10.9it/s 40.3s<1.1s
[K    398/400      1.37G     0.1726     0.1229      0.763         95        256: 98% ━━━━━━━━━━━╸ 449/459 10.5it/s 40.6s<1.0s
[K    398/400      1.37G     0.1728     0.1229     0.7629         64        256: 98% ━━━━━━━━━━━╸ 451/459 10.5it/s 40.7s<0.8s
[K    398/400      1.37G     0.1728     0.1229      0.763        100        256: 98% ━━━━━━━━━━━╸ 452/459 10.3it/s 40.8s<0.7s
[K    398/400      1.37G     0.1727     0.1229      0.763         60        256: 99% ━━━━━━━━━━━╸ 453/459 10.0it/s 41.0s<0.6s
[K    398/400      1.37G     0.1728      0.123      0.763         73        256: 99% ━━━━━━━━━━━╸ 455/459 10.1it/s 41.1s<0.4s
[K    398/400      1.37G     0.1729      0.123     0.7629         67        256: 100% ━━━━━━━━━━━╸ 457/459 10.5it/s 41.3s<0.2s
[K    398/400      1.37G     0.1736     0.1232     0.7629         26        256: 100% ━━━━━━━━━━━━ 459/459 11.1it/s 41.4s

[K                 Class     Images  Instances      Box(P          R      mAP50  mAP50-95): 2% ──────────── 1/58 1.9s/it 0.6s<1:49
[K                 Class     Images  Instances      Box(P          R      mAP50  mAP50-95): 3% ──────────── 2/58 1.0s/it 1.1s<57.4s
[K                 Class     Images  Instances      Box(P          R      mAP50  mAP50-95): 5% ╸─────────── 3/58 1.3it/s 1.5s<41.4s
[K                 Class     Images  Instances      Box(P          R      mAP50  mAP50-95): 7% ╸─────────── 4/58 1.7it/s 1.9s<32.1s
[K                 Class     Images  Instances      Box(P          R      mAP50  mAP50-95): 9% ━─────────── 5/58 1.9it/s 2.3s<27.5s
[K                 Class     Images  Instances      Box(P          R      mAP50  mAP50-95): 10% ━─────────── 6/58 2.3it/s 2.7s<23.0s
[K                 Class     Images  Instances      Box(P          R      mAP50  mAP50-95): 12% ━─────────── 7/58 2.3it/s 3.1s<21.8s
[K                 Class     Images  Instances      Box(P          R      mAP50  mAP50-95): 14% ━╸────────── 8/58 2.6it/s 3.4s<19.4s
[K                 Class     Images  Instances      Box(P          R      mAP50  mAP50-95): 16% ━╸────────── 9/58 2.6it/s 3.8s<19.1s
[K                 Class     Images  Instances      Box(P          R      mAP50  mAP50-95): 17% ━━────────── 10/58 2.7it/s 4.1s<17.7s
[K                 Class     Images  Instances      Box(P          R      mAP50  mAP50-95): 19% ━━────────── 11/58 2.7it/s 4.5s<17.6s
[K                 Class     Images  Instances      Box(P          R      mAP50  mAP50-95): 21% ━━────────── 12/58 2.8it/s 4.8s<16.6s
[K                 Class     Images  Instances      Box(P          R      mAP50  mAP50-95): 22% ━━╸───────── 13/58 2.7it/s 5.2s<16.7s
[K                 Class     Images  Instances      Box(P          R      mAP50  mAP50-95): 24% ━━╸───────── 14/58 2.8it/s 5.5s<15.7s
[K                 Class     Images  Instances      Box(P          R      mAP50  mAP50-95): 26% ━━━───────── 15/58 2.7it/s 6.0s<16.0s
[K                 Class     Images  Instances      Box(P          R      mAP50  mAP50-95): 28% ━━━───────── 16/58 2.8it/s 6.3s<15.2s
[K                 Class     Images  Instances      Box(P          R      mAP50  mAP50-95): 29% ━━━╸──────── 17/58 2.7it/s 6.7s<15.4s
[K                 Class     Images  Instances      Box(P          R      mAP50  mAP50-95): 31% ━━━╸──────── 18/58 2.7it/s 7.1s<14.7s
[K                 Class     Images  Instances      Box(P          R      mAP50  mAP50-95): 33% ━━━╸──────── 19/58 2.7it/s 7.4s<14.5s
[K                 Class     Images  Instances      Box(P          R      mAP50  mAP50-95): 34% ━━━━──────── 20/58 2.8it/s 7.8s<13.6s
[K                 Class     Images  Instances      Box(P          R      mAP50  mAP50-95): 36% ━━━━──────── 21/58 2.8it/s 8.2s<13.4s
[K                 Class     Images  Instances      Box(P          R      mAP50  mAP50-95): 38% ━━━━╸─────── 22/58 2.8it/s 8.5s<12.8s
[K                 Class     Images  Instances      Box(P          R      mAP50  mAP50-95): 40% ━━━━╸─────── 23/58 2.8it/s 8.9s<12.6s
[K                 Class     Images  Instances      Box(P          R      mAP50  mAP50-95): 41% ━━━━╸─────── 24/58 2.8it/s 9.2s<12.0s
[K                 Class     Images  Instances      Box(P          R      mAP50  mAP50-95): 43% ━━━━━─────── 25/58 2.8it/s 9.6s<11.8s
[K                 Class     Images  Instances      Box(P          R      mAP50  mAP50-95): 45% ━━━━━─────── 26/58 3.1it/s 9.8s<10.3s
[K                 Class     Images  Instances      Box(P          R      mAP50  mAP50-95): 47% ━━━━━╸────── 27/58 3.0it/s 10.2s<10.4s
[K                 Class     Images  Instances      Box(P          R      mAP50  mAP50-95): 48% ━━━━━╸────── 28/58 2.9it/s 10.6s<10.4s
[K                 Class     Images  Instances      Box(P          R      mAP50  mAP50-95): 50% ━━━━━━────── 29/58 2.8it/s 10.9s<10.2s
[K                 Class     Images  Instances      Box(P          R      mAP50  mAP50-95): 52% ━━━━━━────── 30/58 2.8it/s 11.3s<9.9s
[K                 Class     Images  Instances      Box(P          R      mAP50  mAP50-95): 53% ━━━━━━────── 31/58 2.9it/s 11.6s<9.2s
[K                 Class     Images  Instances      Box(P          R      mAP50  mAP50-95): 55% ━━━━━━╸───── 32/58 2.8it/s 12.0s<9.3s
[K                 Class     Images  Instances      Box(P          R      mAP50  mAP50-95): 57% ━━━━━━╸───── 33/58 2.9it/s 12.3s<8.6s
[K                 Class     Images  Instances      Box(P          R      mAP50  mAP50-95): 59% ━━━━━━━───── 34/58 2.8it/s 12.7s<8.7s
[K                 Class     Images  Instances      Box(P          R      mAP50  mAP50-95): 60% ━━━━━━━───── 35/58 2.9it/s 13.1s<8.0s
[K                 Class     Images  Instances      Box(P          R      mAP50  mAP50-95): 62% ━━━━━━━───── 36/58 2.8it/s 13.5s<8.0s
[K                 Class     Images  Instances      Box(P          R      mAP50  mAP50-95): 64% ━━━━━━━╸──── 37/58 2.8it/s 13.8s<7.4s
[K                 Class     Images  Instances      Box(P          R      mAP50  mAP50-95): 66% ━━━━━━━╸──── 38/58 2.8it/s 14.2s<7.2s
[K                 Class     Images  Instances      Box(P          R      mAP50  mAP50-95): 67% ━━━━━━━━──── 39/58 2.8it/s 14.5s<6.7s
[K                 Class     Images  Instances      Box(P          R      mAP50  mAP50-95): 69% ━━━━━━━━──── 40/58 2.8it/s 14.9s<6.5s
[K                 Class     Images  Instances      Box(P          R      mAP50  mAP50-95): 71% ━━━━━━━━──── 41/58 2.9it/s 15.2s<5.9s
[K                 Class     Images  Instances      Box(P          R      mAP50  mAP50-95): 72% ━━━━━━━━╸─── 42/58 2.7it/s 15.6s<5.9s
[K                 Class     Images  Instances      Box(P          R      mAP50  mAP50-95): 74% ━━━━━━━━╸─── 43/58 2.8it/s 16.0s<5.3s
[K                 Class     Images  Instances      Box(P          R      mAP50  mAP50-95): 76% ━━━━━━━━━─── 44/58 2.7it/s 16.4s<5.1s
[K                 Class     Images  Instances      Box(P          R      mAP50  mAP50-95): 78% ━━━━━━━━━─── 45/58 2.8it/s 16.7s<4.6s
[K                 Class     Images  Instances      Box(P          R      mAP50  mAP50-95): 79% ━━━━━━━━━╸── 46/58 2.8it/s 17.1s<4.3s
[K                 Class     Images  Instances      Box(P          R      mAP50  mAP50-95): 81% ━━━━━━━━━╸── 47/58 2.8it/s 17.4s<3.9s
[K                 Class     Images  Instances      Box(P          R      mAP50  mAP50-95): 83% ━━━━━━━━━╸── 48/58 2.8it/s 17.8s<3.6s
[K                 Class     Images  Instances      Box(P          R      mAP50  mAP50-95): 84% ━━━━━━━━━━── 49/58 2.8it/s 18.1s<3.2s
[K                 Class     Images  Instances      Box(P          R      mAP50  mAP50-95): 86% ━━━━━━━━━━── 50/58 2.8it/s 18.5s<2.9s
[K                 Class     Images  Instances      Box(P          R      mAP50  mAP50-95): 88% ━━━━━━━━━━╸─ 51/58 2.8it/s 18.8s<2.5s
[K                 Class     Images  Instances      Box(P          R      mAP50  mAP50-95): 90% ━━━━━━━━━━╸─ 52/58 2.8it/s 19.2s<2.1s
[K                 Class     Images  Instances      Box(P          R      mAP50  mAP50-95): 91% ━━━━━━━━━━╸─ 53/58 2.8it/s 19.6s<1.8s
[K                 Class     Images  Instances      Box(P          R      mAP50  mAP50-95): 93% ━━━━━━━━━━━─ 54/58 2.8it/s 19.9s<1.4s
[K                 Class     Images  Instances      Box(P          R      mAP50  mAP50-95): 95% ━━━━━━━━━━━─ 55/58 2.8it/s 20.3s<1.1s
[K                 Class     Images  Instances      Box(P          R      mAP50  mAP50-95): 97% ━━━━━━━━━━━╸ 56/58 2.8it/s 20.7s<0.7s
[K                 Class     Images  Instances      Box(P          R      mAP50  mAP50-95): 98% ━━━━━━━━━━━╸ 57/58 2.7it/s 21.0s<0.4s
[K                 Class     Images  Instances      Box(P          R      mAP50  mAP50-95): 100% ━━━━━━━━━━━━ 58/58 2.7it/s 21.2s
                   all       3667       9614      0.699       0.32      0.461      0.252

      Epoch    GPU_mem   box_loss   cls_loss   dfl_loss  Instances       Size

[K    399/400      1.37G     0.1418     0.1149     0.7686         75        256: 0% ──────────── 1/459 1.9it/s 0.2s<4:05
[K    399/400      1.37G     0.1438     0.1135     0.7617         64        256: 0% ──────────── 2/459 4.0it/s 0.3s<1:56
[K    399/400      1.37G     0.1399     0.1153     0.7611         58        256: 1% ──────────── 4/459 6.6it/s 0.4s<1:09
[K    399/400      1.37G     0.1668     0.1212     0.7625         72        256: 1% ──────────── 6/459 8.3it/s 0.6s<54.7s
[K    399/400      1.37G      0.173     0.1238     0.7624        101        256: 2% ──────────── 8/459 9.5it/s 0.8s<47.5s
[K    399/400      1.37G     0.1776     0.1248     0.7616        129        256: 2% ──────────── 10/459 10.1it/s 0.9s<44.2s
[K    399/400      1.37G     0.1776     0.1244     0.7619         61        256: 3% ──────────── 12/459 10.6it/s 1.1s<42.1s
[K    399/400      1.37G     0.1746     0.1243     0.7609         69        256: 3% ──────────── 14/459 11.5it/s 1.2s<38.8s
[K    399/400      1.37G     0.1783     0.1238     0.7593        113        256: 3% ──────────── 16/459 11.9it/s 1.4s<37.1s
[K    399/400      1.37G     0.1765     0.1227     0.7595         70        256: 4% ──────────── 18/459 12.6it/s 1.5s<35.1s
[K    399/400      1.37G     0.1731     0.1215     0.7601         96        256: 4% ╸─────────── 20/459 12.8it/s 1.7s<34.3s
[K    399/400      1.37G     0.1734     0.1212     0.7617         79        256: 5% ╸─────────── 22/459 12.8it/s 1.8s<34.1s
[K    399/400      1.37G      0.172     0.1207     0.7608         68        256: 5% ╸─────────── 24/459 13.5it/s 2.0s<32.1s
[K    399/400      1.37G     0.1733     0.1212     0.7602         67        256: 6% ╸─────────── 26/459 13.6it/s 2.1s<31.9s
[K    399/400      1.37G     0.1697     0.1207       0.76         61        256: 6% ╸─────────── 28/459 13.8it/s 2.3s<31.3s
[K    399/400      1.37G     0.1698     0.1206     0.7594         85        256: 7% ╸─────────── 30/459 13.7it/s 2.4s<31.4s
[K    399/400      1.37G      0.169     0.1199     0.7587         71        256: 7% ╸─────────── 32/459 13.3it/s 2.6s<32.1s
[K    399/400      1.37G     0.1685     0.1201      0.759         58        256: 7% ╸─────────── 34/459 13.4it/s 2.7s<31.7s
[K    399/400      1.37G     0.1677       0.12     0.7606         50        256: 8% ╸─────────── 36/459 13.6it/s 2.9s<31.2s
[K    399/400      1.37G     0.1663     0.1196     0.7611         75        256: 8% ╸─────────── 38/459 12.5it/s 3.1s<33.7s
[K    399/400      1.37G     0.1672     0.1199     0.7597         99        256: 9% ━─────────── 40/459 12.0it/s 3.3s<34.9s
[K    399/400      1.37G     0.1679     0.1206     0.7591         78        256: 9% ━─────────── 42/459 11.7it/s 3.4s<35.6s
[K    399/400      1.37G     0.1707     0.1214     0.7597        121        256: 10% ━─────────── 44/459 11.1it/s 3.6s<37.2s
[K    399/400      1.37G     0.1706     0.1213     0.7599         64        256: 10% ━─────────── 46/459 11.3it/s 3.8s<36.4s
[K    399/400      1.37G     0.1709     0.1212     0.7602        124        256: 10% ━─────────── 48/459 11.8it/s 4.0s<34.9s
[K    399/400      1.37G     0.1708     0.1216     0.7604         90        256: 11% ━─────────── 50/459 11.9it/s 4.1s<34.3s
[K    399/400      1.37G     0.1708     0.1215       0.76         72        256: 11% ━─────────── 52/459 11.6it/s 4.3s<35.1s
[K    399/400      1.37G     0.1704     0.1213     0.7596         72        256: 12% ━─────────── 54/459 11.5it/s 4.5s<35.2s
[K    399/400      1.37G     0.1698     0.1211     0.7607         84        256: 12% ━─────────── 55/459 10.9it/s 4.6s<37.0s
[K    399/400      1.37G     0.1703     0.1211      0.761        210        256: 12% ━─────────── 57/459 11.1it/s 4.8s<36.3s
[K    399/400      1.37G     0.1698      0.121     0.7616         56        256: 13% ━╸────────── 58/459 10.1it/s 4.9s<39.5s
[K    399/400      1.37G     0.1698     0.1207     0.7616        101        256: 13% ━╸────────── 60/459 10.5it/s 5.1s<38.0s
[K    399/400      1.37G     0.1692     0.1206     0.7618         66        256: 14% ━╸────────── 62/459 10.6it/s 5.3s<37.4s
[K    399/400      1.37G     0.1689     0.1203     0.7623        103        256: 14% ━╸────────── 64/459 10.0it/s 5.5s<39.3s
[K    399/400      1.37G     0.1688     0.1202     0.7622         68        256: 14% ━╸────────── 66/459 10.4it/s 5.7s<37.7s
[K    399/400      1.37G     0.1679     0.1199     0.7628         55        256: 15% ━╸────────── 67/459 10.1it/s 5.8s<38.7s
[K    399/400      1.37G     0.1683     0.1201     0.7626        110        256: 15% ━╸────────── 69/459 10.8it/s 5.9s<36.2s
[K    399/400      1.37G     0.1687     0.1202     0.7626         77        256: 15% ━╸────────── 71/459 11.1it/s 6.1s<34.8s
[K    399/400      1.37G     0.1692     0.1205     0.7638         59        256: 16% ━╸────────── 73/459 11.4it/s 6.3s<34.0s
[K    399/400      1.37G     0.1699     0.1205      0.764        140        256: 16% ━╸────────── 74/459 10.4it/s 6.4s<37.0s
[K    399/400      1.37G     0.1696     0.1204     0.7647         74        256: 17% ━╸────────── 76/459 10.7it/s 6.6s<35.9s
[K    399/400      1.37G     0.1699     0.1205     0.7648         75        256: 17% ━━────────── 77/459 10.2it/s 6.7s<37.4s
[K    399/400      1.37G     0.1696     0.1206     0.7649         66        256: 17% ━━────────── 79/459 10.7it/s 6.8s<35.5s
[K    399/400      1.37G     0.1699     0.1205     0.7648        165        256: 17% ━━────────── 80/459 9.8it/s 7.0s<38.6s
[K    399/400      1.37G     0.1704     0.1207     0.7643         92        256: 18% ━━────────── 82/459 10.1it/s 7.2s<37.3s
[K    399/400      1.37G     0.1697     0.1206      0.764         78        256: 18% ━━────────── 84/459 10.3it/s 7.3s<36.3s
[K    399/400      1.37G     0.1689     0.1203     0.7639         69        256: 19% ━━────────── 86/459 10.0it/s 7.6s<37.4s
[K    399/400      1.37G     0.1688     0.1202     0.7638         92        256: 19% ━━────────── 88/459 10.4it/s 7.7s<35.6s
[K    399/400      1.37G     0.1703     0.1205     0.7635        149        256: 19% ━━────────── 89/459 10.1it/s 7.8s<36.6s
[K    399/400      1.37G     0.1699     0.1204     0.7634         58        256: 20% ━━────────── 90/459 9.7it/s 8.0s<38.0s
[K    399/400      1.37G     0.1702     0.1206     0.7634         77        256: 20% ━━────────── 92/459 9.7it/s 8.2s<37.8s
[K    399/400      1.37G     0.1705     0.1208     0.7637         86        256: 20% ━━────────── 94/459 9.8it/s 8.4s<37.4s
[K    399/400      1.37G     0.1707     0.1209     0.7636         65        256: 21% ━━╸───────── 96/459 9.9it/s 8.6s<36.7s
[K    399/400      1.37G     0.1718     0.1209     0.7633        190        256: 21% ━━╸───────── 98/459 9.8it/s 8.8s<36.8s
[K    399/400      1.37G     0.1735     0.1214     0.7628        101        256: 22% ━━╸───────── 100/459 11.7it/s 8.9s<30.6s
[K    399/400      1.37G     0.1746     0.1218     0.7624         57        256: 22% ━━╸───────── 102/459 11.7it/s 9.1s<30.4s
[K    399/400      1.37G     0.1741     0.1218     0.7624         88        256: 23% ━━╸───────── 104/459 12.7it/s 9.2s<28.0s
[K    399/400      1.37G      0.174     0.1216     0.7621         66        256: 23% ━━╸───────── 106/459 12.2it/s 9.4s<29.0s
[K    399/400      1.37G     0.1741     0.1217     0.7621         59        256: 24% ━━╸───────── 108/459 13.5it/s 9.5s<26.1s
[K    399/400      1.37G     0.1749      0.122     0.7619        191        256: 24% ━━╸───────── 110/459 13.2it/s 9.7s<26.5s
[K    399/400      1.37G     0.1758     0.1222     0.7618        100        256: 24% ━━╸───────── 112/459 13.6it/s 9.8s<25.5s
[K    399/400      1.37G     0.1753     0.1221     0.7617         64        256: 25% ━━╸───────── 114/459 13.1it/s 10.0s<26.2s
[K    399/400      1.37G     0.1754     0.1223     0.7619         58        256: 25% ━━━───────── 116/459 13.9it/s 10.1s<24.6s
[K    399/400      1.37G     0.1755     0.1223      0.762         79        256: 26% ━━━───────── 118/459 12.9it/s 10.3s<26.4s
[K    399/400      1.37G     0.1756     0.1223      0.762        113        256: 26% ━━━───────── 120/459 12.8it/s 10.4s<26.4s
[K    399/400      1.37G     0.1756     0.1223     0.7619         70        256: 27% ━━━───────── 122/459 11.8it/s 10.6s<28.5s
[K    399/400      1.37G     0.1757     0.1224      0.762         76        256: 27% ━━━───────── 124/459 11.8it/s 10.8s<28.4s
[K    399/400      1.37G     0.1754     0.1223     0.7621         75        256: 27% ━━━───────── 125/459 11.2it/s 10.9s<29.7s
[K    399/400      1.37G     0.1751     0.1223     0.7621         66        256: 28% ━━━───────── 127/459 11.1it/s 11.1s<29.9s
[K    399/400      1.37G     0.1749     0.1221     0.7621         63        256: 28% ━━━───────── 129/459 11.1it/s 11.3s<29.8s
[K    399/400      1.37G     0.1751     0.1224     0.7622         75        256: 29% ━━━───────── 131/459 11.4it/s 11.5s<28.9s
[K    399/400      1.37G      0.175     0.1223     0.7621        102        256: 29% ━━━───────── 132/459 10.8it/s 11.6s<30.4s
[K    399/400      1.37G     0.1757     0.1224     0.7621        103        256: 29% ━━━╸──────── 134/459 10.9it/s 11.7s<29.9s
[K    399/400      1.37G     0.1757     0.1224      0.762         73        256: 29% ━━━╸──────── 135/459 10.1it/s 11.9s<32.0s
[K    399/400      1.37G     0.1756     0.1226     0.7621         72        256: 30% ━━━╸──────── 137/459 10.5it/s 12.0s<30.5s
[K    399/400      1.37G     0.1756     0.1226     0.7621         69        256: 30% ━━━╸──────── 138/459 10.0it/s 12.1s<32.2s
[K    399/400      1.37G     0.1753     0.1225     0.7619         57        256: 31% ━━━╸──────── 140/459 10.1it/s 12.3s<31.6s
[K    399/400      1.37G     0.1751     0.1225     0.7619         82        256: 31% ━━━╸──────── 142/459 10.4it/s 12.5s<30.6s
[K    399/400      1.37G     0.1751     0.1225     0.7621         97        256: 31% ━━━╸──────── 144/459 10.7it/s 12.7s<29.5s
[K    399/400      1.37G     0.1751     0.1224     0.7623        155        256: 32% ━━━╸──────── 146/459 10.6it/s 12.9s<29.5s
[K    399/400      1.37G     0.1751     0.1225     0.7622         81        256: 32% ━━━╸──────── 148/459 10.6it/s 13.1s<29.3s
[K    399/400      1.37G     0.1748     0.1224     0.7624         61        256: 33% ━━━╸──────── 150/459 10.7it/s 13.3s<28.9s
[K    399/400      1.37G     0.1744     0.1224     0.7627         55        256: 33% ━━━╸──────── 152/459 10.7it/s 13.4s<28.6s
[K    399/400      1.37G     0.1739     0.1223     0.7627         70        256: 34% ━━━━──────── 154/459 10.6it/s 13.6s<28.7s
[K    399/400      1.37G     0.1739     0.1223     0.7628         77        256: 34% ━━━━──────── 155/459 10.0it/s 13.8s<30.4s
[K    399/400      1.37G     0.1737     0.1223     0.7629         66        256: 34% ━━━━──────── 157/459 10.7it/s 13.9s<28.2s
[K    399/400      1.37G     0.1737     0.1223      0.763        101        256: 34% ━━━━──────── 158/459 10.0it/s 14.0s<30.0s
[K    399/400      1.37G     0.1733     0.1222     0.7631         71        256: 35% ━━━━──────── 160/459 8.2it/s 14.5s<36.3s
[K    399/400      1.37G     0.1736     0.1222     0.7628        100        256: 35% ━━━━──────── 162/459 9.3it/s 14.7s<32.0s
[K    399/400      1.37G     0.1733     0.1221      0.763        106        256: 36% ━━━━──────── 164/459 10.3it/s 14.9s<28.5s
[K    399/400      1.37G     0.1737     0.1223      0.763         84        256: 36% ━━━━──────── 166/459 11.0it/s 15.0s<26.8s
[K    399/400      1.37G     0.1739     0.1223     0.7631         86        256: 37% ━━━━──────── 168/459 11.9it/s 15.2s<24.5s
[K    399/400      1.37G     0.1738     0.1222     0.7628         67        256: 37% ━━━━──────── 170/459 12.3it/s 15.3s<23.4s
[K    399/400      1.37G     0.1736     0.1221     0.7627         69        256: 37% ━━━━──────── 172/459 11.6it/s 15.5s<24.8s
