
    399/399      5.88G     0.0348   0.004486   0.000736          0          0          0          0          0          0          0          0:  68%|██████▊   | 312/459 01:37
    399/399      5.88G     0.0348   0.004486   0.000736          0          0          0          0          0          0          0          0:  68%|██████▊   | 313/459 01:37/mnt/dataY/ydf/projects/LADD_public/cclkd_reproduction/yolov5_sanity/code/train_yolov5_cclkd_full.py:505: FutureWarning: `torch.cuda.amp.autocast(args...)` is deprecated. Please use `torch.amp.autocast('cuda', args...)` instead.
  with torch.cuda.amp.autocast(amp):

    399/399      5.88G    0.03482   0.004491  0.0007371          0          0          0          0          0          0          0          0:  68%|██████▊   | 313/459 01:37
    399/399      5.88G    0.03482   0.004491  0.0007371          0          0          0          0          0          0          0          0:  68%|██████▊   | 314/459 01:37/mnt/dataY/ydf/projects/LADD_public/cclkd_reproduction/yolov5_sanity/code/train_yolov5_cclkd_full.py:505: FutureWarning: `torch.cuda.amp.autocast(args...)` is deprecated. Please use `torch.amp.autocast('cuda', args...)` instead.
  with torch.cuda.amp.autocast(amp):

    399/399      5.88G     0.0348   0.004488  0.0007367          0          0          0          0          0          0          0          0:  68%|██████▊   | 314/459 01:37
    399/399      5.88G     0.0348   0.004488  0.0007367          0          0          0          0          0          0          0          0:  69%|██████▊   | 315/459 01:37/mnt/dataY/ydf/projects/LADD_public/cclkd_reproduction/yolov5_sanity/code/train_yolov5_cclkd_full.py:505: FutureWarning: `torch.cuda.amp.autocast(args...)` is deprecated. Please use `torch.amp.autocast('cuda', args...)` instead.
  with torch.cuda.amp.autocast(amp):

    399/399      5.88G    0.03479   0.004489  0.0007349          0          0          0          0          0          0          0          0:  69%|██████▊   | 315/459 01:38
    399/399      5.88G    0.03479   0.004489  0.0007349          0          0          0          0          0          0          0          0:  69%|██████▉   | 316/459 01:38/mnt/dataY/ydf/projects/LADD_public/cclkd_reproduction/yolov5_sanity/code/train_yolov5_cclkd_full.py:505: FutureWarning: `torch.cuda.amp.autocast(args...)` is deprecated. Please use `torch.amp.autocast('cuda', args...)` instead.
  with torch.cuda.amp.autocast(amp):

    399/399      5.88G     0.0348   0.004488   0.000733          0          0          0          0          0          0          0          0:  69%|██████▉   | 316/459 01:38
    399/399      5.88G     0.0348   0.004488   0.000733          0          0          0          0          0          0          0          0:  69%|██████▉   | 317/459 01:38/mnt/dataY/ydf/projects/LADD_public/cclkd_reproduction/yolov5_sanity/code/train_yolov5_cclkd_full.py:505: FutureWarning: `torch.cuda.amp.autocast(args...)` is deprecated. Please use `torch.amp.autocast('cuda', args...)` instead.
  with torch.cuda.amp.autocast(amp):

    399/399      5.88G    0.03479   0.004486  0.0007314          0          0          0          0          0          0          0          0:  69%|██████▉   | 317/459 01:38
    399/399      5.88G    0.03479   0.004486  0.0007314          0          0          0          0          0          0          0          0:  69%|██████▉   | 318/459 01:38/mnt/dataY/ydf/projects/LADD_public/cclkd_reproduction/yolov5_sanity/code/train_yolov5_cclkd_full.py:505: FutureWarning: `torch.cuda.amp.autocast(args...)` is deprecated. Please use `torch.amp.autocast('cuda', args...)` instead.
  with torch.cuda.amp.autocast(amp):

    399/399      5.88G    0.03479   0.004483  0.0007295          0          0          0          0          0          0          0          0:  69%|██████▉   | 318/459 01:38
    399/399      5.88G    0.03479   0.004483  0.0007295          0          0          0          0          0          0          0          0:  69%|██████▉   | 319/459 01:38/mnt/dataY/ydf/projects/LADD_public/cclkd_reproduction/yolov5_sanity/code/train_yolov5_cclkd_full.py:505: FutureWarning: `torch.cuda.amp.autocast(args...)` is deprecated. Please use `torch.amp.autocast('cuda', args...)` instead.
  with torch.cuda.amp.autocast(amp):

    399/399      5.88G    0.03477   0.004481  0.0007277          0          0          0          0          0          0          0          0:  69%|██████▉   | 319/459 01:39
    399/399      5.88G    0.03477   0.004481  0.0007277          0          0          0          0          0          0          0          0:  70%|██████▉   | 320/459 01:39/mnt/dataY/ydf/projects/LADD_public/cclkd_reproduction/yolov5_sanity/code/train_yolov5_cclkd_full.py:505: FutureWarning: `torch.cuda.amp.autocast(args...)` is deprecated. Please use `torch.amp.autocast('cuda', args...)` instead.
  with torch.cuda.amp.autocast(amp):

    399/399      5.88G    0.03478   0.004476  0.0007259          0          0          0          0          0          0          0          0:  70%|██████▉   | 320/459 01:39
    399/399      5.88G    0.03478   0.004476  0.0007259          0          0          0          0          0          0          0          0:  70%|██████▉   | 321/459 01:39/mnt/dataY/ydf/projects/LADD_public/cclkd_reproduction/yolov5_sanity/code/train_yolov5_cclkd_full.py:505: FutureWarning: `torch.cuda.amp.autocast(args...)` is deprecated. Please use `torch.amp.autocast('cuda', args...)` instead.
  with torch.cuda.amp.autocast(amp):

    399/399      5.88G    0.03478   0.004475  0.0007254          0          0          0          0          0          0          0          0:  70%|██████▉   | 321/459 01:39
    399/399      5.88G    0.03478   0.004475  0.0007254          0          0          0          0          0          0          0          0:  70%|███████   | 322/459 01:39/mnt/dataY/ydf/projects/LADD_public/cclkd_reproduction/yolov5_sanity/code/train_yolov5_cclkd_full.py:505: FutureWarning: `torch.cuda.amp.autocast(args...)` is deprecated. Please use `torch.amp.autocast('cuda', args...)` instead.
  with torch.cuda.amp.autocast(amp):

    399/399      5.88G    0.03479    0.00448  0.0007262          0          0          0          0          0          0          0          0:  70%|███████   | 322/459 01:39
    399/399      5.88G    0.03479    0.00448  0.0007262          0          0          0          0          0          0          0          0:  70%|███████   | 323/459 01:39/mnt/dataY/ydf/projects/LADD_public/cclkd_reproduction/yolov5_sanity/code/train_yolov5_cclkd_full.py:505: FutureWarning: `torch.cuda.amp.autocast(args...)` is deprecated. Please use `torch.amp.autocast('cuda', args...)` instead.
  with torch.cuda.amp.autocast(amp):

    399/399      5.88G     0.0348   0.004483  0.0007288          0          0          0          0          0          0          0          0:  70%|███████   | 323/459 01:40
    399/399      5.88G     0.0348   0.004483  0.0007288          0          0          0          0          0          0          0          0:  71%|███████   | 324/459 01:40/mnt/dataY/ydf/projects/LADD_public/cclkd_reproduction/yolov5_sanity/code/train_yolov5_cclkd_full.py:505: FutureWarning: `torch.cuda.amp.autocast(args...)` is deprecated. Please use `torch.amp.autocast('cuda', args...)` instead.
  with torch.cuda.amp.autocast(amp):

    399/399      5.88G    0.03481   0.004484  0.0007277          0          0          0          0          0          0          0          0:  71%|███████   | 324/459 01:40
    399/399      5.88G    0.03481   0.004484  0.0007277          0          0          0          0          0          0          0          0:  71%|███████   | 325/459 01:40/mnt/dataY/ydf/projects/LADD_public/cclkd_reproduction/yolov5_sanity/code/train_yolov5_cclkd_full.py:505: FutureWarning: `torch.cuda.amp.autocast(args...)` is deprecated. Please use `torch.amp.autocast('cuda', args...)` instead.
  with torch.cuda.amp.autocast(amp):

    399/399      5.88G    0.03481   0.004484   0.000726          0          0          0          0          0          0          0          0:  71%|███████   | 325/459 01:40
    399/399      5.88G    0.03481   0.004484   0.000726          0          0          0          0          0          0          0          0:  71%|███████   | 326/459 01:40/mnt/dataY/ydf/projects/LADD_public/cclkd_reproduction/yolov5_sanity/code/train_yolov5_cclkd_full.py:505: FutureWarning: `torch.cuda.amp.autocast(args...)` is deprecated. Please use `torch.amp.autocast('cuda', args...)` instead.
  with torch.cuda.amp.autocast(amp):

    399/399      5.88G    0.03479   0.004482  0.0007247          0          0          0          0          0          0          0          0:  71%|███████   | 326/459 01:41
    399/399      5.88G    0.03479   0.004482  0.0007247          0          0          0          0          0          0          0          0:  71%|███████   | 327/459 01:41/mnt/dataY/ydf/projects/LADD_public/cclkd_reproduction/yolov5_sanity/code/train_yolov5_cclkd_full.py:505: FutureWarning: `torch.cuda.amp.autocast(args...)` is deprecated. Please use `torch.amp.autocast('cuda', args...)` instead.
  with torch.cuda.amp.autocast(amp):

    399/399      5.88G    0.03478   0.004482  0.0007232          0          0          0          0          0          0          0          0:  71%|███████   | 327/459 01:41
    399/399      5.88G    0.03478   0.004482  0.0007232          0          0          0          0          0          0          0          0:  71%|███████▏  | 328/459 01:41/mnt/dataY/ydf/projects/LADD_public/cclkd_reproduction/yolov5_sanity/code/train_yolov5_cclkd_full.py:505: FutureWarning: `torch.cuda.amp.autocast(args...)` is deprecated. Please use `torch.amp.autocast('cuda', args...)` instead.
  with torch.cuda.amp.autocast(amp):

    399/399      5.88G    0.03476   0.004481  0.0007212          0          0          0          0          0          0          0          0:  71%|███████▏  | 328/459 01:41
    399/399      5.88G    0.03476   0.004481  0.0007212          0          0          0          0          0          0          0          0:  72%|███████▏  | 329/459 01:41/mnt/dataY/ydf/projects/LADD_public/cclkd_reproduction/yolov5_sanity/code/train_yolov5_cclkd_full.py:505: FutureWarning: `torch.cuda.amp.autocast(args...)` is deprecated. Please use `torch.amp.autocast('cuda', args...)` instead.
  with torch.cuda.amp.autocast(amp):

    399/399      5.88G    0.03474   0.004479  0.0007206          0          0          0          0          0          0          0          0:  72%|███████▏  | 329/459 01:42
    399/399      5.88G    0.03474   0.004479  0.0007206          0          0          0          0          0          0          0          0:  72%|███████▏  | 330/459 01:42/mnt/dataY/ydf/projects/LADD_public/cclkd_reproduction/yolov5_sanity/code/train_yolov5_cclkd_full.py:505: FutureWarning: `torch.cuda.amp.autocast(args...)` is deprecated. Please use `torch.amp.autocast('cuda', args...)` instead.
  with torch.cuda.amp.autocast(amp):

    399/399      5.88G    0.03473   0.004482  0.0007218          0          0          0          0          0          0          0          0:  72%|███████▏  | 330/459 01:42
    399/399      5.88G    0.03473   0.004482  0.0007218          0          0          0          0          0          0          0          0:  72%|███████▏  | 331/459 01:42/mnt/dataY/ydf/projects/LADD_public/cclkd_reproduction/yolov5_sanity/code/train_yolov5_cclkd_full.py:505: FutureWarning: `torch.cuda.amp.autocast(args...)` is deprecated. Please use `torch.amp.autocast('cuda', args...)` instead.
  with torch.cuda.amp.autocast(amp):

    399/399      5.88G    0.03474   0.004481  0.0007239          0          0          0          0          0          0          0          0:  72%|███████▏  | 331/459 01:42
    399/399      5.88G    0.03474   0.004481  0.0007239          0          0          0          0          0          0          0          0:  72%|███████▏  | 332/459 01:42/mnt/dataY/ydf/projects/LADD_public/cclkd_reproduction/yolov5_sanity/code/train_yolov5_cclkd_full.py:505: FutureWarning: `torch.cuda.amp.autocast(args...)` is deprecated. Please use `torch.amp.autocast('cuda', args...)` instead.
  with torch.cuda.amp.autocast(amp):

    399/399      5.88G    0.03474    0.00448  0.0007222          0          0          0          0          0          0          0          0:  72%|███████▏  | 332/459 01:43
    399/399      5.88G    0.03474    0.00448  0.0007222          0          0          0          0          0          0          0          0:  73%|███████▎  | 333/459 01:43/mnt/dataY/ydf/projects/LADD_public/cclkd_reproduction/yolov5_sanity/code/train_yolov5_cclkd_full.py:505: FutureWarning: `torch.cuda.amp.autocast(args...)` is deprecated. Please use `torch.amp.autocast('cuda', args...)` instead.
  with torch.cuda.amp.autocast(amp):

    399/399      5.88G    0.03476   0.004481  0.0007238          0          0          0          0          0          0          0          0:  73%|███████▎  | 333/459 01:43
    399/399      5.88G    0.03476   0.004481  0.0007238          0          0          0          0          0          0          0          0:  73%|███████▎  | 334/459 01:43/mnt/dataY/ydf/projects/LADD_public/cclkd_reproduction/yolov5_sanity/code/train_yolov5_cclkd_full.py:505: FutureWarning: `torch.cuda.amp.autocast(args...)` is deprecated. Please use `torch.amp.autocast('cuda', args...)` instead.
  with torch.cuda.amp.autocast(amp):

    399/399      5.88G    0.03477   0.004483  0.0007253          0          0          0          0          0          0          0          0:  73%|███████▎  | 334/459 01:43
    399/399      5.88G    0.03477   0.004483  0.0007253          0          0          0          0          0          0          0          0:  73%|███████▎  | 335/459 01:43/mnt/dataY/ydf/projects/LADD_public/cclkd_reproduction/yolov5_sanity/code/train_yolov5_cclkd_full.py:505: FutureWarning: `torch.cuda.amp.autocast(args...)` is deprecated. Please use `torch.amp.autocast('cuda', args...)` instead.
  with torch.cuda.amp.autocast(amp):

    399/399      5.88G    0.03476    0.00448   0.000724          0          0          0          0          0          0          0          0:  73%|███████▎  | 335/459 01:44
    399/399      5.88G    0.03476    0.00448   0.000724          0          0          0          0          0          0          0          0:  73%|███████▎  | 336/459 01:44/mnt/dataY/ydf/projects/LADD_public/cclkd_reproduction/yolov5_sanity/code/train_yolov5_cclkd_full.py:505: FutureWarning: `torch.cuda.amp.autocast(args...)` is deprecated. Please use `torch.amp.autocast('cuda', args...)` instead.
  with torch.cuda.amp.autocast(amp):

    399/399      5.88G    0.03476   0.004476  0.0007234          0          0          0          0          0          0          0          0:  73%|███████▎  | 336/459 01:44
    399/399      5.88G    0.03476   0.004476  0.0007234          0          0          0          0          0          0          0          0:  73%|███████▎  | 337/459 01:44/mnt/dataY/ydf/projects/LADD_public/cclkd_reproduction/yolov5_sanity/code/train_yolov5_cclkd_full.py:505: FutureWarning: `torch.cuda.amp.autocast(args...)` is deprecated. Please use `torch.amp.autocast('cuda', args...)` instead.
  with torch.cuda.amp.autocast(amp):

    399/399      5.88G    0.03476   0.004476  0.0007234          0          0          0          0          0          0          0          0:  73%|███████▎  | 337/459 01:44
    399/399      5.88G    0.03476   0.004476  0.0007234          0          0          0          0          0          0          0          0:  74%|███████▎  | 338/459 01:44/mnt/dataY/ydf/projects/LADD_public/cclkd_reproduction/yolov5_sanity/code/train_yolov5_cclkd_full.py:505: FutureWarning: `torch.cuda.amp.autocast(args...)` is deprecated. Please use `torch.amp.autocast('cuda', args...)` instead.
  with torch.cuda.amp.autocast(amp):

    399/399      5.88G    0.03477   0.004482  0.0007221          0          0          0          0          0          0          0          0:  74%|███████▎  | 338/459 01:44
    399/399      5.88G    0.03477   0.004482  0.0007221          0          0          0          0          0          0          0          0:  74%|███████▍  | 339/459 01:45/mnt/dataY/ydf/projects/LADD_public/cclkd_reproduction/yolov5_sanity/code/train_yolov5_cclkd_full.py:505: FutureWarning: `torch.cuda.amp.autocast(args...)` is deprecated. Please use `torch.amp.autocast('cuda', args...)` instead.
  with torch.cuda.amp.autocast(amp):

    399/399      5.88G    0.03477   0.004481  0.0007227          0          0          0          0          0          0          0          0:  74%|███████▍  | 339/459 01:45
    399/399      5.88G    0.03477   0.004481  0.0007227          0          0          0          0          0          0          0          0:  74%|███████▍  | 340/459 01:45/mnt/dataY/ydf/projects/LADD_public/cclkd_reproduction/yolov5_sanity/code/train_yolov5_cclkd_full.py:505: FutureWarning: `torch.cuda.amp.autocast(args...)` is deprecated. Please use `torch.amp.autocast('cuda', args...)` instead.
  with torch.cuda.amp.autocast(amp):

    399/399      5.88G     0.0348   0.004481  0.0007235          0          0          0          0          0          0          0          0:  74%|███████▍  | 340/459 01:45
    399/399      5.88G     0.0348   0.004481  0.0007235          0          0          0          0          0          0          0          0:  74%|███████▍  | 341/459 01:45/mnt/dataY/ydf/projects/LADD_public/cclkd_reproduction/yolov5_sanity/code/train_yolov5_cclkd_full.py:505: FutureWarning: `torch.cuda.amp.autocast(args...)` is deprecated. Please use `torch.amp.autocast('cuda', args...)` instead.
  with torch.cuda.amp.autocast(amp):

    399/399      5.88G    0.03483   0.004481  0.0007233          0          0          0          0          0          0          0          0:  74%|███████▍  | 341/459 01:46
    399/399      5.88G    0.03483   0.004481  0.0007233          0          0          0          0          0          0          0          0:  75%|███████▍  | 342/459 01:46/mnt/dataY/ydf/projects/LADD_public/cclkd_reproduction/yolov5_sanity/code/train_yolov5_cclkd_full.py:505: FutureWarning: `torch.cuda.amp.autocast(args...)` is deprecated. Please use `torch.amp.autocast('cuda', args...)` instead.
  with torch.cuda.amp.autocast(amp):

    399/399      5.88G    0.03482   0.004482  0.0007237          0          0          0          0          0          0          0          0:  75%|███████▍  | 342/459 01:46
    399/399      5.88G    0.03482   0.004482  0.0007237          0          0          0          0          0          0          0          0:  75%|███████▍  | 343/459 01:46/mnt/dataY/ydf/projects/LADD_public/cclkd_reproduction/yolov5_sanity/code/train_yolov5_cclkd_full.py:505: FutureWarning: `torch.cuda.amp.autocast(args...)` is deprecated. Please use `torch.amp.autocast('cuda', args...)` instead.
  with torch.cuda.amp.autocast(amp):

    399/399      5.88G    0.03482   0.004483  0.0007246          0          0          0          0          0          0          0          0:  75%|███████▍  | 343/459 01:46
    399/399      5.88G    0.03482   0.004483  0.0007246          0          0          0          0          0          0          0          0:  75%|███████▍  | 344/459 01:46/mnt/dataY/ydf/projects/LADD_public/cclkd_reproduction/yolov5_sanity/code/train_yolov5_cclkd_full.py:505: FutureWarning: `torch.cuda.amp.autocast(args...)` is deprecated. Please use `torch.amp.autocast('cuda', args...)` instead.
  with torch.cuda.amp.autocast(amp):

    399/399      5.88G    0.03482   0.004483  0.0007239          0          0          0          0          0          0          0          0:  75%|███████▍  | 344/459 01:46
    399/399      5.88G    0.03482   0.004483  0.0007239          0          0          0          0          0          0          0          0:  75%|███████▌  | 345/459 01:46/mnt/dataY/ydf/projects/LADD_public/cclkd_reproduction/yolov5_sanity/code/train_yolov5_cclkd_full.py:505: FutureWarning: `torch.cuda.amp.autocast(args...)` is deprecated. Please use `torch.amp.autocast('cuda', args...)` instead.
  with torch.cuda.amp.autocast(amp):

    399/399      5.88G    0.03483   0.004486  0.0007247          0          0          0          0          0          0          0          0:  75%|███████▌  | 345/459 01:47
    399/399      5.88G    0.03483   0.004486  0.0007247          0          0          0          0          0          0          0          0:  75%|███████▌  | 346/459 01:47/mnt/dataY/ydf/projects/LADD_public/cclkd_reproduction/yolov5_sanity/code/train_yolov5_cclkd_full.py:505: FutureWarning: `torch.cuda.amp.autocast(args...)` is deprecated. Please use `torch.amp.autocast('cuda', args...)` instead.
  with torch.cuda.amp.autocast(amp):

    399/399      5.88G    0.03484   0.004486  0.0007229          0          0          0          0          0          0          0          0:  75%|███████▌  | 346/459 01:47
    399/399      5.88G    0.03484   0.004486  0.0007229          0          0          0          0          0          0          0          0:  76%|███████▌  | 347/459 01:47/mnt/dataY/ydf/projects/LADD_public/cclkd_reproduction/yolov5_sanity/code/train_yolov5_cclkd_full.py:505: FutureWarning: `torch.cuda.amp.autocast(args...)` is deprecated. Please use `torch.amp.autocast('cuda', args...)` instead.
  with torch.cuda.amp.autocast(amp):

    399/399      5.88G    0.03484   0.004491  0.0007229          0          0          0          0          0          0          0          0:  76%|███████▌  | 347/459 01:47
    399/399      5.88G    0.03484   0.004491  0.0007229          0          0          0          0          0          0          0          0:  76%|███████▌  | 348/459 01:47/mnt/dataY/ydf/projects/LADD_public/cclkd_reproduction/yolov5_sanity/code/train_yolov5_cclkd_full.py:505: FutureWarning: `torch.cuda.amp.autocast(args...)` is deprecated. Please use `torch.amp.autocast('cuda', args...)` instead.
  with torch.cuda.amp.autocast(amp):

    399/399      5.88G    0.03486   0.004488  0.0007257          0          0          0          0          0          0          0          0:  76%|███████▌  | 348/459 01:48
    399/399      5.88G    0.03486   0.004488  0.0007257          0          0          0          0          0          0          0          0:  76%|███████▌  | 349/459 01:48/mnt/dataY/ydf/projects/LADD_public/cclkd_reproduction/yolov5_sanity/code/train_yolov5_cclkd_full.py:505: FutureWarning: `torch.cuda.amp.autocast(args...)` is deprecated. Please use `torch.amp.autocast('cuda', args...)` instead.
  with torch.cuda.amp.autocast(amp):

    399/399      5.88G    0.03486   0.004491  0.0007254          0          0          0          0          0          0          0          0:  76%|███████▌  | 349/459 01:48
    399/399      5.88G    0.03486   0.004491  0.0007254          0          0          0          0          0          0          0          0:  76%|███████▋  | 350/459 01:48/mnt/dataY/ydf/projects/LADD_public/cclkd_reproduction/yolov5_sanity/code/train_yolov5_cclkd_full.py:505: FutureWarning: `torch.cuda.amp.autocast(args...)` is deprecated. Please use `torch.amp.autocast('cuda', args...)` instead.
  with torch.cuda.amp.autocast(amp):

    399/399      5.88G    0.03488   0.004494  0.0007249          0          0          0          0          0          0          0          0:  76%|███████▋  | 350/459 01:48
    399/399      5.88G    0.03488   0.004494  0.0007249          0          0          0          0          0          0          0          0:  76%|███████▋  | 351/459 01:48/mnt/dataY/ydf/projects/LADD_public/cclkd_reproduction/yolov5_sanity/code/train_yolov5_cclkd_full.py:505: FutureWarning: `torch.cuda.amp.autocast(args...)` is deprecated. Please use `torch.amp.autocast('cuda', args...)` instead.
  with torch.cuda.amp.autocast(amp):

    399/399      5.88G    0.03488   0.004494  0.0007233          0          0          0          0          0          0          0          0:  76%|███████▋  | 351/459 01:48
    399/399      5.88G    0.03488   0.004494  0.0007233          0          0          0          0          0          0          0          0:  77%|███████▋  | 352/459 01:48/mnt/dataY/ydf/projects/LADD_public/cclkd_reproduction/yolov5_sanity/code/train_yolov5_cclkd_full.py:505: FutureWarning: `torch.cuda.amp.autocast(args...)` is deprecated. Please use `torch.amp.autocast('cuda', args...)` instead.
  with torch.cuda.amp.autocast(amp):

    399/399      5.88G    0.03492   0.004491  0.0007256          0          0          0          0          0          0          0          0:  77%|███████▋  | 352/459 01:49
    399/399      5.88G    0.03492   0.004491  0.0007256          0          0          0          0          0          0          0          0:  77%|███████▋  | 353/459 01:49/mnt/dataY/ydf/projects/LADD_public/cclkd_reproduction/yolov5_sanity/code/train_yolov5_cclkd_full.py:505: FutureWarning: `torch.cuda.amp.autocast(args...)` is deprecated. Please use `torch.amp.autocast('cuda', args...)` instead.
  with torch.cuda.amp.autocast(amp):

    399/399      5.88G    0.03491   0.004489  0.0007245          0          0          0          0          0          0          0          0:  77%|███████▋  | 353/459 01:49
    399/399      5.88G    0.03491   0.004489  0.0007245          0          0          0          0          0          0          0          0:  77%|███████▋  | 354/459 01:49/mnt/dataY/ydf/projects/LADD_public/cclkd_reproduction/yolov5_sanity/code/train_yolov5_cclkd_full.py:505: FutureWarning: `torch.cuda.amp.autocast(args...)` is deprecated. Please use `torch.amp.autocast('cuda', args...)` instead.
  with torch.cuda.amp.autocast(amp):

    399/399      5.88G    0.03489   0.004486  0.0007228          0          0          0          0          0          0          0          0:  77%|███████▋  | 354/459 01:49
    399/399      5.88G    0.03489   0.004486  0.0007228          0          0          0          0          0          0          0          0:  77%|███████▋  | 355/459 01:49/mnt/dataY/ydf/projects/LADD_public/cclkd_reproduction/yolov5_sanity/code/train_yolov5_cclkd_full.py:505: FutureWarning: `torch.cuda.amp.autocast(args...)` is deprecated. Please use `torch.amp.autocast('cuda', args...)` instead.
  with torch.cuda.amp.autocast(amp):

    399/399      5.88G    0.03488   0.004488  0.0007218          0          0          0          0          0          0          0          0:  77%|███████▋  | 355/459 01:50
    399/399      5.88G    0.03488   0.004488  0.0007218          0          0          0          0          0          0          0          0:  78%|███████▊  | 356/459 01:50/mnt/dataY/ydf/projects/LADD_public/cclkd_reproduction/yolov5_sanity/code/train_yolov5_cclkd_full.py:505: FutureWarning: `torch.cuda.amp.autocast(args...)` is deprecated. Please use `torch.amp.autocast('cuda', args...)` instead.
  with torch.cuda.amp.autocast(amp):

    399/399      5.88G    0.03489   0.004485  0.0007209          0          0          0          0          0          0          0          0:  78%|███████▊  | 356/459 01:50
    399/399      5.88G    0.03489   0.004485  0.0007209          0          0          0          0          0          0          0          0:  78%|███████▊  | 357/459 01:50/mnt/dataY/ydf/projects/LADD_public/cclkd_reproduction/yolov5_sanity/code/train_yolov5_cclkd_full.py:505: FutureWarning: `torch.cuda.amp.autocast(args...)` is deprecated. Please use `torch.amp.autocast('cuda', args...)` instead.
  with torch.cuda.amp.autocast(amp):

    399/399      5.88G    0.03487   0.004486  0.0007219          0          0          0          0          0          0          0          0:  78%|███████▊  | 357/459 01:50
    399/399      5.88G    0.03487   0.004486  0.0007219          0          0          0          0          0          0          0          0:  78%|███████▊  | 358/459 01:50/mnt/dataY/ydf/projects/LADD_public/cclkd_reproduction/yolov5_sanity/code/train_yolov5_cclkd_full.py:505: FutureWarning: `torch.cuda.amp.autocast(args...)` is deprecated. Please use `torch.amp.autocast('cuda', args...)` instead.
  with torch.cuda.amp.autocast(amp):

    399/399      5.88G    0.03486   0.004489  0.0007204          0          0          0          0          0          0          0          0:  78%|███████▊  | 358/459 01:51
    399/399      5.88G    0.03486   0.004489  0.0007204          0          0          0          0          0          0          0          0:  78%|███████▊  | 359/459 01:51/mnt/dataY/ydf/projects/LADD_public/cclkd_reproduction/yolov5_sanity/code/train_yolov5_cclkd_full.py:505: FutureWarning: `torch.cuda.amp.autocast(args...)` is deprecated. Please use `torch.amp.autocast('cuda', args...)` instead.
  with torch.cuda.amp.autocast(amp):

    399/399      5.88G     0.0349   0.004489  0.0007294          0          0          0          0          0          0          0          0:  78%|███████▊  | 359/459 01:51
    399/399      5.88G     0.0349   0.004489  0.0007294          0          0          0          0          0          0          0          0:  78%|███████▊  | 360/459 01:51/mnt/dataY/ydf/projects/LADD_public/cclkd_reproduction/yolov5_sanity/code/train_yolov5_cclkd_full.py:505: FutureWarning: `torch.cuda.amp.autocast(args...)` is deprecated. Please use `torch.amp.autocast('cuda', args...)` instead.
  with torch.cuda.amp.autocast(amp):

    399/399      5.88G    0.03489   0.004491   0.000729          0          0          0          0          0          0          0          0:  78%|███████▊  | 360/459 01:51
    399/399      5.88G    0.03489   0.004491   0.000729          0          0          0          0          0          0          0          0:  79%|███████▊  | 361/459 01:51/mnt/dataY/ydf/projects/LADD_public/cclkd_reproduction/yolov5_sanity/code/train_yolov5_cclkd_full.py:505: FutureWarning: `torch.cuda.amp.autocast(args...)` is deprecated. Please use `torch.amp.autocast('cuda', args...)` instead.
  with torch.cuda.amp.autocast(amp):

    399/399      5.88G    0.03489    0.00449  0.0007344          0          0          0          0          0          0          0          0:  79%|███████▊  | 361/459 01:51
    399/399      5.88G    0.03489    0.00449  0.0007344          0          0          0          0          0          0          0          0:  79%|███████▉  | 362/459 01:51/mnt/dataY/ydf/projects/LADD_public/cclkd_reproduction/yolov5_sanity/code/train_yolov5_cclkd_full.py:505: FutureWarning: `torch.cuda.amp.autocast(args...)` is deprecated. Please use `torch.amp.autocast('cuda', args...)` instead.
  with torch.cuda.amp.autocast(amp):

    399/399      5.88G    0.03488    0.00449  0.0007348          0          0          0          0          0          0          0          0:  79%|███████▉  | 362/459 01:52
    399/399      5.88G    0.03488    0.00449  0.0007348          0          0          0          0          0          0          0          0:  79%|███████▉  | 363/459 01:52/mnt/dataY/ydf/projects/LADD_public/cclkd_reproduction/yolov5_sanity/code/train_yolov5_cclkd_full.py:505: FutureWarning: `torch.cuda.amp.autocast(args...)` is deprecated. Please use `torch.amp.autocast('cuda', args...)` instead.
  with torch.cuda.amp.autocast(amp):

    399/399      5.88G    0.03489   0.004493  0.0007339          0          0          0          0          0          0          0          0:  79%|███████▉  | 363/459 01:52
    399/399      5.88G    0.03489   0.004493  0.0007339          0          0          0          0          0          0          0          0:  79%|███████▉  | 364/459 01:52/mnt/dataY/ydf/projects/LADD_public/cclkd_reproduction/yolov5_sanity/code/train_yolov5_cclkd_full.py:505: FutureWarning: `torch.cuda.amp.autocast(args...)` is deprecated. Please use `torch.amp.autocast('cuda', args...)` instead.
  with torch.cuda.amp.autocast(amp):

    399/399      5.88G    0.03486    0.00449  0.0007321          0          0          0          0          0          0          0          0:  79%|███████▉  | 364/459 01:52
    399/399      5.88G    0.03486    0.00449  0.0007321          0          0          0          0          0          0          0          0:  80%|███████▉  | 365/459 01:52/mnt/dataY/ydf/projects/LADD_public/cclkd_reproduction/yolov5_sanity/code/train_yolov5_cclkd_full.py:505: FutureWarning: `torch.cuda.amp.autocast(args...)` is deprecated. Please use `torch.amp.autocast('cuda', args...)` instead.
  with torch.cuda.amp.autocast(amp):

    399/399      5.88G    0.03486   0.004488  0.0007304          0          0          0          0          0          0          0          0:  80%|███████▉  | 365/459 01:53
    399/399      5.88G    0.03486   0.004488  0.0007304          0          0          0          0          0          0          0          0:  80%|███████▉  | 366/459 01:53/mnt/dataY/ydf/projects/LADD_public/cclkd_reproduction/yolov5_sanity/code/train_yolov5_cclkd_full.py:505: FutureWarning: `torch.cuda.amp.autocast(args...)` is deprecated. Please use `torch.amp.autocast('cuda', args...)` instead.
  with torch.cuda.amp.autocast(amp):

    399/399      5.88G    0.03486   0.004486  0.0007286          0          0          0          0          0          0          0          0:  80%|███████▉  | 366/459 01:53
    399/399      5.88G    0.03486   0.004486  0.0007286          0          0          0          0          0          0          0          0:  80%|███████▉  | 367/459 01:53/mnt/dataY/ydf/projects/LADD_public/cclkd_reproduction/yolov5_sanity/code/train_yolov5_cclkd_full.py:505: FutureWarning: `torch.cuda.amp.autocast(args...)` is deprecated. Please use `torch.amp.autocast('cuda', args...)` instead.
  with torch.cuda.amp.autocast(amp):

    399/399      5.88G    0.03485   0.004486  0.0007284          0          0          0          0          0          0          0          0:  80%|███████▉  | 367/459 01:53
    399/399      5.88G    0.03485   0.004486  0.0007284          0          0          0          0          0          0          0          0:  80%|████████  | 368/459 01:53/mnt/dataY/ydf/projects/LADD_public/cclkd_reproduction/yolov5_sanity/code/train_yolov5_cclkd_full.py:505: FutureWarning: `torch.cuda.amp.autocast(args...)` is deprecated. Please use `torch.amp.autocast('cuda', args...)` instead.
  with torch.cuda.amp.autocast(amp):

    399/399      5.88G    0.03485   0.004484  0.0007309          0          0          0          0          0          0          0          0:  80%|████████  | 368/459 01:54
    399/399      5.88G    0.03485   0.004484  0.0007309          0          0          0          0          0          0          0          0:  80%|████████  | 369/459 01:54/mnt/dataY/ydf/projects/LADD_public/cclkd_reproduction/yolov5_sanity/code/train_yolov5_cclkd_full.py:505: FutureWarning: `torch.cuda.amp.autocast(args...)` is deprecated. Please use `torch.amp.autocast('cuda', args...)` instead.
  with torch.cuda.amp.autocast(amp):

    399/399      5.88G    0.03485   0.004487  0.0007304          0          0          0          0          0          0          0          0:  80%|████████  | 369/459 01:54
    399/399      5.88G    0.03485   0.004487  0.0007304          0          0          0          0          0          0          0          0:  81%|████████  | 370/459 01:54/mnt/dataY/ydf/projects/LADD_public/cclkd_reproduction/yolov5_sanity/code/train_yolov5_cclkd_full.py:505: FutureWarning: `torch.cuda.amp.autocast(args...)` is deprecated. Please use `torch.amp.autocast('cuda', args...)` instead.
  with torch.cuda.amp.autocast(amp):

    399/399      5.88G    0.03484   0.004485  0.0007306          0          0          0          0          0          0          0          0:  81%|████████  | 370/459 01:54
    399/399      5.88G    0.03484   0.004485  0.0007306          0          0          0          0          0          0          0          0:  81%|████████  | 371/459 01:54/mnt/dataY/ydf/projects/LADD_public/cclkd_reproduction/yolov5_sanity/code/train_yolov5_cclkd_full.py:505: FutureWarning: `torch.cuda.amp.autocast(args...)` is deprecated. Please use `torch.amp.autocast('cuda', args...)` instead.
  with torch.cuda.amp.autocast(amp):

    399/399      5.88G    0.03482   0.004485  0.0007289          0          0          0          0          0          0          0          0:  81%|████████  | 371/459 01:54
    399/399      5.88G    0.03482   0.004485  0.0007289          0          0          0          0          0          0          0          0:  81%|████████  | 372/459 01:54/mnt/dataY/ydf/projects/LADD_public/cclkd_reproduction/yolov5_sanity/code/train_yolov5_cclkd_full.py:505: FutureWarning: `torch.cuda.amp.autocast(args...)` is deprecated. Please use `torch.amp.autocast('cuda', args...)` instead.
  with torch.cuda.amp.autocast(amp):

    399/399      5.88G    0.03482   0.004483  0.0007275          0          0          0          0          0          0          0          0:  81%|████████  | 372/459 01:55
    399/399      5.88G    0.03482   0.004483  0.0007275          0          0          0          0          0          0          0          0:  81%|████████▏ | 373/459 01:55/mnt/dataY/ydf/projects/LADD_public/cclkd_reproduction/yolov5_sanity/code/train_yolov5_cclkd_full.py:505: FutureWarning: `torch.cuda.amp.autocast(args...)` is deprecated. Please use `torch.amp.autocast('cuda', args...)` instead.
  with torch.cuda.amp.autocast(amp):

    399/399      5.88G    0.03484    0.00449  0.0007348          0          0          0          0          0          0          0          0:  81%|████████▏ | 373/459 01:55
    399/399      5.88G    0.03484    0.00449  0.0007348          0          0          0          0          0          0          0          0:  81%|████████▏ | 374/459 01:55/mnt/dataY/ydf/projects/LADD_public/cclkd_reproduction/yolov5_sanity/code/train_yolov5_cclkd_full.py:505: FutureWarning: `torch.cuda.amp.autocast(args...)` is deprecated. Please use `torch.amp.autocast('cuda', args...)` instead.
  with torch.cuda.amp.autocast(amp):

    399/399      5.88G    0.03483   0.004489  0.0007333          0          0          0          0          0          0          0          0:  81%|████████▏ | 374/459 01:55
    399/399      5.88G    0.03483   0.004489  0.0007333          0          0          0          0          0          0          0          0:  82%|████████▏ | 375/459 01:55/mnt/dataY/ydf/projects/LADD_public/cclkd_reproduction/yolov5_sanity/code/train_yolov5_cclkd_full.py:505: FutureWarning: `torch.cuda.amp.autocast(args...)` is deprecated. Please use `torch.amp.autocast('cuda', args...)` instead.
  with torch.cuda.amp.autocast(amp):

    399/399      5.88G    0.03482   0.004492  0.0007328          0          0          0          0          0          0          0          0:  82%|████████▏ | 375/459 01:56
    399/399      5.88G    0.03482   0.004492  0.0007328          0          0          0          0          0          0          0          0:  82%|████████▏ | 376/459 01:56/mnt/dataY/ydf/projects/LADD_public/cclkd_reproduction/yolov5_sanity/code/train_yolov5_cclkd_full.py:505: FutureWarning: `torch.cuda.amp.autocast(args...)` is deprecated. Please use `torch.amp.autocast('cuda', args...)` instead.
  with torch.cuda.amp.autocast(amp):

    399/399      5.88G    0.03482   0.004493  0.0007328          0          0          0          0          0          0          0          0:  82%|████████▏ | 376/459 01:56
    399/399      5.88G    0.03482   0.004493  0.0007328          0          0          0          0          0          0          0          0:  82%|████████▏ | 377/459 01:56/mnt/dataY/ydf/projects/LADD_public/cclkd_reproduction/yolov5_sanity/code/train_yolov5_cclkd_full.py:505: FutureWarning: `torch.cuda.amp.autocast(args...)` is deprecated. Please use `torch.amp.autocast('cuda', args...)` instead.
  with torch.cuda.amp.autocast(amp):

    399/399      5.88G    0.03483   0.004498  0.0007321          0          0          0          0          0          0          0          0:  82%|████████▏ | 377/459 01:56
    399/399      5.88G    0.03483   0.004498  0.0007321          0          0          0          0          0          0          0          0:  82%|████████▏ | 378/459 01:56/mnt/dataY/ydf/projects/LADD_public/cclkd_reproduction/yolov5_sanity/code/train_yolov5_cclkd_full.py:505: FutureWarning: `torch.cuda.amp.autocast(args...)` is deprecated. Please use `torch.amp.autocast('cuda', args...)` instead.
  with torch.cuda.amp.autocast(amp):

    399/399      5.88G    0.03483   0.004499  0.0007328          0          0          0          0          0          0          0          0:  82%|████████▏ | 378/459 01:57
    399/399      5.88G    0.03483   0.004499  0.0007328          0          0          0          0          0          0          0          0:  83%|████████▎ | 379/459 01:57/mnt/dataY/ydf/projects/LADD_public/cclkd_reproduction/yolov5_sanity/code/train_yolov5_cclkd_full.py:505: FutureWarning: `torch.cuda.amp.autocast(args...)` is deprecated. Please use `torch.amp.autocast('cuda', args...)` instead.
  with torch.cuda.amp.autocast(amp):

    399/399      5.88G    0.03482     0.0045  0.0007329          0          0          0          0          0          0          0          0:  83%|████████▎ | 379/459 01:57
    399/399      5.88G    0.03482     0.0045  0.0007329          0          0          0          0          0          0          0          0:  83%|████████▎ | 380/459 01:57/mnt/dataY/ydf/projects/LADD_public/cclkd_reproduction/yolov5_sanity/code/train_yolov5_cclkd_full.py:505: FutureWarning: `torch.cuda.amp.autocast(args...)` is deprecated. Please use `torch.amp.autocast('cuda', args...)` instead.
  with torch.cuda.amp.autocast(amp):

    399/399      5.88G    0.03483   0.004499  0.0007325          0          0          0          0          0          0          0          0:  83%|████████▎ | 380/459 01:57
    399/399      5.88G    0.03483   0.004499  0.0007325          0          0          0          0          0          0          0          0:  83%|████████▎ | 381/459 01:57/mnt/dataY/ydf/projects/LADD_public/cclkd_reproduction/yolov5_sanity/code/train_yolov5_cclkd_full.py:505: FutureWarning: `torch.cuda.amp.autocast(args...)` is deprecated. Please use `torch.amp.autocast('cuda', args...)` instead.
  with torch.cuda.amp.autocast(amp):

    399/399      5.88G    0.03482   0.004498  0.0007317          0          0          0          0          0          0          0          0:  83%|████████▎ | 381/459 01:58
    399/399      5.88G    0.03482   0.004498  0.0007317          0          0          0          0          0          0          0          0:  83%|████████▎ | 382/459 01:58/mnt/dataY/ydf/projects/LADD_public/cclkd_reproduction/yolov5_sanity/code/train_yolov5_cclkd_full.py:505: FutureWarning: `torch.cuda.amp.autocast(args...)` is deprecated. Please use `torch.amp.autocast('cuda', args...)` instead.
  with torch.cuda.amp.autocast(amp):

    399/399      5.88G    0.03483   0.004498  0.0007422          0          0          0          0          0          0          0          0:  83%|████████▎ | 382/459 01:58
    399/399      5.88G    0.03483   0.004498  0.0007422          0          0          0          0          0          0          0          0:  83%|████████▎ | 383/459 01:58/mnt/dataY/ydf/projects/LADD_public/cclkd_reproduction/yolov5_sanity/code/train_yolov5_cclkd_full.py:505: FutureWarning: `torch.cuda.amp.autocast(args...)` is deprecated. Please use `torch.amp.autocast('cuda', args...)` instead.
  with torch.cuda.amp.autocast(amp):

    399/399      5.88G    0.03482   0.004498  0.0007427          0          0          0          0          0          0          0          0:  83%|████████▎ | 383/459 01:58
    399/399      5.88G    0.03482   0.004498  0.0007427          0          0          0          0          0          0          0          0:  84%|████████▎ | 384/459 01:58/mnt/dataY/ydf/projects/LADD_public/cclkd_reproduction/yolov5_sanity/code/train_yolov5_cclkd_full.py:505: FutureWarning: `torch.cuda.amp.autocast(args...)` is deprecated. Please use `torch.amp.autocast('cuda', args...)` instead.
  with torch.cuda.amp.autocast(amp):

    399/399      5.88G    0.03483   0.004502  0.0007429          0          0          0          0          0          0          0          0:  84%|████████▎ | 384/459 01:59
    399/399      5.88G    0.03483   0.004502  0.0007429          0          0          0          0          0          0          0          0:  84%|████████▍ | 385/459 01:59/mnt/dataY/ydf/projects/LADD_public/cclkd_reproduction/yolov5_sanity/code/train_yolov5_cclkd_full.py:505: FutureWarning: `torch.cuda.amp.autocast(args...)` is deprecated. Please use `torch.amp.autocast('cuda', args...)` instead.
  with torch.cuda.amp.autocast(amp):

    399/399      5.88G    0.03483     0.0045  0.0007419          0          0          0          0          0          0          0          0:  84%|████████▍ | 385/459 01:59
    399/399      5.88G    0.03483     0.0045  0.0007419          0          0          0          0          0          0          0          0:  84%|████████▍ | 386/459 01:59/mnt/dataY/ydf/projects/LADD_public/cclkd_reproduction/yolov5_sanity/code/train_yolov5_cclkd_full.py:505: FutureWarning: `torch.cuda.amp.autocast(args...)` is deprecated. Please use `torch.amp.autocast('cuda', args...)` instead.
  with torch.cuda.amp.autocast(amp):

    399/399      5.88G    0.03482   0.004496  0.0007403          0          0          0          0          0          0          0          0:  84%|████████▍ | 386/459 01:59
    399/399      5.88G    0.03482   0.004496  0.0007403          0          0          0          0          0          0          0          0:  84%|████████▍ | 387/459 01:59/mnt/dataY/ydf/projects/LADD_public/cclkd_reproduction/yolov5_sanity/code/train_yolov5_cclkd_full.py:505: FutureWarning: `torch.cuda.amp.autocast(args...)` is deprecated. Please use `torch.amp.autocast('cuda', args...)` instead.
  with torch.cuda.amp.autocast(amp):

    399/399      5.88G    0.03481   0.004493  0.0007396          0          0          0          0          0          0          0          0:  84%|████████▍ | 387/459 02:00
    399/399      5.88G    0.03481   0.004493  0.0007396          0          0          0          0          0          0          0          0:  85%|████████▍ | 388/459 02:00/mnt/dataY/ydf/projects/LADD_public/cclkd_reproduction/yolov5_sanity/code/train_yolov5_cclkd_full.py:505: FutureWarning: `torch.cuda.amp.autocast(args...)` is deprecated. Please use `torch.amp.autocast('cuda', args...)` instead.
  with torch.cuda.amp.autocast(amp):

    399/399      5.88G     0.0348   0.004492  0.0007397          0          0          0          0          0          0          0          0:  85%|████████▍ | 388/459 02:00
    399/399      5.88G     0.0348   0.004492  0.0007397          0          0          0          0          0          0          0          0:  85%|████████▍ | 389/459 02:00/mnt/dataY/ydf/projects/LADD_public/cclkd_reproduction/yolov5_sanity/code/train_yolov5_cclkd_full.py:505: FutureWarning: `torch.cuda.amp.autocast(args...)` is deprecated. Please use `torch.amp.autocast('cuda', args...)` instead.
  with torch.cuda.amp.autocast(amp):

    399/399      5.88G    0.03483   0.004492  0.0007398          0          0          0          0          0          0          0          0:  85%|████████▍ | 389/459 02:00
    399/399      5.88G    0.03483   0.004492  0.0007398          0          0          0          0          0          0          0          0:  85%|████████▍ | 390/459 02:00/mnt/dataY/ydf/projects/LADD_public/cclkd_reproduction/yolov5_sanity/code/train_yolov5_cclkd_full.py:505: FutureWarning: `torch.cuda.amp.autocast(args...)` is deprecated. Please use `torch.amp.autocast('cuda', args...)` instead.
  with torch.cuda.amp.autocast(amp):

    399/399      5.88G    0.03483    0.00449  0.0007401          0          0          0          0          0          0          0          0:  85%|████████▍ | 390/459 02:00
    399/399      5.88G    0.03483    0.00449  0.0007401          0          0          0          0          0          0          0          0:  85%|████████▌ | 391/459 02:00/mnt/dataY/ydf/projects/LADD_public/cclkd_reproduction/yolov5_sanity/code/train_yolov5_cclkd_full.py:505: FutureWarning: `torch.cuda.amp.autocast(args...)` is deprecated. Please use `torch.amp.autocast('cuda', args...)` instead.
  with torch.cuda.amp.autocast(amp):

    399/399      5.88G    0.03483   0.004489  0.0007384          0          0          0          0          0          0          0          0:  85%|████████▌ | 391/459 02:01
    399/399      5.88G    0.03483   0.004489  0.0007384          0          0          0          0          0          0          0          0:  85%|████████▌ | 392/459 02:01/mnt/dataY/ydf/projects/LADD_public/cclkd_reproduction/yolov5_sanity/code/train_yolov5_cclkd_full.py:505: FutureWarning: `torch.cuda.amp.autocast(args...)` is deprecated. Please use `torch.amp.autocast('cuda', args...)` instead.
  with torch.cuda.amp.autocast(amp):

    399/399      5.88G    0.03483   0.004488  0.0007368          0          0          0          0          0          0          0          0:  85%|████████▌ | 392/459 02:01
    399/399      5.88G    0.03483   0.004488  0.0007368          0          0          0          0          0          0          0          0:  86%|████████▌ | 393/459 02:01/mnt/dataY/ydf/projects/LADD_public/cclkd_reproduction/yolov5_sanity/code/train_yolov5_cclkd_full.py:505: FutureWarning: `torch.cuda.amp.autocast(args...)` is deprecated. Please use `torch.amp.autocast('cuda', args...)` instead.
  with torch.cuda.amp.autocast(amp):

    399/399      5.88G    0.03482   0.004487  0.0007389          0          0          0          0          0          0          0          0:  86%|████████▌ | 393/459 02:01
    399/399      5.88G    0.03482   0.004487  0.0007389          0          0          0          0          0          0          0          0:  86%|████████▌ | 394/459 02:01/mnt/dataY/ydf/projects/LADD_public/cclkd_reproduction/yolov5_sanity/code/train_yolov5_cclkd_full.py:505: FutureWarning: `torch.cuda.amp.autocast(args...)` is deprecated. Please use `torch.amp.autocast('cuda', args...)` instead.
  with torch.cuda.amp.autocast(amp):

    399/399      5.88G    0.03481   0.004489  0.0007386          0          0          0          0          0          0          0          0:  86%|████████▌ | 394/459 02:02
    399/399      5.88G    0.03481   0.004489  0.0007386          0          0          0          0          0          0          0          0:  86%|████████▌ | 395/459 02:02/mnt/dataY/ydf/projects/LADD_public/cclkd_reproduction/yolov5_sanity/code/train_yolov5_cclkd_full.py:505: FutureWarning: `torch.cuda.amp.autocast(args...)` is deprecated. Please use `torch.amp.autocast('cuda', args...)` instead.
  with torch.cuda.amp.autocast(amp):

    399/399      5.88G    0.03482   0.004488  0.0007371          0          0          0          0          0          0          0          0:  86%|████████▌ | 395/459 02:02
    399/399      5.88G    0.03482   0.004488  0.0007371          0          0          0          0          0          0          0          0:  86%|████████▋ | 396/459 02:02/mnt/dataY/ydf/projects/LADD_public/cclkd_reproduction/yolov5_sanity/code/train_yolov5_cclkd_full.py:505: FutureWarning: `torch.cuda.amp.autocast(args...)` is deprecated. Please use `torch.amp.autocast('cuda', args...)` instead.
  with torch.cuda.amp.autocast(amp):

    399/399      5.88G    0.03483   0.004492  0.0007362          0          0          0          0          0          0          0          0:  86%|████████▋ | 396/459 02:02
    399/399      5.88G    0.03483   0.004492  0.0007362          0          0          0          0          0          0          0          0:  86%|████████▋ | 397/459 02:02/mnt/dataY/ydf/projects/LADD_public/cclkd_reproduction/yolov5_sanity/code/train_yolov5_cclkd_full.py:505: FutureWarning: `torch.cuda.amp.autocast(args...)` is deprecated. Please use `torch.amp.autocast('cuda', args...)` instead.
  with torch.cuda.amp.autocast(amp):

    399/399      5.88G    0.03484   0.004496  0.0007353          0          0          0          0          0          0          0          0:  86%|████████▋ | 397/459 02:03
    399/399      5.88G    0.03484   0.004496  0.0007353          0          0          0          0          0          0          0          0:  87%|████████▋ | 398/459 02:03/mnt/dataY/ydf/projects/LADD_public/cclkd_reproduction/yolov5_sanity/code/train_yolov5_cclkd_full.py:505: FutureWarning: `torch.cuda.amp.autocast(args...)` is deprecated. Please use `torch.amp.autocast('cuda', args...)` instead.
  with torch.cuda.amp.autocast(amp):

    399/399      5.88G    0.03485   0.004498  0.0007349          0          0          0          0          0          0          0          0:  87%|████████▋ | 398/459 02:03
    399/399      5.88G    0.03485   0.004498  0.0007349          0          0          0          0          0          0          0          0:  87%|████████▋ | 399/459 02:03/mnt/dataY/ydf/projects/LADD_public/cclkd_reproduction/yolov5_sanity/code/train_yolov5_cclkd_full.py:505: FutureWarning: `torch.cuda.amp.autocast(args...)` is deprecated. Please use `torch.amp.autocast('cuda', args...)` instead.
  with torch.cuda.amp.autocast(amp):

    399/399      5.88G    0.03486   0.004502   0.000735          0          0          0          0          0          0          0          0:  87%|████████▋ | 399/459 02:03
    399/399      5.88G    0.03486   0.004502   0.000735          0          0          0          0          0          0          0          0:  87%|████████▋ | 400/459 02:03/mnt/dataY/ydf/projects/LADD_public/cclkd_reproduction/yolov5_sanity/code/train_yolov5_cclkd_full.py:505: FutureWarning: `torch.cuda.amp.autocast(args...)` is deprecated. Please use `torch.amp.autocast('cuda', args...)` instead.
  with torch.cuda.amp.autocast(amp):

    399/399      5.88G    0.03487   0.004498  0.0007337          0          0          0          0          0          0          0          0:  87%|████████▋ | 400/459 02:04
    399/399      5.88G    0.03487   0.004498  0.0007337          0          0          0          0          0          0          0          0:  87%|████████▋ | 401/459 02:04/mnt/dataY/ydf/projects/LADD_public/cclkd_reproduction/yolov5_sanity/code/train_yolov5_cclkd_full.py:505: FutureWarning: `torch.cuda.amp.autocast(args...)` is deprecated. Please use `torch.amp.autocast('cuda', args...)` instead.
  with torch.cuda.amp.autocast(amp):

    399/399      5.88G    0.03488   0.004499  0.0007327          0          0          0          0          0          0          0          0:  87%|████████▋ | 401/459 02:04
    399/399      5.88G    0.03488   0.004499  0.0007327          0          0          0          0          0          0          0          0:  88%|████████▊ | 402/459 02:04/mnt/dataY/ydf/projects/LADD_public/cclkd_reproduction/yolov5_sanity/code/train_yolov5_cclkd_full.py:505: FutureWarning: `torch.cuda.amp.autocast(args...)` is deprecated. Please use `torch.amp.autocast('cuda', args...)` instead.
  with torch.cuda.amp.autocast(amp):

    399/399      5.88G    0.03487   0.004499  0.0007326          0          0          0          0          0          0          0          0:  88%|████████▊ | 402/459 02:04
    399/399      5.88G    0.03487   0.004499  0.0007326          0          0          0          0          0          0          0          0:  88%|████████▊ | 403/459 02:04/mnt/dataY/ydf/projects/LADD_public/cclkd_reproduction/yolov5_sanity/code/train_yolov5_cclkd_full.py:505: FutureWarning: `torch.cuda.amp.autocast(args...)` is deprecated. Please use `torch.amp.autocast('cuda', args...)` instead.
  with torch.cuda.amp.autocast(amp):

    399/399      5.88G    0.03491   0.004499  0.0007337          0          0          0          0          0          0          0          0:  88%|████████▊ | 403/459 02:05
    399/399      5.88G    0.03491   0.004499  0.0007337          0          0          0          0          0          0          0          0:  88%|████████▊ | 404/459 02:05/mnt/dataY/ydf/projects/LADD_public/cclkd_reproduction/yolov5_sanity/code/train_yolov5_cclkd_full.py:505: FutureWarning: `torch.cuda.amp.autocast(args...)` is deprecated. Please use `torch.amp.autocast('cuda', args...)` instead.
  with torch.cuda.amp.autocast(amp):

    399/399      5.88G     0.0349     0.0045   0.000732          0          0          0          0          0          0          0          0:  88%|████████▊ | 404/459 02:05
    399/399      5.88G     0.0349     0.0045   0.000732          0          0          0          0          0          0          0          0:  88%|████████▊ | 405/459 02:05/mnt/dataY/ydf/projects/LADD_public/cclkd_reproduction/yolov5_sanity/code/train_yolov5_cclkd_full.py:505: FutureWarning: `torch.cuda.amp.autocast(args...)` is deprecated. Please use `torch.amp.autocast('cuda', args...)` instead.
  with torch.cuda.amp.autocast(amp):

    399/399      5.88G    0.03489   0.004498  0.0007309          0          0          0          0          0          0          0          0:  88%|████████▊ | 405/459 02:05
    399/399      5.88G    0.03489   0.004498  0.0007309          0          0          0          0          0          0          0          0:  88%|████████▊ | 406/459 02:05/mnt/dataY/ydf/projects/LADD_public/cclkd_reproduction/yolov5_sanity/code/train_yolov5_cclkd_full.py:505: FutureWarning: `torch.cuda.amp.autocast(args...)` is deprecated. Please use `torch.amp.autocast('cuda', args...)` instead.
  with torch.cuda.amp.autocast(amp):

    399/399      5.88G    0.03489     0.0045  0.0007299          0          0          0          0          0          0          0          0:  88%|████████▊ | 406/459 02:06
    399/399      5.88G    0.03489     0.0045  0.0007299          0          0          0          0          0          0          0          0:  89%|████████▊ | 407/459 02:06/mnt/dataY/ydf/projects/LADD_public/cclkd_reproduction/yolov5_sanity/code/train_yolov5_cclkd_full.py:505: FutureWarning: `torch.cuda.amp.autocast(args...)` is deprecated. Please use `torch.amp.autocast('cuda', args...)` instead.
  with torch.cuda.amp.autocast(amp):

    399/399      5.88G    0.03489   0.004499  0.0007285          0          0          0          0          0          0          0          0:  89%|████████▊ | 407/459 02:06
    399/399      5.88G    0.03489   0.004499  0.0007285          0          0          0          0          0          0          0          0:  89%|████████▉ | 408/459 02:06/mnt/dataY/ydf/projects/LADD_public/cclkd_reproduction/yolov5_sanity/code/train_yolov5_cclkd_full.py:505: FutureWarning: `torch.cuda.amp.autocast(args...)` is deprecated. Please use `torch.amp.autocast('cuda', args...)` instead.
  with torch.cuda.amp.autocast(amp):

    399/399      5.88G    0.03488   0.004497  0.0007273          0          0          0          0          0          0          0          0:  89%|████████▉ | 408/459 02:06
    399/399      5.88G    0.03488   0.004497  0.0007273          0          0          0          0          0          0          0          0:  89%|████████▉ | 409/459 02:06/mnt/dataY/ydf/projects/LADD_public/cclkd_reproduction/yolov5_sanity/code/train_yolov5_cclkd_full.py:505: FutureWarning: `torch.cuda.amp.autocast(args...)` is deprecated. Please use `torch.amp.autocast('cuda', args...)` instead.
  with torch.cuda.amp.autocast(amp):

    399/399      5.88G    0.03487   0.004494  0.0007268          0          0          0          0          0          0          0          0:  89%|████████▉ | 409/459 02:07
    399/399      5.88G    0.03487   0.004494  0.0007268          0          0          0          0          0          0          0          0:  89%|████████▉ | 410/459 02:07/mnt/dataY/ydf/projects/LADD_public/cclkd_reproduction/yolov5_sanity/code/train_yolov5_cclkd_full.py:505: FutureWarning: `torch.cuda.amp.autocast(args...)` is deprecated. Please use `torch.amp.autocast('cuda', args...)` instead.
  with torch.cuda.amp.autocast(amp):

    399/399      5.88G    0.03486   0.004494  0.0007255          0          0          0          0          0          0          0          0:  89%|████████▉ | 410/459 02:07
    399/399      5.88G    0.03486   0.004494  0.0007255          0          0          0          0          0          0          0          0:  90%|████████▉ | 411/459 02:07/mnt/dataY/ydf/projects/LADD_public/cclkd_reproduction/yolov5_sanity/code/train_yolov5_cclkd_full.py:505: FutureWarning: `torch.cuda.amp.autocast(args...)` is deprecated. Please use `torch.amp.autocast('cuda', args...)` instead.
  with torch.cuda.amp.autocast(amp):

    399/399      5.88G    0.03485   0.004495   0.000725          0          0          0          0          0          0          0          0:  90%|████████▉ | 411/459 02:07
    399/399      5.88G    0.03485   0.004495   0.000725          0          0          0          0          0          0          0          0:  90%|████████▉ | 412/459 02:07/mnt/dataY/ydf/projects/LADD_public/cclkd_reproduction/yolov5_sanity/code/train_yolov5_cclkd_full.py:505: FutureWarning: `torch.cuda.amp.autocast(args...)` is deprecated. Please use `torch.amp.autocast('cuda', args...)` instead.
  with torch.cuda.amp.autocast(amp):

    399/399      5.88G    0.03488   0.004503   0.000732          0          0          0          0          0          0          0          0:  90%|████████▉ | 412/459 02:08
    399/399      5.88G    0.03488   0.004503   0.000732          0          0          0          0          0          0          0          0:  90%|████████▉ | 413/459 02:08/mnt/dataY/ydf/projects/LADD_public/cclkd_reproduction/yolov5_sanity/code/train_yolov5_cclkd_full.py:505: FutureWarning: `torch.cuda.amp.autocast(args...)` is deprecated. Please use `torch.amp.autocast('cuda', args...)` instead.
  with torch.cuda.amp.autocast(amp):

    399/399      5.88G    0.03487     0.0045  0.0007311          0          0          0          0          0          0          0          0:  90%|████████▉ | 413/459 02:08
    399/399      5.88G    0.03487     0.0045  0.0007311          0          0          0          0          0          0          0          0:  90%|█████████ | 414/459 02:08/mnt/dataY/ydf/projects/LADD_public/cclkd_reproduction/yolov5_sanity/code/train_yolov5_cclkd_full.py:505: FutureWarning: `torch.cuda.amp.autocast(args...)` is deprecated. Please use `torch.amp.autocast('cuda', args...)` instead.
  with torch.cuda.amp.autocast(amp):

    399/399      5.88G    0.03486     0.0045  0.0007297          0          0          0          0          0          0          0          0:  90%|█████████ | 414/459 02:08
    399/399      5.88G    0.03486     0.0045  0.0007297          0          0          0          0          0          0          0          0:  90%|█████████ | 415/459 02:08/mnt/dataY/ydf/projects/LADD_public/cclkd_reproduction/yolov5_sanity/code/train_yolov5_cclkd_full.py:505: FutureWarning: `torch.cuda.amp.autocast(args...)` is deprecated. Please use `torch.amp.autocast('cuda', args...)` instead.
  with torch.cuda.amp.autocast(amp):

    399/399      5.88G    0.03488   0.004502  0.0007294          0          0          0          0          0          0          0          0:  90%|█████████ | 415/459 02:09
    399/399      5.88G    0.03488   0.004502  0.0007294          0          0          0          0          0          0          0          0:  91%|█████████ | 416/459 02:09/mnt/dataY/ydf/projects/LADD_public/cclkd_reproduction/yolov5_sanity/code/train_yolov5_cclkd_full.py:505: FutureWarning: `torch.cuda.amp.autocast(args...)` is deprecated. Please use `torch.amp.autocast('cuda', args...)` instead.
  with torch.cuda.amp.autocast(amp):

    399/399      5.88G    0.03488   0.004504  0.0007302          0          0          0          0          0          0          0          0:  91%|█████████ | 416/459 02:09
    399/399      5.88G    0.03488   0.004504  0.0007302          0          0          0          0          0          0          0          0:  91%|█████████ | 417/459 02:09/mnt/dataY/ydf/projects/LADD_public/cclkd_reproduction/yolov5_sanity/code/train_yolov5_cclkd_full.py:505: FutureWarning: `torch.cuda.amp.autocast(args...)` is deprecated. Please use `torch.amp.autocast('cuda', args...)` instead.
  with torch.cuda.amp.autocast(amp):

    399/399      5.88G    0.03488   0.004501  0.0007301          0          0          0          0          0          0          0          0:  91%|█████████ | 417/459 02:09
    399/399      5.88G    0.03488   0.004501  0.0007301          0          0          0          0          0          0          0          0:  91%|█████████ | 418/459 02:09/mnt/dataY/ydf/projects/LADD_public/cclkd_reproduction/yolov5_sanity/code/train_yolov5_cclkd_full.py:505: FutureWarning: `torch.cuda.amp.autocast(args...)` is deprecated. Please use `torch.amp.autocast('cuda', args...)` instead.
  with torch.cuda.amp.autocast(amp):

    399/399      5.88G    0.03488   0.004499  0.0007299          0          0          0          0          0          0          0          0:  91%|█████████ | 418/459 02:10
    399/399      5.88G    0.03488   0.004499  0.0007299          0          0          0          0          0          0          0          0:  91%|█████████▏| 419/459 02:10/mnt/dataY/ydf/projects/LADD_public/cclkd_reproduction/yolov5_sanity/code/train_yolov5_cclkd_full.py:505: FutureWarning: `torch.cuda.amp.autocast(args...)` is deprecated. Please use `torch.amp.autocast('cuda', args...)` instead.
  with torch.cuda.amp.autocast(amp):

    399/399      5.88G    0.03489   0.004497  0.0007315          0          0          0          0          0          0          0          0:  91%|█████████▏| 419/459 02:10
    399/399      5.88G    0.03489   0.004497  0.0007315          0          0          0          0          0          0          0          0:  92%|█████████▏| 420/459 02:10/mnt/dataY/ydf/projects/LADD_public/cclkd_reproduction/yolov5_sanity/code/train_yolov5_cclkd_full.py:505: FutureWarning: `torch.cuda.amp.autocast(args...)` is deprecated. Please use `torch.amp.autocast('cuda', args...)` instead.
  with torch.cuda.amp.autocast(amp):

    399/399      5.88G    0.03489     0.0045  0.0007302          0          0          0          0          0          0          0          0:  92%|█████████▏| 420/459 02:10
    399/399      5.88G    0.03489     0.0045  0.0007302          0          0          0          0          0          0          0          0:  92%|█████████▏| 421/459 02:10/mnt/dataY/ydf/projects/LADD_public/cclkd_reproduction/yolov5_sanity/code/train_yolov5_cclkd_full.py:505: FutureWarning: `torch.cuda.amp.autocast(args...)` is deprecated. Please use `torch.amp.autocast('cuda', args...)` instead.
  with torch.cuda.amp.autocast(amp):

    399/399      5.88G     0.0349   0.004501  0.0007295          0          0          0          0          0          0          0          0:  92%|█████████▏| 421/459 02:11
    399/399      5.88G     0.0349   0.004501  0.0007295          0          0          0          0          0          0          0          0:  92%|█████████▏| 422/459 02:11/mnt/dataY/ydf/projects/LADD_public/cclkd_reproduction/yolov5_sanity/code/train_yolov5_cclkd_full.py:505: FutureWarning: `torch.cuda.amp.autocast(args...)` is deprecated. Please use `torch.amp.autocast('cuda', args...)` instead.
  with torch.cuda.amp.autocast(amp):

    399/399      5.88G    0.03489   0.004501   0.000731          0          0          0          0          0          0          0          0:  92%|█████████▏| 422/459 02:11
    399/399      5.88G    0.03489   0.004501   0.000731          0          0          0          0          0          0          0          0:  92%|█████████▏| 423/459 02:11/mnt/dataY/ydf/projects/LADD_public/cclkd_reproduction/yolov5_sanity/code/train_yolov5_cclkd_full.py:505: FutureWarning: `torch.cuda.amp.autocast(args...)` is deprecated. Please use `torch.amp.autocast('cuda', args...)` instead.
  with torch.cuda.amp.autocast(amp):

    399/399      5.88G    0.03489   0.004501  0.0007344          0          0          0          0          0          0          0          0:  92%|█████████▏| 423/459 02:11
    399/399      5.88G    0.03489   0.004501  0.0007344          0          0          0          0          0          0          0          0:  92%|█████████▏| 424/459 02:11/mnt/dataY/ydf/projects/LADD_public/cclkd_reproduction/yolov5_sanity/code/train_yolov5_cclkd_full.py:505: FutureWarning: `torch.cuda.amp.autocast(args...)` is deprecated. Please use `torch.amp.autocast('cuda', args...)` instead.
  with torch.cuda.amp.autocast(amp):

    399/399      5.88G    0.03489     0.0045  0.0007336          0          0          0          0          0          0          0          0:  92%|█████████▏| 424/459 02:11
    399/399      5.88G    0.03489     0.0045  0.0007336          0          0          0          0          0          0          0          0:  93%|█████████▎| 425/459 02:11/mnt/dataY/ydf/projects/LADD_public/cclkd_reproduction/yolov5_sanity/code/train_yolov5_cclkd_full.py:505: FutureWarning: `torch.cuda.amp.autocast(args...)` is deprecated. Please use `torch.amp.autocast('cuda', args...)` instead.
  with torch.cuda.amp.autocast(amp):

    399/399      5.88G    0.03488   0.004502  0.0007324          0          0          0          0          0          0          0          0:  93%|█████████▎| 425/459 02:12
    399/399      5.88G    0.03488   0.004502  0.0007324          0          0          0          0          0          0          0          0:  93%|█████████▎| 426/459 02:12/mnt/dataY/ydf/projects/LADD_public/cclkd_reproduction/yolov5_sanity/code/train_yolov5_cclkd_full.py:505: FutureWarning: `torch.cuda.amp.autocast(args...)` is deprecated. Please use `torch.amp.autocast('cuda', args...)` instead.
  with torch.cuda.amp.autocast(amp):

    399/399      5.88G    0.03487   0.004504  0.0007312          0          0          0          0          0          0          0          0:  93%|█████████▎| 426/459 02:12
    399/399      5.88G    0.03487   0.004504  0.0007312          0          0          0          0          0          0          0          0:  93%|█████████▎| 427/459 02:12/mnt/dataY/ydf/projects/LADD_public/cclkd_reproduction/yolov5_sanity/code/train_yolov5_cclkd_full.py:505: FutureWarning: `torch.cuda.amp.autocast(args...)` is deprecated. Please use `torch.amp.autocast('cuda', args...)` instead.
  with torch.cuda.amp.autocast(amp):

    399/399      5.88G    0.03488   0.004504  0.0007318          0          0          0          0          0          0          0          0:  93%|█████████▎| 427/459 02:12
    399/399      5.88G    0.03488   0.004504  0.0007318          0          0          0          0          0          0          0          0:  93%|█████████▎| 428/459 02:12/mnt/dataY/ydf/projects/LADD_public/cclkd_reproduction/yolov5_sanity/code/train_yolov5_cclkd_full.py:505: FutureWarning: `torch.cuda.amp.autocast(args...)` is deprecated. Please use `torch.amp.autocast('cuda', args...)` instead.
  with torch.cuda.amp.autocast(amp):

    399/399      5.88G    0.03488   0.004504  0.0007306          0          0          0          0          0          0          0          0:  93%|█████████▎| 428/459 02:13
    399/399      5.88G    0.03488   0.004504  0.0007306          0          0          0          0          0          0          0          0:  93%|█████████▎| 429/459 02:13/mnt/dataY/ydf/projects/LADD_public/cclkd_reproduction/yolov5_sanity/code/train_yolov5_cclkd_full.py:505: FutureWarning: `torch.cuda.amp.autocast(args...)` is deprecated. Please use `torch.amp.autocast('cuda', args...)` instead.
  with torch.cuda.amp.autocast(amp):

    399/399      5.88G    0.03488   0.004503  0.0007294          0          0          0          0          0          0          0          0:  93%|█████████▎| 429/459 02:13
    399/399      5.88G    0.03488   0.004503  0.0007294          0          0          0          0          0          0          0          0:  94%|█████████▎| 430/459 02:13/mnt/dataY/ydf/projects/LADD_public/cclkd_reproduction/yolov5_sanity/code/train_yolov5_cclkd_full.py:505: FutureWarning: `torch.cuda.amp.autocast(args...)` is deprecated. Please use `torch.amp.autocast('cuda', args...)` instead.
  with torch.cuda.amp.autocast(amp):

    399/399      5.88G    0.03489   0.004503  0.0007287          0          0          0          0          0          0          0          0:  94%|█████████▎| 430/459 02:13
    399/399      5.88G    0.03489   0.004503  0.0007287          0          0          0          0          0          0          0          0:  94%|█████████▍| 431/459 02:13/mnt/dataY/ydf/projects/LADD_public/cclkd_reproduction/yolov5_sanity/code/train_yolov5_cclkd_full.py:505: FutureWarning: `torch.cuda.amp.autocast(args...)` is deprecated. Please use `torch.amp.autocast('cuda', args...)` instead.
  with torch.cuda.amp.autocast(amp):

    399/399      5.88G    0.03488   0.004503  0.0007276          0          0          0          0          0          0          0          0:  94%|█████████▍| 431/459 02:14
    399/399      5.88G    0.03488   0.004503  0.0007276          0          0          0          0          0          0          0          0:  94%|█████████▍| 432/459 02:14/mnt/dataY/ydf/projects/LADD_public/cclkd_reproduction/yolov5_sanity/code/train_yolov5_cclkd_full.py:505: FutureWarning: `torch.cuda.amp.autocast(args...)` is deprecated. Please use `torch.amp.autocast('cuda', args...)` instead.
  with torch.cuda.amp.autocast(amp):

    399/399      5.88G    0.03486   0.004499  0.0007261          0          0          0          0          0          0          0          0:  94%|█████████▍| 432/459 02:14
    399/399      5.88G    0.03486   0.004499  0.0007261          0          0          0          0          0          0          0          0:  94%|█████████▍| 433/459 02:14/mnt/dataY/ydf/projects/LADD_public/cclkd_reproduction/yolov5_sanity/code/train_yolov5_cclkd_full.py:505: FutureWarning: `torch.cuda.amp.autocast(args...)` is deprecated. Please use `torch.amp.autocast('cuda', args...)` instead.
  with torch.cuda.amp.autocast(amp):

    399/399      5.88G    0.03485   0.004497  0.0007249          0          0          0          0          0          0          0          0:  94%|█████████▍| 433/459 02:14
    399/399      5.88G    0.03485   0.004497  0.0007249          0          0          0          0          0          0          0          0:  95%|█████████▍| 434/459 02:14/mnt/dataY/ydf/projects/LADD_public/cclkd_reproduction/yolov5_sanity/code/train_yolov5_cclkd_full.py:505: FutureWarning: `torch.cuda.amp.autocast(args...)` is deprecated. Please use `torch.amp.autocast('cuda', args...)` instead.
  with torch.cuda.amp.autocast(amp):

    399/399      5.88G    0.03486   0.004503  0.0007243          0          0          0          0          0          0          0          0:  95%|█████████▍| 434/459 02:14
    399/399      5.88G    0.03486   0.004503  0.0007243          0          0          0          0          0          0          0          0:  95%|█████████▍| 435/459 02:14/mnt/dataY/ydf/projects/LADD_public/cclkd_reproduction/yolov5_sanity/code/train_yolov5_cclkd_full.py:505: FutureWarning: `torch.cuda.amp.autocast(args...)` is deprecated. Please use `torch.amp.autocast('cuda', args...)` instead.
  with torch.cuda.amp.autocast(amp):

    399/399      5.88G    0.03485     0.0045  0.0007267          0          0          0          0          0          0          0          0:  95%|█████████▍| 435/459 02:15
    399/399      5.88G    0.03485     0.0045  0.0007267          0          0          0          0          0          0          0          0:  95%|█████████▍| 436/459 02:15/mnt/dataY/ydf/projects/LADD_public/cclkd_reproduction/yolov5_sanity/code/train_yolov5_cclkd_full.py:505: FutureWarning: `torch.cuda.amp.autocast(args...)` is deprecated. Please use `torch.amp.autocast('cuda', args...)` instead.
  with torch.cuda.amp.autocast(amp):

    399/399      5.88G    0.03485   0.004501  0.0007253          0          0          0          0          0          0          0          0:  95%|█████████▍| 436/459 02:15
    399/399      5.88G    0.03485   0.004501  0.0007253          0          0          0          0          0          0          0          0:  95%|█████████▌| 437/459 02:15/mnt/dataY/ydf/projects/LADD_public/cclkd_reproduction/yolov5_sanity/code/train_yolov5_cclkd_full.py:505: FutureWarning: `torch.cuda.amp.autocast(args...)` is deprecated. Please use `torch.amp.autocast('cuda', args...)` instead.
  with torch.cuda.amp.autocast(amp):

    399/399      5.88G    0.03485   0.004501  0.0007251          0          0          0          0          0          0          0          0:  95%|█████████▌| 437/459 02:15
    399/399      5.88G    0.03485   0.004501  0.0007251          0          0          0          0          0          0          0          0:  95%|█████████▌| 438/459 02:15/mnt/dataY/ydf/projects/LADD_public/cclkd_reproduction/yolov5_sanity/code/train_yolov5_cclkd_full.py:505: FutureWarning: `torch.cuda.amp.autocast(args...)` is deprecated. Please use `torch.amp.autocast('cuda', args...)` instead.
  with torch.cuda.amp.autocast(amp):

    399/399      5.88G    0.03484   0.004498   0.000724          0          0          0          0          0          0          0          0:  95%|█████████▌| 438/459 02:16
    399/399      5.88G    0.03484   0.004498   0.000724          0          0          0          0          0          0          0          0:  96%|█████████▌| 439/459 02:16/mnt/dataY/ydf/projects/LADD_public/cclkd_reproduction/yolov5_sanity/code/train_yolov5_cclkd_full.py:505: FutureWarning: `torch.cuda.amp.autocast(args...)` is deprecated. Please use `torch.amp.autocast('cuda', args...)` instead.
  with torch.cuda.amp.autocast(amp):

    399/399      5.88G    0.03483   0.004498  0.0007226          0          0          0          0          0          0          0          0:  96%|█████████▌| 439/459 02:16
    399/399      5.88G    0.03483   0.004498  0.0007226          0          0          0          0          0          0          0          0:  96%|█████████▌| 440/459 02:16/mnt/dataY/ydf/projects/LADD_public/cclkd_reproduction/yolov5_sanity/code/train_yolov5_cclkd_full.py:505: FutureWarning: `torch.cuda.amp.autocast(args...)` is deprecated. Please use `torch.amp.autocast('cuda', args...)` instead.
  with torch.cuda.amp.autocast(amp):

    399/399      5.88G    0.03483   0.004496  0.0007213          0          0          0          0          0          0          0          0:  96%|█████████▌| 440/459 02:16
    399/399      5.88G    0.03483   0.004496  0.0007213          0          0          0          0          0          0          0          0:  96%|█████████▌| 441/459 02:16/mnt/dataY/ydf/projects/LADD_public/cclkd_reproduction/yolov5_sanity/code/train_yolov5_cclkd_full.py:505: FutureWarning: `torch.cuda.amp.autocast(args...)` is deprecated. Please use `torch.amp.autocast('cuda', args...)` instead.
  with torch.cuda.amp.autocast(amp):

    399/399      5.88G    0.03483   0.004492  0.0007204          0          0          0          0          0          0          0          0:  96%|█████████▌| 441/459 02:16
    399/399      5.88G    0.03483   0.004492  0.0007204          0          0          0          0          0          0          0          0:  96%|█████████▋| 442/459 02:16/mnt/dataY/ydf/projects/LADD_public/cclkd_reproduction/yolov5_sanity/code/train_yolov5_cclkd_full.py:505: FutureWarning: `torch.cuda.amp.autocast(args...)` is deprecated. Please use `torch.amp.autocast('cuda', args...)` instead.
  with torch.cuda.amp.autocast(amp):

    399/399      5.88G    0.03486   0.004492  0.0007199          0          0          0          0          0          0          0          0:  96%|█████████▋| 442/459 02:17
    399/399      5.88G    0.03486   0.004492  0.0007199          0          0          0          0          0          0          0          0:  97%|█████████▋| 443/459 02:17/mnt/dataY/ydf/projects/LADD_public/cclkd_reproduction/yolov5_sanity/code/train_yolov5_cclkd_full.py:505: FutureWarning: `torch.cuda.amp.autocast(args...)` is deprecated. Please use `torch.amp.autocast('cuda', args...)` instead.
  with torch.cuda.amp.autocast(amp):

    399/399      5.88G    0.03485   0.004494  0.0007188          0          0          0          0          0          0          0          0:  97%|█████████▋| 443/459 02:17
    399/399      5.88G    0.03485   0.004494  0.0007188          0          0          0          0          0          0          0          0:  97%|█████████▋| 444/459 02:17/mnt/dataY/ydf/projects/LADD_public/cclkd_reproduction/yolov5_sanity/code/train_yolov5_cclkd_full.py:505: FutureWarning: `torch.cuda.amp.autocast(args...)` is deprecated. Please use `torch.amp.autocast('cuda', args...)` instead.
  with torch.cuda.amp.autocast(amp):

    399/399      5.88G    0.03484   0.004493  0.0007176          0          0          0          0          0          0          0          0:  97%|█████████▋| 444/459 02:17
    399/399      5.88G    0.03484   0.004493  0.0007176          0          0          0          0          0          0          0          0:  97%|█████████▋| 445/459 02:17/mnt/dataY/ydf/projects/LADD_public/cclkd_reproduction/yolov5_sanity/code/train_yolov5_cclkd_full.py:505: FutureWarning: `torch.cuda.amp.autocast(args...)` is deprecated. Please use `torch.amp.autocast('cuda', args...)` instead.
  with torch.cuda.amp.autocast(amp):

    399/399      5.88G    0.03486   0.004497  0.0007193          0          0          0          0          0          0          0          0:  97%|█████████▋| 445/459 02:18
    399/399      5.88G    0.03486   0.004497  0.0007193          0          0          0          0          0          0          0          0:  97%|█████████▋| 446/459 02:18/mnt/dataY/ydf/projects/LADD_public/cclkd_reproduction/yolov5_sanity/code/train_yolov5_cclkd_full.py:505: FutureWarning: `torch.cuda.amp.autocast(args...)` is deprecated. Please use `torch.amp.autocast('cuda', args...)` instead.
  with torch.cuda.amp.autocast(amp):

    399/399      5.88G    0.03486   0.004496  0.0007185          0          0          0          0          0          0          0          0:  97%|█████████▋| 446/459 02:18
    399/399      5.88G    0.03486   0.004496  0.0007185          0          0          0          0          0          0          0          0:  97%|█████████▋| 447/459 02:18/mnt/dataY/ydf/projects/LADD_public/cclkd_reproduction/yolov5_sanity/code/train_yolov5_cclkd_full.py:505: FutureWarning: `torch.cuda.amp.autocast(args...)` is deprecated. Please use `torch.amp.autocast('cuda', args...)` instead.
  with torch.cuda.amp.autocast(amp):

    399/399      5.88G    0.03486   0.004497  0.0007183          0          0          0          0          0          0          0          0:  97%|█████████▋| 447/459 02:18
    399/399      5.88G    0.03486   0.004497  0.0007183          0          0          0          0          0          0          0          0:  98%|█████████▊| 448/459 02:18/mnt/dataY/ydf/projects/LADD_public/cclkd_reproduction/yolov5_sanity/code/train_yolov5_cclkd_full.py:505: FutureWarning: `torch.cuda.amp.autocast(args...)` is deprecated. Please use `torch.amp.autocast('cuda', args...)` instead.
  with torch.cuda.amp.autocast(amp):

    399/399      5.88G    0.03486   0.004502  0.0007172          0          0          0          0          0          0          0          0:  98%|█████████▊| 448/459 02:18
    399/399      5.88G    0.03486   0.004502  0.0007172          0          0          0          0          0          0          0          0:  98%|█████████▊| 449/459 02:18/mnt/dataY/ydf/projects/LADD_public/cclkd_reproduction/yolov5_sanity/code/train_yolov5_cclkd_full.py:505: FutureWarning: `torch.cuda.amp.autocast(args...)` is deprecated. Please use `torch.amp.autocast('cuda', args...)` instead.
  with torch.cuda.amp.autocast(amp):

    399/399      5.88G    0.03487   0.004503  0.0007174          0          0          0          0          0          0          0          0:  98%|█████████▊| 449/459 02:19
    399/399      5.88G    0.03487   0.004503  0.0007174          0          0          0          0          0          0          0          0:  98%|█████████▊| 450/459 02:19/mnt/dataY/ydf/projects/LADD_public/cclkd_reproduction/yolov5_sanity/code/train_yolov5_cclkd_full.py:505: FutureWarning: `torch.cuda.amp.autocast(args...)` is deprecated. Please use `torch.amp.autocast('cuda', args...)` instead.
  with torch.cuda.amp.autocast(amp):

    399/399      5.88G    0.03487     0.0045  0.0007166          0          0          0          0          0          0          0          0:  98%|█████████▊| 450/459 02:19
    399/399      5.88G    0.03487     0.0045  0.0007166          0          0          0          0          0          0          0          0:  98%|█████████▊| 451/459 02:19/mnt/dataY/ydf/projects/LADD_public/cclkd_reproduction/yolov5_sanity/code/train_yolov5_cclkd_full.py:505: FutureWarning: `torch.cuda.amp.autocast(args...)` is deprecated. Please use `torch.amp.autocast('cuda', args...)` instead.
  with torch.cuda.amp.autocast(amp):

    399/399      5.88G    0.03488   0.004501  0.0007156          0          0          0          0          0          0          0          0:  98%|█████████▊| 451/459 02:19
    399/399      5.88G    0.03488   0.004501  0.0007156          0          0          0          0          0          0          0          0:  98%|█████████▊| 452/459 02:19/mnt/dataY/ydf/projects/LADD_public/cclkd_reproduction/yolov5_sanity/code/train_yolov5_cclkd_full.py:505: FutureWarning: `torch.cuda.amp.autocast(args...)` is deprecated. Please use `torch.amp.autocast('cuda', args...)` instead.
  with torch.cuda.amp.autocast(amp):

    399/399      5.88G    0.03487     0.0045  0.0007147          0          0          0          0          0          0          0          0:  98%|█████████▊| 452/459 02:20
    399/399      5.88G    0.03487     0.0045  0.0007147          0          0          0          0          0          0          0          0:  99%|█████████▊| 453/459 02:20/mnt/dataY/ydf/projects/LADD_public/cclkd_reproduction/yolov5_sanity/code/train_yolov5_cclkd_full.py:505: FutureWarning: `torch.cuda.amp.autocast(args...)` is deprecated. Please use `torch.amp.autocast('cuda', args...)` instead.
  with torch.cuda.amp.autocast(amp):

    399/399      5.88G    0.03486   0.004498  0.0007137          0          0          0          0          0          0          0          0:  99%|█████████▊| 453/459 02:20
    399/399      5.88G    0.03486   0.004498  0.0007137          0          0          0          0          0          0          0          0:  99%|█████████▉| 454/459 02:20/mnt/dataY/ydf/projects/LADD_public/cclkd_reproduction/yolov5_sanity/code/train_yolov5_cclkd_full.py:505: FutureWarning: `torch.cuda.amp.autocast(args...)` is deprecated. Please use `torch.amp.autocast('cuda', args...)` instead.
  with torch.cuda.amp.autocast(amp):

    399/399      5.88G    0.03485   0.004497  0.0007124          0          0          0          0          0          0          0          0:  99%|█████████▉| 454/459 02:20
    399/399      5.88G    0.03485   0.004497  0.0007124          0          0          0          0          0          0          0          0:  99%|█████████▉| 455/459 02:20/mnt/dataY/ydf/projects/LADD_public/cclkd_reproduction/yolov5_sanity/code/train_yolov5_cclkd_full.py:505: FutureWarning: `torch.cuda.amp.autocast(args...)` is deprecated. Please use `torch.amp.autocast('cuda', args...)` instead.
  with torch.cuda.amp.autocast(amp):

    399/399      5.88G    0.03484   0.004497  0.0007111          0          0          0          0          0          0          0          0:  99%|█████████▉| 455/459 02:21
    399/399      5.88G    0.03484   0.004497  0.0007111          0          0          0          0          0          0          0          0:  99%|█████████▉| 456/459 02:21/mnt/dataY/ydf/projects/LADD_public/cclkd_reproduction/yolov5_sanity/code/train_yolov5_cclkd_full.py:505: FutureWarning: `torch.cuda.amp.autocast(args...)` is deprecated. Please use `torch.amp.autocast('cuda', args...)` instead.
  with torch.cuda.amp.autocast(amp):

    399/399      5.88G    0.03485   0.004501  0.0007137          0          0          0          0          0          0          0          0:  99%|█████████▉| 456/459 02:21
    399/399      5.88G    0.03485   0.004501  0.0007137          0          0          0          0          0          0          0          0: 100%|█████████▉| 457/459 02:21/mnt/dataY/ydf/projects/LADD_public/cclkd_reproduction/yolov5_sanity/code/train_yolov5_cclkd_full.py:505: FutureWarning: `torch.cuda.amp.autocast(args...)` is deprecated. Please use `torch.amp.autocast('cuda', args...)` instead.
  with torch.cuda.amp.autocast(amp):

    399/399      5.88G    0.03485     0.0045  0.0007127          0          0          0          0          0          0          0          0: 100%|█████████▉| 457/459 02:21
    399/399      5.88G    0.03485     0.0045  0.0007127          0          0          0          0          0          0          0          0: 100%|█████████▉| 458/459 02:21/mnt/dataY/ydf/projects/LADD_public/cclkd_reproduction/yolov5_sanity/code/train_yolov5_cclkd_full.py:505: FutureWarning: `torch.cuda.amp.autocast(args...)` is deprecated. Please use `torch.amp.autocast('cuda', args...)` instead.
  with torch.cuda.amp.autocast(amp):

    399/399      5.88G    0.03488     0.0045  0.0007192          0          0          0          0          0          0          0          0: 100%|█████████▉| 458/459 02:21
    399/399      5.88G    0.03488     0.0045  0.0007192          0          0          0          0          0          0          0          0: 100%|██████████| 459/459 02:21
    399/399      5.88G    0.03488     0.0045  0.0007192          0          0          0          0          0          0          0          0: 100%|██████████| 459/459 02:21

                 Class     Images  Instances          P          R      mAP50   mAP50-95:   0%|          | 0/58 00:00
                 Class     Images  Instances          P          R      mAP50   mAP50-95:   2%|▏         | 1/58 00:02
                 Class     Images  Instances          P          R      mAP50   mAP50-95:   3%|▎         | 2/58 00:04
                 Class     Images  Instances          P          R      mAP50   mAP50-95:   5%|▌         | 3/58 00:07
                 Class     Images  Instances          P          R      mAP50   mAP50-95:   7%|▋         | 4/58 00:10
                 Class     Images  Instances          P          R      mAP50   mAP50-95:   9%|▊         | 5/58 00:13
                 Class     Images  Instances          P          R      mAP50   mAP50-95:  10%|█         | 6/58 00:16
                 Class     Images  Instances          P          R      mAP50   mAP50-95:  12%|█▏        | 7/58 00:19
                 Class     Images  Instances          P          R      mAP50   mAP50-95:  14%|█▍        | 8/58 00:21
                 Class     Images  Instances          P          R      mAP50   mAP50-95:  16%|█▌        | 9/58 00:24
                 Class     Images  Instances          P          R      mAP50   mAP50-95:  17%|█▋        | 10/58 00:27
                 Class     Images  Instances          P          R      mAP50   mAP50-95:  19%|█▉        | 11/58 00:30
                 Class     Images  Instances          P          R      mAP50   mAP50-95:  21%|██        | 12/58 00:32
                 Class     Images  Instances          P          R      mAP50   mAP50-95:  22%|██▏       | 13/58 00:35
                 Class     Images  Instances          P          R      mAP50   mAP50-95:  24%|██▍       | 14/58 00:37
                 Class     Images  Instances          P          R      mAP50   mAP50-95:  26%|██▌       | 15/58 00:40
                 Class     Images  Instances          P          R      mAP50   mAP50-95:  28%|██▊       | 16/58 00:43
                 Class     Images  Instances          P          R      mAP50   mAP50-95:  29%|██▉       | 17/58 00:46
                 Class     Images  Instances          P          R      mAP50   mAP50-95:  31%|███       | 18/58 00:49
                 Class     Images  Instances          P          R      mAP50   mAP50-95:  33%|███▎      | 19/58 00:52
                 Class     Images  Instances          P          R      mAP50   mAP50-95:  34%|███▍      | 20/58 00:54
                 Class     Images  Instances          P          R      mAP50   mAP50-95:  36%|███▌      | 21/58 00:57
                 Class     Images  Instances          P          R      mAP50   mAP50-95:  38%|███▊      | 22/58 00:59
                 Class     Images  Instances          P          R      mAP50   mAP50-95:  40%|███▉      | 23/58 01:02
                 Class     Images  Instances          P          R      mAP50   mAP50-95:  41%|████▏     | 24/58 01:05
                 Class     Images  Instances          P          R      mAP50   mAP50-95:  43%|████▎     | 25/58 01:08
                 Class     Images  Instances          P          R      mAP50   mAP50-95:  45%|████▍     | 26/58 01:11
                 Class     Images  Instances          P          R      mAP50   mAP50-95:  47%|████▋     | 27/58 01:14
                 Class     Images  Instances          P          R      mAP50   mAP50-95:  48%|████▊     | 28/58 01:17
                 Class     Images  Instances          P          R      mAP50   mAP50-95:  50%|█████     | 29/58 01:20
                 Class     Images  Instances          P          R      mAP50   mAP50-95:  52%|█████▏    | 30/58 01:23
                 Class     Images  Instances          P          R      mAP50   mAP50-95:  53%|█████▎    | 31/58 01:27
                 Class     Images  Instances          P          R      mAP50   mAP50-95:  55%|█████▌    | 32/58 01:30
                 Class     Images  Instances          P          R      mAP50   mAP50-95:  57%|█████▋    | 33/58 01:31
                 Class     Images  Instances          P          R      mAP50   mAP50-95:  59%|█████▊    | 34/58 01:34
                 Class     Images  Instances          P          R      mAP50   mAP50-95:  60%|██████    | 35/58 01:37
                 Class     Images  Instances          P          R      mAP50   mAP50-95:  62%|██████▏   | 36/58 01:39
                 Class     Images  Instances          P          R      mAP50   mAP50-95:  64%|██████▍   | 37/58 01:42
                 Class     Images  Instances          P          R      mAP50   mAP50-95:  66%|██████▌   | 38/58 01:45
                 Class     Images  Instances          P          R      mAP50   mAP50-95:  67%|██████▋   | 39/58 01:48
                 Class     Images  Instances          P          R      mAP50   mAP50-95:  69%|██████▉   | 40/58 01:51
                 Class     Images  Instances          P          R      mAP50   mAP50-95:  71%|███████   | 41/58 01:54
                 Class     Images  Instances          P          R      mAP50   mAP50-95:  72%|███████▏  | 42/58 01:56
                 Class     Images  Instances          P          R      mAP50   mAP50-95:  74%|███████▍  | 43/58 01:58
                 Class     Images  Instances          P          R      mAP50   mAP50-95:  76%|███████▌  | 44/58 02:02
                 Class     Images  Instances          P          R      mAP50   mAP50-95:  78%|███████▊  | 45/58 02:05
                 Class     Images  Instances          P          R      mAP50   mAP50-95:  79%|███████▉  | 46/58 02:08
                 Class     Images  Instances          P          R      mAP50   mAP50-95:  81%|████████  | 47/58 02:10
                 Class     Images  Instances          P          R      mAP50   mAP50-95:  83%|████████▎ | 48/58 02:13
                 Class     Images  Instances          P          R      mAP50   mAP50-95:  84%|████████▍ | 49/58 02:16
                 Class     Images  Instances          P          R      mAP50   mAP50-95:  86%|████████▌ | 50/58 02:19
                 Class     Images  Instances          P          R      mAP50   mAP50-95:  88%|████████▊ | 51/58 02:23
                 Class     Images  Instances          P          R      mAP50   mAP50-95:  90%|████████▉ | 52/58 02:25
                 Class     Images  Instances          P          R      mAP50   mAP50-95:  91%|█████████▏| 53/58 02:27
                 Class     Images  Instances          P          R      mAP50   mAP50-95:  93%|█████████▎| 54/58 02:30
                 Class     Images  Instances          P          R      mAP50   mAP50-95:  95%|█████████▍| 55/58 02:33
                 Class     Images  Instances          P          R      mAP50   mAP50-95:  97%|█████████▋| 56/58 02:36
                 Class     Images  Instances          P          R      mAP50   mAP50-95:  98%|█████████▊| 57/58 02:39
                 Class     Images  Instances          P          R      mAP50   mAP50-95: 100%|██████████| 58/58 02:39
                 Class     Images  Instances          P          R      mAP50   mAP50-95: 100%|██████████| 58/58 02:39
                   all       3667       9614      0.816      0.683      0.723       0.44
diagnostics: mode=det_only_same_trainer cop_positive_ratio=0 kd_to_student_det_ratio=0 lld=0 fld=0 rld=0 ccl=0

400 epochs completed in 25.608 hours.
Optimizer stripped from /mnt/dataY/ydf/projects/LADD_public/cclkd_reproduction/yolov5_sanity/results/runs/yolov5x_det_only_same_trainer_b32_s0_detonly_scaledfix_b32_s0_400ep/weights/last.pt, 173.0MB
Optimizer stripped from /mnt/dataY/ydf/projects/LADD_public/cclkd_reproduction/yolov5_sanity/results/runs/yolov5x_det_only_same_trainer_b32_s0_detonly_scaledfix_b32_s0_400ep/weights/best.pt, 173.0MB
