# source_log: /mnt/dataY/ydf/projects/LADD_og/logs/formal_nomosaic_20260528/baselines/rgb_yolo11n_hbb_800ep_cos_nomosaic_albu_b64_s123_gpu6.log
# source_log_size_bytes: 33852449
# note: extracted from raw log; ANSI progress control characters removed; full raw log retained on server 90.

800/800      2.37G     0.8504     0.4084     0.8139        128        256: 15% ━╸────────── 34/230 3.8it/s 9.3s<51.0s
800/800      2.37G     0.8543     0.4102     0.8144        150        256: 15% ━╸────────── 35/230 4.0it/s 9.6s<49.0s
800/800      2.37G     0.8512     0.4093     0.8147        113        256: 16% ━╸────────── 36/230 4.0it/s 9.8s<48.4s
800/800      2.37G     0.8523     0.4095     0.8144        123        256: 16% ━╸────────── 37/230 4.0it/s 10.1s<48.3s
800/800      2.37G     0.8589     0.4124     0.8136        141        256: 17% ━╸────────── 38/230 3.9it/s 10.3s<48.7s[ WARN:0@80815.884] global grfmt_tiff.cpp:122 TIFF_Warning TIFFReadDirectory: Unknown field with tag 34264 (0x85d8) encountered
800/800      2.37G     0.8611     0.4129     0.8124        186        256: 17% ━━────────── 39/230 3.9it/s 10.6s<48.7s
800/800      2.37G     0.8577     0.4118     0.8117        130        256: 17% ━━────────── 40/230 4.0it/s 10.8s<47.7s
800/800      2.37G     0.8541     0.4108     0.8111        156        256: 18% ━━────────── 41/230 3.8it/s 11.1s<49.6s
800/800      2.37G     0.8518     0.4102     0.8104        139        256: 18% ━━────────── 42/230 3.8it/s 11.4s<49.0s
800/800      2.37G     0.8542     0.4106     0.8095        200        256: 19% ━━────────── 43/230 3.8it/s 11.6s<49.3s
800/800      2.37G      0.852     0.4102     0.8098        122        256: 19% ━━────────── 44/230 3.7it/s 11.9s<49.9s
800/800      2.37G     0.8492     0.4087     0.8103        148        256: 20% ━━────────── 45/230 3.7it/s 12.2s<49.9s
800/800      2.37G     0.8503     0.4103     0.8101        139        256: 20% ━━────────── 46/230 3.8it/s 12.4s<49.0s
800/800      2.37G     0.8471     0.4093     0.8099        112        256: 20% ━━────────── 47/230 3.8it/s 12.7s<47.8s
800/800      2.37G     0.8485     0.4088     0.8097        174        256: 21% ━━╸───────── 48/230 3.9it/s 12.9s<46.9s
800/800      2.37G     0.8475     0.4086     0.8097        130        256: 21% ━━╸───────── 49/230 3.8it/s 13.2s<47.3s
800/800      2.37G     0.8473     0.4083     0.8099        165        256: 22% ━━╸───────── 50/230 3.8it/s 13.5s<47.9s
800/800      2.37G     0.8445     0.4072     0.8098        117        256: 22% ━━╸───────── 51/230 3.7it/s 13.8s<48.1s
800/800      2.37G     0.8459     0.4081     0.8096        167        256: 23% ━━╸───────── 52/230 3.7it/s 14.0s<47.7s
800/800      2.37G     0.8456     0.4087     0.8092        104        256: 23% ━━╸───────── 53/230 3.7it/s 14.3s<48.1s
800/800      2.37G     0.8476     0.4098     0.8093        178        256: 23% ━━╸───────── 54/230 3.6it/s 14.6s<48.8s
800/800      2.37G     0.8459     0.4089     0.8096        120        256: 24% ━━╸───────── 55/230 3.7it/s 14.9s<46.9s
800/800      2.37G     0.8447     0.4084     0.8098        137        256: 24% ━━╸───────── 56/230 3.7it/s 15.1s<47.4s
800/800      2.37G     0.8432      0.408       0.81        126        256: 25% ━━╸───────── 57/230 3.7it/s 15.4s<47.1s
800/800      2.37G     0.8431      0.408     0.8098        129        256: 25% ━━━───────── 58/230 3.8it/s 15.7s<45.7s
800/800      2.37G     0.8391     0.4065     0.8103        110        256: 26% ━━━───────── 59/230 3.8it/s 15.9s<44.9s
800/800      2.37G     0.8395      0.407     0.8102        154        256: 26% ━━━───────── 60/230 3.8it/s 16.2s<45.1s
800/800      2.37G     0.8406     0.4069     0.8099        117        256: 27% ━━━───────── 61/230 3.7it/s 16.5s<45.4s
800/800      2.37G     0.8394     0.4063       0.81        130        256: 27% ━━━───────── 62/230 3.7it/s 16.8s<45.8s
800/800      2.37G     0.8385     0.4061     0.8103        102        256: 27% ━━━───────── 63/230 3.7it/s 17.0s<44.6s
800/800      2.37G     0.8377     0.4059     0.8103        116        256: 28% ━━━───────── 64/230 3.8it/s 17.3s<43.2s
800/800      2.37G     0.8373     0.4059     0.8101        121        256: 28% ━━━───────── 65/230 3.9it/s 17.5s<42.4s
800/800      2.37G     0.8349     0.4052     0.8101        152        256: 29% ━━━───────── 66/230 3.9it/s 17.8s<42.2s
800/800      2.37G     0.8383      0.406     0.8098        161        256: 29% ━━━───────── 67/230 3.9it/s 18.0s<41.5s
800/800      2.37G     0.8392     0.4063     0.8099        152        256: 30% ━━━╸──────── 68/230 3.9it/s 18.3s<41.5s
800/800      2.37G     0.8389     0.4066       0.81        163        256: 30% ━━━╸──────── 69/230 3.8it/s 18.5s<42.2s
800/800      2.37G     0.8409     0.4076     0.8102        139        256: 30% ━━━╸──────── 70/230 3.7it/s 18.8s<43.1s
800/800      2.37G     0.8399     0.4071     0.8102        131        256: 31% ━━━╸──────── 71/230 3.7it/s 19.1s<42.6s
800/800      2.37G     0.8407     0.4076     0.8102        136        256: 31% ━━━╸──────── 72/230 3.7it/s 19.4s<42.7s
800/800      2.37G     0.8421     0.4087       0.81        172        256: 32% ━━━╸──────── 73/230 3.8it/s 19.6s<41.1s
800/800      2.37G     0.8444     0.4093     0.8098        211        256: 32% ━━━╸──────── 74/230 3.8it/s 19.9s<41.5s
800/800      2.37G     0.8436      0.409       0.81        150        256: 33% ━━━╸──────── 75/230 3.7it/s 20.2s<42.4s[ WARN:0@80825.745] global grfmt_tiff.cpp:122 TIFF_Warning TIFFReadDirectory: Unknown field with tag 34264 (0x85d8) encountered
800/800      2.37G     0.8451     0.4095     0.8098        129        256: 33% ━━━╸──────── 76/230 3.6it/s 20.5s<42.3s
800/800      2.37G     0.8478     0.4101     0.8098        184        256: 33% ━━━━──────── 77/230 3.7it/s 20.7s<41.8s
800/800      2.37G     0.8468     0.4099     0.8099        145        256: 34% ━━━━──────── 78/230 3.8it/s 21.0s<39.9s
800/800      2.37G     0.8468     0.4102       0.81        126        256: 34% ━━━━──────── 79/230 3.8it/s 21.2s<39.6s
800/800      2.37G     0.8458     0.4097     0.8098        135        256: 35% ━━━━──────── 80/230 3.9it/s 21.5s<38.4s
800/800      2.37G     0.8452     0.4095     0.8102        123        256: 35% ━━━━──────── 81/230 3.9it/s 21.7s<38.5s
800/800      2.37G     0.8437     0.4092     0.8102        159        256: 36% ━━━━──────── 82/230 3.7it/s 22.0s<40.1s
800/800      2.37G     0.8429     0.4093     0.8105        130        256: 36% ━━━━──────── 83/230 3.8it/s 22.3s<39.1s
800/800      2.37G     0.8426     0.4094     0.8104        189        256: 37% ━━━━──────── 84/230 3.8it/s 22.6s<38.5s
800/800      2.37G     0.8419     0.4092     0.8103        110        256: 37% ━━━━──────── 85/230 3.8it/s 22.8s<38.0s[ WARN:0@80828.418] global grfmt_tiff.cpp:122 TIFF_Warning TIFFReadDirectory: Unknown field with tag 34264 (0x85d8) encountered
800/800      2.37G      0.843     0.4097     0.8102        199        256: 37% ━━━━──────── 86/230 3.8it/s 23.1s<38.1s
800/800      2.37G     0.8437     0.4106     0.8106        136        256: 38% ━━━━╸─────── 87/230 3.8it/s 23.3s<37.5s
800/800      2.37G     0.8448     0.4105     0.8107        169        256: 38% ━━━━╸─────── 88/230 3.6it/s 23.7s<38.9s
800/800      2.37G     0.8449     0.4106     0.8108        122        256: 39% ━━━━╸─────── 89/230 3.7it/s 23.9s<38.1s
800/800      2.37G     0.8446     0.4104     0.8109        160        256: 39% ━━━━╸─────── 90/230 3.7it/s 24.2s<38.3s
800/800      2.37G     0.8453     0.4107     0.8108        136        256: 40% ━━━━╸─────── 91/230 3.6it/s 24.5s<38.3s
800/800      2.37G     0.8461     0.4114     0.8109        183        256: 40% ━━━━╸─────── 92/230 3.6it/s 24.8s<38.5s
800/800      2.37G     0.8465     0.4114     0.8107        138        256: 40% ━━━━╸─────── 93/230 3.6it/s 25.0s<37.7s
800/800      2.37G      0.846     0.4114     0.8107        148        256: 41% ━━━━╸─────── 94/230 3.6it/s 25.3s<37.9s
800/800      2.37G      0.848     0.4117     0.8106        222        256: 41% ━━━━╸─────── 95/230 3.7it/s 25.6s<36.8s[ WARN:0@80831.235] global grfmt_tiff.cpp:122 TIFF_Warning TIFFReadDirectory: Unknown field with tag 34264 (0x85d8) encountered
800/800      2.37G     0.8491      0.412     0.8106        133        256: 42% ━━━━━─────── 96/230 3.6it/s 25.9s<37.4s
800/800      2.37G     0.8494     0.4121     0.8107        163        256: 42% ━━━━━─────── 97/230 3.5it/s 26.2s<37.7s
800/800      2.37G     0.8496      0.412     0.8104        169        256: 43% ━━━━━─────── 98/230 3.6it/s 26.4s<36.4s
800/800      2.37G     0.8511     0.4125     0.8104        172        256: 43% ━━━━━─────── 99/230 3.4it/s 26.8s<38.2s
800/800      2.37G     0.8516     0.4127     0.8104        111        256: 43% ━━━━━─────── 100/230 3.5it/s 27.0s<37.3s
800/800      2.37G     0.8524     0.4131     0.8106        173        256: 44% ━━━━━─────── 101/230 3.5it/s 27.3s<36.5s
800/800      2.37G     0.8528     0.4135     0.8105        130        256: 44% ━━━━━─────── 102/230 3.6it/s 27.6s<35.8s
800/800      2.37G     0.8538     0.4138     0.8103        142        256: 45% ━━━━━─────── 103/230 3.6it/s 27.9s<35.3s
800/800      2.37G     0.8549     0.4141     0.8102        183        256: 45% ━━━━━─────── 104/230 3.6it/s 28.1s<35.3s
800/800      2.37G      0.856     0.4144     0.8104        148        256: 46% ━━━━━─────── 105/230 3.5it/s 28.4s<35.8s
800/800      2.37G     0.8557     0.4143     0.8104        138        256: 46% ━━━━━╸────── 106/230 3.5it/s 28.7s<35.9s
800/800      2.37G     0.8555     0.4142     0.8101        145        256: 47% ━━━━━╸────── 107/230 3.5it/s 29.0s<35.1s
800/800      2.37G     0.8545     0.4137     0.8103        159        256: 47% ━━━━━╸────── 108/230 3.4it/s 29.4s<36.4s
800/800      2.37G     0.8543     0.4137     0.8103        152        256: 47% ━━━━━╸────── 109/230 3.4it/s 29.6s<35.4s
800/800      2.37G     0.8566     0.4143     0.8099        263        256: 48% ━━━━━╸────── 110/230 3.5it/s 29.9s<34.3s
800/800      2.37G     0.8564     0.4145       0.81        117        256: 48% ━━━━━╸────── 111/230 3.5it/s 30.2s<33.7s
800/800      2.37G     0.8568     0.4146     0.8101        158        256: 49% ━━━━━╸────── 112/230 3.6it/s 30.5s<33.0s
800/800      2.37G     0.8571     0.4149       0.81        213        256: 49% ━━━━━╸────── 113/230 3.6it/s 30.7s<32.5s
800/800      2.37G     0.8575     0.4151     0.8099        120        256: 50% ━━━━━╸────── 114/230 3.7it/s 31.0s<31.3s[ WARN:0@80836.575] global grfmt_tiff.cpp:122 TIFF_Warning TIFFReadDirectory: Unknown field with tag 34264 (0x85d8) encountered
800/800      2.37G     0.8572      0.415     0.8101        126        256: 50% ━━━━━━────── 115/230 3.7it/s 31.2s<30.8s
800/800      2.37G     0.8561     0.4146     0.8101        112        256: 50% ━━━━━━────── 116/230 3.7it/s 31.5s<30.4s
800/800      2.37G     0.8554     0.4144     0.8101        142        256: 51% ━━━━━━────── 117/230 3.7it/s 31.8s<30.7s
800/800      2.37G     0.8553     0.4145     0.8101        122        256: 51% ━━━━━━────── 118/230 3.7it/s 32.0s<29.9s
800/800      2.37G     0.8562     0.4146       0.81        176        256: 52% ━━━━━━────── 119/230 3.7it/s 32.3s<29.7s
800/800      2.37G     0.8558     0.4146     0.8103        123        256: 52% ━━━━━━────── 120/230 3.7it/s 32.6s<29.4s
800/800      2.37G     0.8561     0.4145     0.8103        144        256: 53% ━━━━━━────── 121/230 3.7it/s 32.8s<29.1s
800/800      2.37G     0.8557     0.4145     0.8101        128        256: 53% ━━━━━━────── 122/230 3.7it/s 33.1s<29.5s
800/800      2.37G     0.8553     0.4142     0.8101        154        256: 53% ━━━━━━────── 123/230 3.6it/s 33.4s<30.0s
800/800      2.37G     0.8561     0.4144     0.8097        137        256: 54% ━━━━━━────── 124/230 3.7it/s 33.7s<28.9s
800/800      2.37G     0.8556     0.4142     0.8097        125        256: 54% ━━━━━━╸───── 125/230 3.6it/s 34.0s<29.1s
800/800      2.37G     0.8549     0.4141     0.8098        103        256: 55% ━━━━━━╸───── 126/230 3.7it/s 34.2s<28.2s
800/800      2.37G     0.8545     0.4139     0.8098        141        256: 55% ━━━━━━╸───── 127/230 3.7it/s 34.5s<28.1s
800/800      2.37G     0.8541     0.4138     0.8098        152        256: 56% ━━━━━━╸───── 128/230 3.7it/s 34.8s<27.5s
800/800      2.37G     0.8537     0.4137     0.8099        138        256: 56% ━━━━━━╸───── 129/230 3.7it/s 35.1s<27.3s[ WARN:0@80840.763] global grfmt_tiff.cpp:122 TIFF_Warning TIFFReadDirectory: Unknown field with tag 34264 (0x85d8) encountered
800/800      2.37G     0.8532     0.4133     0.8098        136        256: 57% ━━━━━━╸───── 130/230 3.7it/s 35.3s<26.8s
800/800      2.37G      0.854     0.4135     0.8098        143        256: 57% ━━━━━━╸───── 131/230 3.7it/s 35.6s<26.9s
800/800      2.37G     0.8556     0.4141     0.8095        184        256: 57% ━━━━━━╸───── 132/230 3.6it/s 35.9s<27.4s
800/800      2.37G     0.8562     0.4141     0.8096        121        256: 58% ━━━━━━╸───── 133/230 3.5it/s 36.2s<28.0s
800/800      2.37G     0.8566     0.4142     0.8095        131        256: 58% ━━━━━━╸───── 134/230 3.6it/s 36.5s<26.7s
800/800      2.37G     0.8562     0.4141     0.8097        116        256: 59% ━━━━━━━───── 135/230 3.6it/s 36.7s<26.4s
800/800      2.37G     0.8544     0.4135     0.8096        135        256: 59% ━━━━━━━───── 136/230 3.4it/s 37.1s<27.4s
800/800      2.37G     0.8563     0.4138     0.8094        237        256: 60% ━━━━━━━───── 137/230 3.6it/s 37.3s<26.1s
800/800      2.37G     0.8556     0.4134     0.8093        137        256: 60% ━━━━━━━───── 138/230 3.7it/s 37.6s<24.8s
800/800      2.37G     0.8549     0.4132     0.8094        119        256: 60% ━━━━━━━───── 139/230 3.8it/s 37.8s<23.9s
800/800      2.37G     0.8555     0.4134     0.8092        150        256: 61% ━━━━━━━───── 140/230 3.8it/s 38.1s<24.0s[ WARN:0@80843.647] global grfmt_tiff.cpp:122 TIFF_Warning TIFFReadDirectory: Unknown field with tag 34264 (0x85d8) encountered
800/800      2.37G     0.8566     0.4136     0.8091        240        256: 61% ━━━━━━━───── 141/230 3.8it/s 38.4s<23.6s
800/800      2.37G     0.8573     0.4138     0.8091        202        256: 62% ━━━━━━━───── 142/230 3.7it/s 38.7s<24.1s
800/800      2.37G     0.8585     0.4141     0.8091        199        256: 62% ━━━━━━━───── 143/230 3.5it/s 39.0s<25.0s[ WARN:0@80844.566] global grfmt_tiff.cpp:122 TIFF_Warning TIFFReadDirectory: Unknown field with tag 34264 (0x85d8) encountered
800/800      2.37G     0.8581      0.414     0.8089        119        256: 63% ━━━━━━━╸──── 144/230 3.5it/s 39.3s<24.5s
800/800      2.37G     0.8584     0.4142     0.8089        124        256: 63% ━━━━━━━╸──── 145/230 3.5it/s 39.5s<24.1s
800/800      2.37G     0.8584     0.4142     0.8089        124        256: 63% ━━━━━━━╸──── 146/230 2.7it/s 41.1s<31.6s[ WARN:0@80846.694] global grfmt_tiff.cpp:122 TIFF_Warning TIFFReadDirectory: Unknown field with tag 34264 (0x85d8) encountered
800/800      2.37G     0.8586     0.4142     0.8089        176        256: 63% ━━━━━━━╸──── 146/230 1.9it/s 41.4s<45.1s
800/800      2.37G     0.8589      0.414     0.8089        168        256: 64% ━━━━━━━╸──── 147/230 2.5it/s 41.6s<32.6s
800/800      2.37G     0.8587      0.414     0.8091        128        256: 64% ━━━━━━━╸──── 148/230 3.0it/s 41.9s<27.5s
800/800      2.37G     0.8588     0.4141      0.809        174        256: 65% ━━━━━━━╸──── 149/230 2.9it/s 42.2s<27.8s
800/800      2.37G     0.8596     0.4145      0.809        146        256: 65% ━━━━━━━╸──── 150/230 3.1it/s 42.5s<25.5s
800/800      2.37G     0.8593     0.4144      0.809        132        256: 66% ━━━━━━━╸──── 151/230 3.4it/s 42.8s<23.5s
800/800      2.37G      0.859     0.4142     0.8091        134        256: 66% ━━━━━━━╸──── 152/230 3.4it/s 43.1s<23.2s
800/800      2.37G     0.8585     0.4139     0.8089        152        256: 67% ━━━━━━━╸──── 153/230 3.5it/s 43.3s<22.1s
800/800      2.37G     0.8577     0.4137     0.8088        116        256: 67% ━━━━━━━━──── 154/230 3.6it/s 43.6s<21.0s
800/800      2.37G     0.8569     0.4134     0.8089        120        256: 67% ━━━━━━━━──── 155/230 3.6it/s 43.9s<20.9s[ WARN:0@80849.440] global grfmt_tiff.cpp:122 TIFF_Warning TIFFReadDirectory: Unknown field with tag 34264 (0x85d8) encountered
800/800      2.37G     0.8566     0.4132      0.809        206        256: 68% ━━━━━━━━──── 156/230 3.7it/s 44.1s<19.9s
800/800      2.37G     0.8569     0.4134      0.809        184        256: 68% ━━━━━━━━──── 157/230 3.8it/s 44.4s<19.2s
800/800      2.37G     0.8577     0.4137     0.8089        175        256: 69% ━━━━━━━━──── 158/230 3.9it/s 44.6s<18.6s
800/800      2.37G     0.8577     0.4139     0.8088        152        256: 69% ━━━━━━━━──── 159/230 3.8it/s 44.9s<18.6s
800/800      2.37G     0.8571     0.4136     0.8087        141        256: 70% ━━━━━━━━──── 160/230 3.9it/s 45.1s<18.0s
800/800      2.37G     0.8562     0.4133     0.8087        131        256: 70% ━━━━━━━━──── 161/230 3.9it/s 45.4s<17.7s
800/800      2.37G     0.8576     0.4136     0.8088        222        256: 70% ━━━━━━━━──── 162/230 3.7it/s 45.7s<18.3s
800/800      2.37G     0.8572     0.4135     0.8087        134        256: 71% ━━━━━━━━╸─── 163/230 3.8it/s 46.0s<17.8s
800/800      2.37G     0.8591     0.4138     0.8085        283        256: 71% ━━━━━━━━╸─── 164/230 3.8it/s 46.2s<17.3s
800/800      2.37G     0.8589     0.4138     0.8087        125        256: 72% ━━━━━━━━╸─── 165/230 3.8it/s 46.5s<16.9s
800/800      2.37G     0.8599     0.4143     0.8087        183        256: 72% ━━━━━━━━╸─── 166/230 3.8it/s 46.7s<16.7s
800/800      2.37G     0.8601     0.4144     0.8087        157        256: 73% ━━━━━━━━╸─── 167/230 3.8it/s 47.0s<16.7s
800/800      2.37G       0.86     0.4145     0.8088        193        256: 73% ━━━━━━━━╸─── 168/230 3.8it/s 47.3s<16.4s[ WARN:0@80852.898] global grfmt_tiff.cpp:122 TIFF_Warning TIFFReadDirectory: Unknown field with tag 34264 (0x85d8) encountered
800/800      2.37G     0.8601     0.4144     0.8089        158        256: 73% ━━━━━━━━╸─── 169/230 3.8it/s 47.5s<15.9s
800/800      2.37G     0.8615     0.4149     0.8088        200        256: 74% ━━━━━━━━╸─── 170/230 3.9it/s 47.8s<15.5s
800/800      2.37G     0.8626     0.4153     0.8088        130        256: 74% ━━━━━━━━╸─── 171/230 3.9it/s 48.0s<15.3s
800/800      2.37G     0.8636     0.4157     0.8087        181        256: 75% ━━━━━━━━╸─── 172/230 3.7it/s 48.3s<15.8s
800/800      2.37G     0.8634     0.4157     0.8086        137        256: 75% ━━━━━━━━━─── 173/230 3.7it/s 48.6s<15.5s
800/800      2.37G     0.8635     0.4157     0.8086        126        256: 76% ━━━━━━━━━─── 174/230 3.7it/s 48.9s<15.2s
800/800      2.37G     0.8636     0.4156     0.8086        127        256: 76% ━━━━━━━━━─── 175/230 3.6it/s 49.2s<15.2s
800/800      2.37G     0.8637     0.4156     0.8085        128        256: 77% ━━━━━━━━━─── 176/230 3.7it/s 49.4s<14.6s
800/800      2.37G      0.865      0.416     0.8086        188        256: 77% ━━━━━━━━━─── 177/230 3.6it/s 49.7s<14.8s
800/800      2.37G     0.8644     0.4157     0.8084        119        256: 77% ━━━━━━━━━─── 178/230 3.6it/s 50.0s<14.5s
800/800      2.37G     0.8655      0.416     0.8085        212        256: 78% ━━━━━━━━━─── 179/230 3.6it/s 50.3s<14.3s
800/800      2.37G     0.8659     0.4161     0.8085        161        256: 78% ━━━━━━━━━─── 180/230 3.7it/s 50.5s<13.6s
800/800      2.37G     0.8657      0.416     0.8083        120        256: 79% ━━━━━━━━━─── 181/230 3.7it/s 50.8s<13.1s
800/800      2.37G     0.8654     0.4158     0.8085        134        256: 79% ━━━━━━━━━─── 182/230 3.7it/s 51.1s<12.8s
800/800      2.37G     0.8663     0.4162     0.8086        212        256: 80% ━━━━━━━━━╸── 183/230 3.6it/s 51.4s<12.9s
800/800      2.37G     0.8666     0.4162     0.8086        137        256: 80% ━━━━━━━━━╸── 184/230 3.8it/s 51.6s<12.2s
800/800      2.37G     0.8666     0.4163     0.8087        151        256: 80% ━━━━━━━━━╸── 185/230 3.8it/s 51.9s<11.8s
800/800      2.37G     0.8669     0.4163     0.8088        147        256: 81% ━━━━━━━━━╸── 186/230 3.8it/s 52.1s<11.5s
800/800      2.37G     0.8674     0.4166      0.809         90        256: 81% ━━━━━━━━━╸── 187/230 3.7it/s 52.4s<11.5s[ WARN:0@80858.105] global grfmt_tiff.cpp:122 TIFF_Warning TIFFReadDirectory: Unknown field with tag 34264 (0x85d8) encountered
800/800      2.37G     0.8669     0.4164      0.809        125        256: 82% ━━━━━━━━━╸── 188/230 3.7it/s 52.7s<11.3s[ WARN:0@80858.376] global grfmt_tiff.cpp:122 TIFF_Warning TIFFReadDirectory: Unknown field with tag 34264 (0x85d8) encountered
800/800      2.37G     0.8663     0.4162      0.809        135        256: 82% ━━━━━━━━━╸── 189/230 3.8it/s 52.9s<10.9s
800/800      2.37G     0.8659      0.416      0.809        129        256: 83% ━━━━━━━━━╸── 190/230 3.9it/s 53.2s<10.3s
800/800      2.37G     0.8662     0.4161     0.8092        131        256: 83% ━━━━━━━━━╸── 191/230 3.8it/s 53.4s<10.1s[ WARN:0@80859.063] global grfmt_tiff.cpp:122 TIFF_Warning TIFFReadDirectory: Unknown field with tag 34264 (0x85d8) encountered
800/800      2.37G     0.8669     0.4162     0.8093        155        256: 83% ━━━━━━━━━━── 192/230 3.8it/s 53.7s<9.9s
800/800      2.37G      0.866     0.4158     0.8092        109        256: 84% ━━━━━━━━━━── 193/230 3.8it/s 54.0s<9.8s
800/800      2.37G     0.8656     0.4157     0.8093        127        256: 84% ━━━━━━━━━━── 194/230 3.9it/s 54.2s<9.3s
800/800      2.37G     0.8655     0.4156     0.8094        188        256: 85% ━━━━━━━━━━── 195/230 3.9it/s 54.5s<9.0s
800/800      2.37G     0.8653     0.4155     0.8093        155        256: 85% ━━━━━━━━━━── 196/230 3.9it/s 54.7s<8.6s
800/800      2.37G     0.8659     0.4158     0.8093        172        256: 86% ━━━━━━━━━━── 197/230 4.0it/s 55.0s<8.3s
800/800      2.37G     0.8662     0.4159     0.8093        123        256: 86% ━━━━━━━━━━── 198/230 4.0it/s 55.2s<8.1s
800/800      2.37G     0.8656     0.4157     0.8092        125        256: 87% ━━━━━━━━━━── 199/230 3.9it/s 55.5s<7.9s
800/800      2.37G      0.866     0.4157     0.8091        155        256: 87% ━━━━━━━━━━── 200/230 3.9it/s 55.7s<7.6s
800/800      2.37G     0.8654     0.4157     0.8091        190        256: 87% ━━━━━━━━━━── 201/230 3.9it/s 56.0s<7.3s
800/800      2.37G     0.8646     0.4154     0.8091        125        256: 88% ━━━━━━━━━━╸─ 202/230 3.9it/s 56.2s<7.1s
800/800      2.37G     0.8645     0.4153     0.8091        155        256: 88% ━━━━━━━━━━╸─ 203/230 3.9it/s 56.5s<6.9s
800/800      2.37G     0.8651     0.4155     0.8094        149        256: 89% ━━━━━━━━━━╸─ 204/230 3.9it/s 56.8s<6.7s
800/800      2.37G     0.8658     0.4156     0.8094        221        256: 89% ━━━━━━━━━━╸─ 205/230 3.9it/s 57.0s<6.5s
800/800      2.37G     0.8656     0.4156     0.8094        120        256: 90% ━━━━━━━━━━╸─ 206/230 3.9it/s 57.3s<6.2s
800/800      2.37G      0.865     0.4155     0.8094        130        256: 90% ━━━━━━━━━━╸─ 207/230 3.9it/s 57.6s<6.0s
800/800      2.37G     0.8654     0.4156     0.8094        183        256: 90% ━━━━━━━━━━╸─ 208/230 3.7it/s 57.8s<5.9s
800/800      2.37G     0.8654     0.4157     0.8095        128        256: 91% ━━━━━━━━━━╸─ 209/230 3.9it/s 58.1s<5.4s
800/800      2.37G     0.8658     0.4158     0.8095        168        256: 91% ━━━━━━━━━━╸─ 210/230 3.8it/s 58.4s<5.3s
800/800      2.37G     0.8656     0.4158     0.8095        155        256: 92% ━━━━━━━━━━━─ 211/230 3.9it/s 58.6s<4.8s
800/800      2.37G     0.8665     0.4161     0.8097        200        256: 92% ━━━━━━━━━━━─ 212/230 3.9it/s 58.9s<4.6s
800/800      2.37G     0.8661     0.4161     0.8096        126        256: 93% ━━━━━━━━━━━─ 213/230 3.9it/s 59.1s<4.4s
800/800      2.37G     0.8655     0.4159     0.8097        140        256: 93% ━━━━━━━━━━━─ 214/230 3.9it/s 59.4s<4.1s
800/800      2.37G     0.8659     0.4158     0.8096        208        256: 93% ━━━━━━━━━━━─ 215/230 3.9it/s 59.6s<3.9s
800/800      2.37G     0.8666      0.416     0.8095        247        256: 94% ━━━━━━━━━━━─ 216/230 4.0it/s 59.9s<3.5s
800/800      2.37G     0.8686     0.4166     0.8095        234        256: 94% ━━━━━━━━━━━─ 217/230 3.9it/s 1:00<3.4s
800/800      2.37G     0.8693     0.4168     0.8094        166        256: 95% ━━━━━━━━━━━─ 218/230 3.9it/s 1:00<3.1s
800/800      2.37G     0.8696     0.4169     0.8095        148        256: 95% ━━━━━━━━━━━─ 219/230 3.9it/s 1:01<2.8s
800/800      2.37G     0.8692     0.4167     0.8094        134        256: 96% ━━━━━━━━━━━─ 220/230 4.0it/s 1:01<2.5s
800/800      2.37G     0.8689     0.4166     0.8095        117        256: 96% ━━━━━━━━━━━╸ 221/230 4.0it/s 1:01<2.2s
800/800      2.37G     0.8685     0.4164     0.8096        111        256: 97% ━━━━━━━━━━━╸ 222/230 3.9it/s 1:01<2.0s
800/800      2.37G     0.8687     0.4164     0.8094        158        256: 97% ━━━━━━━━━━━╸ 223/230 3.9it/s 1:02<1.8s
800/800      2.37G      0.868     0.4162     0.8095        137        256: 97% ━━━━━━━━━━━╸ 224/230 3.9it/s 1:02<1.5s
800/800      2.37G     0.8679     0.4161     0.8095        196        256: 98% ━━━━━━━━━━━╸ 225/230 3.9it/s 1:02<1.3s
800/800      2.37G     0.8674     0.4161     0.8096        104        256: 98% ━━━━━━━━━━━╸ 226/230 3.9it/s 1:02<1.0s
800/800      2.37G     0.8669      0.416     0.8096        115        256: 99% ━━━━━━━━━━━╸ 227/230 4.0it/s 1:03<0.8s
800/800      2.37G     0.8676      0.416     0.8096        316        256: 99% ━━━━━━━━━━━╸ 228/230 4.0it/s 1:03<0.5s
800/800      2.37G     0.8674      0.416     0.8094         18        256: 100% ━━━━━━━━━━━╸ 229/230 4.0it/s 1:03<0.3s
800/800      2.37G     0.8674      0.416     0.8094         18        256: 100% ━━━━━━━━━━━━ 230/230 3.6it/s 1:03
Class     Images  Instances      Box(P          R      mAP50  mAP50-95): 7% ╸─────────── 2/29 1.3s/it 1.3s<34.2s
Class     Images  Instances      Box(P          R      mAP50  mAP50-95): 10% ━─────────── 3/29 1.0it/s 1.9s<25.6s
Class     Images  Instances      Box(P          R      mAP50  mAP50-95): 24% ━━╸───────── 7/29 1.3it/s 4.7s<16.4s
Class     Images  Instances      Box(P          R      mAP50  mAP50-95): 38% ━━━━╸─────── 11/29 1.5it/s 7.4s<12.4s
Class     Images  Instances      Box(P          R      mAP50  mAP50-95): 41% ━━━━╸─────── 12/29 1.4it/s 8.1s<12.0s
Class     Images  Instances      Box(P          R      mAP50  mAP50-95): 48% ━━━━━╸────── 14/29 1.4it/s 9.5s<10.7s
Class     Images  Instances      Box(P          R      mAP50  mAP50-95): 52% ━━━━━━────── 15/29 1.4it/s 10.3s<10.1s
Class     Images  Instances      Box(P          R      mAP50  mAP50-95): 55% ━━━━━━╸───── 16/29 1.4it/s 11.0s<9.2s
Class     Images  Instances      Box(P          R      mAP50  mAP50-95): 59% ━━━━━━━───── 17/29 1.4it/s 11.7s<8.5s[ WARN:0@80880.533] global grfmt_tiff.cpp:122 TIFF_Warning TIFFReadDirectory: Unknown field with tag 34264 (0x85d8) encountered
Class     Images  Instances      Box(P          R      mAP50  mAP50-95): 62% ━━━━━━━───── 18/29 1.4it/s 12.4s<8.0s[ WARN:0@80881.247] global grfmt_tiff.cpp:122 TIFF_Warning TIFFReadDirectory: Unknown field with tag 34264 (0x85d8) encountered
Class     Images  Instances      Box(P          R      mAP50  mAP50-95): 66% ━━━━━━━╸──── 19/29 1.3it/s 13.3s<7.7s
Class     Images  Instances      Box(P          R      mAP50  mAP50-95): 69% ━━━━━━━━──── 20/29 1.3it/s 14.1s<7.0s
Class     Images  Instances      Box(P          R      mAP50  mAP50-95): 72% ━━━━━━━━╸─── 21/29 1.4it/s 14.8s<5.8s
Class     Images  Instances      Box(P          R      mAP50  mAP50-95): 76% ━━━━━━━━━─── 22/29 1.5it/s 15.4s<4.8s
Class     Images  Instances      Box(P          R      mAP50  mAP50-95): 79% ━━━━━━━━━╸── 23/29 1.5it/s 16.0s<4.0s
Class     Images  Instances      Box(P          R      mAP50  mAP50-95): 83% ━━━━━━━━━╸── 24/29 1.5it/s 16.6s<3.3s
Class     Images  Instances      Box(P          R      mAP50  mAP50-95): 86% ━━━━━━━━━━── 25/29 1.6it/s 17.2s<2.6s
Class     Images  Instances      Box(P          R      mAP50  mAP50-95): 93% ━━━━━━━━━━━─ 27/29 1.6it/s 18.5s<1.3s
Class     Images  Instances      Box(P          R      mAP50  mAP50-95): 97% ━━━━━━━━━━━╸ 28/29 1.6it/s 19.2s<0.6s
all       3667       9609      0.929      0.902      0.924      0.629
Optimizer stripped from /mnt/dataY/ydf/projects/LADD_og/runs_public/ogsod/hbb/formal_nomosaic_20260528/baselines/rgb/rgb_yolo11n_hbb_800ep_cos_nomosaic_albu_b64_s123/weights/last.pt, 5.6MB
Optimizer stripped from /mnt/dataY/ydf/projects/LADD_og/runs_public/ogsod/hbb/formal_nomosaic_20260528/baselines/rgb/rgb_yolo11n_hbb_800ep_cos_nomosaic_albu_b64_s123/weights/best.pt, 5.6MB
Validating /mnt/dataY/ydf/projects/LADD_og/runs_public/ogsod/hbb/formal_nomosaic_20260528/baselines/rgb/rgb_yolo11n_hbb_800ep_cos_nomosaic_albu_b64_s123/weights/best.pt...
Class     Images  Instances      Box(P          R      mAP50  mAP50-95): 7% ╸─────────── 2/29 2.1s/it 2.1s<55.9s
Class     Images  Instances      Box(P          R      mAP50  mAP50-95): 10% ━─────────── 3/29 1.6s/it 3.1s<41.7s
Class     Images  Instances      Box(P          R      mAP50  mAP50-95): 14% ━╸────────── 4/29 1.4s/it 4.2s<35.0s
Class     Images  Instances      Box(P          R      mAP50  mAP50-95): 17% ━━────────── 5/29 1.2s/it 5.1s<28.3s
Class     Images  Instances      Box(P          R      mAP50  mAP50-95): 21% ━━────────── 6/29 1.1s/it 6.1s<25.8s
Class     Images  Instances      Box(P          R      mAP50  mAP50-95): 24% ━━╸───────── 7/29 1.1s/it 7.1s<23.5s
Class     Images  Instances      Box(P          R      mAP50  mAP50-95): 28% ━━━───────── 8/29 1.0s/it 8.1s<22.0s
Class     Images  Instances      Box(P          R      mAP50  mAP50-95): 31% ━━━╸──────── 9/29 1.0s/it 9.1s<20.7s
Class     Images  Instances      Box(P          R      mAP50  mAP50-95): 34% ━━━━──────── 10/29 1.0s/it 10.1s<19.4s
Class     Images  Instances      Box(P          R      mAP50  mAP50-95): 38% ━━━━╸─────── 11/29 1.0s/it 11.1s<18.3s
Class     Images  Instances      Box(P          R      mAP50  mAP50-95): 41% ━━━━╸─────── 12/29 1.0s/it 12.1s<17.2s
Class     Images  Instances      Box(P          R      mAP50  mAP50-95): 45% ━━━━━─────── 13/29 1.0s/it 13.2s<16.8s
Class     Images  Instances      Box(P          R      mAP50  mAP50-95): 48% ━━━━━╸────── 14/29 1.0s/it 14.3s<15.7s
Class     Images  Instances      Box(P          R      mAP50  mAP50-95): 52% ━━━━━━────── 15/29 1.0s/it 15.2s<14.2s
Class     Images  Instances      Box(P          R      mAP50  mAP50-95): 55% ━━━━━━╸───── 16/29 1.0s/it 16.2s<13.2s
Class     Images  Instances      Box(P          R      mAP50  mAP50-95): 59% ━━━━━━━───── 17/29 1.0s/it 17.3s<12.4s[ WARN:0@80908.628] global grfmt_tiff.cpp:122 TIFF_Warning TIFFReadDirectory: Unknown field with tag 34264 (0x85d8) encountered
Class     Images  Instances      Box(P          R      mAP50  mAP50-95): 62% ━━━━━━━───── 18/29 1.1s/it 18.4s<11.6s[ WARN:0@80909.680] global grfmt_tiff.cpp:122 TIFF_Warning TIFFReadDirectory: Unknown field with tag 34264 (0x85d8) encountered
Class     Images  Instances      Box(P          R      mAP50  mAP50-95): 66% ━━━━━━━╸──── 19/29 1.0s/it 19.4s<10.5s
Class     Images  Instances      Box(P          R      mAP50  mAP50-95): 69% ━━━━━━━━──── 20/29 1.0s/it 20.5s<9.4s
Class     Images  Instances      Box(P          R      mAP50  mAP50-95): 72% ━━━━━━━━╸─── 21/29 1.0s/it 21.5s<8.2s
Class     Images  Instances      Box(P          R      mAP50  mAP50-95): 76% ━━━━━━━━━─── 22/29 1.0s/it 22.5s<7.1s
Class     Images  Instances      Box(P          R      mAP50  mAP50-95): 79% ━━━━━━━━━╸── 23/29 1.0s/it 23.4s<6.0s
Class     Images  Instances      Box(P          R      mAP50  mAP50-95): 83% ━━━━━━━━━╸── 24/29 1.0it/s 24.4s<5.0s
Class     Images  Instances      Box(P          R      mAP50  mAP50-95): 90% ━━━━━━━━━━╸─ 26/29 1.0it/s 26.2s<2.9s
Class     Images  Instances      Box(P          R      mAP50  mAP50-95): 93% ━━━━━━━━━━━─ 27/29 1.1it/s 27.1s<1.8s
Class     Images  Instances      Box(P          R      mAP50  mAP50-95): 97% ━━━━━━━━━━━╸ 28/29 1.1it/s 28.0s<0.9s
all       3667       9609      0.929      0.901      0.924      0.629
Results saved to /mnt/dataY/ydf/projects/LADD_og/runs_public/ogsod/hbb/formal_nomosaic_20260528/baselines/rgb/rgb_yolo11n_hbb_800ep_cos_nomosaic_albu_b64_s123
[ WARN:0@80881.334] global grfmt_tiff.cpp:122 TIFF_Warning TIFFReadDirectory: Unknown field with tag 34264 (0x85d8) encountered
all       3667       9609      0.929      0.902      0.924      0.629
800 epochs completed in 22.464 hours.
YOLO11n summary (fused): 101 layers, 2,582,737 parameters, 0 gradients, 6.3 GFLOPs
[ WARN:0@80909.756] global grfmt_tiff.cpp:122 TIFF_Warning TIFFReadDirectory: Unknown field with tag 34264 (0x85d8) encountered
all       3667       9609      0.929      0.901      0.924      0.629
bridge       3315       6389      0.948      0.946      0.969      0.616
harbor        331        803      0.992      0.984      0.994      0.915
storage_tank        153       2417      0.847      0.773      0.808      0.356
Speed: 0.0ms preprocess, 0.2ms inference, 0.0ms loss, 1.5ms postprocess per image
Results saved to /mnt/dataY/ydf/projects/LADD_og/runs_public/ogsod/hbb/formal_nomosaic_20260528/baselines/rgb/rgb_yolo11n_hbb_800ep_cos_nomosaic_albu_b64_s123
