# source_log: /mnt/dataY/ydf/projects/LADD_og/logs/formal_nomosaic_20260528/baselines/rgb_yolo11x_hbb_800ep_cos_nomosaic_albu_b16_s0_gpu5.log
# source_log_size_bytes: 126823168
# note: extracted from raw log; ANSI progress control characters removed; full raw log retained on server 90.

800/800      4.08G     0.4789      0.266     0.7826         36        256: 96% ━━━━━━━━━━━╸ 882/917 4.3it/s 3:49<8.2s
800/800      4.08G     0.4788      0.266     0.7826         32        256: 96% ━━━━━━━━━━━╸ 883/917 4.6it/s 3:49<7.3s
800/800      4.08G     0.4788      0.266     0.7827         28        256: 96% ━━━━━━━━━━━╸ 884/917 4.7it/s 3:50<7.0s
800/800      4.08G     0.4792     0.2661     0.7826         45        256: 97% ━━━━━━━━━━━╸ 885/917 3.9it/s 3:50<8.2s
800/800      4.08G      0.479     0.2661     0.7826         36        256: 97% ━━━━━━━━━━━╸ 886/917 4.5it/s 3:50<7.0s
800/800      4.08G     0.4792     0.2662     0.7827         26        256: 97% ━━━━━━━━━━━╸ 887/917 4.5it/s 3:51<6.6s
800/800      4.08G     0.4797     0.2663     0.7826         74        256: 97% ━━━━━━━━━━━╸ 888/917 4.6it/s 3:51<6.3s
800/800      4.08G     0.4797     0.2664     0.7827         30        256: 97% ━━━━━━━━━━━╸ 889/917 3.9it/s 3:51<7.2s
800/800      4.08G     0.4797     0.2664     0.7826         49        256: 97% ━━━━━━━━━━━╸ 890/917 4.2it/s 3:51<6.4s
800/800      4.08G     0.4796     0.2663     0.7827         21        256: 97% ━━━━━━━━━━━╸ 891/917 4.6it/s 3:52<5.7s
800/800      4.08G     0.4797     0.2664     0.7827         47        256: 97% ━━━━━━━━━━━╸ 892/917 4.6it/s 3:52<5.4s
800/800      4.08G     0.4796     0.2663     0.7827         27        256: 97% ━━━━━━━━━━━╸ 893/917 3.9it/s 3:52<6.2s
800/800      4.08G     0.4795     0.2663     0.7827         37        256: 97% ━━━━━━━━━━━╸ 894/917 4.3it/s 3:52<5.3s
800/800      4.08G     0.4793     0.2662     0.7827         38        256: 98% ━━━━━━━━━━━╸ 895/917 4.6it/s 3:53<4.8s
800/800      4.08G     0.4792     0.2662     0.7827         40        256: 98% ━━━━━━━━━━━╸ 896/917 4.7it/s 3:53<4.5s
800/800      4.08G     0.4791     0.2661     0.7828         39        256: 98% ━━━━━━━━━━━╸ 897/917 3.9it/s 3:53<5.1s
800/800      4.08G     0.4789      0.266     0.7829         21        256: 98% ━━━━━━━━━━━╸ 898/917 4.5it/s 3:53<4.2s
800/800      4.08G     0.4789      0.266     0.7829         23        256: 98% ━━━━━━━━━━━╸ 899/917 4.7it/s 3:54<3.8s
800/800      4.08G     0.4788      0.266     0.7828         29        256: 98% ━━━━━━━━━━━╸ 900/917 4.7it/s 3:54<3.6s
800/800      4.08G     0.4787     0.2659     0.7828         34        256: 98% ━━━━━━━━━━━╸ 901/917 4.0it/s 3:54<4.0s
800/800      4.08G     0.4786     0.2659     0.7828         25        256: 98% ━━━━━━━━━━━╸ 902/917 4.4it/s 3:55<3.4s
800/800      4.08G     0.4787     0.2659     0.7828         54        256: 98% ━━━━━━━━━━━╸ 903/917 4.7it/s 3:55<3.0s
800/800      4.08G     0.4787      0.266     0.7828         28        256: 99% ━━━━━━━━━━━╸ 904/917 4.8it/s 3:55<2.7s
800/800      4.08G     0.4786     0.2659     0.7828         31        256: 99% ━━━━━━━━━━━╸ 905/917 3.9it/s 3:55<3.0s
800/800      4.08G     0.4785     0.2659     0.7828         29        256: 99% ━━━━━━━━━━━╸ 906/917 4.4it/s 3:56<2.5s
800/800      4.08G     0.4784     0.2658     0.7828         38        256: 99% ━━━━━━━━━━━╸ 907/917 4.7it/s 3:56<2.1s
800/800      4.08G     0.4786     0.2658     0.7828         45        256: 99% ━━━━━━━━━━━╸ 908/917 4.7it/s 3:56<1.9s
800/800      4.08G     0.4783     0.2657     0.7827         32        256: 99% ━━━━━━━━━━━╸ 909/917 3.9it/s 3:57<2.1s
800/800      4.08G     0.4786     0.2659     0.7828         35        256: 99% ━━━━━━━━━━━╸ 910/917 4.2it/s 3:57<1.7s
800/800      4.08G     0.4784     0.2658     0.7828         31        256: 99% ━━━━━━━━━━━╸ 911/917 4.5it/s 3:57<1.3s
800/800      4.08G     0.4783     0.2658     0.7829         29        256: 99% ━━━━━━━━━━━╸ 912/917 4.8it/s 3:57<1.0s
800/800      4.08G     0.4784     0.2658     0.7829         58        256: 100% ━━━━━━━━━━━╸ 913/917 4.0it/s 3:58<1.0s
800/800      4.08G     0.4782     0.2657     0.7829         41        256: 100% ━━━━━━━━━━━╸ 914/917 4.3it/s 3:58<0.7s
800/800      4.08G     0.4781     0.2656     0.7829         26        256: 100% ━━━━━━━━━━━╸ 915/917 4.5it/s 3:58<0.4s
800/800      4.08G     0.4779     0.2655      0.783         20        256: 100% ━━━━━━━━━━━╸ 916/917 5.1it/s 3:58<0.2s
800/800      4.08G     0.4779     0.2655      0.783         20        256: 100% ━━━━━━━━━━━━ 917/917 3.9it/s 3:58
Class     Images  Instances      Box(P          R      mAP50  mAP50-95): 5% ╸─────────── 6/115 1.5it/s 3.5s<1:12
Class     Images  Instances      Box(P          R      mAP50  mAP50-95): 10% ━─────────── 11/115 1.6it/s 6.6s<1:06
Class     Images  Instances      Box(P          R      mAP50  mAP50-95): 10% ━─────────── 12/115 1.6it/s 7.2s<1:05
Class     Images  Instances      Box(P          R      mAP50  mAP50-95): 11% ━─────────── 13/115 1.6it/s 7.9s<1:04
Class     Images  Instances      Box(P          R      mAP50  mAP50-95): 12% ━─────────── 14/115 1.6it/s 8.5s<1:03
Class     Images  Instances      Box(P          R      mAP50  mAP50-95): 14% ━╸────────── 16/115 1.7it/s 9.6s<60.0s
Class     Images  Instances      Box(P          R      mAP50  mAP50-95): 15% ━╸────────── 17/115 1.7it/s 10.2s<58.6s
Class     Images  Instances      Box(P          R      mAP50  mAP50-95): 16% ━╸────────── 18/115 1.7it/s 10.8s<56.6s
Class     Images  Instances      Box(P          R      mAP50  mAP50-95): 17% ━╸────────── 19/115 1.7it/s 11.4s<56.2s
Class     Images  Instances      Box(P          R      mAP50  mAP50-95): 17% ━━────────── 20/115 1.7it/s 12.0s<56.7s
Class     Images  Instances      Box(P          R      mAP50  mAP50-95): 18% ━━────────── 21/115 1.7it/s 12.6s<55.6s
Class     Images  Instances      Box(P          R      mAP50  mAP50-95): 19% ━━────────── 22/115 1.7it/s 13.2s<55.6s
Class     Images  Instances      Box(P          R      mAP50  mAP50-95): 20% ━━────────── 23/115 1.6it/s 13.8s<56.2s
Class     Images  Instances      Box(P          R      mAP50  mAP50-95): 21% ━━╸───────── 24/115 1.7it/s 14.4s<54.3s
Class     Images  Instances      Box(P          R      mAP50  mAP50-95): 22% ━━╸───────── 25/115 1.7it/s 15.0s<53.7s
Class     Images  Instances      Box(P          R      mAP50  mAP50-95): 23% ━━╸───────── 26/115 1.7it/s 15.6s<53.2s
Class     Images  Instances      Box(P          R      mAP50  mAP50-95): 23% ━━╸───────── 27/115 1.7it/s 16.2s<51.9s
Class     Images  Instances      Box(P          R      mAP50  mAP50-95): 24% ━━╸───────── 28/115 1.7it/s 16.7s<50.0s
Class     Images  Instances      Box(P          R      mAP50  mAP50-95): 25% ━━━───────── 29/115 1.7it/s 17.3s<50.3s[ WARN:0@313482.243] global grfmt_tiff.cpp:122 TIFF_Warning TIFFReadDirectory: Unknown field with tag 34264 (0x85d8) encountered
Class     Images  Instances      Box(P          R      mAP50  mAP50-95): 26% ━━━───────── 30/115 1.6it/s 18.0s<52.8s
Class     Images  Instances      Box(P          R      mAP50  mAP50-95): 27% ━━━───────── 31/115 1.6it/s 18.7s<54.1s
Class     Images  Instances      Box(P          R      mAP50  mAP50-95): 28% ━━━───────── 32/115 1.5it/s 19.4s<54.2s[ WARN:0@313484.351] global grfmt_tiff.cpp:122 TIFF_Warning TIFFReadDirectory: Unknown field with tag 34264 (0x85d8) encountered
Class     Images  Instances      Box(P          R      mAP50  mAP50-95): 29% ━━━───────── 33/115 1.5it/s 20.1s<54.0s
Class     Images  Instances      Box(P          R      mAP50  mAP50-95): 30% ━━━╸──────── 34/115 1.5it/s 20.8s<54.0s[ WARN:0@313485.663] global grfmt_tiff.cpp:122 TIFF_Warning TIFFReadDirectory: Unknown field with tag 34264 (0x85d8) encountered
Class     Images  Instances      Box(P          R      mAP50  mAP50-95): 30% ━━━╸──────── 35/115 1.4it/s 21.7s<58.0s
Class     Images  Instances      Box(P          R      mAP50  mAP50-95): 31% ━━━╸──────── 36/115 1.3it/s 22.6s<1:01
Class     Images  Instances      Box(P          R      mAP50  mAP50-95): 32% ━━━╸──────── 37/115 1.3it/s 23.4s<1:00
Class     Images  Instances      Box(P          R      mAP50  mAP50-95): 33% ━━━╸──────── 38/115 1.3it/s 24.1s<59.2s
Class     Images  Instances      Box(P          R      mAP50  mAP50-95): 34% ━━━━──────── 39/115 1.3it/s 24.9s<56.9s
Class     Images  Instances      Box(P          R      mAP50  mAP50-95): 35% ━━━━──────── 40/115 1.5it/s 25.4s<51.6s
Class     Images  Instances      Box(P          R      mAP50  mAP50-95): 36% ━━━━──────── 41/115 1.5it/s 26.1s<50.0s
Class     Images  Instances      Box(P          R      mAP50  mAP50-95): 37% ━━━━──────── 42/115 1.5it/s 26.7s<48.2s
Class     Images  Instances      Box(P          R      mAP50  mAP50-95): 37% ━━━━──────── 43/115 1.5it/s 27.4s<47.3s
Class     Images  Instances      Box(P          R      mAP50  mAP50-95): 38% ━━━━╸─────── 44/115 1.5it/s 28.0s<46.2s
Class     Images  Instances      Box(P          R      mAP50  mAP50-95): 39% ━━━━╸─────── 45/115 1.6it/s 28.6s<43.7s
Class     Images  Instances      Box(P          R      mAP50  mAP50-95): 40% ━━━━╸─────── 46/115 1.6it/s 29.2s<42.9s
Class     Images  Instances      Box(P          R      mAP50  mAP50-95): 41% ━━━━╸─────── 47/115 1.7it/s 29.7s<41.2s
Class     Images  Instances      Box(P          R      mAP50  mAP50-95): 42% ━━━━━─────── 48/115 1.7it/s 30.3s<40.3s
Class     Images  Instances      Box(P          R      mAP50  mAP50-95): 43% ━━━━━─────── 49/115 1.6it/s 31.0s<40.6s
Class     Images  Instances      Box(P          R      mAP50  mAP50-95): 43% ━━━━━─────── 50/115 1.6it/s 31.6s<39.9s
Class     Images  Instances      Box(P          R      mAP50  mAP50-95): 44% ━━━━━─────── 51/115 1.7it/s 32.2s<38.3s
Class     Images  Instances      Box(P          R      mAP50  mAP50-95): 45% ━━━━━─────── 52/115 1.7it/s 32.8s<37.5s
Class     Images  Instances      Box(P          R      mAP50  mAP50-95): 46% ━━━━━╸────── 53/115 1.7it/s 33.4s<37.2s
Class     Images  Instances      Box(P          R      mAP50  mAP50-95): 47% ━━━━━╸────── 54/115 1.7it/s 34.0s<36.9s
Class     Images  Instances      Box(P          R      mAP50  mAP50-95): 48% ━━━━━╸────── 55/115 1.7it/s 34.6s<36.1s
Class     Images  Instances      Box(P          R      mAP50  mAP50-95): 49% ━━━━━╸────── 56/115 1.7it/s 35.2s<35.3s
Class     Images  Instances      Box(P          R      mAP50  mAP50-95): 50% ━━━━━╸────── 57/115 1.7it/s 35.7s<34.0s
Class     Images  Instances      Box(P          R      mAP50  mAP50-95): 50% ━━━━━━────── 58/115 1.7it/s 36.3s<33.8s
Class     Images  Instances      Box(P          R      mAP50  mAP50-95): 51% ━━━━━━────── 59/115 1.7it/s 36.9s<33.3s
Class     Images  Instances      Box(P          R      mAP50  mAP50-95): 52% ━━━━━━────── 60/115 1.7it/s 37.5s<32.4s
Class     Images  Instances      Box(P          R      mAP50  mAP50-95): 53% ━━━━━━────── 61/115 1.7it/s 38.1s<32.1s
Class     Images  Instances      Box(P          R      mAP50  mAP50-95): 54% ━━━━━━────── 62/115 1.7it/s 38.7s<31.7s
Class     Images  Instances      Box(P          R      mAP50  mAP50-95): 55% ━━━━━━╸───── 63/115 1.7it/s 39.3s<30.3s
Class     Images  Instances      Box(P          R      mAP50  mAP50-95): 56% ━━━━━━╸───── 64/115 1.8it/s 39.8s<29.0s
Class     Images  Instances      Box(P          R      mAP50  mAP50-95): 57% ━━━━━━╸───── 65/115 1.7it/s 40.4s<28.6s
Class     Images  Instances      Box(P          R      mAP50  mAP50-95): 57% ━━━━━━╸───── 66/115 1.8it/s 41.0s<27.9s
Class     Images  Instances      Box(P          R      mAP50  mAP50-95): 58% ━━━━━━╸───── 67/115 1.7it/s 41.6s<28.0s
Class     Images  Instances      Box(P          R      mAP50  mAP50-95): 59% ━━━━━━━───── 68/115 1.7it/s 42.2s<27.7s
Class     Images  Instances      Box(P          R      mAP50  mAP50-95): 60% ━━━━━━━───── 69/115 1.7it/s 42.8s<27.4s
Class     Images  Instances      Box(P          R      mAP50  mAP50-95): 61% ━━━━━━━───── 70/115 1.7it/s 43.4s<26.7s
Class     Images  Instances      Box(P          R      mAP50  mAP50-95): 62% ━━━━━━━───── 71/115 1.7it/s 43.9s<25.8s
Class     Images  Instances      Box(P          R      mAP50  mAP50-95): 63% ━━━━━━━╸──── 72/115 1.6it/s 44.6s<26.3s
Class     Images  Instances      Box(P          R      mAP50  mAP50-95): 63% ━━━━━━━╸──── 73/115 1.6it/s 45.3s<26.8s
Class     Images  Instances      Box(P          R      mAP50  mAP50-95): 64% ━━━━━━━╸──── 74/115 1.5it/s 46.1s<27.7s
Class     Images  Instances      Box(P          R      mAP50  mAP50-95): 65% ━━━━━━━╸──── 75/115 1.5it/s 46.8s<26.6s
Class     Images  Instances      Box(P          R      mAP50  mAP50-95): 66% ━━━━━━━╸──── 76/115 1.5it/s 47.4s<25.4s
Class     Images  Instances      Box(P          R      mAP50  mAP50-95): 67% ━━━━━━━━──── 77/115 1.6it/s 47.9s<23.5s
Class     Images  Instances      Box(P          R      mAP50  mAP50-95): 68% ━━━━━━━━──── 78/115 1.7it/s 48.5s<22.4s
Class     Images  Instances      Box(P          R      mAP50  mAP50-95): 69% ━━━━━━━━──── 79/115 1.7it/s 49.1s<21.4s
Class     Images  Instances      Box(P          R      mAP50  mAP50-95): 70% ━━━━━━━━──── 80/115 1.7it/s 49.7s<21.1s
Class     Images  Instances      Box(P          R      mAP50  mAP50-95): 70% ━━━━━━━━──── 81/115 1.7it/s 50.2s<19.8s
Class     Images  Instances      Box(P          R      mAP50  mAP50-95): 71% ━━━━━━━━╸─── 82/115 1.7it/s 50.8s<18.9s
Class     Images  Instances      Box(P          R      mAP50  mAP50-95): 72% ━━━━━━━━╸─── 83/115 1.7it/s 51.4s<18.5s
Class     Images  Instances      Box(P          R      mAP50  mAP50-95): 73% ━━━━━━━━╸─── 84/115 1.7it/s 52.0s<18.3s
Class     Images  Instances      Box(P          R      mAP50  mAP50-95): 74% ━━━━━━━━╸─── 85/115 1.7it/s 52.6s<17.6s
Class     Images  Instances      Box(P          R      mAP50  mAP50-95): 75% ━━━━━━━━╸─── 86/115 1.7it/s 53.1s<16.7s
Class     Images  Instances      Box(P          R      mAP50  mAP50-95): 76% ━━━━━━━━━─── 87/115 1.7it/s 53.7s<16.3s
Class     Images  Instances      Box(P          R      mAP50  mAP50-95): 77% ━━━━━━━━━─── 88/115 1.7it/s 54.3s<15.8s
Class     Images  Instances      Box(P          R      mAP50  mAP50-95): 77% ━━━━━━━━━─── 89/115 1.7it/s 54.9s<15.1s
Class     Images  Instances      Box(P          R      mAP50  mAP50-95): 78% ━━━━━━━━━─── 90/115 1.7it/s 55.5s<14.7s
Class     Images  Instances      Box(P          R      mAP50  mAP50-95): 79% ━━━━━━━━━─── 91/115 1.7it/s 56.1s<13.9s
Class     Images  Instances      Box(P          R      mAP50  mAP50-95): 80% ━━━━━━━━━╸── 92/115 1.8it/s 56.6s<12.8s
Class     Images  Instances      Box(P          R      mAP50  mAP50-95): 81% ━━━━━━━━━╸── 93/115 1.9it/s 57.1s<11.7s
Class     Images  Instances      Box(P          R      mAP50  mAP50-95): 82% ━━━━━━━━━╸── 94/115 2.0it/s 57.5s<10.3s
Class     Images  Instances      Box(P          R      mAP50  mAP50-95): 83% ━━━━━━━━━╸── 95/115 2.2it/s 57.9s<9.3s
Class     Images  Instances      Box(P          R      mAP50  mAP50-95): 83% ━━━━━━━━━━── 96/115 2.3it/s 58.3s<8.4s
Class     Images  Instances      Box(P          R      mAP50  mAP50-95): 84% ━━━━━━━━━━── 97/115 2.2it/s 58.7s<8.1s
Class     Images  Instances      Box(P          R      mAP50  mAP50-95): 85% ━━━━━━━━━━── 98/115 2.3it/s 59.2s<7.5s
Class     Images  Instances      Box(P          R      mAP50  mAP50-95): 86% ━━━━━━━━━━── 99/115 2.3it/s 59.6s<6.9s
Class     Images  Instances      Box(P          R      mAP50  mAP50-95): 87% ━━━━━━━━━━── 100/115 2.3it/s 1:00<6.5s
Class     Images  Instances      Box(P          R      mAP50  mAP50-95): 88% ━━━━━━━━━━╸─ 101/115 2.2it/s 1:00<6.3s
Class     Images  Instances      Box(P          R      mAP50  mAP50-95): 89% ━━━━━━━━━━╸─ 102/115 2.3it/s 1:01<5.7s
Class     Images  Instances      Box(P          R      mAP50  mAP50-95): 90% ━━━━━━━━━━╸─ 103/115 2.2it/s 1:01<5.5s
Class     Images  Instances      Box(P          R      mAP50  mAP50-95): 90% ━━━━━━━━━━╸─ 104/115 2.0it/s 1:02<5.5s
Class     Images  Instances      Box(P          R      mAP50  mAP50-95): 91% ━━━━━━━━━━╸─ 105/115 2.0it/s 1:03<5.1s
Class     Images  Instances      Box(P          R      mAP50  mAP50-95): 92% ━━━━━━━━━━━─ 106/115 2.1it/s 1:03<4.4s
Class     Images  Instances      Box(P          R      mAP50  mAP50-95): 93% ━━━━━━━━━━━─ 107/115 2.1it/s 1:03<3.7s
Class     Images  Instances      Box(P          R      mAP50  mAP50-95): 94% ━━━━━━━━━━━─ 108/115 2.1it/s 1:04<3.3s
Class     Images  Instances      Box(P          R      mAP50  mAP50-95): 96% ━━━━━━━━━━━─ 110/115 2.3it/s 1:05<2.2s
Class     Images  Instances      Box(P          R      mAP50  mAP50-95): 97% ━━━━━━━━━━━╸ 111/115 2.3it/s 1:05<1.7s
Class     Images  Instances      Box(P          R      mAP50  mAP50-95): 97% ━━━━━━━━━━━╸ 112/115 2.3it/s 1:06<1.3s
Class     Images  Instances      Box(P          R      mAP50  mAP50-95): 99% ━━━━━━━━━━━╸ 114/115 2.4it/s 1:06<0.4s
all       3667       9609      0.939      0.919       0.94      0.658
Optimizer stripped from /mnt/dataY/ydf/projects/LADD_og/runs_public/ogsod/hbb/formal_nomosaic_20260528/baselines/rgb/rgb_yolo11x_hbb_800ep_cos_nomosaic_albu_b16_s0/weights/last.pt, 114.5MB
Optimizer stripped from /mnt/dataY/ydf/projects/LADD_og/runs_public/ogsod/hbb/formal_nomosaic_20260528/baselines/rgb/rgb_yolo11x_hbb_800ep_cos_nomosaic_albu_b16_s0/weights/best.pt, 114.5MB
Validating /mnt/dataY/ydf/projects/LADD_og/runs_public/ogsod/hbb/formal_nomosaic_20260528/baselines/rgb/rgb_yolo11x_hbb_800ep_cos_nomosaic_albu_b16_s0/weights/best.pt...
Class     Images  Instances      Box(P          R      mAP50  mAP50-95): 5% ╸─────────── 6/115 1.3it/s 4.2s<1:23
Class     Images  Instances      Box(P          R      mAP50  mAP50-95): 6% ╸─────────── 7/115 1.4it/s 4.8s<1:15
Class     Images  Instances      Box(P          R      mAP50  mAP50-95): 7% ╸─────────── 8/115 1.5it/s 5.4s<1:11
Class     Images  Instances      Box(P          R      mAP50  mAP50-95): 8% ╸─────────── 9/115 1.5it/s 6.0s<1:10
Class     Images  Instances      Box(P          R      mAP50  mAP50-95): 9% ━─────────── 10/115 1.6it/s 6.6s<1:07
Class     Images  Instances      Box(P          R      mAP50  mAP50-95): 10% ━─────────── 11/115 1.6it/s 7.3s<1:07
Class     Images  Instances      Box(P          R      mAP50  mAP50-95): 10% ━─────────── 12/115 1.6it/s 7.8s<1:04
Class     Images  Instances      Box(P          R      mAP50  mAP50-95): 11% ━─────────── 13/115 1.6it/s 8.4s<1:02
Class     Images  Instances      Box(P          R      mAP50  mAP50-95): 12% ━─────────── 14/115 1.6it/s 9.1s<1:03
Class     Images  Instances      Box(P          R      mAP50  mAP50-95): 13% ━╸────────── 15/115 1.6it/s 9.7s<1:01
Class     Images  Instances      Box(P          R      mAP50  mAP50-95): 14% ━╸────────── 16/115 1.6it/s 10.3s<1:02
Class     Images  Instances      Box(P          R      mAP50  mAP50-95): 15% ━╸────────── 17/115 1.6it/s 10.9s<59.5s
Class     Images  Instances      Box(P          R      mAP50  mAP50-95): 16% ━╸────────── 18/115 1.6it/s 11.5s<59.5s
Class     Images  Instances      Box(P          R      mAP50  mAP50-95): 17% ━╸────────── 19/115 1.7it/s 12.1s<57.8s
Class     Images  Instances      Box(P          R      mAP50  mAP50-95): 17% ━━────────── 20/115 1.7it/s 12.7s<56.7s
Class     Images  Instances      Box(P          R      mAP50  mAP50-95): 18% ━━────────── 21/115 1.6it/s 13.3s<57.3s
Class     Images  Instances      Box(P          R      mAP50  mAP50-95): 19% ━━────────── 22/115 1.7it/s 13.9s<55.7s
Class     Images  Instances      Box(P          R      mAP50  mAP50-95): 20% ━━────────── 23/115 1.6it/s 14.5s<56.3s
Class     Images  Instances      Box(P          R      mAP50  mAP50-95): 21% ━━╸───────── 24/115 1.6it/s 15.1s<55.3s
Class     Images  Instances      Box(P          R      mAP50  mAP50-95): 22% ━━╸───────── 25/115 1.7it/s 15.7s<54.3s
Class     Images  Instances      Box(P          R      mAP50  mAP50-95): 23% ━━╸───────── 26/115 1.6it/s 16.4s<54.8s
Class     Images  Instances      Box(P          R      mAP50  mAP50-95): 23% ━━╸───────── 27/115 1.6it/s 17.0s<53.6s
Class     Images  Instances      Box(P          R      mAP50  mAP50-95): 24% ━━╸───────── 28/115 1.6it/s 17.6s<53.6s
Class     Images  Instances      Box(P          R      mAP50  mAP50-95): 25% ━━━───────── 29/115 1.6it/s 18.2s<52.8s[ WARN:0@313557.467] global grfmt_tiff.cpp:122 TIFF_Warning TIFFReadDirectory: Unknown field with tag 34264 (0x85d8) encountered
Class     Images  Instances      Box(P          R      mAP50  mAP50-95): 26% ━━━───────── 30/115 1.6it/s 18.8s<51.7s
Class     Images  Instances      Box(P          R      mAP50  mAP50-95): 27% ━━━───────── 31/115 1.6it/s 19.5s<52.2s
Class     Images  Instances      Box(P          R      mAP50  mAP50-95): 28% ━━━───────── 32/115 1.6it/s 20.1s<50.9s[ WARN:0@313559.310] global grfmt_tiff.cpp:122 TIFF_Warning TIFFReadDirectory: Unknown field with tag 34264 (0x85d8) encountered
Class     Images  Instances      Box(P          R      mAP50  mAP50-95): 29% ━━━───────── 33/115 1.6it/s 20.7s<51.3s
Class     Images  Instances      Box(P          R      mAP50  mAP50-95): 30% ━━━╸──────── 34/115 1.6it/s 21.3s<49.5s[ WARN:0@313560.507] global grfmt_tiff.cpp:122 TIFF_Warning TIFFReadDirectory: Unknown field with tag 34264 (0x85d8) encountered
Class     Images  Instances      Box(P          R      mAP50  mAP50-95): 30% ━━━╸──────── 35/115 1.7it/s 21.9s<48.3s
Class     Images  Instances      Box(P          R      mAP50  mAP50-95): 31% ━━━╸──────── 36/115 1.6it/s 22.5s<48.7s
Class     Images  Instances      Box(P          R      mAP50  mAP50-95): 32% ━━━╸──────── 37/115 1.6it/s 23.1s<47.4s
Class     Images  Instances      Box(P          R      mAP50  mAP50-95): 33% ━━━╸──────── 38/115 1.6it/s 23.8s<47.7s
Class     Images  Instances      Box(P          R      mAP50  mAP50-95): 34% ━━━━──────── 39/115 1.6it/s 24.4s<46.8s
Class     Images  Instances      Box(P          R      mAP50  mAP50-95): 35% ━━━━──────── 40/115 1.6it/s 25.0s<46.3s
Class     Images  Instances      Box(P          R      mAP50  mAP50-95): 36% ━━━━──────── 41/115 1.6it/s 25.7s<47.4s
Class     Images  Instances      Box(P          R      mAP50  mAP50-95): 37% ━━━━──────── 42/115 1.6it/s 26.3s<46.2s
Class     Images  Instances      Box(P          R      mAP50  mAP50-95): 37% ━━━━──────── 43/115 1.6it/s 26.9s<44.3s
Class     Images  Instances      Box(P          R      mAP50  mAP50-95): 38% ━━━━╸─────── 44/115 1.5it/s 27.8s<48.1s
Class     Images  Instances      Box(P          R      mAP50  mAP50-95): 39% ━━━━╸─────── 45/115 1.4it/s 28.7s<51.5s
Class     Images  Instances      Box(P          R      mAP50  mAP50-95): 40% ━━━━╸─────── 46/115 1.3it/s 29.6s<53.9s
Class     Images  Instances      Box(P          R      mAP50  mAP50-95): 41% ━━━━╸─────── 47/115 1.2it/s 30.6s<56.7s
Class     Images  Instances      Box(P          R      mAP50  mAP50-95): 42% ━━━━━─────── 48/115 1.1it/s 31.9s<1:03
Class     Images  Instances      Box(P          R      mAP50  mAP50-95): 43% ━━━━━─────── 49/115 1.1it/s 32.9s<1:03
Class     Images  Instances      Box(P          R      mAP50  mAP50-95): 43% ━━━━━─────── 50/115 1.1it/s 33.8s<1:00
Class     Images  Instances      Box(P          R      mAP50  mAP50-95): 44% ━━━━━─────── 51/115 1.1it/s 34.7s<58.8s
Class     Images  Instances      Box(P          R      mAP50  mAP50-95): 45% ━━━━━─────── 52/115 1.1it/s 35.6s<58.1s
Class     Images  Instances      Box(P          R      mAP50  mAP50-95): 46% ━━━━━╸────── 53/115 1.1it/s 36.5s<56.7s
Class     Images  Instances      Box(P          R      mAP50  mAP50-95): 47% ━━━━━╸────── 54/115 1.1it/s 37.4s<55.5s
Class     Images  Instances      Box(P          R      mAP50  mAP50-95): 48% ━━━━━╸────── 55/115 1.1it/s 38.3s<53.5s
Class     Images  Instances      Box(P          R      mAP50  mAP50-95): 49% ━━━━━╸────── 56/115 1.1it/s 39.1s<52.3s
Class     Images  Instances      Box(P          R      mAP50  mAP50-95): 50% ━━━━━╸────── 57/115 1.1it/s 40.0s<51.2s
Class     Images  Instances      Box(P          R      mAP50  mAP50-95): 50% ━━━━━━────── 58/115 1.1it/s 40.9s<50.5s
Class     Images  Instances      Box(P          R      mAP50  mAP50-95): 51% ━━━━━━────── 59/115 1.1it/s 41.8s<49.7s
Class     Images  Instances      Box(P          R      mAP50  mAP50-95): 52% ━━━━━━────── 60/115 1.1it/s 42.7s<49.1s
Class     Images  Instances      Box(P          R      mAP50  mAP50-95): 53% ━━━━━━────── 61/115 1.1it/s 43.6s<48.8s
Class     Images  Instances      Box(P          R      mAP50  mAP50-95): 54% ━━━━━━────── 62/115 1.1it/s 44.7s<49.7s
Class     Images  Instances      Box(P          R      mAP50  mAP50-95): 55% ━━━━━━╸───── 63/115 1.0it/s 45.7s<50.8s
Class     Images  Instances      Box(P          R      mAP50  mAP50-95): 56% ━━━━━━╸───── 64/115 1.0it/s 46.8s<50.4s
Class     Images  Instances      Box(P          R      mAP50  mAP50-95): 57% ━━━━━━╸───── 65/115 1.0it/s 47.7s<49.1s
Class     Images  Instances      Box(P          R      mAP50  mAP50-95): 57% ━━━━━━╸───── 66/115 1.0it/s 48.7s<47.8s
Class     Images  Instances      Box(P          R      mAP50  mAP50-95): 58% ━━━━━━╸───── 67/115 1.0it/s 49.6s<45.8s
Class     Images  Instances      Box(P          R      mAP50  mAP50-95): 59% ━━━━━━━───── 68/115 1.1it/s 50.5s<44.7s
Class     Images  Instances      Box(P          R      mAP50  mAP50-95): 60% ━━━━━━━───── 69/115 1.1it/s 51.4s<42.9s
Class     Images  Instances      Box(P          R      mAP50  mAP50-95): 61% ━━━━━━━───── 70/115 1.1it/s 52.4s<42.6s
Class     Images  Instances      Box(P          R      mAP50  mAP50-95): 62% ━━━━━━━───── 71/115 1.0it/s 53.4s<42.0s
Class     Images  Instances      Box(P          R      mAP50  mAP50-95): 63% ━━━━━━━╸──── 72/115 1.0it/s 54.3s<41.0s
Class     Images  Instances      Box(P          R      mAP50  mAP50-95): 63% ━━━━━━━╸──── 73/115 1.0s/it 55.6s<43.2s
Class     Images  Instances      Box(P          R      mAP50  mAP50-95): 64% ━━━━━━━╸──── 74/115 1.1s/it 56.9s<44.9s
Class     Images  Instances      Box(P          R      mAP50  mAP50-95): 65% ━━━━━━━╸──── 75/115 1.1s/it 57.9s<43.3s
Class     Images  Instances      Box(P          R      mAP50  mAP50-95): 66% ━━━━━━━╸──── 76/115 1.0s/it 58.9s<40.8s
Class     Images  Instances      Box(P          R      mAP50  mAP50-95): 67% ━━━━━━━━──── 77/115 1.0s/it 59.8s<38.3s
Class     Images  Instances      Box(P          R      mAP50  mAP50-95): 68% ━━━━━━━━──── 78/115 1.0it/s 1:01<36.1s
Class     Images  Instances      Box(P          R      mAP50  mAP50-95): 69% ━━━━━━━━──── 79/115 1.0it/s 1:02<34.3s
Class     Images  Instances      Box(P          R      mAP50  mAP50-95): 70% ━━━━━━━━──── 80/115 1.1it/s 1:03<33.3s
Class     Images  Instances      Box(P          R      mAP50  mAP50-95): 70% ━━━━━━━━──── 81/115 1.1it/s 1:04<31.9s
Class     Images  Instances      Box(P          R      mAP50  mAP50-95): 71% ━━━━━━━━╸─── 82/115 1.1it/s 1:04<30.5s
Class     Images  Instances      Box(P          R      mAP50  mAP50-95): 72% ━━━━━━━━╸─── 83/115 1.1it/s 1:05<28.8s
Class     Images  Instances      Box(P          R      mAP50  mAP50-95): 73% ━━━━━━━━╸─── 84/115 1.1it/s 1:06<27.2s
Class     Images  Instances      Box(P          R      mAP50  mAP50-95): 74% ━━━━━━━━╸─── 85/115 1.2it/s 1:07<26.1s
Class     Images  Instances      Box(P          R      mAP50  mAP50-95): 75% ━━━━━━━━╸─── 86/115 1.2it/s 1:08<25.1s
Class     Images  Instances      Box(P          R      mAP50  mAP50-95): 76% ━━━━━━━━━─── 87/115 1.2it/s 1:09<24.1s
Class     Images  Instances      Box(P          R      mAP50  mAP50-95): 77% ━━━━━━━━━─── 88/115 1.2it/s 1:10<23.4s
Class     Images  Instances      Box(P          R      mAP50  mAP50-95): 77% ━━━━━━━━━─── 89/115 1.1it/s 1:10<23.1s
Class     Images  Instances      Box(P          R      mAP50  mAP50-95): 78% ━━━━━━━━━─── 90/115 1.1it/s 1:12<23.4s
Class     Images  Instances      Box(P          R      mAP50  mAP50-95): 79% ━━━━━━━━━─── 91/115 1.1it/s 1:12<22.7s
Class     Images  Instances      Box(P          R      mAP50  mAP50-95): 80% ━━━━━━━━━╸── 92/115 1.0it/s 1:14<22.7s
Class     Images  Instances      Box(P          R      mAP50  mAP50-95): 81% ━━━━━━━━━╸── 93/115 1.0s/it 1:15<22.4s
Class     Images  Instances      Box(P          R      mAP50  mAP50-95): 82% ━━━━━━━━━╸── 94/115 1.0s/it 1:16<21.5s
Class     Images  Instances      Box(P          R      mAP50  mAP50-95): 83% ━━━━━━━━━╸── 95/115 1.0s/it 1:17<20.0s
Class     Images  Instances      Box(P          R      mAP50  mAP50-95): 83% ━━━━━━━━━━── 96/115 1.0it/s 1:18<18.2s
Class     Images  Instances      Box(P          R      mAP50  mAP50-95): 84% ━━━━━━━━━━── 97/115 1.1it/s 1:18<17.0s
Class     Images  Instances      Box(P          R      mAP50  mAP50-95): 85% ━━━━━━━━━━── 98/115 1.1it/s 1:19<15.6s
Class     Images  Instances      Box(P          R      mAP50  mAP50-95): 86% ━━━━━━━━━━── 99/115 1.1it/s 1:20<14.4s
Class     Images  Instances      Box(P          R      mAP50  mAP50-95): 87% ━━━━━━━━━━── 100/115 1.1it/s 1:21<13.2s
Class     Images  Instances      Box(P          R      mAP50  mAP50-95): 88% ━━━━━━━━━━╸─ 101/115 1.2it/s 1:22<12.1s
Class     Images  Instances      Box(P          R      mAP50  mAP50-95): 89% ━━━━━━━━━━╸─ 102/115 1.2it/s 1:23<11.1s
Class     Images  Instances      Box(P          R      mAP50  mAP50-95): 90% ━━━━━━━━━━╸─ 103/115 1.2it/s 1:23<10.1s
Class     Images  Instances      Box(P          R      mAP50  mAP50-95): 90% ━━━━━━━━━━╸─ 104/115 1.2it/s 1:24<9.3s
Class     Images  Instances      Box(P          R      mAP50  mAP50-95): 91% ━━━━━━━━━━╸─ 105/115 1.2it/s 1:25<8.5s
Class     Images  Instances      Box(P          R      mAP50  mAP50-95): 92% ━━━━━━━━━━━─ 106/115 1.2it/s 1:26<7.5s
Class     Images  Instances      Box(P          R      mAP50  mAP50-95): 93% ━━━━━━━━━━━─ 107/115 1.2it/s 1:27<6.6s
Class     Images  Instances      Box(P          R      mAP50  mAP50-95): 94% ━━━━━━━━━━━─ 108/115 1.2it/s 1:28<5.8s
Class     Images  Instances      Box(P          R      mAP50  mAP50-95): 95% ━━━━━━━━━━━─ 109/115 1.2it/s 1:28<5.0s
Class     Images  Instances      Box(P          R      mAP50  mAP50-95): 96% ━━━━━━━━━━━─ 110/115 1.2it/s 1:29<4.1s
Class     Images  Instances      Box(P          R      mAP50  mAP50-95): 97% ━━━━━━━━━━━╸ 111/115 1.2it/s 1:30<3.3s
Class     Images  Instances      Box(P          R      mAP50  mAP50-95): 97% ━━━━━━━━━━━╸ 112/115 1.2it/s 1:31<2.5s
Class     Images  Instances      Box(P          R      mAP50  mAP50-95): 98% ━━━━━━━━━━━╸ 113/115 1.2it/s 1:32<1.7s
Class     Images  Instances      Box(P          R      mAP50  mAP50-95): 99% ━━━━━━━━━━━╸ 114/115 1.2it/s 1:33<0.8s
Class     Images  Instances      Box(P          R      mAP50  mAP50-95): 100% ━━━━━━━━━━━━ 115/115 1.2it/s 1:33
all       3667       9609      0.952      0.932      0.953      0.683
Results saved to /mnt/dataY/ydf/projects/LADD_og/runs_public/ogsod/hbb/formal_nomosaic_20260528/baselines/rgb/rgb_yolo11x_hbb_800ep_cos_nomosaic_albu_b16_s0
all       3667       9609      0.952      0.932      0.953      0.683
bridge       3315       6389      0.961      0.964      0.983      0.667
harbor        331        803      0.995      0.994      0.995      0.939
storage_tank        153       2417        0.9      0.839       0.88      0.443
Speed: 0.1ms preprocess, 2.5ms inference, 0.0ms loss, 4.0ms postprocess per image
Results saved to /mnt/dataY/ydf/projects/LADD_og/runs_public/ogsod/hbb/formal_nomosaic_20260528/baselines/rgb/rgb_yolo11x_hbb_800ep_cos_nomosaic_albu_b16_s0
