# source_log: /mnt/dataY/ydf/projects/LADD_og/logs/formal_nomosaic_20260528/baselines/rgb_yolo11n_hbb_800ep_cos_nomosaic_albu_b64_s42_gpu5.log
# source_log_size_bytes: 33783947
# note: extracted from raw log; ANSI progress control characters removed; full raw log retained on server 90.

800/800      2.53G     0.8494     0.4069     0.8089        175        256: 13% ━╸────────── 31/230 3.1it/s 10.1s<1:03
800/800      2.53G     0.8518     0.4086      0.808        138        256: 14% ━╸────────── 32/230 3.1it/s 10.4s<1:03
800/800      2.53G     0.8521     0.4082     0.8086        145        256: 14% ━╸────────── 33/230 3.2it/s 10.7s<1:02
800/800      2.53G     0.8474     0.4065     0.8085        120        256: 15% ━╸────────── 34/230 3.2it/s 11.0s<1:02
800/800      2.53G     0.8486     0.4059     0.8082        187        256: 15% ━╸────────── 35/230 3.2it/s 11.3s<1:01
800/800      2.53G      0.848     0.4061      0.808        170        256: 16% ━╸────────── 36/230 3.2it/s 11.6s<1:00[ WARN:0@182012.099] global grfmt_tiff.cpp:122 TIFF_Warning TIFFReadDirectory: Unknown field with tag 34264 (0x85d8) encountered
800/800      2.53G     0.8499     0.4072     0.8074        174        256: 16% ━╸────────── 37/230 3.3it/s 11.9s<59.2s
800/800      2.53G     0.8471     0.4061     0.8068        133        256: 17% ━╸────────── 38/230 3.2it/s 12.2s<1:00
800/800      2.53G      0.846     0.4061     0.8074        117        256: 17% ━━────────── 39/230 3.2it/s 12.6s<59.6s
800/800      2.53G     0.8447      0.406     0.8069        122        256: 17% ━━────────── 40/230 3.2it/s 12.9s<59.2s
800/800      2.53G     0.8432     0.4054     0.8065        143        256: 18% ━━────────── 41/230 3.2it/s 13.2s<59.0s
800/800      2.53G     0.8445     0.4058     0.8066        138        256: 18% ━━────────── 42/230 3.1it/s 13.5s<1:00
800/800      2.53G      0.844     0.4057     0.8062        126        256: 19% ━━────────── 43/230 3.1it/s 13.9s<1:00
800/800      2.53G     0.8386     0.4044     0.8063        113        256: 19% ━━────────── 44/230 3.1it/s 14.2s<59.1s
800/800      2.53G     0.8427     0.4059     0.8061        151        256: 20% ━━────────── 45/230 3.2it/s 14.5s<58.3s
800/800      2.53G     0.8428     0.4059     0.8065        117        256: 20% ━━────────── 46/230 3.2it/s 14.8s<57.2s
800/800      2.53G      0.847     0.4065     0.8064        163        256: 20% ━━────────── 47/230 3.2it/s 15.1s<57.0s
800/800      2.53G     0.8451     0.4059     0.8061        127        256: 21% ━━╸───────── 48/230 3.2it/s 15.4s<57.3s
800/800      2.53G     0.8446      0.406     0.8064        140        256: 21% ━━╸───────── 49/230 3.1it/s 15.7s<58.3s
800/800      2.53G     0.8412     0.4047     0.8059        127        256: 22% ━━╸───────── 50/230 3.1it/s 16.1s<57.2s
800/800      2.53G     0.8408     0.4046      0.806        139        256: 22% ━━╸───────── 51/230 3.2it/s 16.4s<56.5s
800/800      2.53G     0.8419     0.4049     0.8061        146        256: 23% ━━╸───────── 52/230 3.2it/s 16.7s<55.9s
800/800      2.53G     0.8429      0.405     0.8063        144        256: 23% ━━╸───────── 53/230 3.0it/s 17.1s<58.6s
800/800      2.53G     0.8508     0.4076     0.8059        250        256: 23% ━━╸───────── 54/230 3.1it/s 17.4s<57.5s
800/800      2.53G     0.8527     0.4079     0.8057        199        256: 24% ━━╸───────── 55/230 3.1it/s 17.7s<56.4s[ WARN:0@182018.155] global grfmt_tiff.cpp:122 TIFF_Warning TIFFReadDirectory: Unknown field with tag 34264 (0x85d8) encountered
800/800      2.53G     0.8527     0.4081     0.8058        139        256: 24% ━━╸───────── 56/230 3.1it/s 18.0s<56.7s
800/800      2.53G     0.8554     0.4089     0.8057        221        256: 25% ━━╸───────── 57/230 3.0it/s 18.4s<56.8s[ WARN:0@182018.689] global grfmt_tiff.cpp:122 TIFF_Warning TIFFReadDirectory: Unknown field with tag 34264 (0x85d8) encountered
800/800      2.53G     0.8579     0.4099      0.806        151        256: 25% ━━━───────── 58/230 3.1it/s 18.7s<55.5s
800/800      2.53G      0.857     0.4096      0.806        117        256: 26% ━━━───────── 59/230 3.1it/s 19.0s<54.4s
800/800      2.53G     0.8562     0.4095     0.8059        107        256: 26% ━━━───────── 60/230 3.2it/s 19.3s<53.4s[ WARN:0@182019.619] global grfmt_tiff.cpp:122 TIFF_Warning TIFFReadDirectory: Unknown field with tag 34264 (0x85d8) encountered
800/800      2.53G     0.8577     0.4096     0.8058        196        256: 27% ━━━───────── 61/230 3.1it/s 19.6s<54.0s
800/800      2.53G     0.8596     0.4102     0.8061        181        256: 27% ━━━───────── 62/230 3.2it/s 19.9s<53.0s
800/800      2.53G     0.8614     0.4108     0.8061        215        256: 27% ━━━───────── 63/230 3.2it/s 20.2s<52.9s
800/800      2.53G     0.8608     0.4108     0.8063        121        256: 28% ━━━───────── 64/230 3.2it/s 20.6s<52.6s
800/800      2.53G     0.8623     0.4114     0.8063        191        256: 28% ━━━───────── 65/230 3.2it/s 20.9s<51.9s[ WARN:0@182021.255] global grfmt_tiff.cpp:122 TIFF_Warning TIFFReadDirectory: Unknown field with tag 34264 (0x85d8) encountered
800/800      2.53G     0.8635     0.4118     0.8063        163        256: 29% ━━━───────── 66/230 3.2it/s 21.2s<51.5s
800/800      2.53G     0.8644     0.4119     0.8062        196        256: 29% ━━━───────── 67/230 3.2it/s 21.5s<50.4s
800/800      2.53G     0.8653      0.412     0.8066        146        256: 30% ━━━╸──────── 68/230 3.2it/s 21.8s<51.0s
800/800      2.53G     0.8677     0.4132     0.8064        220        256: 30% ━━━╸──────── 69/230 3.2it/s 22.1s<51.0s
800/800      2.53G     0.8681     0.4136     0.8064        130        256: 30% ━━━╸──────── 70/230 3.1it/s 22.5s<52.1s
800/800      2.53G     0.8653     0.4128     0.8061        109        256: 31% ━━━╸──────── 71/230 3.1it/s 22.8s<50.9s
800/800      2.53G     0.8641     0.4126     0.8065        121        256: 31% ━━━╸──────── 72/230 3.1it/s 23.1s<51.2s
800/800      2.53G     0.8626     0.4118     0.8066        117        256: 32% ━━━╸──────── 73/230 3.1it/s 23.4s<51.4s
800/800      2.53G     0.8621     0.4115     0.8071        116        256: 32% ━━━╸──────── 74/230 3.1it/s 23.8s<50.2s
800/800      2.53G     0.8636     0.4122     0.8073        136        256: 33% ━━━╸──────── 75/230 3.2it/s 24.1s<49.0s
800/800      2.53G      0.862     0.4117      0.807        125        256: 33% ━━━╸──────── 76/230 3.1it/s 24.4s<50.0s
800/800      2.53G      0.861     0.4116     0.8068        115        256: 33% ━━━━──────── 77/230 3.1it/s 24.7s<49.4s
800/800      2.53G     0.8638     0.4124     0.8068        160        256: 34% ━━━━──────── 78/230 3.1it/s 25.0s<48.3s
800/800      2.53G     0.8632      0.412     0.8069        115        256: 34% ━━━━──────── 79/230 3.2it/s 25.3s<47.1s
800/800      2.53G     0.8631     0.4119     0.8074        147        256: 35% ━━━━──────── 80/230 3.2it/s 25.7s<47.3s
800/800      2.53G     0.8629     0.4122      0.807        172        256: 35% ━━━━──────── 81/230 3.2it/s 26.0s<47.1s[ WARN:0@182026.332] global grfmt_tiff.cpp:122 TIFF_Warning TIFFReadDirectory: Unknown field with tag 34264 (0x85d8) encountered
800/800      2.53G     0.8623     0.4118     0.8071        164        256: 36% ━━━━──────── 82/230 3.2it/s 26.3s<46.5s
800/800      2.53G     0.8641     0.4123     0.8071        194        256: 36% ━━━━──────── 83/230 3.2it/s 26.6s<46.1s
800/800      2.53G     0.8663     0.4131     0.8078        128        256: 37% ━━━━──────── 84/230 3.2it/s 26.9s<45.8s
800/800      2.53G     0.8639     0.4122     0.8083        109        256: 37% ━━━━──────── 85/230 3.2it/s 27.2s<45.7s
800/800      2.53G     0.8654     0.4128     0.8084        152        256: 37% ━━━━──────── 86/230 3.1it/s 27.6s<45.9s
800/800      2.53G     0.8675     0.4131     0.8082        245        256: 38% ━━━━╸─────── 87/230 3.1it/s 27.9s<46.7s
800/800      2.53G     0.8686     0.4133      0.808        140        256: 38% ━━━━╸─────── 88/230 3.1it/s 28.2s<46.2s[ WARN:0@182028.615] global grfmt_tiff.cpp:122 TIFF_Warning TIFFReadDirectory: Unknown field with tag 34264 (0x85d8) encountered
800/800      2.53G     0.8676     0.4128      0.808        169        256: 39% ━━━━╸─────── 89/230 3.1it/s 28.5s<45.0s
800/800      2.53G     0.8671     0.4128     0.8082        187        256: 39% ━━━━╸─────── 90/230 3.2it/s 28.8s<44.2s
800/800      2.53G     0.8659     0.4124     0.8085        110        256: 40% ━━━━╸─────── 91/230 3.0it/s 29.2s<45.8s
800/800      2.53G     0.8645     0.4118     0.8083        141        256: 40% ━━━━╸─────── 92/230 3.1it/s 29.5s<45.1s
800/800      2.53G     0.8644     0.4116     0.8085        121        256: 40% ━━━━╸─────── 93/230 3.1it/s 29.8s<44.3s
800/800      2.53G     0.8647     0.4118     0.8087        126        256: 41% ━━━━╸─────── 94/230 3.2it/s 30.1s<43.0s
800/800      2.53G     0.8646     0.4116     0.8089        160        256: 41% ━━━━╸─────── 95/230 3.2it/s 30.5s<42.4s
800/800      2.53G     0.8661     0.4121      0.809        149        256: 42% ━━━━━─────── 96/230 3.2it/s 30.8s<41.6s
800/800      2.53G     0.8667     0.4121     0.8094        127        256: 42% ━━━━━─────── 97/230 3.2it/s 31.1s<42.0s
800/800      2.53G     0.8668     0.4121     0.8096        149        256: 43% ━━━━━─────── 98/230 3.2it/s 31.4s<41.3s
800/800      2.53G     0.8653     0.4116     0.8097        116        256: 43% ━━━━━─────── 99/230 3.3it/s 31.7s<40.2s
800/800      2.53G     0.8652     0.4115     0.8094        164        256: 43% ━━━━━─────── 100/230 3.2it/s 32.0s<40.5s[ WARN:0@182032.350] global grfmt_tiff.cpp:122 TIFF_Warning TIFFReadDirectory: Unknown field with tag 34264 (0x85d8) encountered
800/800      2.53G     0.8656     0.4118     0.8094        135        256: 44% ━━━━━─────── 101/230 3.1it/s 32.3s<41.2s
800/800      2.53G     0.8661     0.4122     0.8092        167        256: 44% ━━━━━─────── 102/230 3.1it/s 32.7s<41.8s
800/800      2.53G      0.866     0.4122     0.8092        167        256: 45% ━━━━━─────── 103/230 3.1it/s 33.0s<40.9s
800/800      2.53G     0.8643     0.4119     0.8093        115        256: 45% ━━━━━─────── 104/230 3.1it/s 33.3s<40.1s
800/800      2.53G     0.8638     0.4117     0.8092        132        256: 46% ━━━━━─────── 105/230 3.2it/s 33.6s<39.3s
800/800      2.53G     0.8652     0.4125     0.8095        158        256: 46% ━━━━━╸────── 106/230 3.1it/s 34.0s<40.0s
800/800      2.53G     0.8635     0.4118     0.8096        132        256: 47% ━━━━━╸────── 107/230 3.2it/s 34.3s<38.9s
800/800      2.53G     0.8634     0.4121     0.8097        109        256: 47% ━━━━━╸────── 108/230 3.2it/s 34.6s<38.2s
800/800      2.53G     0.8642     0.4122     0.8096        137        256: 47% ━━━━━╸────── 109/230 3.2it/s 34.9s<37.7s
800/800      2.53G     0.8646     0.4125     0.8096        180        256: 48% ━━━━━╸────── 110/230 3.2it/s 35.2s<37.3s
800/800      2.53G     0.8645     0.4126     0.8099        153        256: 48% ━━━━━╸────── 111/230 3.2it/s 35.5s<36.6s
800/800      2.53G     0.8638     0.4123     0.8098        132        256: 49% ━━━━━╸────── 112/230 3.3it/s 35.8s<36.1s[ WARN:0@182036.074] global grfmt_tiff.cpp:122 TIFF_Warning TIFFReadDirectory: Unknown field with tag 34264 (0x85d8) encountered
800/800      2.53G     0.8651     0.4126     0.8096        235        256: 49% ━━━━━╸────── 113/230 3.3it/s 36.1s<35.5s
800/800      2.53G     0.8639     0.4122     0.8096        118        256: 50% ━━━━━╸────── 114/230 3.3it/s 36.4s<35.3s
800/800      2.53G     0.8637     0.4123     0.8097        115        256: 50% ━━━━━━────── 115/230 3.2it/s 36.7s<35.5s
800/800      2.53G     0.8637     0.4125     0.8094        128        256: 50% ━━━━━━────── 116/230 3.3it/s 37.0s<34.9s
800/800      2.53G     0.8634     0.4123     0.8093        138        256: 51% ━━━━━━────── 117/230 3.2it/s 37.3s<35.1s
800/800      2.53G     0.8621      0.412      0.809        118        256: 51% ━━━━━━────── 118/230 3.2it/s 37.6s<35.0s[ WARN:0@182038.062] global grfmt_tiff.cpp:122 TIFF_Warning TIFFReadDirectory: Unknown field with tag 34264 (0x85d8) encountered
800/800      2.53G     0.8611     0.4117     0.8091        147        256: 52% ━━━━━━────── 119/230 3.2it/s 37.9s<34.2s
800/800      2.53G     0.8609     0.4115     0.8093        179        256: 52% ━━━━━━────── 120/230 3.2it/s 38.3s<34.2s
800/800      2.53G     0.8608     0.4115     0.8094        163        256: 53% ━━━━━━────── 121/230 3.2it/s 38.6s<34.5s
800/800      2.53G     0.8611     0.4115     0.8091        143        256: 53% ━━━━━━────── 122/230 3.0it/s 39.0s<35.5s
800/800      2.53G     0.8614     0.4115     0.8091        236        256: 53% ━━━━━━────── 123/230 3.0it/s 39.3s<35.2s
800/800      2.53G     0.8605     0.4113     0.8092        125        256: 54% ━━━━━━────── 124/230 3.0it/s 39.6s<34.8s[ WARN:0@182040.088] global grfmt_tiff.cpp:122 TIFF_Warning TIFFReadDirectory: Unknown field with tag 34264 (0x85d8) encountered
800/800      2.53G      0.861     0.4117     0.8092        129        256: 54% ━━━━━━╸───── 125/230 3.0it/s 40.0s<35.2s
800/800      2.53G     0.8597     0.4112     0.8092        117        256: 55% ━━━━━━╸───── 126/230 2.8it/s 40.4s<36.6s
800/800      2.53G     0.8603     0.4114     0.8091        166        256: 55% ━━━━━━╸───── 127/230 2.8it/s 40.7s<36.3s
800/800      2.53G     0.8597     0.4111     0.8089        136        256: 56% ━━━━━━╸───── 128/230 2.8it/s 41.1s<36.0s
800/800      2.53G     0.8597     0.4111     0.8087        134        256: 56% ━━━━━━╸───── 129/230 2.8it/s 41.4s<35.9s
800/800      2.53G     0.8593     0.4111     0.8087        119        256: 57% ━━━━━━╸───── 130/230 2.8it/s 41.8s<36.3s
800/800      2.53G     0.8592      0.411     0.8086        162        256: 57% ━━━━━━╸───── 131/230 2.8it/s 42.2s<35.2s
800/800      2.53G       0.86     0.4113     0.8086        137        256: 57% ━━━━━━╸───── 132/230 2.9it/s 42.5s<34.1s
800/800      2.53G      0.859      0.411     0.8086        173        256: 58% ━━━━━━╸───── 133/230 2.9it/s 42.8s<33.4s
800/800      2.53G     0.8588     0.4109     0.8086        193        256: 58% ━━━━━━╸───── 134/230 2.9it/s 43.2s<32.6s
800/800      2.53G     0.8593     0.4111     0.8088        156        256: 59% ━━━━━━━───── 135/230 2.9it/s 43.5s<32.6s
800/800      2.53G     0.8588      0.411     0.8087        112        256: 59% ━━━━━━━───── 136/230 3.0it/s 43.8s<31.8s[ WARN:0@182044.245] global grfmt_tiff.cpp:122 TIFF_Warning TIFFReadDirectory: Unknown field with tag 34264 (0x85d8) encountered
800/800      2.53G     0.8595     0.4116     0.8088        207        256: 60% ━━━━━━━───── 137/230 2.9it/s 44.2s<31.6s
800/800      2.53G     0.8589     0.4114     0.8089        130        256: 60% ━━━━━━━───── 138/230 3.0it/s 44.5s<30.9s
800/800      2.53G     0.8578     0.4111     0.8088        128        256: 60% ━━━━━━━───── 139/230 3.0it/s 44.8s<30.5s
800/800      2.53G     0.8577     0.4109     0.8089        132        256: 61% ━━━━━━━───── 140/230 3.0it/s 45.2s<30.1s
800/800      2.53G     0.8569     0.4106      0.809        121        256: 61% ━━━━━━━───── 141/230 3.0it/s 45.5s<30.1s
800/800      2.53G     0.8583     0.4108     0.8092        215        256: 62% ━━━━━━━───── 142/230 2.9it/s 45.9s<30.2s
800/800      2.53G     0.8576     0.4107     0.8092        127        256: 62% ━━━━━━━───── 143/230 2.9it/s 46.2s<30.2s
800/800      2.53G     0.8583      0.411     0.8094        189        256: 63% ━━━━━━━╸──── 144/230 2.8it/s 46.6s<30.9s
800/800      2.53G     0.8593     0.4116     0.8095        134        256: 63% ━━━━━━━╸──── 145/230 2.8it/s 47.0s<30.0s
800/800      2.53G     0.8596     0.4117     0.8096        162        256: 63% ━━━━━━━╸──── 146/230 2.9it/s 47.3s<29.4s
800/800      2.53G     0.8596     0.4117     0.8096        162        256: 64% ━━━━━━━╸──── 147/230 3.6it/s 47.5s<22.9s
800/800      2.53G     0.8612     0.4122     0.8095        235        256: 64% ━━━━━━━╸──── 147/230 2.5it/s 47.8s<32.8s
800/800      2.53G     0.8611     0.4122     0.8094        103        256: 64% ━━━━━━━╸──── 148/230 2.6it/s 48.2s<31.2s
800/800      2.53G     0.8613     0.4123     0.8094        106        256: 65% ━━━━━━━╸──── 149/230 2.7it/s 48.5s<29.5s[ WARN:0@182048.938] global grfmt_tiff.cpp:122 TIFF_Warning TIFFReadDirectory: Unknown field with tag 34264 (0x85d8) encountered
800/800      2.53G     0.8609     0.4122     0.8095        128        256: 65% ━━━━━━━╸──── 150/230 2.9it/s 48.8s<28.0s
800/800      2.53G     0.8611     0.4122     0.8096        159        256: 66% ━━━━━━━╸──── 151/230 2.9it/s 49.2s<27.0s
800/800      2.53G     0.8616     0.4124     0.8095        191        256: 66% ━━━━━━━╸──── 152/230 3.0it/s 49.5s<26.4s
800/800      2.53G     0.8617     0.4125     0.8094        108        256: 67% ━━━━━━━╸──── 153/230 2.9it/s 49.8s<26.3s
800/800      2.53G     0.8618     0.4126     0.8095        193        256: 67% ━━━━━━━━──── 154/230 2.9it/s 50.2s<26.4s[ WARN:0@182050.528] global grfmt_tiff.cpp:122 TIFF_Warning TIFFReadDirectory: Unknown field with tag 34264 (0x85d8) encountered
800/800      2.53G     0.8619     0.4128     0.8096        125        256: 67% ━━━━━━━━──── 155/230 2.9it/s 50.5s<25.7s
800/800      2.53G     0.8613     0.4126     0.8095        170        256: 68% ━━━━━━━━──── 156/230 2.9it/s 50.9s<25.3s
800/800      2.53G     0.8617     0.4125     0.8095        194        256: 68% ━━━━━━━━──── 157/230 2.8it/s 51.3s<25.7s
800/800      2.53G     0.8608     0.4123     0.8094        151        256: 69% ━━━━━━━━──── 158/230 2.8it/s 51.6s<25.3s
800/800      2.53G     0.8606     0.4122     0.8092        179        256: 69% ━━━━━━━━──── 159/230 2.9it/s 51.9s<24.5s
800/800      2.53G     0.8619     0.4126     0.8095        117        256: 70% ━━━━━━━━──── 160/230 2.9it/s 52.3s<23.9s
800/800      2.53G     0.8623     0.4126     0.8095        160        256: 70% ━━━━━━━━──── 161/230 2.9it/s 52.6s<23.5s[ WARN:0@182053.067] global grfmt_tiff.cpp:122 TIFF_Warning TIFFReadDirectory: Unknown field with tag 34264 (0x85d8) encountered
800/800      2.53G     0.8618     0.4124     0.8094        127        256: 70% ━━━━━━━━──── 162/230 3.0it/s 52.9s<23.0s
800/800      2.53G     0.8629     0.4127     0.8094        179        256: 71% ━━━━━━━━╸─── 163/230 3.0it/s 53.3s<22.4s
800/800      2.53G     0.8632     0.4127     0.8092        190        256: 71% ━━━━━━━━╸─── 164/230 3.0it/s 53.6s<22.0s
800/800      2.53G     0.8637     0.4128     0.8089        241        256: 72% ━━━━━━━━╸─── 165/230 3.0it/s 53.9s<21.6s
800/800      2.53G     0.8628     0.4125     0.8091        144        256: 72% ━━━━━━━━╸─── 166/230 2.9it/s 54.3s<22.1s
800/800      2.53G     0.8631     0.4128     0.8091        131        256: 73% ━━━━━━━━╸─── 167/230 2.9it/s 54.6s<21.4s
800/800      2.53G     0.8628     0.4125     0.8093        155        256: 73% ━━━━━━━━╸─── 168/230 2.9it/s 55.0s<21.2s
800/800      2.53G      0.864     0.4129     0.8091        264        256: 73% ━━━━━━━━╸─── 169/230 2.9it/s 55.3s<21.0s
800/800      2.53G      0.864     0.4129     0.8092        149        256: 74% ━━━━━━━━╸─── 170/230 2.9it/s 55.7s<21.0s[ WARN:0@182055.998] global grfmt_tiff.cpp:122 TIFF_Warning TIFFReadDirectory: Unknown field with tag 34264 (0x85d8) encountered
800/800      2.53G     0.8641     0.4129     0.8093        118        256: 74% ━━━━━━━━╸─── 171/230 2.9it/s 56.0s<20.3s
800/800      2.53G     0.8651     0.4133     0.8093        150        256: 75% ━━━━━━━━╸─── 172/230 2.9it/s 56.4s<19.7s
800/800      2.53G     0.8644     0.4131     0.8092        133        256: 75% ━━━━━━━━━─── 173/230 3.0it/s 56.7s<19.3s
800/800      2.53G     0.8639     0.4129     0.8093        128        256: 76% ━━━━━━━━━─── 174/230 3.0it/s 57.0s<19.0s
800/800      2.53G     0.8642      0.413     0.8094        194        256: 76% ━━━━━━━━━─── 175/230 2.9it/s 57.4s<19.1s
800/800      2.53G     0.8647     0.4132     0.8095        120        256: 77% ━━━━━━━━━─── 176/230 2.9it/s 57.7s<18.7s
800/800      2.53G     0.8642      0.413     0.8095        101        256: 77% ━━━━━━━━━─── 177/230 3.0it/s 58.1s<17.9s
800/800      2.53G     0.8642     0.4129     0.8095        132        256: 77% ━━━━━━━━━─── 178/230 3.0it/s 58.4s<17.6s
800/800      2.53G     0.8641      0.413     0.8096        137        256: 78% ━━━━━━━━━─── 179/230 2.9it/s 58.8s<17.6s
800/800      2.53G     0.8648     0.4132     0.8096        124        256: 78% ━━━━━━━━━─── 180/230 3.0it/s 59.1s<16.9s
800/800      2.53G     0.8647     0.4133     0.8097        134        256: 79% ━━━━━━━━━─── 181/230 3.0it/s 59.4s<16.2s
800/800      2.53G     0.8648     0.4133     0.8097        148        256: 79% ━━━━━━━━━─── 182/230 3.0it/s 59.7s<16.0s
800/800      2.53G     0.8648     0.4136     0.8099        201        256: 80% ━━━━━━━━━╸── 183/230 2.9it/s 1:00<16.1s
800/800      2.53G      0.865     0.4138     0.8099        160        256: 80% ━━━━━━━━━╸── 184/230 2.9it/s 1:00<15.9s
800/800      2.53G     0.8646     0.4135     0.8098        177        256: 80% ━━━━━━━━━╸── 185/230 2.9it/s 1:01<15.6s
800/800      2.53G     0.8661     0.4138     0.8098        205        256: 81% ━━━━━━━━━╸── 186/230 2.9it/s 1:01<15.2s
800/800      2.53G     0.8664     0.4139     0.8099        167        256: 81% ━━━━━━━━━╸── 187/230 2.9it/s 1:01<14.8s
800/800      2.53G     0.8664     0.4139       0.81        166        256: 82% ━━━━━━━━━╸── 188/230 2.9it/s 1:02<14.6s
800/800      2.53G     0.8653     0.4137       0.81        113        256: 82% ━━━━━━━━━╸── 189/230 2.9it/s 1:02<14.0s
800/800      2.53G     0.8647     0.4135       0.81        126        256: 83% ━━━━━━━━━╸── 190/230 2.9it/s 1:03<13.6s
800/800      2.53G     0.8652     0.4139     0.8102        111        256: 83% ━━━━━━━━━╸── 191/230 2.9it/s 1:03<13.5s
800/800      2.53G     0.8653     0.4139     0.8101        150        256: 83% ━━━━━━━━━━── 192/230 2.8it/s 1:03<13.4s
800/800      2.53G     0.8648     0.4137     0.8102        127        256: 84% ━━━━━━━━━━── 193/230 2.9it/s 1:04<12.8s
800/800      2.53G     0.8642     0.4136     0.8103        150        256: 84% ━━━━━━━━━━── 194/230 3.0it/s 1:04<12.1s
800/800      2.53G     0.8635     0.4133     0.8102        144        256: 85% ━━━━━━━━━━── 195/230 3.0it/s 1:04<11.8s
800/800      2.53G     0.8628     0.4131     0.8105        127        256: 85% ━━━━━━━━━━── 196/230 3.0it/s 1:05<11.3s[ WARN:0@182064.872] global grfmt_tiff.cpp:122 TIFF_Warning TIFFReadDirectory: Unknown field with tag 34264 (0x85d8) encountered
800/800      2.53G     0.8631     0.4131     0.8104        195        256: 86% ━━━━━━━━━━── 197/230 3.0it/s 1:05<11.1s
800/800      2.53G     0.8635     0.4132     0.8104        149        256: 86% ━━━━━━━━━━── 198/230 3.0it/s 1:05<10.8s
800/800      2.53G     0.8643     0.4132     0.8103        233        256: 87% ━━━━━━━━━━── 199/230 2.9it/s 1:06<10.7s
800/800      2.53G     0.8653     0.4137     0.8104        217        256: 87% ━━━━━━━━━━── 200/230 2.9it/s 1:06<10.3s
800/800      2.53G     0.8645     0.4134     0.8104        118        256: 87% ━━━━━━━━━━── 201/230 2.8it/s 1:06<10.2s
800/800      2.53G     0.8647     0.4133     0.8105        207        256: 88% ━━━━━━━━━━╸─ 202/230 2.8it/s 1:07<9.8s[ WARN:0@182067.090] global grfmt_tiff.cpp:122 TIFF_Warning TIFFReadDirectory: Unknown field with tag 34264 (0x85d8) encountered
800/800      2.53G     0.8647     0.4133     0.8106        141        256: 88% ━━━━━━━━━━╸─ 203/230 2.9it/s 1:07<9.4s
800/800      2.53G     0.8644     0.4133     0.8106        115        256: 89% ━━━━━━━━━━╸─ 204/230 2.9it/s 1:07<8.9s
800/800      2.53G     0.8648     0.4135     0.8107        160        256: 89% ━━━━━━━━━━╸─ 205/230 2.9it/s 1:08<8.6s
800/800      2.53G     0.8646     0.4135     0.8106        133        256: 90% ━━━━━━━━━━╸─ 206/230 2.9it/s 1:08<8.2s
800/800      2.53G     0.8648     0.4136     0.8105        136        256: 90% ━━━━━━━━━━╸─ 207/230 2.9it/s 1:08<8.0s[ WARN:0@182068.740] global grfmt_tiff.cpp:122 TIFF_Warning TIFFReadDirectory: Unknown field with tag 34264 (0x85d8) encountered
800/800      2.53G     0.8647     0.4136     0.8105        114        256: 90% ━━━━━━━━━━╸─ 208/230 2.9it/s 1:09<7.5s
800/800      2.53G      0.865     0.4137     0.8104        222        256: 91% ━━━━━━━━━━╸─ 209/230 2.9it/s 1:09<7.2s
800/800      2.53G     0.8645     0.4136     0.8105        134        256: 91% ━━━━━━━━━━╸─ 210/230 2.8it/s 1:09<7.1s
800/800      2.53G     0.8655     0.4141     0.8105        239        256: 92% ━━━━━━━━━━━─ 211/230 2.9it/s 1:10<6.5s
800/800      2.53G     0.8659     0.4142     0.8106        193        256: 92% ━━━━━━━━━━━─ 212/230 2.9it/s 1:10<6.1s
800/800      2.53G     0.8657      0.414     0.8107        191        256: 93% ━━━━━━━━━━━─ 213/230 3.0it/s 1:10<5.6s
800/800      2.53G      0.866     0.4141     0.8106        133        256: 93% ━━━━━━━━━━━─ 214/230 3.0it/s 1:11<5.3s
800/800      2.53G     0.8661     0.4142     0.8107        142        256: 93% ━━━━━━━━━━━─ 215/230 2.9it/s 1:11<5.1s
800/800      2.53G     0.8661     0.4141     0.8108        147        256: 94% ━━━━━━━━━━━─ 216/230 2.9it/s 1:11<4.9s
800/800      2.53G     0.8659     0.4141     0.8109        144        256: 94% ━━━━━━━━━━━─ 217/230 2.9it/s 1:12<4.5s
800/800      2.53G     0.8655     0.4139      0.811        102        256: 95% ━━━━━━━━━━━─ 218/230 2.9it/s 1:12<4.1s
800/800      2.53G      0.865     0.4139     0.8112        124        256: 95% ━━━━━━━━━━━─ 219/230 2.8it/s 1:13<3.9s
800/800      2.53G     0.8649     0.4138     0.8112        170        256: 96% ━━━━━━━━━━━─ 220/230 2.9it/s 1:13<3.5s
800/800      2.53G     0.8654     0.4139     0.8112        207        256: 96% ━━━━━━━━━━━╸ 221/230 2.9it/s 1:13<3.1s
800/800      2.53G     0.8649     0.4139     0.8111        110        256: 97% ━━━━━━━━━━━╸ 222/230 2.9it/s 1:14<2.7s
800/800      2.53G     0.8645     0.4138     0.8112        125        256: 97% ━━━━━━━━━━━╸ 223/230 3.0it/s 1:14<2.4s
800/800      2.53G     0.8643     0.4137     0.8112        142        256: 97% ━━━━━━━━━━━╸ 224/230 3.0it/s 1:14<2.0s[ WARN:0@182074.593] global grfmt_tiff.cpp:122 TIFF_Warning TIFFReadDirectory: Unknown field with tag 34264 (0x85d8) encountered
800/800      2.53G      0.864     0.4137     0.8112        154        256: 98% ━━━━━━━━━━━╸ 225/230 3.0it/s 1:15<1.6s
800/800      2.53G     0.8641     0.4138     0.8113        174        256: 98% ━━━━━━━━━━━╸ 226/230 2.9it/s 1:15<1.4s[ WARN:0@182075.304] global grfmt_tiff.cpp:122 TIFF_Warning TIFFReadDirectory: Unknown field with tag 34264 (0x85d8) encountered
800/800      2.53G     0.8643     0.4138     0.8114        219        256: 99% ━━━━━━━━━━━╸ 227/230 2.9it/s 1:15<1.0s
800/800      2.53G     0.8651     0.4142     0.8114        187        256: 99% ━━━━━━━━━━━╸ 228/230 2.8it/s 1:16<0.7s
800/800      2.53G     0.8659     0.4161      0.812         19        256: 100% ━━━━━━━━━━━╸ 229/230 2.8it/s 1:16<0.4s
800/800      2.53G     0.8659     0.4161      0.812         19        256: 100% ━━━━━━━━━━━━ 230/230 3.0it/s 1:16
Class     Images  Instances      Box(P          R      mAP50  mAP50-95): 10% ━─────────── 3/29 7.8s/it 15.2s<3:24
Class     Images  Instances      Box(P          R      mAP50  mAP50-95): 14% ━╸────────── 4/29 7.3s/it 21.6s<3:03
Class     Images  Instances      Box(P          R      mAP50  mAP50-95): 21% ━━────────── 6/29 6.7s/it 34.0s<2:34
Class     Images  Instances      Box(P          R      mAP50  mAP50-95): 28% ━━━───────── 8/29 6.4s/it 46.2s<2:14
Class     Images  Instances      Box(P          R      mAP50  mAP50-95): 34% ━━━━──────── 10/29 5.8s/it 57.1s<1:50
Class     Images  Instances      Box(P          R      mAP50  mAP50-95): 55% ━━━━━━╸───── 16/29 5.2s/it 1:28<1:08
Class     Images  Instances      Box(P          R      mAP50  mAP50-95): 59% ━━━━━━━───── 17/29 5.3s/it 1:33<1:03[ WARN:0@182169.620] global grfmt_tiff.cpp:122 TIFF_Warning TIFFReadDirectory: Unknown field with tag 34264 (0x85d8) encountered
Class     Images  Instances      Box(P          R      mAP50  mAP50-95): 62% ━━━━━━━───── 18/29 5.2s/it 1:38<57.4s[ WARN:0@182174.645] global grfmt_tiff.cpp:122 TIFF_Warning TIFFReadDirectory: Unknown field with tag 34264 (0x85d8) encountered
Class     Images  Instances      Box(P          R      mAP50  mAP50-95): 66% ━━━━━━━╸──── 19/29 5.2s/it 1:43<51.8s
Class     Images  Instances      Box(P          R      mAP50  mAP50-95): 69% ━━━━━━━━──── 20/29 5.1s/it 1:48<46.2s
Class     Images  Instances      Box(P          R      mAP50  mAP50-95): 72% ━━━━━━━━╸─── 21/29 5.1s/it 1:54<40.9s
Class     Images  Instances      Box(P          R      mAP50  mAP50-95): 76% ━━━━━━━━━─── 22/29 5.2s/it 1:59<36.3s
all       3667       9609      0.928      0.897      0.922      0.626
Optimizer stripped from /mnt/dataY/ydf/projects/LADD_og/runs_public/ogsod/hbb/formal_nomosaic_20260528/baselines/rgb/rgb_yolo11n_hbb_800ep_cos_nomosaic_albu_b64_s42/weights/last.pt, 5.6MB
Optimizer stripped from /mnt/dataY/ydf/projects/LADD_og/runs_public/ogsod/hbb/formal_nomosaic_20260528/baselines/rgb/rgb_yolo11n_hbb_800ep_cos_nomosaic_albu_b64_s42/weights/best.pt, 5.6MB
Validating /mnt/dataY/ydf/projects/LADD_og/runs_public/ogsod/hbb/formal_nomosaic_20260528/baselines/rgb/rgb_yolo11n_hbb_800ep_cos_nomosaic_albu_b64_s42/weights/best.pt...
Class     Images  Instances      Box(P          R      mAP50  mAP50-95): 3% ──────────── 1/29 28.7s/it 8.6s<13:23
Class     Images  Instances      Box(P          R      mAP50  mAP50-95): 7% ╸─────────── 2/29 17.0s/it 17.3s<7:39
Class     Images  Instances      Box(P          R      mAP50  mAP50-95): 10% ━─────────── 3/29 13.1s/it 25.8s<5:40
Class     Images  Instances      Box(P          R      mAP50  mAP50-95): 14% ━╸────────── 4/29 11.4s/it 34.6s<4:45
Class     Images  Instances      Box(P          R      mAP50  mAP50-95): 17% ━━────────── 5/29 10.7s/it 44.0s<4:17
Class     Images  Instances      Box(P          R      mAP50  mAP50-95): 21% ━━────────── 6/29 10.6s/it 54.5s<4:05
Class     Images  Instances      Box(P          R      mAP50  mAP50-95): 24% ━━╸───────── 7/29 10.6s/it 1:05<3:53
Class     Images  Instances      Box(P          R      mAP50  mAP50-95): 28% ━━━───────── 8/29 10.5s/it 1:15<3:41
Class     Images  Instances      Box(P          R      mAP50  mAP50-95): 31% ━━━╸──────── 9/29 10.5s/it 1:26<3:29
Class     Images  Instances      Box(P          R      mAP50  mAP50-95): 34% ━━━━──────── 10/29 10.4s/it 1:36<3:18
Class     Images  Instances      Box(P          R      mAP50  mAP50-95): 38% ━━━━╸─────── 11/29 10.4s/it 1:46<3:08
Class     Images  Instances      Box(P          R      mAP50  mAP50-95): 41% ━━━━╸─────── 12/29 10.6s/it 1:57<3:00
Class     Images  Instances      Box(P          R      mAP50  mAP50-95): 45% ━━━━━─────── 13/29 10.6s/it 2:08<2:50
Class     Images  Instances      Box(P          R      mAP50  mAP50-95): 48% ━━━━━╸────── 14/29 10.2s/it 2:17<2:32
Class     Images  Instances      Box(P          R      mAP50  mAP50-95): 52% ━━━━━━────── 15/29 9.6s/it 2:26<2:15
Class     Images  Instances      Box(P          R      mAP50  mAP50-95): 55% ━━━━━━╸───── 16/29 9.3s/it 2:34<2:01
Class     Images  Instances      Box(P          R      mAP50  mAP50-95): 59% ━━━━━━━───── 17/29 8.5s/it 2:42<1:42[ WARN:0@182393.553] global grfmt_tiff.cpp:122 TIFF_Warning TIFFReadDirectory: Unknown field with tag 34264 (0x85d8) encountered
Class     Images  Instances      Box(P          R      mAP50  mAP50-95): 62% ━━━━━━━───── 18/29 7.7s/it 2:48<1:24[ WARN:0@182399.729] global grfmt_tiff.cpp:122 TIFF_Warning TIFFReadDirectory: Unknown field with tag 34264 (0x85d8) encountered
Class     Images  Instances      Box(P          R      mAP50  mAP50-95): 66% ━━━━━━━╸──── 19/29 7.2s/it 2:54<1:12
Class     Images  Instances      Box(P          R      mAP50  mAP50-95): 69% ━━━━━━━━──── 20/29 7.0s/it 3:01<1:03
Class     Images  Instances      Box(P          R      mAP50  mAP50-95): 72% ━━━━━━━━╸─── 21/29 6.8s/it 3:07<54.3s
Class     Images  Instances      Box(P          R      mAP50  mAP50-95): 76% ━━━━━━━━━─── 22/29 6.7s/it 3:13<46.6s
Class     Images  Instances      Box(P          R      mAP50  mAP50-95): 79% ━━━━━━━━━╸── 23/29 6.6s/it 3:20<39.5s
Class     Images  Instances      Box(P          R      mAP50  mAP50-95): 83% ━━━━━━━━━╸── 24/29 6.5s/it 3:26<32.5s
Class     Images  Instances      Box(P          R      mAP50  mAP50-95): 86% ━━━━━━━━━━── 25/29 6.5s/it 3:33<26.0s
Class     Images  Instances      Box(P          R      mAP50  mAP50-95): 90% ━━━━━━━━━━╸─ 26/29 6.6s/it 3:40<19.9s
Class     Images  Instances      Box(P          R      mAP50  mAP50-95): 93% ━━━━━━━━━━━─ 27/29 6.6s/it 3:46<13.3s
Class     Images  Instances      Box(P          R      mAP50  mAP50-95): 97% ━━━━━━━━━━━╸ 28/29 6.7s/it 3:53<6.7s
Class     Images  Instances      Box(P          R      mAP50  mAP50-95): 100% ━━━━━━━━━━━━ 29/29 8.2s/it 3:58
all       3667       9609      0.925      0.896      0.921      0.626
Results saved to /mnt/dataY/ydf/projects/LADD_og/runs_public/ogsod/hbb/formal_nomosaic_20260528/baselines/rgb/rgb_yolo11n_hbb_800ep_cos_nomosaic_albu_b64_s42
[ WARN:0@182074.656] global grfmt_tiff.cpp:122 TIFF_Warning TIFFReadDirectory: Unknown field with tag 34264 (0x85d8) encountered
[ WARN:0@182174.720] global grfmt_tiff.cpp:122 TIFF_Warning TIFFReadDirectory: Unknown field with tag 34264 (0x85d8) encountered
all       3667       9609      0.928      0.897      0.922      0.626
800 epochs completed in 50.613 hours.
YOLO11n summary (fused): 101 layers, 2,582,737 parameters, 0 gradients, 6.3 GFLOPs
[ WARN:0@182399.804] global grfmt_tiff.cpp:122 TIFF_Warning TIFFReadDirectory: Unknown field with tag 34264 (0x85d8) encountered
all       3667       9609      0.925      0.896      0.921      0.626
bridge       3315       6389      0.947      0.938      0.968      0.619
harbor        331        803      0.991      0.989      0.995      0.915
storage_tank        153       2417      0.836      0.763        0.8      0.345
Speed: 0.1ms preprocess, 0.3ms inference, 0.0ms loss, 10.2ms postprocess per image
Results saved to /mnt/dataY/ydf/projects/LADD_og/runs_public/ogsod/hbb/formal_nomosaic_20260528/baselines/rgb/rgb_yolo11n_hbb_800ep_cos_nomosaic_albu_b64_s42
