# source_log: /mnt/dataY/ydf/projects/LADD_og/logs/formal_nomosaic_20260528/baselines/rgb_yolo11l_hbb_800ep_cos_nomosaic_albu_b32_s0_gpu3.log
# source_log_size_bytes: 64891086
# note: extracted from raw log; ANSI progress control characters removed; full raw log retained on server 90.

800/800      4.34G     0.5396     0.2751     0.7881         62        256: 61% ━━━━━━━───── 278/459 5.2it/s 1:17<35.0s
800/800      4.34G     0.5394     0.2752     0.7881         56        256: 61% ━━━━━━━───── 279/459 4.3it/s 1:18<41.6s
800/800      4.34G     0.5389      0.275     0.7881         57        256: 61% ━━━━━━━───── 280/459 5.5it/s 1:18<32.5s
800/800      4.34G     0.5393     0.2751     0.7881        101        256: 61% ━━━━━━━───── 281/459 4.6it/s 1:18<38.9s
800/800      4.34G      0.539      0.275     0.7881         53        256: 61% ━━━━━━━───── 282/459 5.7it/s 1:18<30.8s
800/800      4.34G     0.5388     0.2749      0.788         72        256: 62% ━━━━━━━───── 283/459 4.7it/s 1:19<37.2s
800/800      4.34G     0.5384     0.2747     0.7881         81        256: 62% ━━━━━━━───── 284/459 6.2it/s 1:19<28.3s
800/800      4.34G     0.5383     0.2747     0.7881         74        256: 62% ━━━━━━━───── 285/459 5.0it/s 1:19<34.5s
800/800      4.34G     0.5386     0.2748     0.7882         79        256: 62% ━━━━━━━───── 286/459 6.0it/s 1:19<28.8s
800/800      4.34G     0.5389     0.2749     0.7881         64        256: 63% ━━━━━━━╸──── 287/459 4.9it/s 1:20<35.0s
800/800      4.34G     0.5388     0.2749      0.788        145        256: 63% ━━━━━━━╸──── 288/459 5.7it/s 1:20<30.0s
800/800      4.34G     0.5386     0.2749     0.7881         71        256: 63% ━━━━━━━╸──── 289/459 4.6it/s 1:20<36.7s
800/800      4.34G     0.5385     0.2749      0.788         63        256: 63% ━━━━━━━╸──── 290/459 5.8it/s 1:21<29.4s
800/800      4.34G      0.538     0.2747     0.7879         55        256: 63% ━━━━━━━╸──── 291/459 4.7it/s 1:21<35.4s
800/800      4.34G     0.5379     0.2746     0.7879         87        256: 64% ━━━━━━━╸──── 292/459 5.8it/s 1:21<28.7s
800/800      4.34G     0.5376     0.2745      0.788         59        256: 64% ━━━━━━━╸──── 293/459 4.8it/s 1:22<34.8s
800/800      4.34G     0.5381     0.2746     0.7878         55        256: 64% ━━━━━━━╸──── 294/459 5.8it/s 1:22<28.3s
800/800      4.34G     0.5381     0.2746     0.7876         68        256: 64% ━━━━━━━╸──── 295/459 4.8it/s 1:22<34.5s
800/800      4.34G     0.5379     0.2744     0.7876         82        256: 64% ━━━━━━━╸──── 296/459 5.4it/s 1:22<30.1s
800/800      4.34G     0.5376     0.2742     0.7877         60        256: 65% ━━━━━━━╸──── 297/459 4.5it/s 1:23<35.8s
800/800      4.34G     0.5377     0.2742     0.7877         54        256: 65% ━━━━━━━╸──── 298/459 5.8it/s 1:23<27.9s
800/800      4.34G     0.5376     0.2743     0.7878         59        256: 65% ━━━━━━━╸──── 299/459 4.7it/s 1:23<33.8s
800/800      4.34G     0.5381     0.2745     0.7877         67        256: 65% ━━━━━━━╸──── 300/459 5.7it/s 1:23<27.7s
800/800      4.34G     0.5379     0.2745     0.7878         59        256: 66% ━━━━━━━╸──── 301/459 4.7it/s 1:24<33.5s
800/800      4.34G     0.5374     0.2742     0.7879         64        256: 66% ━━━━━━━╸──── 302/459 5.8it/s 1:24<27.1s
800/800      4.34G     0.5372     0.2742     0.7879         88        256: 66% ━━━━━━━╸──── 303/459 4.7it/s 1:24<32.9s
800/800      4.34G     0.5375     0.2743     0.7879         70        256: 66% ━━━━━━━╸──── 304/459 5.7it/s 1:24<27.1s
800/800      4.34G     0.5375     0.2743      0.788         83        256: 66% ━━━━━━━╸──── 305/459 4.7it/s 1:25<33.1s[ WARN:0@146474.037] global grfmt_tiff.cpp:122 TIFF_Warning TIFFReadDirectory: Unknown field with tag 34264 (0x85d8) encountered
800/800      4.34G     0.5374     0.2743      0.788         76        256: 67% ━━━━━━━━──── 306/459 5.6it/s 1:25<27.3s
800/800      4.34G     0.5376     0.2743     0.7881         66        256: 67% ━━━━━━━━──── 307/459 4.6it/s 1:26<33.3s
800/800      4.34G     0.5375     0.2744     0.7881         57        256: 67% ━━━━━━━━──── 308/459 5.7it/s 1:26<26.4s
800/800      4.34G     0.5376     0.2743      0.788         74        256: 67% ━━━━━━━━──── 309/459 4.7it/s 1:26<31.9s
800/800      4.34G     0.5373     0.2742      0.788         49        256: 68% ━━━━━━━━──── 310/459 5.8it/s 1:26<25.7s
800/800      4.34G     0.5372      0.274     0.7882         64        256: 68% ━━━━━━━━──── 311/459 4.8it/s 1:27<31.0s
800/800      4.34G     0.5368     0.2739     0.7882         66        256: 68% ━━━━━━━━──── 312/459 5.9it/s 1:27<24.7s
800/800      4.34G     0.5366     0.2738     0.7882         54        256: 68% ━━━━━━━━──── 313/459 4.9it/s 1:27<30.0s
800/800      4.34G     0.5367     0.2738     0.7882         69        256: 68% ━━━━━━━━──── 314/459 6.0it/s 1:27<24.3s
800/800      4.34G     0.5364     0.2737     0.7883         54        256: 69% ━━━━━━━━──── 315/459 4.9it/s 1:28<29.3s
800/800      4.34G     0.5364     0.2738     0.7883         80        256: 69% ━━━━━━━━──── 316/459 5.9it/s 1:28<24.2s
800/800      4.34G     0.5364     0.2737     0.7884         76        256: 69% ━━━━━━━━──── 317/459 4.9it/s 1:28<29.2s
800/800      4.34G     0.5373      0.274     0.7885        115        256: 69% ━━━━━━━━──── 318/459 6.2it/s 1:28<22.7s
800/800      4.34G     0.5371     0.2739     0.7885         61        256: 69% ━━━━━━━━──── 319/459 5.0it/s 1:29<27.8s
800/800      4.34G     0.5371      0.274     0.7885         68        256: 70% ━━━━━━━━──── 320/459 6.1it/s 1:29<22.7s
800/800      4.34G      0.537      0.274     0.7885         58        256: 70% ━━━━━━━━──── 321/459 5.0it/s 1:29<27.6s
800/800      4.34G     0.5372     0.2741     0.7885         60        256: 70% ━━━━━━━━──── 322/459 6.0it/s 1:29<22.8s
800/800      4.34G     0.5376     0.2741     0.7885         63        256: 70% ━━━━━━━━──── 323/459 4.9it/s 1:30<27.6s
800/800      4.34G     0.5379     0.2742     0.7885         56        256: 71% ━━━━━━━━──── 324/459 5.9it/s 1:30<22.7s
800/800      4.34G     0.5379     0.2743     0.7885         73        256: 71% ━━━━━━━━──── 325/459 4.9it/s 1:30<27.3s
800/800      4.34G     0.5385     0.2746     0.7886        101        256: 71% ━━━━━━━━╸─── 326/459 6.3it/s 1:30<21.2s
800/800      4.34G     0.5388     0.2746     0.7885         66        256: 71% ━━━━━━━━╸─── 327/459 5.1it/s 1:31<25.6s
800/800      4.34G     0.5389     0.2748     0.7886         59        256: 71% ━━━━━━━━╸─── 328/459 6.5it/s 1:31<20.2s
800/800      4.34G     0.5391     0.2749     0.7885        123        256: 72% ━━━━━━━━╸─── 329/459 5.3it/s 1:31<24.5s
800/800      4.34G     0.5392     0.2748     0.7885         81        256: 72% ━━━━━━━━╸─── 330/459 6.6it/s 1:31<19.6s
800/800      4.34G     0.5388     0.2747     0.7885         53        256: 72% ━━━━━━━━╸─── 331/459 5.4it/s 1:32<23.8s
800/800      4.34G     0.5384     0.2747     0.7885         80        256: 72% ━━━━━━━━╸─── 332/459 6.7it/s 1:32<19.1s
800/800      4.34G     0.5397     0.2751     0.7884        152        256: 73% ━━━━━━━━╸─── 333/459 5.4it/s 1:32<23.2s
800/800      4.34G     0.5396      0.275     0.7883         65        256: 73% ━━━━━━━━╸─── 334/459 6.6it/s 1:32<18.8s
800/800      4.34G     0.5393     0.2748     0.7883         55        256: 73% ━━━━━━━━╸─── 335/459 5.4it/s 1:33<23.2s
800/800      4.34G     0.5393     0.2747     0.7882         93        256: 73% ━━━━━━━━╸─── 336/459 6.7it/s 1:33<18.4s
800/800      4.34G     0.5395     0.2749     0.7882         85        256: 73% ━━━━━━━━╸─── 337/459 5.4it/s 1:33<22.5s
800/800      4.34G     0.5396      0.275     0.7882         52        256: 74% ━━━━━━━━╸─── 338/459 6.4it/s 1:34<19.0s
800/800      4.34G     0.5397     0.2751     0.7882         71        256: 74% ━━━━━━━━╸─── 339/459 5.2it/s 1:34<23.2s
800/800      4.34G     0.5395      0.275     0.7882         74        256: 74% ━━━━━━━━╸─── 340/459 6.6it/s 1:34<18.1s
800/800      4.34G     0.5395     0.2751     0.7882         52        256: 74% ━━━━━━━━╸─── 341/459 5.4it/s 1:34<22.0s
800/800      4.34G     0.5397     0.2751     0.7882         82        256: 75% ━━━━━━━━╸─── 342/459 6.6it/s 1:35<17.7s
800/800      4.34G     0.5398     0.2752     0.7883         65        256: 75% ━━━━━━━━╸─── 343/459 5.4it/s 1:35<21.6s
800/800      4.34G     0.5396     0.2751     0.7883         57        256: 75% ━━━━━━━━╸─── 344/459 6.7it/s 1:35<17.3s
800/800      4.34G     0.5396      0.275     0.7883         74        256: 75% ━━━━━━━━━─── 345/459 5.4it/s 1:35<21.0s
800/800      4.34G     0.5392     0.2749     0.7883         70        256: 75% ━━━━━━━━━─── 346/459 6.7it/s 1:36<16.8s
800/800      4.34G     0.5388     0.2748     0.7882         85        256: 76% ━━━━━━━━━─── 347/459 5.4it/s 1:36<20.6s
800/800      4.34G     0.5389     0.2747     0.7882        104        256: 76% ━━━━━━━━━─── 348/459 6.7it/s 1:36<16.6s
800/800      4.34G     0.5385     0.2747     0.7883         65        256: 76% ━━━━━━━━━─── 349/459 5.4it/s 1:36<20.4s
800/800      4.34G     0.5383     0.2746     0.7882         66        256: 76% ━━━━━━━━━─── 350/459 6.5it/s 1:37<16.9s
800/800      4.34G      0.539     0.2749     0.7881        104        256: 76% ━━━━━━━━━─── 351/459 5.2it/s 1:37<20.7s
800/800      4.34G     0.5396      0.275     0.7882        129        256: 77% ━━━━━━━━━─── 352/459 6.1it/s 1:37<17.6s
800/800      4.34G     0.5395     0.2749     0.7881         47        256: 77% ━━━━━━━━━─── 353/459 5.0it/s 1:38<21.4s
800/800      4.34G     0.5394     0.2748     0.7881        108        256: 77% ━━━━━━━━━─── 354/459 5.9it/s 1:38<17.7s
800/800      4.34G     0.5389     0.2747     0.7881         45        256: 77% ━━━━━━━━━─── 355/459 4.9it/s 1:38<21.4s
800/800      4.34G      0.539     0.2747     0.7881         57        256: 78% ━━━━━━━━━─── 356/459 5.9it/s 1:38<17.5s
800/800      4.34G     0.5391     0.2747     0.7882        120        256: 78% ━━━━━━━━━─── 357/459 4.8it/s 1:39<21.2s
800/800      4.34G     0.5395      0.275     0.7882        147        256: 78% ━━━━━━━━━─── 358/459 5.9it/s 1:39<17.1s
800/800      4.34G     0.5395      0.275     0.7883         81        256: 78% ━━━━━━━━━─── 359/459 4.8it/s 1:39<20.7s
800/800      4.34G     0.5394      0.275     0.7884         91        256: 78% ━━━━━━━━━─── 360/459 6.3it/s 1:39<15.7s
800/800      4.34G     0.5393     0.2751     0.7884         83        256: 79% ━━━━━━━━━─── 361/459 5.1it/s 1:40<19.2s
800/800      4.34G     0.5392     0.2751     0.7883         93        256: 79% ━━━━━━━━━─── 362/459 6.1it/s 1:40<15.8s
800/800      4.34G     0.5397     0.2753     0.7883         90        256: 79% ━━━━━━━━━─── 363/459 5.0it/s 1:40<19.2s
800/800      4.34G     0.5399     0.2754     0.7882         98        256: 79% ━━━━━━━━━╸── 364/459 6.0it/s 1:40<15.7s
800/800      4.34G     0.5397     0.2753     0.7881         72        256: 80% ━━━━━━━━━╸── 365/459 4.9it/s 1:41<19.1s
800/800      4.34G     0.5402     0.2754     0.7882         83        256: 80% ━━━━━━━━━╸── 366/459 6.0it/s 1:41<15.5s
800/800      4.34G       0.54     0.2753     0.7881         83        256: 80% ━━━━━━━━━╸── 367/459 4.9it/s 1:41<18.7s
800/800      4.34G     0.5402     0.2754     0.7881         93        256: 80% ━━━━━━━━━╸── 368/459 5.9it/s 1:41<15.3s
800/800      4.34G     0.5401     0.2754     0.7882         71        256: 80% ━━━━━━━━━╸── 369/459 4.9it/s 1:42<18.5s
800/800      4.34G     0.5399     0.2754     0.7881         67        256: 81% ━━━━━━━━━╸── 370/459 6.0it/s 1:42<14.9s
800/800      4.34G     0.5397     0.2753     0.7881         56        256: 81% ━━━━━━━━━╸── 371/459 4.9it/s 1:42<18.0s
800/800      4.34G     0.5392     0.2751     0.7881         62        256: 81% ━━━━━━━━━╸── 372/459 6.0it/s 1:43<14.6s
800/800      4.34G     0.5391      0.275     0.7882         83        256: 81% ━━━━━━━━━╸── 373/459 4.9it/s 1:43<17.6s
800/800      4.34G      0.539      0.275     0.7883         80        256: 81% ━━━━━━━━━╸── 374/459 5.9it/s 1:43<14.3s
800/800      4.34G     0.5395     0.2751     0.7882         65        256: 82% ━━━━━━━━━╸── 375/459 4.9it/s 1:43<17.3s
800/800      4.34G     0.5398     0.2752     0.7881         72        256: 82% ━━━━━━━━━╸── 376/459 6.0it/s 1:44<13.9s
800/800      4.34G     0.5395     0.2751     0.7882         95        256: 82% ━━━━━━━━━╸── 377/459 4.9it/s 1:44<16.8s
800/800      4.34G     0.5397     0.2752     0.7881         90        256: 82% ━━━━━━━━━╸── 378/459 5.9it/s 1:44<13.7s
800/800      4.34G     0.5398     0.2752     0.7882         54        256: 83% ━━━━━━━━━╸── 379/459 4.9it/s 1:45<16.5s
800/800      4.34G     0.5405     0.2753     0.7881         81        256: 83% ━━━━━━━━━╸── 380/459 5.9it/s 1:45<13.5s
800/800      4.34G     0.5406     0.2753     0.7882         55        256: 83% ━━━━━━━━━╸── 381/459 4.8it/s 1:45<16.3s
800/800      4.34G     0.5401     0.2752     0.7883         61        256: 83% ━━━━━━━━━╸── 382/459 5.9it/s 1:45<13.1s
800/800      4.34G     0.5404     0.2754     0.7883         63        256: 83% ━━━━━━━━━━── 383/459 4.8it/s 1:46<15.9s
800/800      4.34G     0.5407     0.2754     0.7884         78        256: 84% ━━━━━━━━━━── 384/459 5.9it/s 1:46<12.8s
800/800      4.34G     0.5404     0.2752     0.7884         45        256: 84% ━━━━━━━━━━── 385/459 4.8it/s 1:46<15.4s
800/800      4.34G     0.5406     0.2753     0.7884         65        256: 84% ━━━━━━━━━━── 386/459 5.9it/s 1:46<12.4s
800/800      4.34G     0.5406     0.2752     0.7883         65        256: 84% ━━━━━━━━━━── 387/459 4.8it/s 1:47<15.0s
800/800      4.34G     0.5407     0.2754     0.7883        114        256: 85% ━━━━━━━━━━── 388/459 5.9it/s 1:47<12.0s
800/800      4.34G     0.5404     0.2753     0.7883         73        256: 85% ━━━━━━━━━━── 389/459 4.6it/s 1:48<15.1s
800/800      4.34G     0.5404     0.2754     0.7884         50        256: 85% ━━━━━━━━━━── 390/459 5.8it/s 1:48<12.0s
800/800      4.34G     0.5405     0.2754     0.7883        103        256: 85% ━━━━━━━━━━── 391/459 4.7it/s 1:48<14.4s
800/800      4.34G     0.5403     0.2752     0.7884         61        256: 85% ━━━━━━━━━━── 392/459 5.7it/s 1:48<11.7s[ WARN:0@146497.238] global grfmt_tiff.cpp:122 TIFF_Warning TIFFReadDirectory: Unknown field with tag 34264 (0x85d8) encountered
800/800      4.34G     0.5401     0.2751     0.7883         58        256: 86% ━━━━━━━━━━── 393/459 4.7it/s 1:49<14.0s
800/800      4.34G       0.54     0.2752     0.7884         49        256: 86% ━━━━━━━━━━── 394/459 5.8it/s 1:49<11.1s
800/800      4.34G     0.5399     0.2751     0.7884         95        256: 86% ━━━━━━━━━━── 395/459 4.8it/s 1:49<13.4s
800/800      4.34G       0.54     0.2751     0.7885         67        256: 86% ━━━━━━━━━━── 396/459 5.8it/s 1:49<10.8s
800/800      4.34G     0.5402     0.2752     0.7885         45        256: 86% ━━━━━━━━━━── 397/459 4.8it/s 1:50<12.9s
800/800      4.34G     0.5405     0.2753     0.7886         64        256: 87% ━━━━━━━━━━── 398/459 5.8it/s 1:50<10.5s
800/800      4.34G     0.5406     0.2754     0.7886         93        256: 87% ━━━━━━━━━━── 399/459 4.8it/s 1:50<12.6s
800/800      4.34G     0.5405     0.2754     0.7887         52        256: 87% ━━━━━━━━━━── 400/459 6.2it/s 1:50<9.5s
800/800      4.34G     0.5409     0.2754     0.7886        125        256: 87% ━━━━━━━━━━── 401/459 5.1it/s 1:51<11.4s
800/800      4.34G     0.5406     0.2753     0.7886         55        256: 88% ━━━━━━━━━━╸─ 402/459 6.1it/s 1:51<9.4s
800/800      4.34G       0.54      0.275     0.7887         46        256: 88% ━━━━━━━━━━╸─ 403/459 4.9it/s 1:51<11.3s
800/800      4.34G       0.54     0.2751     0.7886         98        256: 88% ━━━━━━━━━━╸─ 404/459 6.1it/s 1:51<9.1s
800/800      4.34G     0.5405     0.2752     0.7885         67        256: 88% ━━━━━━━━━━╸─ 405/459 4.9it/s 1:52<10.9s
800/800      4.34G     0.5402      0.275     0.7886         57        256: 88% ━━━━━━━━━━╸─ 406/459 6.0it/s 1:52<8.8s
800/800      4.34G     0.5398     0.2749     0.7887         64        256: 89% ━━━━━━━━━━╸─ 407/459 4.9it/s 1:52<10.6s
800/800      4.34G       0.54      0.275     0.7887         73        256: 89% ━━━━━━━━━━╸─ 408/459 5.9it/s 1:53<8.6s
800/800      4.34G     0.5399     0.2749     0.7889         60        256: 89% ━━━━━━━━━━╸─ 409/459 4.9it/s 1:53<10.3s
800/800      4.34G     0.5395     0.2748     0.7889         66        256: 89% ━━━━━━━━━━╸─ 410/459 6.0it/s 1:53<8.2s
800/800      4.34G     0.5394     0.2747     0.7889         65        256: 90% ━━━━━━━━━━╸─ 411/459 4.9it/s 1:54<9.9s
800/800      4.34G     0.5396     0.2747     0.7891         64        256: 90% ━━━━━━━━━━╸─ 412/459 5.9it/s 1:54<7.9s
800/800      4.34G     0.5392     0.2746     0.7891         81        256: 90% ━━━━━━━━━━╸─ 413/459 4.8it/s 1:54<9.5s
800/800      4.34G     0.5387     0.2744     0.7892         47        256: 90% ━━━━━━━━━━╸─ 414/459 5.9it/s 1:54<7.6s
800/800      4.34G     0.5392     0.2744     0.7892         68        256: 90% ━━━━━━━━━━╸─ 415/459 4.8it/s 1:55<9.1s
800/800      4.34G      0.539     0.2745     0.7892         51        256: 91% ━━━━━━━━━━╸─ 416/459 6.0it/s 1:55<7.2s
800/800      4.34G     0.5393     0.2746     0.7891         75        256: 91% ━━━━━━━━━━╸─ 417/459 4.9it/s 1:55<8.6s
800/800      4.34G     0.5389     0.2744     0.7891         52        256: 91% ━━━━━━━━━━╸─ 418/459 6.0it/s 1:55<6.9s
800/800      4.34G      0.539     0.2744     0.7891         60        256: 91% ━━━━━━━━━━╸─ 419/459 4.8it/s 1:56<8.3s
800/800      4.34G     0.5396     0.2746      0.789        198        256: 92% ━━━━━━━━━━╸─ 420/459 5.9it/s 1:56<6.6s
800/800      4.34G     0.5405     0.2749      0.789        120        256: 92% ━━━━━━━━━━━─ 421/459 4.9it/s 1:56<7.8s
800/800      4.34G     0.5403     0.2748      0.789         55        256: 92% ━━━━━━━━━━━─ 422/459 5.8it/s 1:56<6.3s
800/800      4.34G     0.5417     0.2753     0.7889        143        256: 92% ━━━━━━━━━━━─ 423/459 4.8it/s 1:57<7.5s
800/800      4.34G     0.5419     0.2753     0.7889         70        256: 92% ━━━━━━━━━━━─ 424/459 6.0it/s 1:57<5.9s
800/800      4.34G     0.5416     0.2753     0.7889         57        256: 93% ━━━━━━━━━━━─ 425/459 4.9it/s 1:57<7.0s
800/800      4.34G     0.5415     0.2753     0.7889         72        256: 93% ━━━━━━━━━━━─ 426/459 5.9it/s 1:57<5.6s
800/800      4.34G     0.5416     0.2753      0.789         64        256: 93% ━━━━━━━━━━━─ 427/459 4.9it/s 1:58<6.6s
800/800      4.34G     0.5419     0.2754      0.789         65        256: 93% ━━━━━━━━━━━─ 428/459 5.8it/s 1:58<5.4s
800/800      4.34G     0.5418     0.2754     0.7889         65        256: 93% ━━━━━━━━━━━─ 429/459 4.7it/s 1:58<6.4s
800/800      4.34G     0.5416     0.2754     0.7889         62        256: 94% ━━━━━━━━━━━─ 430/459 5.8it/s 1:59<5.0s
800/800      4.34G     0.5415     0.2754     0.7889         52        256: 94% ━━━━━━━━━━━─ 431/459 4.7it/s 1:59<6.0s
800/800      4.34G      0.542     0.2754     0.7888        156        256: 94% ━━━━━━━━━━━─ 432/459 5.8it/s 1:59<4.7s
800/800      4.34G     0.5419     0.2754     0.7888         64        256: 94% ━━━━━━━━━━━─ 433/459 4.8it/s 1:60<5.5s
800/800      4.34G     0.5424     0.2755     0.7887        146        256: 95% ━━━━━━━━━━━─ 434/459 5.8it/s 1:60<4.3s
800/800      4.34G     0.5422     0.2755     0.7888         65        256: 95% ━━━━━━━━━━━─ 435/459 4.8it/s 2:00<5.0s
800/800      4.34G     0.5418     0.2754     0.7888         53        256: 95% ━━━━━━━━━━━─ 436/459 5.9it/s 2:00<3.9s
800/800      4.34G     0.5418     0.2754     0.7887         81        256: 95% ━━━━━━━━━━━─ 437/459 4.9it/s 2:01<4.5s
800/800      4.34G     0.5422     0.2756     0.7888        121        256: 95% ━━━━━━━━━━━─ 438/459 6.0it/s 2:01<3.5s
800/800      4.34G     0.5417     0.2754     0.7889         46        256: 96% ━━━━━━━━━━━─ 439/459 4.9it/s 2:01<4.1s
800/800      4.34G     0.5418     0.2754     0.7888        100        256: 96% ━━━━━━━━━━━╸ 440/459 5.6it/s 2:01<3.4s
800/800      4.34G     0.5418     0.2754     0.7889         74        256: 96% ━━━━━━━━━━━╸ 441/459 4.7it/s 2:02<3.9s
800/800      4.34G     0.5422     0.2756     0.7889         69        256: 96% ━━━━━━━━━━━╸ 442/459 6.0it/s 2:02<2.8s
800/800      4.34G     0.5421     0.2756      0.789         75        256: 97% ━━━━━━━━━━━╸ 443/459 4.9it/s 2:02<3.3s
800/800      4.34G     0.5425     0.2758      0.789        109        256: 97% ━━━━━━━━━━━╸ 444/459 5.8it/s 2:02<2.6s
800/800      4.34G     0.5424     0.2757     0.7889         76        256: 97% ━━━━━━━━━━━╸ 445/459 4.7it/s 2:03<3.0s
800/800      4.34G     0.5422     0.2757      0.789         72        256: 97% ━━━━━━━━━━━╸ 446/459 5.6it/s 2:03<2.3s
800/800      4.34G     0.5419     0.2756     0.7891         72        256: 97% ━━━━━━━━━━━╸ 447/459 4.5it/s 2:04<2.6s
800/800      4.34G     0.5417     0.2755      0.789         79        256: 98% ━━━━━━━━━━━╸ 448/459 5.6it/s 2:04<2.0s
800/800      4.34G     0.5415     0.2755      0.789         43        256: 98% ━━━━━━━━━━━╸ 449/459 4.6it/s 2:04<2.2s
800/800      4.34G     0.5413     0.2754     0.7889         61        256: 98% ━━━━━━━━━━━╸ 450/459 5.6it/s 2:04<1.6s
800/800      4.34G     0.5414     0.2753     0.7889         76        256: 98% ━━━━━━━━━━━╸ 451/459 4.6it/s 2:05<1.7s
800/800      4.34G     0.5413     0.2753     0.7889         55        256: 98% ━━━━━━━━━━━╸ 452/459 5.6it/s 2:05<1.2s
800/800      4.34G      0.541     0.2753     0.7889         76        256: 99% ━━━━━━━━━━━╸ 453/459 4.6it/s 2:05<1.3s
800/800      4.34G     0.5408     0.2751      0.789         71        256: 99% ━━━━━━━━━━━╸ 454/459 5.7it/s 2:05<0.9s
800/800      4.34G     0.5409     0.2751     0.7891         73        256: 99% ━━━━━━━━━━━╸ 455/459 4.7it/s 2:06<0.9s
800/800      4.34G     0.5406      0.275     0.7891         75        256: 99% ━━━━━━━━━━━╸ 456/459 5.4it/s 2:06<0.6s
800/800      4.34G     0.5404     0.2749     0.7891         65        256: 100% ━━━━━━━━━━━╸ 457/459 4.5it/s 2:06<0.4s
800/800      4.34G     0.5401     0.2748     0.7892         20        256: 100% ━━━━━━━━━━━╸ 458/459 5.9it/s 2:06<0.2s
800/800      4.34G     0.5401     0.2748     0.7892         20        256: 100% ━━━━━━━━━━━━ 459/459 3.6it/s 2:06
Class     Images  Instances      Box(P          R      mAP50  mAP50-95): 59% ━━━━━━━───── 34/58 6.0it/s 5.8s<4.0s
Class     Images  Instances      Box(P          R      mAP50  mAP50-95): 69% ━━━━━━━━──── 40/58 6.0it/s 6.8s<3.0s[ WARN:0@146522.430] global grfmt_tiff.cpp:122 TIFF_Warning TIFFReadDirectory: Unknown field with tag 34264 (0x85d8) encountered
Class     Images  Instances      Box(P          R      mAP50  mAP50-95): 72% ━━━━━━━━╸─── 42/58 6.0it/s 7.1s<2.7s[ WARN:0@146522.718] global grfmt_tiff.cpp:122 TIFF_Warning TIFFReadDirectory: Unknown field with tag 34264 (0x85d8) encountered
Class     Images  Instances      Box(P          R      mAP50  mAP50-95): 74% ━━━━━━━━╸─── 43/58 6.1it/s 7.3s<2.5s[ WARN:0@146522.829] global grfmt_tiff.cpp:122 TIFF_Warning TIFFReadDirectory: Unknown field with tag 34264 (0x85d8) encountered
Class     Images  Instances      Box(P          R      mAP50  mAP50-95): 88% ━━━━━━━━━━╸─ 51/58 5.9it/s 8.6s<1.2s
all       3667       9609      0.944      0.922      0.946      0.669
Optimizer stripped from /mnt/dataY/ydf/projects/LADD_og/runs_public/ogsod/hbb/formal_nomosaic_20260528/baselines/rgb/rgb_yolo11l_hbb_800ep_cos_nomosaic_albu_b32_s0/weights/last.pt, 51.3MB
Optimizer stripped from /mnt/dataY/ydf/projects/LADD_og/runs_public/ogsod/hbb/formal_nomosaic_20260528/baselines/rgb/rgb_yolo11l_hbb_800ep_cos_nomosaic_albu_b32_s0/weights/best.pt, 51.3MB
Validating /mnt/dataY/ydf/projects/LADD_og/runs_public/ogsod/hbb/formal_nomosaic_20260528/baselines/rgb/rgb_yolo11l_hbb_800ep_cos_nomosaic_albu_b32_s0/weights/best.pt...
Class     Images  Instances      Box(P          R      mAP50  mAP50-95): 2% ──────────── 1/58 1.4it/s 0.2s<41.1s
Class     Images  Instances      Box(P          R      mAP50  mAP50-95): 3% ──────────── 2/58 1.6it/s 0.7s<34.0s
Class     Images  Instances      Box(P          R      mAP50  mAP50-95): 5% ╸─────────── 3/58 2.0it/s 1.0s<27.8s
Class     Images  Instances      Box(P          R      mAP50  mAP50-95): 7% ╸─────────── 4/58 2.4it/s 1.3s<22.9s
Class     Images  Instances      Box(P          R      mAP50  mAP50-95): 9% ━─────────── 5/58 3.1it/s 1.5s<16.9s
Class     Images  Instances      Box(P          R      mAP50  mAP50-95): 10% ━─────────── 6/58 3.6it/s 1.7s<14.4s
Class     Images  Instances      Box(P          R      mAP50  mAP50-95): 12% ━─────────── 7/58 3.9it/s 2.0s<13.0s
Class     Images  Instances      Box(P          R      mAP50  mAP50-95): 14% ━╸────────── 8/58 4.1it/s 2.2s<12.1s
Class     Images  Instances      Box(P          R      mAP50  mAP50-95): 16% ━╸────────── 9/58 4.3it/s 2.4s<11.3s
Class     Images  Instances      Box(P          R      mAP50  mAP50-95): 17% ━━────────── 10/58 4.5it/s 2.6s<10.7s
Class     Images  Instances      Box(P          R      mAP50  mAP50-95): 19% ━━────────── 11/58 4.6it/s 2.8s<10.2s
Class     Images  Instances      Box(P          R      mAP50  mAP50-95): 21% ━━────────── 12/58 4.6it/s 3.0s<10.0s
Class     Images  Instances      Box(P          R      mAP50  mAP50-95): 22% ━━╸───────── 13/58 4.6it/s 3.2s<9.7s
Class     Images  Instances      Box(P          R      mAP50  mAP50-95): 24% ━━╸───────── 14/58 4.7it/s 3.4s<9.4s
Class     Images  Instances      Box(P          R      mAP50  mAP50-95): 26% ━━━───────── 15/58 4.7it/s 3.6s<9.1s
Class     Images  Instances      Box(P          R      mAP50  mAP50-95): 28% ━━━───────── 16/58 4.7it/s 3.8s<8.9s
Class     Images  Instances      Box(P          R      mAP50  mAP50-95): 29% ━━━╸──────── 17/58 4.7it/s 4.1s<8.8s
Class     Images  Instances      Box(P          R      mAP50  mAP50-95): 31% ━━━╸──────── 18/58 4.7it/s 4.3s<8.5s
Class     Images  Instances      Box(P          R      mAP50  mAP50-95): 33% ━━━╸──────── 19/58 4.7it/s 4.5s<8.3s
Class     Images  Instances      Box(P          R      mAP50  mAP50-95): 34% ━━━━──────── 20/58 4.7it/s 4.7s<8.1s
Class     Images  Instances      Box(P          R      mAP50  mAP50-95): 36% ━━━━──────── 21/58 4.7it/s 4.9s<7.9s
Class     Images  Instances      Box(P          R      mAP50  mAP50-95): 38% ━━━━╸─────── 22/58 4.7it/s 5.1s<7.7s
Class     Images  Instances      Box(P          R      mAP50  mAP50-95): 40% ━━━━╸─────── 23/58 4.7it/s 5.3s<7.4s
Class     Images  Instances      Box(P          R      mAP50  mAP50-95): 41% ━━━━╸─────── 24/58 4.7it/s 5.6s<7.2s
Class     Images  Instances      Box(P          R      mAP50  mAP50-95): 43% ━━━━━─────── 25/58 4.6it/s 5.8s<7.1s
Class     Images  Instances      Box(P          R      mAP50  mAP50-95): 45% ━━━━━─────── 26/58 4.6it/s 6.0s<7.0s
Class     Images  Instances      Box(P          R      mAP50  mAP50-95): 47% ━━━━━╸────── 27/58 4.5it/s 6.2s<6.9s
Class     Images  Instances      Box(P          R      mAP50  mAP50-95): 48% ━━━━━╸────── 28/58 4.5it/s 6.5s<6.6s
Class     Images  Instances      Box(P          R      mAP50  mAP50-95): 50% ━━━━━━────── 29/58 4.5it/s 6.7s<6.4s
Class     Images  Instances      Box(P          R      mAP50  mAP50-95): 52% ━━━━━━────── 30/58 4.5it/s 6.9s<6.2s
Class     Images  Instances      Box(P          R      mAP50  mAP50-95): 53% ━━━━━━────── 31/58 4.5it/s 7.1s<6.0s
Class     Images  Instances      Box(P          R      mAP50  mAP50-95): 55% ━━━━━━╸───── 32/58 4.6it/s 7.3s<5.7s
Class     Images  Instances      Box(P          R      mAP50  mAP50-95): 57% ━━━━━━╸───── 33/58 4.7it/s 7.5s<5.3s
Class     Images  Instances      Box(P          R      mAP50  mAP50-95): 59% ━━━━━━━───── 34/58 4.7it/s 7.7s<5.1s
Class     Images  Instances      Box(P          R      mAP50  mAP50-95): 60% ━━━━━━━───── 35/58 4.7it/s 7.9s<4.9s
Class     Images  Instances      Box(P          R      mAP50  mAP50-95): 62% ━━━━━━━───── 36/58 4.7it/s 8.2s<4.6s
Class     Images  Instances      Box(P          R      mAP50  mAP50-95): 64% ━━━━━━━╸──── 37/58 4.7it/s 8.4s<4.4s
Class     Images  Instances      Box(P          R      mAP50  mAP50-95): 66% ━━━━━━━╸──── 38/58 4.7it/s 8.6s<4.3s
Class     Images  Instances      Box(P          R      mAP50  mAP50-95): 67% ━━━━━━━━──── 39/58 4.7it/s 8.8s<4.0s
Class     Images  Instances      Box(P          R      mAP50  mAP50-95): 69% ━━━━━━━━──── 40/58 4.7it/s 9.0s<3.8s[ WARN:0@146539.565] global grfmt_tiff.cpp:122 TIFF_Warning TIFFReadDirectory: Unknown field with tag 34264 (0x85d8) encountered
Class     Images  Instances      Box(P          R      mAP50  mAP50-95): 71% ━━━━━━━━──── 41/58 4.7it/s 9.2s<3.6s
Class     Images  Instances      Box(P          R      mAP50  mAP50-95): 72% ━━━━━━━━╸─── 42/58 4.7it/s 9.4s<3.4s[ WARN:0@146539.934] global grfmt_tiff.cpp:122 TIFF_Warning TIFFReadDirectory: Unknown field with tag 34264 (0x85d8) encountered
Class     Images  Instances      Box(P          R      mAP50  mAP50-95): 74% ━━━━━━━━╸─── 43/58 4.7it/s 9.6s<3.2s[ WARN:0@146540.103] global grfmt_tiff.cpp:122 TIFF_Warning TIFFReadDirectory: Unknown field with tag 34264 (0x85d8) encountered
Class     Images  Instances      Box(P          R      mAP50  mAP50-95): 76% ━━━━━━━━━─── 44/58 4.7it/s 9.9s<3.0s
Class     Images  Instances      Box(P          R      mAP50  mAP50-95): 78% ━━━━━━━━━─── 45/58 4.7it/s 10.1s<2.7s
Class     Images  Instances      Box(P          R      mAP50  mAP50-95): 79% ━━━━━━━━━╸── 46/58 4.7it/s 10.3s<2.6s
Class     Images  Instances      Box(P          R      mAP50  mAP50-95): 81% ━━━━━━━━━╸── 47/58 4.7it/s 10.5s<2.3s
Class     Images  Instances      Box(P          R      mAP50  mAP50-95): 83% ━━━━━━━━━╸── 48/58 4.8it/s 10.7s<2.1s
Class     Images  Instances      Box(P          R      mAP50  mAP50-95): 84% ━━━━━━━━━━── 49/58 4.9it/s 10.9s<1.8s
Class     Images  Instances      Box(P          R      mAP50  mAP50-95): 86% ━━━━━━━━━━── 50/58 4.8it/s 11.1s<1.7s
Class     Images  Instances      Box(P          R      mAP50  mAP50-95): 88% ━━━━━━━━━━╸─ 51/58 4.8it/s 11.3s<1.5s
Class     Images  Instances      Box(P          R      mAP50  mAP50-95): 90% ━━━━━━━━━━╸─ 52/58 4.8it/s 11.5s<1.2s
Class     Images  Instances      Box(P          R      mAP50  mAP50-95): 91% ━━━━━━━━━━╸─ 53/58 4.8it/s 11.7s<1.0s
Class     Images  Instances      Box(P          R      mAP50  mAP50-95): 93% ━━━━━━━━━━━─ 54/58 4.8it/s 11.9s<0.8s
Class     Images  Instances      Box(P          R      mAP50  mAP50-95): 95% ━━━━━━━━━━━─ 55/58 4.9it/s 12.1s<0.6s
Class     Images  Instances      Box(P          R      mAP50  mAP50-95): 97% ━━━━━━━━━━━╸ 56/58 4.9it/s 12.3s<0.4s
Class     Images  Instances      Box(P          R      mAP50  mAP50-95): 98% ━━━━━━━━━━━╸ 57/58 4.9it/s 12.6s<0.2s
Class     Images  Instances      Box(P          R      mAP50  mAP50-95): 100% ━━━━━━━━━━━━ 58/58 4.6it/s 12.6s
all       3667       9609      0.952      0.932      0.952      0.684
Results saved to /mnt/dataY/ydf/projects/LADD_og/runs_public/ogsod/hbb/formal_nomosaic_20260528/baselines/rgb/rgb_yolo11l_hbb_800ep_cos_nomosaic_albu_b32_s0
all       3667       9609      0.944      0.922      0.946      0.669
800 epochs completed in 40.695 hours.
YOLO11l summary (fused): 191 layers, 25,281,625 parameters, 0 gradients, 86.6 GFLOPs
all       3667       9609      0.952      0.932      0.952      0.684
bridge       3315       6389      0.965      0.963      0.983      0.673
harbor        331        803      0.998      0.995      0.995      0.941
storage_tank        153       2417      0.893      0.837      0.877      0.437
Speed: 0.0ms preprocess, 0.7ms inference, 0.0ms loss, 0.6ms postprocess per image
Results saved to /mnt/dataY/ydf/projects/LADD_og/runs_public/ogsod/hbb/formal_nomosaic_20260528/baselines/rgb/rgb_yolo11l_hbb_800ep_cos_nomosaic_albu_b32_s0
