# source_log: /mnt/dataY/ydf/projects/LADD_og/logs/formal_nomosaic_20260528/baselines/sar_yolo11s_hbb_800ep_cos_nomosaic_albu_b64_s42_gpu2.log
# source_log_size_bytes: 31571007
# note: extracted from raw log; ANSI progress control characters removed; full raw log retained on server 90.

800/800      3.53G     0.6815     0.3395     0.7948        137        256: 12% ━─────────── 28/230 2.6it/s 11.2s<1:17
800/800      3.53G     0.6828     0.3395     0.7948        198        256: 13% ━╸────────── 29/230 2.7it/s 11.6s<1:16
800/800      3.53G     0.6813     0.3389     0.7961        134        256: 13% ━╸────────── 30/230 2.7it/s 11.9s<1:13
800/800      3.53G     0.6834      0.339     0.7953        175        256: 13% ━╸────────── 31/230 2.7it/s 12.3s<1:13
800/800      3.53G     0.6847     0.3401     0.7942        138        256: 14% ━╸────────── 32/230 2.8it/s 12.6s<1:10
800/800      3.53G     0.6848     0.3406     0.7951        145        256: 14% ━╸────────── 33/230 2.8it/s 13.0s<1:11
800/800      3.53G     0.6825     0.3392     0.7951        120        256: 15% ━╸────────── 34/230 2.8it/s 13.4s<1:11
800/800      3.53G     0.6845     0.3393      0.795        187        256: 15% ━╸────────── 35/230 2.7it/s 13.8s<1:12
800/800      3.53G     0.6845     0.3393     0.7947        170        256: 16% ━╸────────── 36/230 2.6it/s 14.2s<1:16
800/800      3.53G     0.6874     0.3406     0.7942        174        256: 16% ━╸────────── 37/230 2.6it/s 14.6s<1:15
800/800      3.53G     0.6854     0.3397     0.7936        133        256: 17% ━╸────────── 38/230 2.5it/s 15.0s<1:16
800/800      3.53G     0.6843     0.3398     0.7941        117        256: 17% ━━────────── 39/230 2.4it/s 15.5s<1:19
800/800      3.53G     0.6843     0.3397     0.7937        122        256: 17% ━━────────── 40/230 2.5it/s 15.9s<1:17
800/800      3.53G     0.6856     0.3399     0.7936        143        256: 18% ━━────────── 41/230 2.4it/s 16.3s<1:17
800/800      3.53G      0.687     0.3402     0.7936        138        256: 18% ━━────────── 42/230 2.5it/s 16.7s<1:17
800/800      3.53G     0.6867     0.3402     0.7932        126        256: 19% ━━────────── 43/230 2.4it/s 17.1s<1:17
800/800      3.53G     0.6816     0.3386     0.7933        113        256: 19% ━━────────── 44/230 2.4it/s 17.5s<1:17
800/800      3.53G     0.6862     0.3398     0.7929        151        256: 20% ━━────────── 45/230 2.4it/s 18.0s<1:17
800/800      3.53G     0.6864     0.3397     0.7935        117        256: 20% ━━────────── 46/230 2.4it/s 18.4s<1:16
800/800      3.53G     0.6902     0.3405     0.7934        163        256: 20% ━━────────── 47/230 2.4it/s 18.8s<1:15
800/800      3.53G     0.6889       0.34      0.793        127        256: 21% ━━╸───────── 48/230 2.4it/s 19.2s<1:16
800/800      3.53G     0.6873     0.3395      0.793        140        256: 21% ━━╸───────── 49/230 2.4it/s 19.6s<1:15
800/800      3.53G     0.6855     0.3387     0.7925        127        256: 22% ━━╸───────── 50/230 2.4it/s 20.0s<1:15
800/800      3.53G     0.6859     0.3383     0.7928        139        256: 22% ━━╸───────── 51/230 2.4it/s 20.4s<1:14
800/800      3.53G     0.6854     0.3381     0.7929        146        256: 23% ━━╸───────── 52/230 2.4it/s 20.9s<1:14
800/800      3.53G     0.6859     0.3383     0.7925        144        256: 23% ━━╸───────── 53/230 2.5it/s 21.2s<1:11
800/800      3.53G     0.6917     0.3403      0.792        250        256: 23% ━━╸───────── 54/230 2.7it/s 21.6s<1:06
800/800      3.53G     0.6942     0.3409     0.7918        199        256: 24% ━━╸───────── 55/230 2.5it/s 22.0s<1:10
800/800      3.53G     0.6932     0.3407     0.7918        139        256: 24% ━━╸───────── 56/230 2.4it/s 22.5s<1:11
800/800      3.53G     0.6943     0.3409     0.7916        221        256: 25% ━━╸───────── 57/230 2.5it/s 22.8s<1:10
800/800      3.53G     0.6965     0.3417     0.7919        151        256: 25% ━━━───────── 58/230 2.5it/s 23.2s<1:09
800/800      3.53G     0.6957     0.3415     0.7918        117        256: 26% ━━━───────── 59/230 2.6it/s 23.6s<1:07
800/800      3.53G     0.6937     0.3411     0.7916        107        256: 26% ━━━───────── 60/230 2.5it/s 24.0s<1:08
800/800      3.53G     0.6954     0.3415     0.7916        196        256: 27% ━━━───────── 61/230 2.6it/s 24.4s<1:06
800/800      3.53G     0.6973      0.342     0.7918        181        256: 27% ━━━───────── 62/230 2.7it/s 24.7s<1:02
800/800      3.53G     0.6996     0.3425      0.792        215        256: 27% ━━━───────── 63/230 2.7it/s 25.1s<1:02
800/800      3.53G     0.6992     0.3425     0.7921        121        256: 28% ━━━───────── 64/230 2.8it/s 25.4s<59.4s
800/800      3.53G     0.7006      0.343     0.7921        191        256: 28% ━━━───────── 65/230 2.8it/s 25.8s<60.0s
800/800      3.53G     0.7011     0.3431     0.7921        163        256: 29% ━━━───────── 66/230 2.7it/s 26.2s<59.8s
800/800      3.53G     0.7023     0.3434     0.7921        196        256: 29% ━━━───────── 67/230 2.7it/s 26.6s<59.8s
800/800      3.53G     0.7033     0.3435     0.7925        146        256: 30% ━━━╸──────── 68/230 2.7it/s 26.9s<58.9s
800/800      3.53G     0.7055     0.3447     0.7922        220        256: 30% ━━━╸──────── 69/230 2.7it/s 27.3s<59.4s
800/800      3.53G     0.7056      0.345     0.7924        130        256: 30% ━━━╸──────── 70/230 2.6it/s 27.7s<1:01
800/800      3.53G     0.7033     0.3444     0.7922        109        256: 31% ━━━╸──────── 71/230 2.7it/s 28.1s<59.4s
800/800      3.53G     0.7021     0.3441     0.7925        121        256: 31% ━━━╸──────── 72/230 2.7it/s 28.4s<59.1s
800/800      3.53G     0.6998     0.3433     0.7925        117        256: 32% ━━━╸──────── 73/230 2.7it/s 28.8s<58.3s
800/800      3.53G     0.6996     0.3431     0.7928        116        256: 32% ━━━╸──────── 74/230 2.7it/s 29.2s<57.9s
800/800      3.53G     0.7015     0.3439     0.7931        136        256: 33% ━━━╸──────── 75/230 2.7it/s 29.5s<57.2s
800/800      3.53G     0.7003     0.3434     0.7927        125        256: 33% ━━━╸──────── 76/230 2.7it/s 29.9s<56.9s
800/800      3.53G     0.6994     0.3433     0.7926        115        256: 33% ━━━━──────── 77/230 2.7it/s 30.3s<57.3s
800/800      3.53G     0.7027     0.3443     0.7925        160        256: 34% ━━━━──────── 78/230 2.7it/s 30.6s<55.7s
800/800      3.53G     0.7015      0.344     0.7925        115        256: 34% ━━━━──────── 79/230 2.7it/s 31.0s<55.1s
800/800      3.53G     0.7013      0.344     0.7929        147        256: 35% ━━━━──────── 80/230 2.8it/s 31.3s<53.3s
800/800      3.53G     0.7013      0.344     0.7925        172        256: 35% ━━━━──────── 81/230 2.8it/s 31.7s<53.3s
800/800      3.53G     0.7008     0.3437     0.7927        164        256: 36% ━━━━──────── 82/230 2.8it/s 32.0s<52.2s
800/800      3.53G     0.7025     0.3441     0.7926        194        256: 36% ━━━━──────── 83/230 2.8it/s 32.4s<52.7s
800/800      3.53G      0.704     0.3449     0.7931        128        256: 37% ━━━━──────── 84/230 2.7it/s 32.8s<54.1s
800/800      3.53G     0.7018      0.344     0.7936        109        256: 37% ━━━━──────── 85/230 2.6it/s 33.3s<56.3s
800/800      3.53G      0.703     0.3445     0.7937        152        256: 37% ━━━━──────── 86/230 2.5it/s 33.7s<56.6s
800/800      3.53G     0.7055     0.3447     0.7936        245        256: 38% ━━━━╸─────── 87/230 2.6it/s 34.0s<55.8s
800/800      3.53G     0.7065     0.3449     0.7935        140        256: 38% ━━━━╸─────── 88/230 2.6it/s 34.4s<55.4s
800/800      3.53G     0.7061     0.3446     0.7934        169        256: 39% ━━━━╸─────── 89/230 2.5it/s 34.8s<55.8s
800/800      3.53G     0.7058     0.3446     0.7935        187        256: 39% ━━━━╸─────── 90/230 2.5it/s 35.3s<56.2s
800/800      3.53G     0.7044     0.3443     0.7938        110        256: 40% ━━━━╸─────── 91/230 2.5it/s 35.7s<55.9s
800/800      3.53G     0.7038     0.3439     0.7936        141        256: 40% ━━━━╸─────── 92/230 2.5it/s 36.1s<54.9s
800/800      3.53G     0.7041      0.344     0.7938        121        256: 40% ━━━━╸─────── 93/230 2.6it/s 36.4s<53.4s
800/800      3.53G      0.704      0.344      0.794        126        256: 41% ━━━━╸─────── 94/230 2.5it/s 36.8s<54.0s
800/800      3.53G     0.7046     0.3439     0.7943        160        256: 41% ━━━━╸─────── 95/230 2.5it/s 37.3s<54.5s
800/800      3.53G      0.706     0.3446     0.7942        149        256: 42% ━━━━━─────── 96/230 2.5it/s 37.6s<53.3s
800/800      3.53G     0.7062     0.3447     0.7945        127        256: 42% ━━━━━─────── 97/230 2.5it/s 38.0s<52.5s
800/800      3.53G     0.7065     0.3446     0.7946        149        256: 43% ━━━━━─────── 98/230 2.5it/s 38.5s<53.1s
800/800      3.53G     0.7053      0.344     0.7946        116        256: 43% ━━━━━─────── 99/230 2.5it/s 38.8s<52.3s
800/800      3.53G     0.7049     0.3439     0.7943        164        256: 43% ━━━━━─────── 100/230 2.6it/s 39.2s<50.9s
800/800      3.53G     0.7047     0.3439     0.7945        135        256: 44% ━━━━━─────── 101/230 2.6it/s 39.6s<50.1s
800/800      3.53G     0.7055     0.3442     0.7943        167        256: 44% ━━━━━─────── 102/230 2.6it/s 40.0s<50.2s
800/800      3.53G     0.7054     0.3441     0.7942        167        256: 45% ━━━━━─────── 103/230 2.6it/s 40.4s<48.7s
800/800      3.53G     0.7037     0.3435     0.7943        115        256: 45% ━━━━━─────── 104/230 2.6it/s 40.8s<48.5s
800/800      3.53G     0.7031     0.3435     0.7942        132        256: 46% ━━━━━─────── 105/230 2.7it/s 41.1s<46.0s
800/800      3.53G     0.7044      0.344     0.7943        158        256: 46% ━━━━━╸────── 106/230 2.7it/s 41.5s<45.8s
800/800      3.53G     0.7029     0.3435     0.7945        132        256: 47% ━━━━━╸────── 107/230 2.7it/s 41.8s<45.3s
800/800      3.53G     0.7017     0.3432     0.7945        109        256: 47% ━━━━━╸────── 108/230 2.7it/s 42.2s<45.4s
800/800      3.53G     0.7021     0.3432     0.7944        137        256: 47% ━━━━━╸────── 109/230 2.7it/s 42.6s<45.0s
800/800      3.53G     0.7022     0.3433     0.7944        180        256: 48% ━━━━━╸────── 110/230 2.7it/s 43.0s<44.6s
800/800      3.53G     0.7021     0.3433     0.7945        153        256: 48% ━━━━━╸────── 111/230 2.7it/s 43.3s<44.2s
800/800      3.53G     0.7016     0.3429     0.7945        132        256: 49% ━━━━━╸────── 112/230 2.7it/s 43.7s<43.0s
800/800      3.53G     0.7032     0.3433     0.7944        235        256: 49% ━━━━━╸────── 113/230 2.7it/s 44.1s<43.3s
800/800      3.53G      0.703     0.3432     0.7944        118        256: 50% ━━━━━╸────── 114/230 2.7it/s 44.4s<42.6s
800/800      3.53G     0.7033     0.3433     0.7945        115        256: 50% ━━━━━━────── 115/230 2.7it/s 44.8s<42.6s
800/800      3.53G     0.7032     0.3434     0.7943        128        256: 50% ━━━━━━────── 116/230 2.7it/s 45.2s<43.0s
800/800      3.53G     0.7028     0.3433     0.7942        138        256: 51% ━━━━━━────── 117/230 2.7it/s 45.6s<42.6s
800/800      3.53G     0.7019     0.3431      0.794        118        256: 51% ━━━━━━────── 118/230 2.6it/s 46.0s<42.6s
800/800      3.53G     0.7015     0.3429     0.7941        147        256: 52% ━━━━━━────── 119/230 2.6it/s 46.3s<42.2s
800/800      3.53G      0.701     0.3427     0.7942        179        256: 52% ━━━━━━────── 120/230 2.6it/s 46.7s<42.6s
800/800      3.53G     0.7009     0.3426     0.7942        163        256: 53% ━━━━━━────── 121/230 2.6it/s 47.1s<42.0s
800/800      3.53G     0.7014     0.3428     0.7939        143        256: 53% ━━━━━━────── 122/230 2.6it/s 47.5s<41.8s
800/800      3.53G     0.7019     0.3429      0.794        236        256: 53% ━━━━━━────── 123/230 2.6it/s 47.9s<41.0s
800/800      3.53G     0.7014      0.343     0.7941        125        256: 54% ━━━━━━────── 124/230 2.7it/s 48.2s<39.7s
800/800      3.53G     0.7018     0.3432     0.7942        129        256: 54% ━━━━━━╸───── 125/230 2.7it/s 48.6s<39.2s
800/800      3.53G     0.7011      0.343     0.7942        117        256: 55% ━━━━━━╸───── 126/230 2.7it/s 49.0s<38.2s
800/800      3.53G     0.7016     0.3433      0.794        166        256: 55% ━━━━━━╸───── 127/230 2.7it/s 49.3s<38.3s
800/800      3.53G     0.7013      0.343     0.7939        136        256: 56% ━━━━━━╸───── 128/230 2.7it/s 49.7s<38.1s
800/800      3.53G     0.7014      0.343     0.7937        134        256: 56% ━━━━━━╸───── 129/230 2.7it/s 50.1s<37.8s
800/800      3.53G     0.7006     0.3429     0.7937        119        256: 57% ━━━━━━╸───── 130/230 2.7it/s 50.5s<37.5s
800/800      3.53G     0.7003     0.3427     0.7936        162        256: 57% ━━━━━━╸───── 131/230 2.8it/s 50.8s<35.5s
800/800      3.53G     0.7009     0.3429     0.7936        137        256: 57% ━━━━━━╸───── 132/230 2.7it/s 51.2s<35.8s
800/800      3.53G     0.7001     0.3427     0.7936        173        256: 58% ━━━━━━╸───── 133/230 2.7it/s 51.6s<35.6s
800/800      3.53G     0.6999     0.3428     0.7936        193        256: 58% ━━━━━━╸───── 134/230 2.7it/s 51.9s<35.7s
800/800      3.53G     0.7002     0.3429     0.7937        156        256: 59% ━━━━━━━───── 135/230 2.7it/s 52.3s<35.4s
800/800      3.53G     0.6998     0.3428     0.7937        112        256: 59% ━━━━━━━───── 136/230 2.7it/s 52.7s<35.1s
800/800      3.53G     0.7002     0.3431     0.7937        207        256: 60% ━━━━━━━───── 137/230 2.7it/s 53.1s<34.9s
800/800      3.53G     0.6996     0.3429     0.7937        130        256: 60% ━━━━━━━───── 138/230 2.6it/s 53.5s<34.7s
800/800      3.53G     0.6986     0.3426     0.7937        128        256: 60% ━━━━━━━───── 139/230 2.6it/s 53.8s<34.4s
800/800      3.53G     0.6984     0.3427     0.7938        132        256: 61% ━━━━━━━───── 140/230 2.7it/s 54.2s<33.8s
800/800      3.53G      0.698     0.3425     0.7939        121        256: 61% ━━━━━━━───── 141/230 2.7it/s 54.6s<33.5s
800/800      3.53G     0.6992     0.3428     0.7941        215        256: 62% ━━━━━━━───── 142/230 2.6it/s 55.0s<33.4s
800/800      3.53G     0.6988     0.3426     0.7941        127        256: 62% ━━━━━━━───── 143/230 2.6it/s 55.3s<33.1s
800/800      3.53G     0.6995     0.3429     0.7942        189        256: 63% ━━━━━━━╸──── 144/230 2.6it/s 55.7s<32.6s
800/800      3.53G        0.7     0.3431     0.7943        134        256: 63% ━━━━━━━╸──── 145/230 2.8it/s 56.1s<30.7s
800/800      3.53G        0.7     0.3432     0.7943        162        256: 63% ━━━━━━━╸──── 146/230 2.7it/s 56.4s<30.9s
800/800      3.53G     0.7016     0.3437     0.7943        235        256: 64% ━━━━━━━╸──── 147/230 2.7it/s 56.8s<31.0s
800/800      3.53G     0.7015     0.3437     0.7942        103        256: 64% ━━━━━━━╸──── 148/230 2.6it/s 57.2s<31.1s
800/800      3.53G     0.7019      0.344     0.7942        106        256: 65% ━━━━━━━╸──── 149/230 2.6it/s 57.6s<30.8s
800/800      3.53G     0.7016     0.3438     0.7943        128        256: 65% ━━━━━━━╸──── 150/230 2.6it/s 58.0s<30.5s
800/800      3.53G     0.7017     0.3438     0.7943        159        256: 66% ━━━━━━━╸──── 151/230 2.6it/s 58.4s<30.2s
800/800      3.53G     0.7028     0.3442     0.7943        191        256: 66% ━━━━━━━╸──── 152/230 2.6it/s 58.7s<29.5s
800/800      3.53G     0.7033     0.3444     0.7942        108        256: 67% ━━━━━━━╸──── 153/230 2.6it/s 59.1s<29.3s
800/800      3.53G     0.7031     0.3444     0.7945        193        256: 67% ━━━━━━━━──── 154/230 2.6it/s 59.5s<29.0s
800/800      3.53G      0.703     0.3444     0.7945        125        256: 67% ━━━━━━━━──── 155/230 2.7it/s 59.9s<28.2s
800/800      3.53G     0.7027     0.3442     0.7944        170        256: 68% ━━━━━━━━──── 156/230 2.6it/s 1:00<28.1s
800/800      3.53G     0.7031     0.3441     0.7944        194        256: 68% ━━━━━━━━──── 157/230 2.7it/s 1:01<27.4s
800/800      3.53G     0.7026     0.3439     0.7944        151        256: 69% ━━━━━━━━──── 158/230 2.7it/s 1:01<27.1s
800/800      3.53G     0.7022     0.3438     0.7942        179        256: 69% ━━━━━━━━──── 159/230 2.7it/s 1:01<26.5s
800/800      3.53G     0.7032      0.344     0.7944        117        256: 70% ━━━━━━━━──── 160/230 2.7it/s 1:02<26.3s
800/800      3.53G      0.704     0.3443     0.7944        160        256: 70% ━━━━━━━━──── 161/230 2.7it/s 1:02<25.8s
800/800      3.53G     0.7034     0.3441     0.7944        127        256: 70% ━━━━━━━━──── 162/230 2.7it/s 1:02<25.3s
800/800      3.53G     0.7043     0.3443     0.7942        179        256: 71% ━━━━━━━━╸─── 163/230 2.7it/s 1:03<25.0s
800/800      3.53G     0.7049     0.3442     0.7941        190        256: 71% ━━━━━━━━╸─── 164/230 2.7it/s 1:03<24.4s
800/800      3.53G     0.7057     0.3444     0.7939        241        256: 72% ━━━━━━━━╸─── 165/230 2.7it/s 1:04<24.5s
800/800      3.53G     0.7052     0.3442     0.7941        144        256: 72% ━━━━━━━━╸─── 166/230 2.7it/s 1:04<23.6s
800/800      3.53G     0.7053     0.3443     0.7941        131        256: 73% ━━━━━━━━╸─── 167/230 2.7it/s 1:04<23.4s
800/800      3.53G     0.7055     0.3443     0.7942        155        256: 73% ━━━━━━━━╸─── 168/230 2.7it/s 1:05<23.0s
800/800      3.53G     0.7067     0.3445     0.7941        264        256: 73% ━━━━━━━━╸─── 169/230 2.7it/s 1:05<22.7s
800/800      3.53G     0.7071     0.3446     0.7942        149        256: 74% ━━━━━━━━╸─── 170/230 2.7it/s 1:05<22.2s
800/800      3.53G     0.7071     0.3446     0.7943        118        256: 74% ━━━━━━━━╸─── 171/230 2.7it/s 1:06<21.9s
800/800      3.53G     0.7075     0.3448     0.7942        150        256: 75% ━━━━━━━━╸─── 172/230 2.7it/s 1:06<21.6s
800/800      3.53G     0.7069     0.3446     0.7942        133        256: 75% ━━━━━━━━━─── 173/230 2.7it/s 1:07<21.0s
800/800      3.53G     0.7066     0.3444     0.7943        128        256: 76% ━━━━━━━━━─── 174/230 2.7it/s 1:07<21.1s
800/800      3.53G     0.7067     0.3445     0.7943        194        256: 76% ━━━━━━━━━─── 175/230 2.6it/s 1:07<20.8s
800/800      3.53G     0.7069     0.3447     0.7944        120        256: 77% ━━━━━━━━━─── 176/230 2.6it/s 1:08<20.5s
800/800      3.53G     0.7066     0.3446     0.7944        101        256: 77% ━━━━━━━━━─── 177/230 2.6it/s 1:08<20.2s
800/800      3.53G     0.7064     0.3446     0.7945        132        256: 77% ━━━━━━━━━─── 178/230 2.7it/s 1:08<19.6s
800/800      3.53G     0.7063     0.3445     0.7946        137        256: 78% ━━━━━━━━━─── 179/230 2.7it/s 1:09<19.2s
800/800      3.53G     0.7066     0.3447     0.7946        124        256: 78% ━━━━━━━━━─── 180/230 2.7it/s 1:09<18.2s
800/800      3.53G     0.7064     0.3446     0.7946        134        256: 79% ━━━━━━━━━─── 181/230 2.7it/s 1:10<18.1s
800/800      3.53G     0.7065     0.3446     0.7946        148        256: 79% ━━━━━━━━━─── 182/230 2.7it/s 1:10<17.9s
800/800      3.53G     0.7067     0.3447     0.7948        201        256: 80% ━━━━━━━━━╸── 183/230 2.7it/s 1:10<17.6s
800/800      3.53G     0.7067     0.3448     0.7948        160        256: 80% ━━━━━━━━━╸── 184/230 2.7it/s 1:11<16.9s
800/800      3.53G     0.7065     0.3446     0.7947        177        256: 80% ━━━━━━━━━╸── 185/230 2.7it/s 1:11<16.7s
800/800      3.53G     0.7082      0.345     0.7948        205        256: 81% ━━━━━━━━━╸── 186/230 2.6it/s 1:11<16.7s
800/800      3.53G     0.7083      0.345     0.7948        167        256: 81% ━━━━━━━━━╸── 187/230 2.7it/s 1:12<15.9s
800/800      3.53G     0.7084      0.345      0.795        166        256: 82% ━━━━━━━━━╸── 188/230 2.7it/s 1:12<15.7s
800/800      3.53G     0.7077     0.3449     0.7949        113        256: 82% ━━━━━━━━━╸── 189/230 2.7it/s 1:13<15.2s
800/800      3.53G     0.7071     0.3447      0.795        126        256: 83% ━━━━━━━━━╸── 190/230 2.7it/s 1:13<15.0s
800/800      3.53G     0.7079     0.3452     0.7951        111        256: 83% ━━━━━━━━━╸── 191/230 2.6it/s 1:13<14.8s
800/800      3.53G     0.7078     0.3451     0.7951        150        256: 83% ━━━━━━━━━━── 192/230 2.7it/s 1:14<14.3s
800/800      3.53G     0.7074      0.345     0.7952        127        256: 84% ━━━━━━━━━━── 193/230 2.6it/s 1:14<14.0s
800/800      3.53G      0.707     0.3451     0.7953        150        256: 84% ━━━━━━━━━━── 194/230 2.7it/s 1:14<13.3s
800/800      3.53G     0.7063     0.3449     0.7953        144        256: 85% ━━━━━━━━━━── 195/230 2.6it/s 1:15<13.6s
800/800      3.53G     0.7054     0.3446     0.7954        127        256: 85% ━━━━━━━━━━── 196/230 2.6it/s 1:15<12.9s
800/800      3.53G     0.7058     0.3446     0.7954        195        256: 86% ━━━━━━━━━━── 197/230 2.6it/s 1:16<12.5s
800/800      3.53G     0.7062     0.3446     0.7954        149        256: 86% ━━━━━━━━━━── 198/230 2.6it/s 1:16<12.1s
800/800      3.53G     0.7071     0.3448     0.7953        233        256: 87% ━━━━━━━━━━── 199/230 2.7it/s 1:16<11.6s
800/800      3.53G     0.7081     0.3451     0.7954        217        256: 87% ━━━━━━━━━━── 200/230 2.6it/s 1:17<11.4s
800/800      3.53G     0.7073     0.3449     0.7954        118        256: 87% ━━━━━━━━━━── 201/230 2.8it/s 1:17<10.5s
800/800      3.53G     0.7076     0.3448     0.7955        207        256: 88% ━━━━━━━━━━╸─ 202/230 2.7it/s 1:17<10.3s
800/800      3.53G     0.7074     0.3448     0.7956        141        256: 88% ━━━━━━━━━━╸─ 203/230 2.7it/s 1:18<10.0s
800/800      3.53G     0.7071     0.3447     0.7956        115        256: 89% ━━━━━━━━━━╸─ 204/230 2.7it/s 1:18<9.7s
800/800      3.53G     0.7074     0.3448     0.7956        160        256: 89% ━━━━━━━━━━╸─ 205/230 2.7it/s 1:19<9.3s
800/800      3.53G     0.7071     0.3448     0.7954        133        256: 90% ━━━━━━━━━━╸─ 206/230 2.7it/s 1:19<9.0s
800/800      3.53G     0.7071     0.3447     0.7954        136        256: 90% ━━━━━━━━━━╸─ 207/230 2.7it/s 1:19<8.6s
800/800      3.53G      0.707     0.3447     0.7953        114        256: 90% ━━━━━━━━━━╸─ 208/230 2.7it/s 1:20<8.1s
800/800      3.53G     0.7075     0.3449     0.7953        222        256: 91% ━━━━━━━━━━╸─ 209/230 2.7it/s 1:20<7.7s
800/800      3.53G     0.7067     0.3446     0.7953        134        256: 91% ━━━━━━━━━━╸─ 210/230 2.7it/s 1:20<7.5s
800/800      3.53G     0.7077     0.3451     0.7954        239        256: 92% ━━━━━━━━━━━─ 211/230 2.6it/s 1:21<7.4s
800/800      3.53G     0.7082     0.3452     0.7954        193        256: 92% ━━━━━━━━━━━─ 212/230 2.5it/s 1:21<7.1s
800/800      3.53G     0.7079      0.345     0.7955        191        256: 93% ━━━━━━━━━━━─ 213/230 2.4it/s 1:22<7.1s
800/800      3.53G     0.7079      0.345     0.7955        133        256: 93% ━━━━━━━━━━━─ 214/230 2.5it/s 1:22<6.4s
800/800      3.53G     0.7079     0.3451     0.7954        142        256: 93% ━━━━━━━━━━━─ 215/230 2.5it/s 1:23<5.9s
800/800      3.53G     0.7079     0.3452     0.7955        147        256: 94% ━━━━━━━━━━━─ 216/230 2.6it/s 1:23<5.4s
800/800      3.53G     0.7077     0.3451     0.7957        144        256: 94% ━━━━━━━━━━━─ 217/230 2.6it/s 1:23<5.1s
800/800      3.53G     0.7075     0.3451     0.7959        102        256: 95% ━━━━━━━━━━━─ 218/230 2.7it/s 1:24<4.4s
800/800      3.53G     0.7071      0.345     0.7959        124        256: 95% ━━━━━━━━━━━─ 219/230 2.7it/s 1:24<4.1s
800/800      3.53G     0.7069     0.3449      0.796        170        256: 96% ━━━━━━━━━━━─ 220/230 2.8it/s 1:24<3.5s
800/800      3.53G     0.7074      0.345      0.796        207        256: 96% ━━━━━━━━━━━╸ 221/230 2.8it/s 1:25<3.2s
800/800      3.53G      0.707     0.3449     0.7959        110        256: 97% ━━━━━━━━━━━╸ 222/230 2.8it/s 1:25<2.9s
800/800      3.53G     0.7068     0.3449      0.796        125        256: 97% ━━━━━━━━━━━╸ 223/230 2.8it/s 1:25<2.5s
800/800      3.53G     0.7064     0.3448     0.7959        142        256: 97% ━━━━━━━━━━━╸ 224/230 2.8it/s 1:26<2.1s
800/800      3.53G     0.7062     0.3447      0.796        154        256: 98% ━━━━━━━━━━━╸ 225/230 2.7it/s 1:26<1.8s
800/800      3.53G     0.7062     0.3448     0.7961        174        256: 98% ━━━━━━━━━━━╸ 226/230 2.7it/s 1:27<1.5s
800/800      3.53G     0.7061     0.3448     0.7961        219        256: 99% ━━━━━━━━━━━╸ 227/230 2.7it/s 1:27<1.1s
800/800      3.53G     0.7069      0.345     0.7962        187        256: 99% ━━━━━━━━━━━╸ 228/230 2.7it/s 1:27<0.7s
800/800      3.53G      0.707     0.3449     0.7964         19        256: 100% ━━━━━━━━━━━╸ 229/230 2.9it/s 1:28<0.3s
800/800      3.53G      0.707     0.3449     0.7964         19        256: 100% ━━━━━━━━━━━━ 230/230 2.6it/s 1:28
Class     Images  Instances      Box(P          R      mAP50  mAP50-95): 10% ━─────────── 3/29 4.6s/it 9.0s<1:58
Class     Images  Instances      Box(P          R      mAP50  mAP50-95): 14% ━╸────────── 4/29 4.0s/it 12.0s<1:39
Class     Images  Instances      Box(P          R      mAP50  mAP50-95): 21% ━━────────── 6/29 3.3s/it 17.8s<1:17
Class     Images  Instances      Box(P          R      mAP50  mAP50-95): 24% ━━╸───────── 7/29 3.2s/it 20.7s<1:10
Class     Images  Instances      Box(P          R      mAP50  mAP50-95): 34% ━━━━──────── 10/29 3.1s/it 29.8s<58.9s
Class     Images  Instances      Box(P          R      mAP50  mAP50-95): 38% ━━━━╸─────── 11/29 3.1s/it 32.8s<55.1s
Class     Images  Instances      Box(P          R      mAP50  mAP50-95): 48% ━━━━━╸────── 14/29 3.0s/it 41.9s<45.6s
Class     Images  Instances      Box(P          R      mAP50  mAP50-95): 62% ━━━━━━━───── 18/29 3.0s/it 53.8s<33.1s
Class     Images  Instances      Box(P          R      mAP50  mAP50-95): 66% ━━━━━━━╸──── 19/29 3.0s/it 56.9s<30.3s
Class     Images  Instances      Box(P          R      mAP50  mAP50-95): 69% ━━━━━━━━──── 20/29 3.0s/it 60.0s<27.3s
Class     Images  Instances      Box(P          R      mAP50  mAP50-95): 72% ━━━━━━━━╸─── 21/29 3.0s/it 1:03<24.4s
Class     Images  Instances      Box(P          R      mAP50  mAP50-95): 76% ━━━━━━━━━─── 22/29 3.0s/it 1:06<21.1s
Class     Images  Instances      Box(P          R      mAP50  mAP50-95): 79% ━━━━━━━━━╸── 23/29 3.0s/it 1:09<18.1s
Class     Images  Instances      Box(P          R      mAP50  mAP50-95): 83% ━━━━━━━━━╸── 24/29 3.0s/it 1:12<15.0s
Class     Images  Instances      Box(P          R      mAP50  mAP50-95): 93% ━━━━━━━━━━━─ 27/29 3.0s/it 1:21<5.9s
all       3667       9609      0.923      0.871      0.909      0.625
Optimizer stripped from /mnt/dataY/ydf/projects/LADD_og/runs_public/ogsod/hbb/formal_nomosaic_20260528/baselines/sar/sar_yolo11s_hbb_800ep_cos_nomosaic_albu_b64_s42/weights/last.pt, 19.3MB
Optimizer stripped from /mnt/dataY/ydf/projects/LADD_og/runs_public/ogsod/hbb/formal_nomosaic_20260528/baselines/sar/sar_yolo11s_hbb_800ep_cos_nomosaic_albu_b64_s42/weights/best.pt, 19.3MB
Validating /mnt/dataY/ydf/projects/LADD_og/runs_public/ogsod/hbb/formal_nomosaic_20260528/baselines/sar/sar_yolo11s_hbb_800ep_cos_nomosaic_albu_b64_s42/weights/best.pt...
Class     Images  Instances      Box(P          R      mAP50  mAP50-95): 3% ──────────── 1/29 21.8s/it 6.5s<10:10
Class     Images  Instances      Box(P          R      mAP50  mAP50-95): 7% ╸─────────── 2/29 7.0s/it 9.2s<3:09
Class     Images  Instances      Box(P          R      mAP50  mAP50-95): 10% ━─────────── 3/29 5.3s/it 12.6s<2:17
Class     Images  Instances      Box(P          R      mAP50  mAP50-95): 14% ━╸────────── 4/29 4.9s/it 16.9s<2:03
Class     Images  Instances      Box(P          R      mAP50  mAP50-95): 17% ━━────────── 5/29 4.5s/it 20.7s<1:48
Class     Images  Instances      Box(P          R      mAP50  mAP50-95): 21% ━━────────── 6/29 2.2s/it 21.6s<49.7s
Class     Images  Instances      Box(P          R      mAP50  mAP50-95): 24% ━━╸───────── 7/29 1.3s/it 22.3s<29.4s
Class     Images  Instances      Box(P          R      mAP50  mAP50-95): 28% ━━━───────── 8/29 1.0s/it 23.0s<21.6s
Class     Images  Instances      Box(P          R      mAP50  mAP50-95): 31% ━━━╸──────── 9/29 1.1it/s 23.7s<17.9s
Class     Images  Instances      Box(P          R      mAP50  mAP50-95): 34% ━━━━──────── 10/29 1.2it/s 24.4s<15.7s
Class     Images  Instances      Box(P          R      mAP50  mAP50-95): 38% ━━━━╸─────── 11/29 1.1s/it 28.1s<19.4s
Class     Images  Instances      Box(P          R      mAP50  mAP50-95): 41% ━━━━╸─────── 12/29 1.4s/it 34.1s<24.3s
Class     Images  Instances      Box(P          R      mAP50  mAP50-95): 45% ━━━━━─────── 13/29 1.9s/it 40.5s<29.8s
Class     Images  Instances      Box(P          R      mAP50  mAP50-95): 48% ━━━━━╸────── 14/29 2.4s/it 47.1s<35.6s
Class     Images  Instances      Box(P          R      mAP50  mAP50-95): 52% ━━━━━━────── 15/29 2.9s/it 53.8s<41.2s
Class     Images  Instances      Box(P          R      mAP50  mAP50-95): 55% ━━━━━━╸───── 16/29 3.5s/it 1:00<45.4s
Class     Images  Instances      Box(P          R      mAP50  mAP50-95): 59% ━━━━━━━───── 17/29 4.1s/it 1:07<48.9s
Class     Images  Instances      Box(P          R      mAP50  mAP50-95): 62% ━━━━━━━───── 18/29 4.6s/it 1:13<50.4s
Class     Images  Instances      Box(P          R      mAP50  mAP50-95): 66% ━━━━━━━╸──── 19/29 4.8s/it 1:19<48.0s
Class     Images  Instances      Box(P          R      mAP50  mAP50-95): 69% ━━━━━━━━──── 20/29 4.8s/it 1:23<43.2s
Class     Images  Instances      Box(P          R      mAP50  mAP50-95): 72% ━━━━━━━━╸─── 21/29 4.8s/it 1:28<38.6s
Class     Images  Instances      Box(P          R      mAP50  mAP50-95): 76% ━━━━━━━━━─── 22/29 4.8s/it 1:33<33.7s
Class     Images  Instances      Box(P          R      mAP50  mAP50-95): 79% ━━━━━━━━━╸── 23/29 4.9s/it 1:38<29.2s
Class     Images  Instances      Box(P          R      mAP50  mAP50-95): 83% ━━━━━━━━━╸── 24/29 4.9s/it 1:43<24.3s
Class     Images  Instances      Box(P          R      mAP50  mAP50-95): 86% ━━━━━━━━━━── 25/29 4.9s/it 1:48<19.6s
Class     Images  Instances      Box(P          R      mAP50  mAP50-95): 93% ━━━━━━━━━━━─ 27/29 4.8s/it 1:57<9.7s
Class     Images  Instances      Box(P          R      mAP50  mAP50-95): 97% ━━━━━━━━━━━╸ 28/29 4.8s/it 2:02<4.8s
all       3667       9609      0.922      0.874      0.911      0.629
Results saved to /mnt/dataY/ydf/projects/LADD_og/runs_public/ogsod/hbb/formal_nomosaic_20260528/baselines/sar/sar_yolo11s_hbb_800ep_cos_nomosaic_albu_b64_s42
all       3667       9609      0.923      0.871      0.909      0.625
800 epochs completed in 30.865 hours.
YOLO11s summary (fused): 101 layers, 9,413,961 parameters, 0 gradients, 21.3 GFLOPs
all       3667       9609      0.922      0.874      0.911      0.629
bridge       3315       6389      0.944      0.939      0.967      0.636
harbor        331        803      0.994      0.989      0.995      0.932
storage_tank        153       2417      0.829      0.694      0.773      0.318
Speed: 0.1ms preprocess, 0.5ms inference, 0.0ms loss, 5.6ms postprocess per image
Results saved to /mnt/dataY/ydf/projects/LADD_og/runs_public/ogsod/hbb/formal_nomosaic_20260528/baselines/sar/sar_yolo11s_hbb_800ep_cos_nomosaic_albu_b64_s42
