# source_log: /mnt/dataY/ydf/projects/LADD_og/logs/formal_nomosaic_20260528/baselines/sar_yolo11m_hbb_800ep_cos_nomosaic_albu_b32_s0_gpu2.log
# source_log_size_bytes: 62605187
# note: extracted from raw log; ANSI progress control characters removed; full raw log retained on server 90.

800/800      3.42G     0.6081     0.2956     0.7898         68        256: 64% ━━━━━━━╸──── 295/459 4.4it/s 1:15<37.5s
800/800      3.42G     0.6079     0.2955     0.7898         82        256: 64% ━━━━━━━╸──── 296/459 5.1it/s 1:15<31.7s
800/800      3.42G     0.6077     0.2953     0.7899         60        256: 65% ━━━━━━━╸──── 297/459 4.5it/s 1:16<35.8s
800/800      3.42G     0.6077     0.2953     0.7899         54        256: 65% ━━━━━━━╸──── 298/459 5.3it/s 1:16<30.5s
800/800      3.42G     0.6077     0.2953       0.79         59        256: 65% ━━━━━━━╸──── 299/459 4.6it/s 1:16<34.6s
800/800      3.42G     0.6079     0.2954     0.7899         67        256: 65% ━━━━━━━╸──── 300/459 5.3it/s 1:16<29.9s
800/800      3.42G     0.6079     0.2954       0.79         59        256: 66% ━━━━━━━╸──── 301/459 4.6it/s 1:17<34.1s
800/800      3.42G     0.6074     0.2952     0.7901         64        256: 66% ━━━━━━━╸──── 302/459 5.3it/s 1:17<29.4s
800/800      3.42G     0.6074     0.2952     0.7901         88        256: 66% ━━━━━━━╸──── 303/459 4.6it/s 1:17<34.1s
800/800      3.42G     0.6077     0.2952     0.7902         70        256: 66% ━━━━━━━╸──── 304/459 5.1it/s 1:17<30.3s
800/800      3.42G      0.608     0.2953     0.7902         83        256: 66% ━━━━━━━╸──── 305/459 4.5it/s 1:18<34.5s
800/800      3.42G     0.6078     0.2952     0.7903         76        256: 67% ━━━━━━━━──── 306/459 5.1it/s 1:18<30.1s
800/800      3.42G     0.6081     0.2952     0.7904         66        256: 67% ━━━━━━━━──── 307/459 4.4it/s 1:18<34.4s
800/800      3.42G     0.6084     0.2954     0.7905         57        256: 67% ━━━━━━━━──── 308/459 5.1it/s 1:18<29.7s
800/800      3.42G     0.6084     0.2952     0.7904         74        256: 67% ━━━━━━━━──── 309/459 4.5it/s 1:19<33.7s
800/800      3.42G      0.608     0.2952     0.7904         49        256: 68% ━━━━━━━━──── 310/459 5.1it/s 1:19<29.1s
800/800      3.42G     0.6076      0.295     0.7906         64        256: 68% ━━━━━━━━──── 311/459 4.5it/s 1:19<33.1s
800/800      3.42G     0.6072     0.2949     0.7906         66        256: 68% ━━━━━━━━──── 312/459 5.1it/s 1:19<29.0s
800/800      3.42G     0.6071     0.2947     0.7906         54        256: 68% ━━━━━━━━──── 313/459 4.4it/s 1:20<32.9s
800/800      3.42G     0.6073     0.2948     0.7905         69        256: 68% ━━━━━━━━──── 314/459 5.1it/s 1:20<28.4s
800/800      3.42G      0.607     0.2948     0.7907         54        256: 69% ━━━━━━━━──── 315/459 4.5it/s 1:20<32.2s
800/800      3.42G      0.607     0.2948     0.7907         80        256: 69% ━━━━━━━━──── 316/459 5.1it/s 1:20<27.9s
800/800      3.42G      0.607     0.2947     0.7908         76        256: 69% ━━━━━━━━──── 317/459 4.4it/s 1:21<32.0s
800/800      3.42G     0.6082     0.2951     0.7909        115        256: 69% ━━━━━━━━──── 318/459 5.0it/s 1:21<28.5s
800/800      3.42G      0.608     0.2951     0.7909         61        256: 69% ━━━━━━━━──── 319/459 4.3it/s 1:21<32.8s
800/800      3.42G      0.608     0.2951     0.7909         68        256: 70% ━━━━━━━━──── 320/459 5.0it/s 1:21<28.0s
800/800      3.42G     0.6077     0.2952     0.7909         58        256: 70% ━━━━━━━━──── 321/459 4.4it/s 1:22<31.6s
800/800      3.42G     0.6078     0.2952     0.7908         60        256: 70% ━━━━━━━━──── 322/459 5.0it/s 1:22<27.2s
800/800      3.42G      0.608     0.2952     0.7909         63        256: 70% ━━━━━━━━──── 323/459 4.4it/s 1:22<31.0s
800/800      3.42G     0.6085     0.2954     0.7908         56        256: 71% ━━━━━━━━──── 324/459 5.0it/s 1:22<26.7s
800/800      3.42G     0.6087     0.2956     0.7909         73        256: 71% ━━━━━━━━──── 325/459 4.4it/s 1:23<30.3s
800/800      3.42G     0.6092     0.2959      0.791        101        256: 71% ━━━━━━━━╸─── 326/459 5.0it/s 1:23<26.3s
800/800      3.42G     0.6094     0.2959     0.7909         66        256: 71% ━━━━━━━━╸─── 327/459 4.4it/s 1:23<29.9s
800/800      3.42G     0.6094     0.2959      0.791         59        256: 71% ━━━━━━━━╸─── 328/459 5.0it/s 1:23<26.1s
800/800      3.42G     0.6098     0.2961     0.7909        123        256: 72% ━━━━━━━━╸─── 329/459 4.4it/s 1:24<29.6s
800/800      3.42G     0.6096      0.296     0.7909         81        256: 72% ━━━━━━━━╸─── 330/459 5.0it/s 1:24<25.8s
800/800      3.42G     0.6092     0.2959     0.7908         53        256: 72% ━━━━━━━━╸─── 331/459 4.4it/s 1:24<29.2s
800/800      3.42G     0.6089     0.2958     0.7908         80        256: 72% ━━━━━━━━╸─── 332/459 5.0it/s 1:24<25.5s
800/800      3.42G     0.6101     0.2962     0.7907        152        256: 73% ━━━━━━━━╸─── 333/459 4.4it/s 1:25<28.8s
800/800      3.42G       0.61     0.2961     0.7906         65        256: 73% ━━━━━━━━╸─── 334/459 5.0it/s 1:25<25.1s
800/800      3.42G     0.6095     0.2959     0.7906         55        256: 73% ━━━━━━━━╸─── 335/459 4.4it/s 1:25<28.3s
800/800      3.42G     0.6096     0.2958     0.7906         93        256: 73% ━━━━━━━━╸─── 336/459 5.0it/s 1:25<24.6s
800/800      3.42G     0.6101     0.2961     0.7906         85        256: 73% ━━━━━━━━╸─── 337/459 4.4it/s 1:26<27.8s
800/800      3.42G       0.61     0.2962     0.7906         52        256: 74% ━━━━━━━━╸─── 338/459 5.1it/s 1:26<23.9s
800/800      3.42G     0.6102     0.2963     0.7906         71        256: 74% ━━━━━━━━╸─── 339/459 4.4it/s 1:26<27.0s
800/800      3.42G     0.6099     0.2961     0.7906         74        256: 74% ━━━━━━━━╸─── 340/459 5.0it/s 1:26<23.7s
800/800      3.42G     0.6099     0.2961     0.7906         52        256: 74% ━━━━━━━━╸─── 341/459 4.4it/s 1:26<26.6s
800/800      3.42G       0.61     0.2961     0.7906         82        256: 75% ━━━━━━━━╸─── 342/459 5.1it/s 1:27<23.1s
800/800      3.42G     0.6103     0.2963     0.7907         65        256: 75% ━━━━━━━━╸─── 343/459 4.4it/s 1:27<26.1s
800/800      3.42G     0.6102     0.2963     0.7907         57        256: 75% ━━━━━━━━╸─── 344/459 5.1it/s 1:27<22.5s
800/800      3.42G     0.6104     0.2963     0.7907         74        256: 75% ━━━━━━━━━─── 345/459 4.5it/s 1:27<25.5s
800/800      3.42G     0.6099     0.2961     0.7907         70        256: 75% ━━━━━━━━━─── 346/459 5.1it/s 1:28<22.1s
800/800      3.42G     0.6097     0.2961     0.7906         85        256: 76% ━━━━━━━━━─── 347/459 4.5it/s 1:28<25.1s
800/800      3.42G     0.6097      0.296     0.7907        104        256: 76% ━━━━━━━━━─── 348/459 5.1it/s 1:28<21.7s
800/800      3.42G     0.6091     0.2959     0.7907         65        256: 76% ━━━━━━━━━─── 349/459 4.5it/s 1:28<24.6s
800/800      3.42G     0.6088     0.2958     0.7906         66        256: 76% ━━━━━━━━━─── 350/459 5.1it/s 1:29<21.4s
800/800      3.42G     0.6096     0.2961     0.7905        104        256: 76% ━━━━━━━━━─── 351/459 4.4it/s 1:29<24.4s
800/800      3.42G     0.6101     0.2962     0.7906        129        256: 77% ━━━━━━━━━─── 352/459 5.1it/s 1:29<21.2s
800/800      3.42G     0.6098     0.2961     0.7906         47        256: 77% ━━━━━━━━━─── 353/459 4.4it/s 1:29<23.9s
800/800      3.42G     0.6098      0.296     0.7906        108        256: 77% ━━━━━━━━━─── 354/459 5.1it/s 1:30<20.6s
800/800      3.42G     0.6092      0.296     0.7905         45        256: 77% ━━━━━━━━━─── 355/459 4.4it/s 1:30<23.4s
800/800      3.42G     0.6091     0.2959     0.7905         57        256: 78% ━━━━━━━━━─── 356/459 5.2it/s 1:30<19.9s
800/800      3.42G     0.6091     0.2959     0.7906        120        256: 78% ━━━━━━━━━─── 357/459 4.5it/s 1:30<22.5s
800/800      3.42G     0.6096     0.2961     0.7906        147        256: 78% ━━━━━━━━━─── 358/459 5.1it/s 1:31<19.9s
800/800      3.42G     0.6094     0.2961     0.7907         81        256: 78% ━━━━━━━━━─── 359/459 4.5it/s 1:31<22.4s
800/800      3.42G     0.6092      0.296     0.7907         91        256: 78% ━━━━━━━━━─── 360/459 5.1it/s 1:31<19.4s
800/800      3.42G     0.6093     0.2961     0.7908         83        256: 79% ━━━━━━━━━─── 361/459 4.5it/s 1:31<21.9s
800/800      3.42G     0.6093     0.2961     0.7907         93        256: 79% ━━━━━━━━━─── 362/459 5.1it/s 1:32<19.0s
800/800      3.42G     0.6099     0.2963     0.7908         90        256: 79% ━━━━━━━━━─── 363/459 4.5it/s 1:32<21.5s
800/800      3.42G     0.6103     0.2964     0.7907         98        256: 79% ━━━━━━━━━╸── 364/459 5.1it/s 1:32<18.6s
800/800      3.42G     0.6101     0.2965     0.7906         72        256: 80% ━━━━━━━━━╸── 365/459 4.5it/s 1:32<21.1s
800/800      3.42G     0.6104     0.2966     0.7905         83        256: 80% ━━━━━━━━━╸── 366/459 5.1it/s 1:33<18.3s
800/800      3.42G     0.6104     0.2966     0.7905         83        256: 80% ━━━━━━━━━╸── 367/459 4.5it/s 1:33<20.6s
800/800      3.42G     0.6106     0.2967     0.7905         93        256: 80% ━━━━━━━━━╸── 368/459 5.1it/s 1:33<17.8s
800/800      3.42G     0.6104     0.2967     0.7905         71        256: 80% ━━━━━━━━━╸── 369/459 4.5it/s 1:33<20.1s
800/800      3.42G     0.6101     0.2966     0.7905         67        256: 81% ━━━━━━━━━╸── 370/459 5.1it/s 1:33<17.3s
800/800      3.42G     0.6099     0.2965     0.7904         56        256: 81% ━━━━━━━━━╸── 371/459 4.5it/s 1:34<19.6s
800/800      3.42G     0.6093     0.2964     0.7905         62        256: 81% ━━━━━━━━━╸── 372/459 5.2it/s 1:34<16.7s
800/800      3.42G     0.6093     0.2963     0.7905         83        256: 81% ━━━━━━━━━╸── 373/459 4.6it/s 1:34<18.8s
800/800      3.42G     0.6092     0.2963     0.7907         80        256: 81% ━━━━━━━━━╸── 374/459 5.3it/s 1:34<16.0s
800/800      3.42G     0.6097     0.2965     0.7906         65        256: 82% ━━━━━━━━━╸── 375/459 4.6it/s 1:35<18.1s
800/800      3.42G     0.6101     0.2967     0.7905         72        256: 82% ━━━━━━━━━╸── 376/459 5.4it/s 1:35<15.5s
800/800      3.42G     0.6098     0.2966     0.7905         95        256: 82% ━━━━━━━━━╸── 377/459 4.7it/s 1:35<17.6s
800/800      3.42G     0.6099     0.2966     0.7904         90        256: 82% ━━━━━━━━━╸── 378/459 5.3it/s 1:35<15.4s
800/800      3.42G       0.61     0.2966     0.7905         54        256: 83% ━━━━━━━━━╸── 379/459 4.5it/s 1:36<17.8s
800/800      3.42G     0.6107     0.2967     0.7903         81        256: 83% ━━━━━━━━━╸── 380/459 5.1it/s 1:36<15.4s
800/800      3.42G     0.6108     0.2968     0.7904         55        256: 83% ━━━━━━━━━╸── 381/459 4.5it/s 1:36<17.4s
800/800      3.42G     0.6103     0.2966     0.7905         61        256: 83% ━━━━━━━━━╸── 382/459 5.1it/s 1:36<15.0s
800/800      3.42G     0.6106     0.2967     0.7906         63        256: 83% ━━━━━━━━━━── 383/459 4.5it/s 1:37<17.0s
800/800      3.42G     0.6109     0.2967     0.7906         78        256: 84% ━━━━━━━━━━── 384/459 5.1it/s 1:37<14.7s
800/800      3.42G     0.6107     0.2967     0.7907         45        256: 84% ━━━━━━━━━━── 385/459 4.4it/s 1:37<16.7s
800/800      3.42G     0.6107     0.2967     0.7906         65        256: 84% ━━━━━━━━━━── 386/459 5.1it/s 1:37<14.4s
800/800      3.42G     0.6107     0.2966     0.7906         65        256: 84% ━━━━━━━━━━── 387/459 4.4it/s 1:38<16.3s
800/800      3.42G      0.611     0.2967     0.7906        114        256: 85% ━━━━━━━━━━── 388/459 5.1it/s 1:38<13.8s
800/800      3.42G     0.6106     0.2966     0.7906         73        256: 85% ━━━━━━━━━━── 389/459 4.5it/s 1:38<15.6s
800/800      3.42G     0.6106     0.2966     0.7906         50        256: 85% ━━━━━━━━━━── 390/459 5.1it/s 1:38<13.4s
800/800      3.42G     0.6106     0.2966     0.7905        103        256: 85% ━━━━━━━━━━── 391/459 4.5it/s 1:39<15.2s
800/800      3.42G     0.6104     0.2965     0.7906         61        256: 85% ━━━━━━━━━━── 392/459 5.2it/s 1:39<12.9s
800/800      3.42G     0.6102     0.2964     0.7906         58        256: 86% ━━━━━━━━━━── 393/459 4.5it/s 1:39<14.5s
800/800      3.42G     0.6103     0.2965     0.7906         49        256: 86% ━━━━━━━━━━── 394/459 5.3it/s 1:39<12.3s
800/800      3.42G     0.6102     0.2965     0.7907         95        256: 86% ━━━━━━━━━━── 395/459 4.6it/s 1:40<13.9s
800/800      3.42G     0.6102     0.2964     0.7908         67        256: 86% ━━━━━━━━━━── 396/459 5.3it/s 1:40<11.9s
800/800      3.42G     0.6106     0.2966     0.7908         45        256: 86% ━━━━━━━━━━── 397/459 4.6it/s 1:40<13.5s
800/800      3.42G     0.6108     0.2966     0.7909         64        256: 87% ━━━━━━━━━━── 398/459 5.2it/s 1:40<11.8s
800/800      3.42G     0.6111     0.2967     0.7909         93        256: 87% ━━━━━━━━━━── 399/459 4.5it/s 1:41<13.3s
800/800      3.42G     0.6109     0.2966      0.791         52        256: 87% ━━━━━━━━━━── 400/459 5.1it/s 1:41<11.5s
800/800      3.42G     0.6112     0.2966     0.7909        125        256: 87% ━━━━━━━━━━── 401/459 4.5it/s 1:41<13.0s
800/800      3.42G     0.6111     0.2965     0.7909         55        256: 88% ━━━━━━━━━━╸─ 402/459 5.2it/s 1:41<11.0s
800/800      3.42G     0.6105     0.2963     0.7909         46        256: 88% ━━━━━━━━━━╸─ 403/459 4.5it/s 1:42<12.3s
800/800      3.42G     0.6105     0.2964     0.7909         98        256: 88% ━━━━━━━━━━╸─ 404/459 5.2it/s 1:42<10.5s
800/800      3.42G     0.6108     0.2965     0.7908         67        256: 88% ━━━━━━━━━━╸─ 405/459 4.5it/s 1:42<12.0s
800/800      3.42G     0.6105     0.2963     0.7909         57        256: 88% ━━━━━━━━━━╸─ 406/459 5.2it/s 1:42<10.2s
800/800      3.42G     0.6102     0.2961      0.791         64        256: 89% ━━━━━━━━━━╸─ 407/459 4.4it/s 1:43<11.7s
800/800      3.42G     0.6103     0.2962      0.791         73        256: 89% ━━━━━━━━━━╸─ 408/459 5.2it/s 1:43<9.8s
800/800      3.42G     0.6104     0.2962     0.7911         60        256: 89% ━━━━━━━━━━╸─ 409/459 4.5it/s 1:43<11.0s
800/800      3.42G       0.61     0.2961     0.7912         66        256: 89% ━━━━━━━━━━╸─ 410/459 5.2it/s 1:43<9.3s
800/800      3.42G     0.6098      0.296     0.7912         65        256: 90% ━━━━━━━━━━╸─ 411/459 4.6it/s 1:44<10.5s
800/800      3.42G       0.61      0.296     0.7913         64        256: 90% ━━━━━━━━━━╸─ 412/459 5.3it/s 1:44<8.8s
800/800      3.42G     0.6095     0.2958     0.7913         81        256: 90% ━━━━━━━━━━╸─ 413/459 4.6it/s 1:44<10.0s
800/800      3.42G      0.609     0.2957     0.7913         47        256: 90% ━━━━━━━━━━╸─ 414/459 5.3it/s 1:44<8.5s
800/800      3.42G     0.6094     0.2958     0.7914         68        256: 90% ━━━━━━━━━━╸─ 415/459 4.6it/s 1:45<9.6s
800/800      3.42G     0.6093     0.2958     0.7914         51        256: 91% ━━━━━━━━━━╸─ 416/459 5.2it/s 1:45<8.3s
800/800      3.42G     0.6097      0.296     0.7913         75        256: 91% ━━━━━━━━━━╸─ 417/459 4.5it/s 1:45<9.4s
800/800      3.42G     0.6092     0.2958     0.7913         52        256: 91% ━━━━━━━━━━╸─ 418/459 5.1it/s 1:45<8.1s
800/800      3.42G     0.6094     0.2958     0.7913         60        256: 91% ━━━━━━━━━━╸─ 419/459 4.5it/s 1:46<9.0s
800/800      3.42G     0.6101      0.296     0.7913        198        256: 92% ━━━━━━━━━━╸─ 420/459 5.0it/s 1:46<7.8s
800/800      3.42G      0.611     0.2963     0.7913        120        256: 92% ━━━━━━━━━━━─ 421/459 4.4it/s 1:46<8.6s
800/800      3.42G     0.6107     0.2962     0.7912         55        256: 92% ━━━━━━━━━━━─ 422/459 5.0it/s 1:46<7.3s
800/800      3.42G     0.6119     0.2965     0.7912        143        256: 92% ━━━━━━━━━━━─ 423/459 4.1it/s 1:47<8.8s
800/800      3.42G      0.612     0.2965     0.7912         70        256: 92% ━━━━━━━━━━━─ 424/459 4.8it/s 1:47<7.3s
800/800      3.42G      0.612     0.2966     0.7912         57        256: 93% ━━━━━━━━━━━─ 425/459 4.2it/s 1:47<8.0s
800/800      3.42G     0.6119     0.2967     0.7912         72        256: 93% ━━━━━━━━━━━─ 426/459 5.0it/s 1:47<6.6s
800/800      3.42G     0.6121     0.2967     0.7913         64        256: 93% ━━━━━━━━━━━─ 427/459 4.4it/s 1:48<7.3s
800/800      3.42G     0.6123     0.2967     0.7912         65        256: 93% ━━━━━━━━━━━─ 428/459 5.0it/s 1:48<6.3s
800/800      3.42G      0.612     0.2966     0.7912         65        256: 93% ━━━━━━━━━━━─ 429/459 4.3it/s 1:48<6.9s
800/800      3.42G     0.6119     0.2965     0.7911         62        256: 94% ━━━━━━━━━━━─ 430/459 5.1it/s 1:48<5.7s
800/800      3.42G     0.6118     0.2965     0.7911         52        256: 94% ━━━━━━━━━━━─ 431/459 4.4it/s 1:49<6.3s
800/800      3.42G     0.6123     0.2966     0.7911        156        256: 94% ━━━━━━━━━━━─ 432/459 5.0it/s 1:49<5.4s
800/800      3.42G     0.6122     0.2965     0.7911         64        256: 94% ━━━━━━━━━━━─ 433/459 4.4it/s 1:49<6.0s
800/800      3.42G      0.613     0.2967      0.791        146        256: 95% ━━━━━━━━━━━─ 434/459 5.0it/s 1:49<5.0s
800/800      3.42G      0.613     0.2966     0.7911         65        256: 95% ━━━━━━━━━━━─ 435/459 4.4it/s 1:50<5.5s
800/800      3.42G     0.6126     0.2965      0.791         53        256: 95% ━━━━━━━━━━━─ 436/459 5.1it/s 1:50<4.6s
800/800      3.42G     0.6126     0.2965      0.791         81        256: 95% ━━━━━━━━━━━─ 437/459 4.4it/s 1:50<5.0s
800/800      3.42G     0.6128     0.2966      0.791        121        256: 95% ━━━━━━━━━━━─ 438/459 5.1it/s 1:50<4.1s
800/800      3.42G     0.6123     0.2965      0.791         46        256: 96% ━━━━━━━━━━━─ 439/459 4.4it/s 1:51<4.5s
800/800      3.42G     0.6124     0.2964      0.791        100        256: 96% ━━━━━━━━━━━╸ 440/459 5.0it/s 1:51<3.8s
800/800      3.42G     0.6123     0.2964      0.791         74        256: 96% ━━━━━━━━━━━╸ 441/459 4.4it/s 1:51<4.1s
800/800      3.42G     0.6128     0.2966     0.7911         69        256: 96% ━━━━━━━━━━━╸ 442/459 5.1it/s 1:51<3.3s
800/800      3.42G     0.6127     0.2967     0.7911         75        256: 97% ━━━━━━━━━━━╸ 443/459 4.3it/s 1:52<3.7s
800/800      3.42G     0.6133     0.2968     0.7911        109        256: 97% ━━━━━━━━━━━╸ 444/459 5.0it/s 1:52<3.0s
800/800      3.42G     0.6131     0.2968     0.7911         76        256: 97% ━━━━━━━━━━━╸ 445/459 4.3it/s 1:52<3.2s
800/800      3.42G     0.6129     0.2966     0.7912         72        256: 97% ━━━━━━━━━━━╸ 446/459 5.0it/s 1:52<2.6s
800/800      3.42G     0.6127     0.2966     0.7913         72        256: 97% ━━━━━━━━━━━╸ 447/459 4.4it/s 1:53<2.8s
800/800      3.42G     0.6124     0.2965     0.7912         79        256: 98% ━━━━━━━━━━━╸ 448/459 5.1it/s 1:53<2.1s
800/800      3.42G     0.6122     0.2965     0.7912         43        256: 98% ━━━━━━━━━━━╸ 449/459 4.5it/s 1:53<2.2s
800/800      3.42G     0.6119     0.2964     0.7911         61        256: 98% ━━━━━━━━━━━╸ 450/459 5.1it/s 1:53<1.8s
800/800      3.42G      0.612     0.2964      0.791         76        256: 98% ━━━━━━━━━━━╸ 451/459 4.5it/s 1:54<1.8s
800/800      3.42G     0.6119     0.2964      0.791         55        256: 98% ━━━━━━━━━━━╸ 452/459 5.2it/s 1:54<1.3s
800/800      3.42G     0.6117     0.2963     0.7911         76        256: 99% ━━━━━━━━━━━╸ 453/459 4.5it/s 1:54<1.3s
800/800      3.42G     0.6114     0.2962     0.7911         71        256: 99% ━━━━━━━━━━━╸ 454/459 5.2it/s 1:54<1.0s
800/800      3.42G     0.6115     0.2962     0.7912         73        256: 99% ━━━━━━━━━━━╸ 455/459 4.6it/s 1:55<0.9s
800/800      3.42G     0.6112     0.2961     0.7912         75        256: 99% ━━━━━━━━━━━╸ 456/459 5.1it/s 1:55<0.6s
800/800      3.42G      0.611     0.2961     0.7912         65        256: 100% ━━━━━━━━━━━╸ 457/459 4.5it/s 1:55<0.4s
800/800      3.42G     0.6106     0.2959     0.7913         20        256: 100% ━━━━━━━━━━━╸ 458/459 5.7it/s 1:55<0.2s
800/800      3.42G     0.6106     0.2959     0.7913         20        256: 100% ━━━━━━━━━━━━ 459/459 4.0it/s 1:55
Class     Images  Instances      Box(P          R      mAP50  mAP50-95): 2% ──────────── 1/58 4.0s/it 1.2s<3:45
Class     Images  Instances      Box(P          R      mAP50  mAP50-95): 3% ──────────── 2/58 2.3s/it 2.3s<2:09
Class     Images  Instances      Box(P          R      mAP50  mAP50-95): 24% ━━╸───────── 14/58 1.2s/it 16.6s<52.7s
Class     Images  Instances      Box(P          R      mAP50  mAP50-95): 26% ━━━───────── 15/58 1.2s/it 17.8s<51.6s
Class     Images  Instances      Box(P          R      mAP50  mAP50-95): 28% ━━━───────── 16/58 1.2s/it 19.0s<50.4s
Class     Images  Instances      Box(P          R      mAP50  mAP50-95): 29% ━━━╸──────── 17/58 1.2s/it 20.2s<49.2s
Class     Images  Instances      Box(P          R      mAP50  mAP50-95): 31% ━━━╸──────── 18/58 1.2s/it 21.4s<48.1s
Class     Images  Instances      Box(P          R      mAP50  mAP50-95): 34% ━━━━──────── 20/58 1.2s/it 23.8s<45.5s
Class     Images  Instances      Box(P          R      mAP50  mAP50-95): 36% ━━━━──────── 21/58 1.2s/it 25.0s<44.2s
Class     Images  Instances      Box(P          R      mAP50  mAP50-95): 43% ━━━━━─────── 25/58 1.2s/it 29.9s<40.0s
Class     Images  Instances      Box(P          R      mAP50  mAP50-95): 45% ━━━━━─────── 26/58 1.2s/it 31.1s<39.0s
Class     Images  Instances      Box(P          R      mAP50  mAP50-95): 48% ━━━━━╸────── 28/58 1.2s/it 33.6s<36.7s
Class     Images  Instances      Box(P          R      mAP50  mAP50-95): 50% ━━━━━━────── 29/58 1.2s/it 34.8s<35.5s
Class     Images  Instances      Box(P          R      mAP50  mAP50-95): 52% ━━━━━━────── 30/58 1.2s/it 36.0s<34.3s
Class     Images  Instances      Box(P          R      mAP50  mAP50-95): 53% ━━━━━━────── 31/58 1.3s/it 37.5s<34.9s
Class     Images  Instances      Box(P          R      mAP50  mAP50-95): 55% ━━━━━━╸───── 32/58 1.5s/it 40.1s<39.6s
Class     Images  Instances      Box(P          R      mAP50  mAP50-95): 57% ━━━━━━╸───── 33/58 1.7s/it 42.6s<43.1s
Class     Images  Instances      Box(P          R      mAP50  mAP50-95): 59% ━━━━━━━───── 34/58 1.6s/it 44.1s<39.2s
Class     Images  Instances      Box(P          R      mAP50  mAP50-95): 60% ━━━━━━━───── 35/58 1.5s/it 45.3s<33.8s
Class     Images  Instances      Box(P          R      mAP50  mAP50-95): 62% ━━━━━━━───── 36/58 1.4s/it 46.5s<30.3s
Class     Images  Instances      Box(P          R      mAP50  mAP50-95): 64% ━━━━━━━╸──── 37/58 1.3s/it 47.6s<27.7s
Class     Images  Instances      Box(P          R      mAP50  mAP50-95): 66% ━━━━━━━╸──── 38/58 1.3s/it 48.9s<25.7s
Class     Images  Instances      Box(P          R      mAP50  mAP50-95): 67% ━━━━━━━━──── 39/58 1.3s/it 50.1s<23.9s
Class     Images  Instances      Box(P          R      mAP50  mAP50-95): 69% ━━━━━━━━──── 40/58 1.3s/it 51.3s<22.5s
Class     Images  Instances      Box(P          R      mAP50  mAP50-95): 71% ━━━━━━━━──── 41/58 1.2s/it 52.5s<21.1s
Class     Images  Instances      Box(P          R      mAP50  mAP50-95): 72% ━━━━━━━━╸─── 42/58 1.2s/it 53.8s<19.8s
Class     Images  Instances      Box(P          R      mAP50  mAP50-95): 74% ━━━━━━━━╸─── 43/58 1.2s/it 54.9s<18.3s
Class     Images  Instances      Box(P          R      mAP50  mAP50-95): 78% ━━━━━━━━━─── 45/58 1.2s/it 57.3s<15.8s
all       3667       9609      0.943      0.897      0.933      0.649
Optimizer stripped from /mnt/dataY/ydf/projects/LADD_og/runs_public/ogsod/hbb/formal_nomosaic_20260528/baselines/sar/sar_yolo11m_hbb_800ep_cos_nomosaic_albu_b32_s0/weights/last.pt, 40.6MB
Optimizer stripped from /mnt/dataY/ydf/projects/LADD_og/runs_public/ogsod/hbb/formal_nomosaic_20260528/baselines/sar/sar_yolo11m_hbb_800ep_cos_nomosaic_albu_b32_s0/weights/best.pt, 40.6MB
Validating /mnt/dataY/ydf/projects/LADD_og/runs_public/ogsod/hbb/formal_nomosaic_20260528/baselines/sar/sar_yolo11m_hbb_800ep_cos_nomosaic_albu_b32_s0/weights/best.pt...
Class     Images  Instances      Box(P          R      mAP50  mAP50-95): 5% ╸─────────── 3/58 3.0s/it 6.0s<2:48
Class     Images  Instances      Box(P          R      mAP50  mAP50-95): 7% ╸─────────── 4/58 2.6s/it 7.9s<2:21
Class     Images  Instances      Box(P          R      mAP50  mAP50-95): 10% ━─────────── 6/58 2.2s/it 11.7s<1:54
Class     Images  Instances      Box(P          R      mAP50  mAP50-95): 12% ━─────────── 7/58 2.1s/it 13.7s<1:47
Class     Images  Instances      Box(P          R      mAP50  mAP50-95): 14% ━╸────────── 8/58 2.1s/it 15.6s<1:43
Class     Images  Instances      Box(P          R      mAP50  mAP50-95): 16% ━╸────────── 9/58 2.0s/it 17.5s<1:38
Class     Images  Instances      Box(P          R      mAP50  mAP50-95): 17% ━━────────── 10/58 2.0s/it 19.4s<1:35
Class     Images  Instances      Box(P          R      mAP50  mAP50-95): 19% ━━────────── 11/58 1.9s/it 21.3s<1:31
Class     Images  Instances      Box(P          R      mAP50  mAP50-95): 21% ━━────────── 12/58 1.9s/it 23.2s<1:30
Class     Images  Instances      Box(P          R      mAP50  mAP50-95): 22% ━━╸───────── 13/58 1.9s/it 25.2s<1:27
Class     Images  Instances      Box(P          R      mAP50  mAP50-95): 24% ━━╸───────── 14/58 1.9s/it 27.1s<1:25
Class     Images  Instances      Box(P          R      mAP50  mAP50-95): 26% ━━━───────── 15/58 1.9s/it 29.0s<1:23
Class     Images  Instances      Box(P          R      mAP50  mAP50-95): 31% ━━━╸──────── 18/58 1.9s/it 34.8s<1:17
Class     Images  Instances      Box(P          R      mAP50  mAP50-95): 33% ━━━╸──────── 19/58 1.9s/it 36.7s<1:15
Class     Images  Instances      Box(P          R      mAP50  mAP50-95): 34% ━━━━──────── 20/58 1.9s/it 38.6s<1:13
Class     Images  Instances      Box(P          R      mAP50  mAP50-95): 36% ━━━━──────── 21/58 1.9s/it 40.5s<1:11
Class     Images  Instances      Box(P          R      mAP50  mAP50-95): 38% ━━━━╸─────── 22/58 1.9s/it 42.5s<1:09
Class     Images  Instances      Box(P          R      mAP50  mAP50-95): 40% ━━━━╸─────── 23/58 2.0s/it 44.9s<1:12
Class     Images  Instances      Box(P          R      mAP50  mAP50-95): 41% ━━━━╸─────── 24/58 2.4s/it 49.1s<1:22
Class     Images  Instances      Box(P          R      mAP50  mAP50-95): 43% ━━━━━─────── 25/58 2.4s/it 51.4s<1:19
Class     Images  Instances      Box(P          R      mAP50  mAP50-95): 45% ━━━━━─────── 26/58 2.2s/it 53.4s<1:12
Class     Images  Instances      Box(P          R      mAP50  mAP50-95): 47% ━━━━━╸────── 27/58 2.2s/it 55.3s<1:07
Class     Images  Instances      Box(P          R      mAP50  mAP50-95): 48% ━━━━━╸────── 28/58 2.1s/it 57.3s<1:03
Class     Images  Instances      Box(P          R      mAP50  mAP50-95): 50% ━━━━━━────── 29/58 2.0s/it 59.2s<59.1s
Class     Images  Instances      Box(P          R      mAP50  mAP50-95): 52% ━━━━━━────── 30/58 2.0s/it 1:01<56.2s
Class     Images  Instances      Box(P          R      mAP50  mAP50-95): 53% ━━━━━━────── 31/58 2.0s/it 1:03<53.9s
Class     Images  Instances      Box(P          R      mAP50  mAP50-95): 55% ━━━━━━╸───── 32/58 2.0s/it 1:05<51.4s
Class     Images  Instances      Box(P          R      mAP50  mAP50-95): 57% ━━━━━━╸───── 33/58 2.0s/it 1:07<48.8s
Class     Images  Instances      Box(P          R      mAP50  mAP50-95): 59% ━━━━━━━───── 34/58 2.0s/it 1:09<46.9s
Class     Images  Instances      Box(P          R      mAP50  mAP50-95): 60% ━━━━━━━───── 35/58 1.9s/it 1:11<44.7s
Class     Images  Instances      Box(P          R      mAP50  mAP50-95): 62% ━━━━━━━───── 36/58 1.9s/it 1:13<42.6s
Class     Images  Instances      Box(P          R      mAP50  mAP50-95): 64% ━━━━━━━╸──── 37/58 1.9s/it 1:15<40.5s
Class     Images  Instances      Box(P          R      mAP50  mAP50-95): 66% ━━━━━━━╸──── 38/58 1.9s/it 1:17<38.7s
Class     Images  Instances      Box(P          R      mAP50  mAP50-95): 67% ━━━━━━━━──── 39/58 1.9s/it 1:19<36.6s
Class     Images  Instances      Box(P          R      mAP50  mAP50-95): 69% ━━━━━━━━──── 40/58 1.9s/it 1:20<34.7s
Class     Images  Instances      Box(P          R      mAP50  mAP50-95): 71% ━━━━━━━━──── 41/58 1.9s/it 1:22<32.9s
Class     Images  Instances      Box(P          R      mAP50  mAP50-95): 72% ━━━━━━━━╸─── 42/58 1.9s/it 1:24<31.1s
Class     Images  Instances      Box(P          R      mAP50  mAP50-95): 74% ━━━━━━━━╸─── 43/58 1.9s/it 1:26<29.0s
Class     Images  Instances      Box(P          R      mAP50  mAP50-95): 76% ━━━━━━━━━─── 44/58 1.9s/it 1:28<27.0s
Class     Images  Instances      Box(P          R      mAP50  mAP50-95): 78% ━━━━━━━━━─── 45/58 1.9s/it 1:30<25.1s
Class     Images  Instances      Box(P          R      mAP50  mAP50-95): 79% ━━━━━━━━━╸── 46/58 1.9s/it 1:32<23.2s
Class     Images  Instances      Box(P          R      mAP50  mAP50-95): 81% ━━━━━━━━━╸── 47/58 1.9s/it 1:34<21.2s
Class     Images  Instances      Box(P          R      mAP50  mAP50-95): 83% ━━━━━━━━━╸── 48/58 1.9s/it 1:36<19.2s
Class     Images  Instances      Box(P          R      mAP50  mAP50-95): 84% ━━━━━━━━━━── 49/58 1.9s/it 1:38<17.2s
Class     Images  Instances      Box(P          R      mAP50  mAP50-95): 86% ━━━━━━━━━━── 50/58 1.9s/it 1:40<15.3s
Class     Images  Instances      Box(P          R      mAP50  mAP50-95): 88% ━━━━━━━━━━╸─ 51/58 1.9s/it 1:42<13.4s
Class     Images  Instances      Box(P          R      mAP50  mAP50-95): 90% ━━━━━━━━━━╸─ 52/58 1.9s/it 1:44<11.5s
Class     Images  Instances      Box(P          R      mAP50  mAP50-95): 91% ━━━━━━━━━━╸─ 53/58 1.9s/it 1:46<9.6s
Class     Images  Instances      Box(P          R      mAP50  mAP50-95): 93% ━━━━━━━━━━━─ 54/58 1.9s/it 1:47<7.7s
Class     Images  Instances      Box(P          R      mAP50  mAP50-95): 95% ━━━━━━━━━━━─ 55/58 1.9s/it 1:49<5.8s
Class     Images  Instances      Box(P          R      mAP50  mAP50-95): 97% ━━━━━━━━━━━╸ 56/58 1.9s/it 1:51<3.8s
Class     Images  Instances      Box(P          R      mAP50  mAP50-95): 98% ━━━━━━━━━━━╸ 57/58 1.9s/it 1:53<1.9s
all       3667       9609      0.943      0.904      0.936      0.656
Results saved to /mnt/dataY/ydf/projects/LADD_og/runs_public/ogsod/hbb/formal_nomosaic_20260528/baselines/sar/sar_yolo11m_hbb_800ep_cos_nomosaic_albu_b32_s0
all       3667       9609      0.943      0.897      0.933      0.649
800 epochs completed in 52.029 hours.
YOLO11m summary (fused): 126 layers, 20,032,345 parameters, 0 gradients, 67.7 GFLOPs
all       3667       9609      0.943      0.904      0.936      0.656
bridge       3315       6389      0.954       0.95      0.974      0.657
harbor        331        803      0.996      0.997      0.995      0.939
storage_tank        153       2417      0.878      0.765      0.837      0.371
Speed: 0.1ms preprocess, 1.0ms inference, 0.0ms loss, 4.9ms postprocess per image
Results saved to /mnt/dataY/ydf/projects/LADD_og/runs_public/ogsod/hbb/formal_nomosaic_20260528/baselines/sar/sar_yolo11m_hbb_800ep_cos_nomosaic_albu_b32_s0
