# source_log: /mnt/dataY/ydf/projects/LADD_og/logs/formal_nomosaic_20260528/baselines/sar_yolo11s_hbb_800ep_cos_nomosaic_albu_b64_s123_gpu2.log
# source_log_size_bytes: 31573593
# note: extracted from raw log; ANSI progress control characters removed; full raw log retained on server 90.

800/800      3.52G     0.6906     0.3411     0.7957        156        256: 18% ━━────────── 41/230 3.1it/s 13.3s<1:02
800/800      3.52G     0.6904     0.3409     0.7951        139        256: 18% ━━────────── 42/230 3.1it/s 13.6s<1:02
800/800      3.52G     0.6924     0.3414     0.7942        200        256: 19% ━━────────── 43/230 3.1it/s 13.9s<59.5s
800/800      3.52G     0.6897     0.3409     0.7946        122        256: 19% ━━────────── 44/230 3.1it/s 14.3s<60.0s
800/800      3.52G     0.6875       0.34     0.7952        148        256: 20% ━━────────── 45/230 3.1it/s 14.6s<1:00
800/800      3.52G      0.689     0.3419     0.7961        139        256: 20% ━━────────── 46/230 3.1it/s 14.9s<59.4s
800/800      3.52G     0.6863     0.3409     0.7959        112        256: 20% ━━────────── 47/230 3.1it/s 15.3s<59.8s
800/800      3.52G      0.687     0.3404     0.7955        174        256: 21% ━━╸───────── 48/230 3.0it/s 15.6s<59.8s
800/800      3.52G     0.6871     0.3403     0.7956        130        256: 21% ━━╸───────── 49/230 3.1it/s 15.9s<58.8s
800/800      3.52G     0.6876     0.3403     0.7958        165        256: 22% ━━╸───────── 50/230 3.0it/s 16.3s<1:01
800/800      3.52G     0.6853     0.3393     0.7957        117        256: 22% ━━╸───────── 51/230 3.0it/s 16.6s<59.7s
800/800      3.52G     0.6864     0.3394     0.7954        167        256: 23% ━━╸───────── 52/230 3.1it/s 16.9s<57.9s
800/800      3.52G     0.6864     0.3398     0.7951        104        256: 23% ━━╸───────── 53/230 3.0it/s 17.2s<58.3s
800/800      3.52G     0.6876     0.3409     0.7952        178        256: 23% ━━╸───────── 54/230 3.0it/s 17.6s<58.5s
800/800      3.52G     0.6857       0.34     0.7956        120        256: 24% ━━╸───────── 55/230 3.0it/s 17.9s<58.1s
800/800      3.52G     0.6847     0.3395     0.7959        137        256: 24% ━━╸───────── 56/230 3.0it/s 18.3s<58.1s
800/800      3.52G     0.6837     0.3393     0.7961        126        256: 25% ━━╸───────── 57/230 3.0it/s 18.6s<57.9s
800/800      3.52G     0.6837     0.3395      0.796        129        256: 25% ━━━───────── 58/230 3.0it/s 18.9s<57.0s
800/800      3.52G     0.6804     0.3381     0.7965        110        256: 26% ━━━───────── 59/230 3.0it/s 19.2s<56.3s
800/800      3.52G     0.6814     0.3389     0.7964        154        256: 26% ━━━───────── 60/230 3.0it/s 19.6s<55.8s
800/800      3.52G     0.6821     0.3389     0.7962        117        256: 27% ━━━───────── 61/230 3.0it/s 19.9s<55.8s
800/800      3.52G     0.6811     0.3383     0.7966        130        256: 27% ━━━───────── 62/230 3.0it/s 20.2s<56.0s
800/800      3.52G     0.6811     0.3383     0.7969        102        256: 27% ━━━───────── 63/230 3.0it/s 20.6s<54.8s
800/800      3.52G     0.6804      0.338     0.7968        116        256: 28% ━━━───────── 64/230 3.0it/s 20.9s<54.7s
800/800      3.52G     0.6797     0.3379     0.7966        121        256: 28% ━━━───────── 65/230 3.0it/s 21.2s<55.2s
800/800      3.52G     0.6774     0.3371     0.7966        152        256: 29% ━━━───────── 66/230 2.9it/s 21.6s<57.0s
800/800      3.52G     0.6807     0.3377     0.7965        161        256: 29% ━━━───────── 67/230 2.8it/s 22.0s<57.2s
800/800      3.52G      0.681     0.3377     0.7965        152        256: 30% ━━━╸──────── 68/230 2.8it/s 22.3s<57.0s
800/800      3.52G     0.6811     0.3379     0.7967        163        256: 30% ━━━╸──────── 69/230 2.9it/s 22.7s<56.0s
800/800      3.52G     0.6826     0.3386     0.7968        139        256: 30% ━━━╸──────── 70/230 2.9it/s 23.0s<55.5s
800/800      3.52G     0.6814     0.3382     0.7968        131        256: 31% ━━━╸──────── 71/230 2.9it/s 23.4s<54.8s
800/800      3.52G     0.6824     0.3386     0.7966        136        256: 31% ━━━╸──────── 72/230 2.9it/s 23.7s<54.0s
800/800      3.52G     0.6838     0.3394     0.7964        172        256: 32% ━━━╸──────── 73/230 3.0it/s 24.0s<51.8s
800/800      3.52G     0.6859       0.34     0.7962        211        256: 32% ━━━╸──────── 74/230 3.0it/s 24.3s<52.3s
800/800      3.52G     0.6846     0.3392     0.7963        150        256: 33% ━━━╸──────── 75/230 3.0it/s 24.7s<52.0s
800/800      3.52G     0.6856     0.3395      0.796        129        256: 33% ━━━╸──────── 76/230 3.0it/s 25.0s<51.0s
800/800      3.52G     0.6882     0.3402      0.796        184        256: 33% ━━━━──────── 77/230 3.0it/s 25.3s<51.0s
800/800      3.52G     0.6876     0.3401     0.7961        145        256: 34% ━━━━──────── 78/230 3.0it/s 25.7s<50.4s
800/800      3.52G     0.6873       0.34      0.796        126        256: 34% ━━━━──────── 79/230 3.0it/s 26.0s<50.4s
800/800      3.52G     0.6868     0.3397      0.796        135        256: 35% ━━━━──────── 80/230 3.0it/s 26.3s<50.2s
800/800      3.52G     0.6853     0.3394     0.7961        123        256: 35% ━━━━──────── 81/230 3.0it/s 26.7s<49.4s
800/800      3.52G     0.6837     0.3391     0.7962        159        256: 36% ━━━━──────── 82/230 3.0it/s 27.0s<49.4s
800/800      3.52G     0.6836     0.3393     0.7964        130        256: 36% ━━━━──────── 83/230 2.9it/s 27.4s<49.9s
800/800      3.52G     0.6834     0.3394     0.7963        189        256: 37% ━━━━──────── 84/230 3.0it/s 27.7s<49.2s
800/800      3.52G     0.6827     0.3392     0.7963        110        256: 37% ━━━━──────── 85/230 3.0it/s 28.0s<48.8s
800/800      3.52G     0.6839     0.3395     0.7963        199        256: 37% ━━━━──────── 86/230 3.0it/s 28.4s<48.6s
800/800      3.52G     0.6838     0.3397     0.7965        136        256: 38% ━━━━╸─────── 87/230 3.0it/s 28.7s<48.3s
800/800      3.52G      0.685       0.34     0.7966        169        256: 38% ━━━━╸─────── 88/230 2.9it/s 29.1s<48.3s
800/800      3.52G     0.6847     0.3398     0.7966        122        256: 39% ━━━━╸─────── 89/230 3.0it/s 29.4s<47.5s
800/800      3.52G     0.6841     0.3398     0.7967        160        256: 39% ━━━━╸─────── 90/230 3.0it/s 29.7s<47.3s
800/800      3.52G      0.685     0.3403     0.7967        136        256: 40% ━━━━╸─────── 91/230 3.0it/s 30.1s<47.0s
800/800      3.52G     0.6854     0.3407     0.7968        183        256: 40% ━━━━╸─────── 92/230 3.0it/s 30.4s<46.7s
800/800      3.52G      0.686     0.3407     0.7967        138        256: 40% ━━━━╸─────── 93/230 3.0it/s 30.7s<46.2s
800/800      3.52G     0.6856     0.3408     0.7967        148        256: 41% ━━━━╸─────── 94/230 3.0it/s 31.1s<45.4s
800/800      3.52G     0.6876     0.3412     0.7966        222        256: 41% ━━━━╸─────── 95/230 3.0it/s 31.4s<45.3s
800/800      3.52G     0.6884     0.3414     0.7966        133        256: 42% ━━━━━─────── 96/230 3.0it/s 31.7s<44.6s
800/800      3.52G      0.688     0.3413     0.7966        163        256: 42% ━━━━━─────── 97/230 3.0it/s 32.1s<44.6s
800/800      3.52G     0.6881     0.3413     0.7963        169        256: 43% ━━━━━─────── 98/230 3.0it/s 32.4s<44.4s
800/800      3.52G     0.6895     0.3417     0.7962        172        256: 43% ━━━━━─────── 99/230 3.0it/s 32.7s<43.4s
800/800      3.52G     0.6901     0.3419     0.7963        111        256: 43% ━━━━━─────── 100/230 3.0it/s 33.1s<43.3s
800/800      3.52G     0.6908      0.342     0.7963        173        256: 44% ━━━━━─────── 101/230 3.0it/s 33.4s<42.9s
800/800      3.52G     0.6906     0.3421     0.7962        130        256: 44% ━━━━━─────── 102/230 3.0it/s 33.7s<42.4s
800/800      3.52G     0.6912     0.3423      0.796        142        256: 45% ━━━━━─────── 103/230 3.0it/s 34.1s<42.1s
800/800      3.52G     0.6925     0.3426     0.7959        183        256: 45% ━━━━━─────── 104/230 3.0it/s 34.4s<41.8s
800/800      3.52G     0.6932     0.3427      0.796        148        256: 46% ━━━━━─────── 105/230 3.1it/s 34.7s<40.4s
800/800      3.52G     0.6928     0.3426      0.796        138        256: 46% ━━━━━╸────── 106/230 3.1it/s 35.0s<40.2s
800/800      3.52G     0.6928     0.3425     0.7958        145        256: 47% ━━━━━╸────── 107/230 3.1it/s 35.4s<40.3s
800/800      3.52G     0.6924     0.3422      0.796        159        256: 47% ━━━━━╸────── 108/230 3.1it/s 35.7s<39.2s
800/800      3.52G     0.6919     0.3421     0.7959        152        256: 47% ━━━━━╸────── 109/230 3.0it/s 36.1s<41.0s
800/800      3.52G     0.6939     0.3426     0.7955        263        256: 48% ━━━━━╸────── 110/230 2.9it/s 36.4s<40.8s
800/800      3.52G     0.6938     0.3426     0.7957        117        256: 48% ━━━━━╸────── 111/230 3.0it/s 36.7s<39.1s
800/800      3.52G     0.6938     0.3426     0.7956        158        256: 49% ━━━━━╸────── 112/230 3.0it/s 37.0s<39.1s
800/800      3.52G     0.6944     0.3427     0.7956        213        256: 49% ━━━━━╸────── 113/230 3.0it/s 37.4s<39.1s
800/800      3.52G     0.6943     0.3428     0.7954        120        256: 50% ━━━━━╸────── 114/230 3.0it/s 37.7s<38.3s
800/800      3.52G     0.6938     0.3426     0.7956        126        256: 50% ━━━━━━────── 115/230 3.0it/s 38.0s<38.3s
800/800      3.52G     0.6929     0.3424     0.7955        112        256: 50% ━━━━━━────── 116/230 3.0it/s 38.4s<38.0s
800/800      3.52G     0.6921     0.3422     0.7955        142        256: 51% ━━━━━━────── 117/230 3.0it/s 38.7s<37.7s
800/800      3.52G     0.6924     0.3423     0.7956        122        256: 51% ━━━━━━────── 118/230 3.0it/s 39.0s<37.3s
800/800      3.52G     0.6937     0.3426     0.7955        176        256: 52% ━━━━━━────── 119/230 3.0it/s 39.4s<37.1s
800/800      3.52G     0.6935     0.3423     0.7958        123        256: 52% ━━━━━━────── 120/230 3.0it/s 39.7s<37.0s
800/800      3.52G     0.6934     0.3423     0.7958        144        256: 53% ━━━━━━────── 121/230 3.0it/s 40.1s<36.5s
800/800      3.52G     0.6928     0.3421     0.7956        128        256: 53% ━━━━━━────── 122/230 3.0it/s 40.4s<35.9s
800/800      3.52G     0.6922     0.3418     0.7955        154        256: 53% ━━━━━━────── 123/230 3.0it/s 40.7s<36.0s
800/800      3.52G     0.6929      0.342     0.7952        137        256: 54% ━━━━━━────── 124/230 3.0it/s 41.1s<35.5s
800/800      3.52G     0.6922     0.3418     0.7953        125        256: 54% ━━━━━━╸───── 125/230 3.0it/s 41.4s<34.8s
800/800      3.52G     0.6916     0.3417     0.7952        103        256: 55% ━━━━━━╸───── 126/230 3.0it/s 41.7s<34.2s
800/800      3.52G     0.6913     0.3415     0.7952        141        256: 55% ━━━━━━╸───── 127/230 3.0it/s 42.1s<34.6s
800/800      3.52G      0.691     0.3413     0.7953        152        256: 56% ━━━━━━╸───── 128/230 3.0it/s 42.4s<33.8s
800/800      3.52G     0.6905     0.3412     0.7954        138        256: 56% ━━━━━━╸───── 129/230 3.0it/s 42.7s<33.6s
800/800      3.52G     0.6902      0.341     0.7953        136        256: 57% ━━━━━━╸───── 130/230 3.0it/s 43.0s<33.3s
800/800      3.52G     0.6908     0.3411     0.7953        143        256: 57% ━━━━━━╸───── 131/230 3.0it/s 43.4s<33.0s
800/800      3.52G     0.6924     0.3417     0.7952        184        256: 57% ━━━━━━╸───── 132/230 2.9it/s 43.8s<33.8s
800/800      3.52G     0.6932      0.342     0.7952        121        256: 58% ━━━━━━╸───── 133/230 2.9it/s 44.1s<33.1s
800/800      3.52G     0.6932     0.3419     0.7952        131        256: 58% ━━━━━━╸───── 134/230 3.0it/s 44.4s<31.7s
800/800      3.52G     0.6924     0.3417     0.7952        116        256: 59% ━━━━━━━───── 135/230 3.0it/s 44.7s<31.4s
800/800      3.52G     0.6913     0.3413     0.7952        135        256: 59% ━━━━━━━───── 136/230 3.0it/s 45.1s<31.2s
800/800      3.52G     0.6929     0.3417     0.7949        237        256: 60% ━━━━━━━───── 137/230 3.1it/s 45.4s<30.3s
800/800      3.52G     0.6928     0.3415     0.7949        137        256: 60% ━━━━━━━───── 138/230 2.9it/s 45.8s<31.2s
800/800      3.52G     0.6925     0.3413      0.795        119        256: 60% ━━━━━━━───── 139/230 3.0it/s 46.1s<30.8s
800/800      3.52G     0.6934     0.3416     0.7948        150        256: 61% ━━━━━━━───── 140/230 3.0it/s 46.4s<30.0s
800/800      3.52G     0.6951      0.342     0.7948        240        256: 61% ━━━━━━━───── 141/230 3.0it/s 46.7s<29.7s
800/800      3.52G      0.696     0.3421     0.7948        202        256: 62% ━━━━━━━───── 142/230 3.0it/s 47.1s<29.6s
800/800      3.52G     0.6974     0.3428     0.7948        199        256: 62% ━━━━━━━───── 143/230 3.0it/s 47.4s<28.8s
800/800      3.52G     0.6972     0.3429     0.7946        119        256: 63% ━━━━━━━╸──── 144/230 2.9it/s 47.8s<29.6s
800/800      3.52G     0.6971     0.3431     0.7946        124        256: 63% ━━━━━━━╸──── 145/230 2.9it/s 48.1s<29.1s
800/800      3.52G      0.697     0.3429     0.7945        176        256: 63% ━━━━━━━╸──── 146/230 3.0it/s 48.4s<27.6s
800/800      3.52G     0.6974     0.3431     0.7945        168        256: 64% ━━━━━━━╸──── 147/230 3.0it/s 48.8s<28.0s
800/800      3.52G     0.6968     0.3429     0.7946        128        256: 64% ━━━━━━━╸──── 148/230 2.9it/s 49.1s<27.9s
800/800      3.52G     0.6969     0.3433     0.7945        174        256: 65% ━━━━━━━╸──── 149/230 3.0it/s 49.4s<26.9s
800/800      3.52G     0.6974     0.3434     0.7946        146        256: 65% ━━━━━━━╸──── 150/230 2.9it/s 49.8s<27.8s
800/800      3.52G      0.697     0.3434     0.7946        132        256: 66% ━━━━━━━╸──── 151/230 2.9it/s 50.2s<27.1s
800/800      3.52G     0.6968     0.3433     0.7946        134        256: 66% ━━━━━━━╸──── 152/230 3.0it/s 50.5s<26.3s
800/800      3.52G     0.6963     0.3432     0.7945        152        256: 67% ━━━━━━━╸──── 153/230 3.0it/s 50.8s<26.0s
800/800      3.52G     0.6956     0.3431     0.7944        116        256: 67% ━━━━━━━━──── 154/230 3.0it/s 51.2s<25.7s
800/800      3.52G     0.6948     0.3427     0.7945        120        256: 67% ━━━━━━━━──── 155/230 3.0it/s 51.5s<25.2s
800/800      3.52G     0.6945     0.3425     0.7945        206        256: 68% ━━━━━━━━──── 156/230 3.0it/s 51.8s<24.9s
800/800      3.52G     0.6947     0.3426     0.7946        184        256: 68% ━━━━━━━━──── 157/230 3.0it/s 52.2s<24.5s
800/800      3.52G     0.6958      0.343     0.7946        175        256: 69% ━━━━━━━━──── 158/230 3.2it/s 52.5s<22.9s
800/800      3.52G     0.6956      0.343     0.7945        152        256: 69% ━━━━━━━━──── 159/230 3.1it/s 52.8s<23.0s
800/800      3.52G     0.6952     0.3428     0.7943        141        256: 70% ━━━━━━━━──── 160/230 3.0it/s 53.1s<23.0s
800/800      3.52G     0.6942     0.3425     0.7944        131        256: 70% ━━━━━━━━──── 161/230 3.1it/s 53.4s<22.2s
800/800      3.52G     0.6956     0.3429     0.7945        222        256: 70% ━━━━━━━━──── 162/230 3.0it/s 53.8s<22.3s
800/800      3.52G     0.6953     0.3427     0.7943        134        256: 71% ━━━━━━━━╸─── 163/230 3.0it/s 54.1s<22.1s
800/800      3.52G     0.6975     0.3432     0.7943        283        256: 71% ━━━━━━━━╸─── 164/230 3.0it/s 54.4s<21.7s
800/800      3.52G     0.6973     0.3431     0.7944        125        256: 72% ━━━━━━━━╸─── 165/230 3.0it/s 54.8s<21.6s
800/800      3.52G     0.6985     0.3437     0.7944        183        256: 72% ━━━━━━━━╸─── 166/230 2.9it/s 55.2s<22.0s
800/800      3.52G     0.6987     0.3437     0.7944        157        256: 73% ━━━━━━━━╸─── 167/230 3.0it/s 55.5s<21.1s
800/800      3.52G     0.6987     0.3437     0.7945        193        256: 73% ━━━━━━━━╸─── 168/230 3.0it/s 55.8s<20.9s
800/800      3.52G     0.6987     0.3436     0.7944        158        256: 73% ━━━━━━━━╸─── 169/230 3.0it/s 56.2s<20.6s
800/800      3.52G     0.7002      0.344     0.7943        200        256: 74% ━━━━━━━━╸─── 170/230 2.9it/s 56.5s<20.4s
800/800      3.52G     0.7012     0.3444     0.7944        130        256: 74% ━━━━━━━━╸─── 171/230 2.9it/s 56.8s<20.1s
800/800      3.52G     0.7022     0.3448     0.7943        181        256: 75% ━━━━━━━━╸─── 172/230 2.9it/s 57.2s<19.7s
800/800      3.52G     0.7021     0.3447     0.7942        137        256: 75% ━━━━━━━━━─── 173/230 3.0it/s 57.5s<19.1s
800/800      3.52G     0.7023     0.3447     0.7942        126        256: 76% ━━━━━━━━━─── 174/230 3.0it/s 57.8s<18.9s
800/800      3.52G     0.7022     0.3447     0.7942        127        256: 76% ━━━━━━━━━─── 175/230 3.0it/s 58.2s<18.6s
800/800      3.52G     0.7026     0.3447     0.7941        128        256: 77% ━━━━━━━━━─── 176/230 3.0it/s 58.5s<18.2s
800/800      3.52G     0.7037     0.3451     0.7941        188        256: 77% ━━━━━━━━━─── 177/230 2.9it/s 58.9s<18.0s
800/800      3.52G     0.7034     0.3449      0.794        119        256: 77% ━━━━━━━━━─── 178/230 2.9it/s 59.2s<18.0s
800/800      3.52G     0.7045     0.3452     0.7941        212        256: 78% ━━━━━━━━━─── 179/230 3.0it/s 59.5s<17.1s
800/800      3.52G     0.7048     0.3453     0.7941        161        256: 78% ━━━━━━━━━─── 180/230 2.9it/s 59.9s<17.3s
800/800      3.52G     0.7051     0.3454     0.7942        120        256: 79% ━━━━━━━━━─── 181/230 2.8it/s 1:00<17.3s
800/800      3.52G      0.705     0.3455     0.7944        134        256: 79% ━━━━━━━━━─── 182/230 2.8it/s 1:01<16.9s
800/800      3.52G     0.7056     0.3457     0.7944        212        256: 80% ━━━━━━━━━╸── 183/230 2.8it/s 1:01<16.9s
800/800      3.52G     0.7054     0.3457     0.7944        137        256: 80% ━━━━━━━━━╸── 184/230 2.7it/s 1:01<16.8s
800/800      3.52G     0.7051     0.3456     0.7944        151        256: 80% ━━━━━━━━━╸── 185/230 2.7it/s 1:02<16.6s
800/800      3.52G     0.7053     0.3457     0.7945        147        256: 81% ━━━━━━━━━╸── 186/230 2.8it/s 1:02<15.9s
800/800      3.52G     0.7054     0.3457     0.7946         90        256: 81% ━━━━━━━━━╸── 187/230 2.6it/s 1:03<16.3s
800/800      3.52G     0.7048     0.3455     0.7946        125        256: 82% ━━━━━━━━━╸── 188/230 2.8it/s 1:03<15.3s
800/800      3.52G      0.704     0.3452     0.7944        135        256: 82% ━━━━━━━━━╸── 189/230 2.8it/s 1:03<14.6s
800/800      3.52G     0.7036      0.345     0.7945        129        256: 83% ━━━━━━━━━╸── 190/230 2.9it/s 1:04<13.6s
800/800      3.52G     0.7038     0.3451     0.7946        131        256: 83% ━━━━━━━━━╸── 191/230 2.9it/s 1:04<13.3s
800/800      3.52G     0.7045     0.3452     0.7947        155        256: 83% ━━━━━━━━━━── 192/230 3.0it/s 1:04<12.9s
800/800      3.52G     0.7037     0.3449     0.7947        109        256: 84% ━━━━━━━━━━── 193/230 3.0it/s 1:05<12.4s
800/800      3.52G     0.7034     0.3449     0.7947        127        256: 84% ━━━━━━━━━━── 194/230 3.0it/s 1:05<12.1s
800/800      3.52G     0.7038     0.3449     0.7948        188        256: 85% ━━━━━━━━━━── 195/230 2.9it/s 1:05<12.0s
800/800      3.52G     0.7039      0.345     0.7947        155        256: 85% ━━━━━━━━━━── 196/230 3.0it/s 1:06<11.5s
800/800      3.52G     0.7044     0.3452     0.7948        172        256: 86% ━━━━━━━━━━── 197/230 3.0it/s 1:06<11.2s
800/800      3.52G     0.7045     0.3454     0.7947        123        256: 86% ━━━━━━━━━━── 198/230 2.8it/s 1:06<11.5s
800/800      3.52G     0.7039     0.3453     0.7947        125        256: 87% ━━━━━━━━━━── 199/230 2.9it/s 1:07<10.9s
800/800      3.52G     0.7042     0.3454     0.7945        155        256: 87% ━━━━━━━━━━── 200/230 2.9it/s 1:07<10.5s
800/800      3.52G     0.7036     0.3453     0.7946        190        256: 87% ━━━━━━━━━━── 201/230 2.9it/s 1:07<10.1s
800/800      3.52G     0.7028      0.345     0.7946        125        256: 88% ━━━━━━━━━━╸─ 202/230 2.9it/s 1:08<9.6s
800/800      3.52G     0.7028     0.3451     0.7946        155        256: 88% ━━━━━━━━━━╸─ 203/230 2.9it/s 1:08<9.2s
800/800      3.52G     0.7032     0.3452     0.7948        149        256: 89% ━━━━━━━━━━╸─ 204/230 2.9it/s 1:08<9.0s
800/800      3.52G     0.7037     0.3453     0.7948        221        256: 89% ━━━━━━━━━━╸─ 205/230 2.9it/s 1:09<8.5s
800/800      3.52G     0.7035     0.3454     0.7947        120        256: 90% ━━━━━━━━━━╸─ 206/230 2.9it/s 1:09<8.2s
800/800      3.52G     0.7031     0.3452     0.7948        130        256: 90% ━━━━━━━━━━╸─ 207/230 3.0it/s 1:09<7.8s
800/800      3.52G     0.7034     0.3453     0.7947        183        256: 90% ━━━━━━━━━━╸─ 208/230 3.0it/s 1:10<7.3s
800/800      3.52G     0.7035     0.3454     0.7948        128        256: 91% ━━━━━━━━━━╸─ 209/230 2.9it/s 1:10<7.1s
800/800      3.52G     0.7038     0.3454     0.7948        168        256: 91% ━━━━━━━━━━╸─ 210/230 2.9it/s 1:10<6.8s
800/800      3.52G     0.7037     0.3455     0.7948        155        256: 92% ━━━━━━━━━━━─ 211/230 2.9it/s 1:11<6.5s
800/800      3.52G      0.705      0.346     0.7951        200        256: 92% ━━━━━━━━━━━─ 212/230 2.9it/s 1:11<6.1s
800/800      3.52G     0.7046      0.346      0.795        126        256: 93% ━━━━━━━━━━━─ 213/230 3.0it/s 1:11<5.7s
800/800      3.52G     0.7041     0.3459     0.7951        140        256: 93% ━━━━━━━━━━━─ 214/230 3.0it/s 1:12<5.3s
800/800      3.52G     0.7045     0.3458      0.795        208        256: 93% ━━━━━━━━━━━─ 215/230 3.0it/s 1:12<5.0s
800/800      3.52G     0.7054     0.3461     0.7949        247        256: 94% ━━━━━━━━━━━─ 216/230 3.0it/s 1:12<4.7s
800/800      3.52G     0.7072     0.3466     0.7949        234        256: 94% ━━━━━━━━━━━─ 217/230 3.0it/s 1:13<4.3s
800/800      3.52G     0.7082     0.3469     0.7949        166        256: 95% ━━━━━━━━━━━─ 218/230 3.0it/s 1:13<4.0s
800/800      3.52G     0.7085      0.347     0.7949        148        256: 95% ━━━━━━━━━━━─ 219/230 3.0it/s 1:13<3.7s
800/800      3.52G     0.7083     0.3468     0.7949        134        256: 96% ━━━━━━━━━━━─ 220/230 3.0it/s 1:14<3.3s
800/800      3.52G     0.7082     0.3468     0.7949        117        256: 96% ━━━━━━━━━━━╸ 221/230 3.0it/s 1:14<3.0s
800/800      3.52G     0.7078     0.3465      0.795        111        256: 97% ━━━━━━━━━━━╸ 222/230 3.0it/s 1:14<2.7s
800/800      3.52G     0.7079     0.3465     0.7949        158        256: 97% ━━━━━━━━━━━╸ 223/230 3.1it/s 1:15<2.3s
800/800      3.52G     0.7071     0.3463     0.7949        137        256: 97% ━━━━━━━━━━━╸ 224/230 3.0it/s 1:15<2.0s
800/800      3.52G      0.707     0.3463      0.795        196        256: 98% ━━━━━━━━━━━╸ 225/230 3.0it/s 1:15<1.7s
800/800      3.52G     0.7066     0.3462      0.795        104        256: 98% ━━━━━━━━━━━╸ 226/230 3.1it/s 1:16<1.3s
800/800      3.52G     0.7061      0.346      0.795        115        256: 99% ━━━━━━━━━━━╸ 227/230 3.1it/s 1:16<1.0s
800/800      3.52G     0.7067     0.3461      0.795        316        256: 99% ━━━━━━━━━━━╸ 228/230 3.0it/s 1:16<0.7s
800/800      3.52G     0.7066     0.3461     0.7949         18        256: 100% ━━━━━━━━━━━╸ 229/230 3.1it/s 1:17<0.3s
800/800      3.52G     0.7066     0.3461     0.7949         18        256: 100% ━━━━━━━━━━━━ 230/230 3.0it/s 1:17
Class     Images  Instances      Box(P          R      mAP50  mAP50-95): 3% ──────────── 1/29 8.1s/it 2.4s<3:47
Class     Images  Instances      Box(P          R      mAP50  mAP50-95): 7% ╸─────────── 2/29 4.7s/it 4.8s<2:06
Class     Images  Instances      Box(P          R      mAP50  mAP50-95): 14% ━╸────────── 4/29 3.1s/it 9.3s<1:16
Class     Images  Instances      Box(P          R      mAP50  mAP50-95): 17% ━━────────── 5/29 2.8s/it 11.8s<1:08
Class     Images  Instances      Box(P          R      mAP50  mAP50-95): 21% ━━────────── 6/29 2.7s/it 14.3s<1:03
Class     Images  Instances      Box(P          R      mAP50  mAP50-95): 24% ━━╸───────── 7/29 2.6s/it 16.7s<57.8s
Class     Images  Instances      Box(P          R      mAP50  mAP50-95): 28% ━━━───────── 8/29 2.6s/it 19.2s<54.2s
Class     Images  Instances      Box(P          R      mAP50  mAP50-95): 31% ━━━╸──────── 9/29 2.5s/it 21.6s<50.9s
Class     Images  Instances      Box(P          R      mAP50  mAP50-95): 34% ━━━━──────── 10/29 2.5s/it 24.1s<48.0s
Class     Images  Instances      Box(P          R      mAP50  mAP50-95): 38% ━━━━╸─────── 11/29 2.5s/it 26.6s<45.2s
Class     Images  Instances      Box(P          R      mAP50  mAP50-95): 41% ━━━━╸─────── 12/29 2.5s/it 29.1s<42.7s
Class     Images  Instances      Box(P          R      mAP50  mAP50-95): 45% ━━━━━─────── 13/29 2.5s/it 31.7s<40.6s
Class     Images  Instances      Box(P          R      mAP50  mAP50-95): 48% ━━━━━╸────── 14/29 2.5s/it 34.3s<38.1s
Class     Images  Instances      Box(P          R      mAP50  mAP50-95): 52% ━━━━━━────── 15/29 2.5s/it 36.8s<35.7s
Class     Images  Instances      Box(P          R      mAP50  mAP50-95): 55% ━━━━━━╸───── 16/29 2.6s/it 39.4s<33.3s
Class     Images  Instances      Box(P          R      mAP50  mAP50-95): 59% ━━━━━━━───── 17/29 2.5s/it 41.9s<30.5s
Class     Images  Instances      Box(P          R      mAP50  mAP50-95): 62% ━━━━━━━───── 18/29 2.5s/it 44.3s<27.5s
Class     Images  Instances      Box(P          R      mAP50  mAP50-95): 66% ━━━━━━━╸──── 19/29 2.5s/it 46.7s<24.7s
Class     Images  Instances      Box(P          R      mAP50  mAP50-95): 69% ━━━━━━━━──── 20/29 2.5s/it 49.2s<22.3s
Class     Images  Instances      Box(P          R      mAP50  mAP50-95): 72% ━━━━━━━━╸─── 21/29 2.5s/it 51.7s<19.8s
Class     Images  Instances      Box(P          R      mAP50  mAP50-95): 76% ━━━━━━━━━─── 22/29 2.5s/it 54.1s<17.3s
Class     Images  Instances      Box(P          R      mAP50  mAP50-95): 79% ━━━━━━━━━╸── 23/29 2.5s/it 56.6s<14.7s
Class     Images  Instances      Box(P          R      mAP50  mAP50-95): 83% ━━━━━━━━━╸── 24/29 2.4s/it 58.8s<11.9s
Class     Images  Instances      Box(P          R      mAP50  mAP50-95): 86% ━━━━━━━━━━── 25/29 2.4s/it 1:01<9.4s
Class     Images  Instances      Box(P          R      mAP50  mAP50-95): 90% ━━━━━━━━━━╸─ 26/29 2.3s/it 1:03<7.0s
Class     Images  Instances      Box(P          R      mAP50  mAP50-95): 93% ━━━━━━━━━━━─ 27/29 2.4s/it 1:06<4.7s
Class     Images  Instances      Box(P          R      mAP50  mAP50-95): 97% ━━━━━━━━━━━╸ 28/29 2.4s/it 1:08<2.4s
all       3667       9609      0.918      0.866      0.907       0.62
Optimizer stripped from /mnt/dataY/ydf/projects/LADD_og/runs_public/ogsod/hbb/formal_nomosaic_20260528/baselines/sar/sar_yolo11s_hbb_800ep_cos_nomosaic_albu_b64_s123/weights/last.pt, 19.3MB
Optimizer stripped from /mnt/dataY/ydf/projects/LADD_og/runs_public/ogsod/hbb/formal_nomosaic_20260528/baselines/sar/sar_yolo11s_hbb_800ep_cos_nomosaic_albu_b64_s123/weights/best.pt, 19.3MB
Validating /mnt/dataY/ydf/projects/LADD_og/runs_public/ogsod/hbb/formal_nomosaic_20260528/baselines/sar/sar_yolo11s_hbb_800ep_cos_nomosaic_albu_b64_s123/weights/best.pt...
Class     Images  Instances      Box(P          R      mAP50  mAP50-95): 7% ╸─────────── 2/29 8.0s/it 8.1s<3:35
Class     Images  Instances      Box(P          R      mAP50  mAP50-95): 10% ━─────────── 3/29 6.2s/it 12.2s<2:42
Class     Images  Instances      Box(P          R      mAP50  mAP50-95): 14% ━╸────────── 4/29 2.8s/it 13.4s<1:10
Class     Images  Instances      Box(P          R      mAP50  mAP50-95): 17% ━━────────── 5/29 1.1it/s 13.8s<21.8s
Class     Images  Instances      Box(P          R      mAP50  mAP50-95): 21% ━━────────── 6/29 1.1it/s 14.7s<20.6s
Class     Images  Instances      Box(P          R      mAP50  mAP50-95): 24% ━━╸───────── 7/29 1.0s/it 16.2s<22.6s
Class     Images  Instances      Box(P          R      mAP50  mAP50-95): 28% ━━━───────── 8/29 1.2s/it 17.9s<24.4s
Class     Images  Instances      Box(P          R      mAP50  mAP50-95): 31% ━━━╸──────── 9/29 1.3s/it 19.5s<25.5s
Class     Images  Instances      Box(P          R      mAP50  mAP50-95): 34% ━━━━──────── 10/29 1.4s/it 21.2s<26.0s
Class     Images  Instances      Box(P          R      mAP50  mAP50-95): 38% ━━━━╸─────── 11/29 1.5s/it 22.9s<26.3s
Class     Images  Instances      Box(P          R      mAP50  mAP50-95): 41% ━━━━╸─────── 12/29 1.2s/it 23.7s<20.1s
Class     Images  Instances      Box(P          R      mAP50  mAP50-95): 45% ━━━━━─────── 13/29 1.3it/s 24.2s<12.2s
Class     Images  Instances      Box(P          R      mAP50  mAP50-95): 48% ━━━━━╸────── 14/29 1.6it/s 24.6s<9.2s
Class     Images  Instances      Box(P          R      mAP50  mAP50-95): 52% ━━━━━━────── 15/29 1.9it/s 25.0s<7.5s
Class     Images  Instances      Box(P          R      mAP50  mAP50-95): 55% ━━━━━━╸───── 16/29 2.1it/s 25.4s<6.2s
Class     Images  Instances      Box(P          R      mAP50  mAP50-95): 59% ━━━━━━━───── 17/29 2.3it/s 25.7s<5.2s
Class     Images  Instances      Box(P          R      mAP50  mAP50-95): 62% ━━━━━━━───── 18/29 2.5it/s 26.1s<4.4s
Class     Images  Instances      Box(P          R      mAP50  mAP50-95): 66% ━━━━━━━╸──── 19/29 2.6it/s 26.4s<3.9s
Class     Images  Instances      Box(P          R      mAP50  mAP50-95): 69% ━━━━━━━━──── 20/29 2.6it/s 26.8s<3.4s
Class     Images  Instances      Box(P          R      mAP50  mAP50-95): 72% ━━━━━━━━╸─── 21/29 2.0it/s 28.4s<3.9s
Class     Images  Instances      Box(P          R      mAP50  mAP50-95): 76% ━━━━━━━━━─── 22/29 1.5it/s 32.3s<4.7s
Class     Images  Instances      Box(P          R      mAP50  mAP50-95): 79% ━━━━━━━━━╸── 23/29 1.1it/s 36.4s<5.3s
Class     Images  Instances      Box(P          R      mAP50  mAP50-95): 83% ━━━━━━━━━╸── 24/29 1.2s/it 40.2s<5.8s
Class     Images  Instances      Box(P          R      mAP50  mAP50-95): 86% ━━━━━━━━━━── 25/29 1.5s/it 44.1s<5.9s
Class     Images  Instances      Box(P          R      mAP50  mAP50-95): 90% ━━━━━━━━━━╸─ 26/29 1.8s/it 48.2s<5.4s
Class     Images  Instances      Box(P          R      mAP50  mAP50-95): 93% ━━━━━━━━━━━─ 27/29 2.2s/it 52.1s<4.3s
Class     Images  Instances      Box(P          R      mAP50  mAP50-95): 97% ━━━━━━━━━━━╸ 28/29 2.5s/it 55.9s<2.5s
Class     Images  Instances      Box(P          R      mAP50  mAP50-95): 100% ━━━━━━━━━━━━ 29/29 2.0s/it 58.5s
all       3667       9609      0.917      0.863      0.906      0.623
Results saved to /mnt/dataY/ydf/projects/LADD_og/runs_public/ogsod/hbb/formal_nomosaic_20260528/baselines/sar/sar_yolo11s_hbb_800ep_cos_nomosaic_albu_b64_s123
all       3667       9609      0.918      0.866      0.907       0.62
800 epochs completed in 31.062 hours.
YOLO11s summary (fused): 101 layers, 9,413,961 parameters, 0 gradients, 21.3 GFLOPs
all       3667       9609      0.917      0.863      0.906      0.623
bridge       3315       6389      0.941      0.935      0.967      0.633
harbor        331        803      0.991      0.985      0.995      0.927
storage_tank        153       2417      0.819      0.669      0.755      0.309
Speed: 0.1ms preprocess, 0.4ms inference, 0.0ms loss, 3.1ms postprocess per image
Results saved to /mnt/dataY/ydf/projects/LADD_og/runs_public/ogsod/hbb/formal_nomosaic_20260528/baselines/sar/sar_yolo11s_hbb_800ep_cos_nomosaic_albu_b64_s123
