# source_log: /mnt/dataY/ydf/projects/LADD_og/logs/formal_nomosaic_20260528/baselines/sar_yolo11n_hbb_800ep_cos_nomosaic_albu_b64_s0_gpu2.log
# source_log_size_bytes: 31548221
# note: extracted from raw log; ANSI progress control characters removed; full raw log retained on server 90.

800/800      2.37G     0.9424     0.4692     0.8209        167        256: 14% ━╸────────── 33/230 2.9it/s 11.2s<1:09
800/800      2.37G      0.939      0.468     0.8212        132        256: 15% ━╸────────── 34/230 2.9it/s 11.6s<1:08
800/800      2.37G      0.938     0.4669     0.8208        125        256: 15% ━╸────────── 35/230 2.9it/s 11.9s<1:07
800/800      2.37G     0.9471     0.4695     0.8206        218        256: 16% ━╸────────── 36/230 3.1it/s 12.2s<1:03
800/800      2.37G     0.9461     0.4692     0.8223        184        256: 16% ━╸────────── 37/230 3.2it/s 12.5s<1:01
800/800      2.37G      0.945     0.4685     0.8219        157        256: 17% ━╸────────── 38/230 3.2it/s 12.8s<59.9s
800/800      2.37G      0.944     0.4684     0.8221        129        256: 17% ━━────────── 39/230 3.2it/s 13.1s<59.8s
800/800      2.37G     0.9427     0.4685     0.8213        135        256: 17% ━━────────── 40/230 3.0it/s 13.5s<1:04
800/800      2.37G     0.9428     0.4679     0.8209        177        256: 18% ━━────────── 41/230 2.9it/s 13.9s<1:05
800/800      2.37G     0.9465     0.4695     0.8207        211        256: 18% ━━────────── 42/230 2.9it/s 14.2s<1:05
800/800      2.37G     0.9441     0.4684     0.8205        129        256: 19% ━━────────── 43/230 2.8it/s 14.6s<1:06
800/800      2.37G      0.941     0.4668     0.8203        127        256: 19% ━━────────── 44/230 3.0it/s 14.9s<1:02
800/800      2.37G      0.938     0.4654     0.8203        135        256: 20% ━━────────── 45/230 3.1it/s 15.2s<59.6s
800/800      2.37G     0.9361     0.4643     0.8194        149        256: 20% ━━────────── 46/230 3.0it/s 15.5s<1:01
800/800      2.37G     0.9381     0.4653     0.8191        124        256: 20% ━━────────── 47/230 2.9it/s 15.9s<1:03
800/800      2.37G     0.9372     0.4665     0.8193        127        256: 21% ━━╸───────── 48/230 2.8it/s 16.3s<1:05
800/800      2.37G     0.9367     0.4664     0.8199        125        256: 21% ━━╸───────── 49/230 2.8it/s 16.7s<1:05
800/800      2.37G     0.9356     0.4663     0.8207        123        256: 22% ━━╸───────── 50/230 2.7it/s 17.1s<1:06
800/800      2.37G     0.9349     0.4665     0.8204        136        256: 22% ━━╸───────── 51/230 2.9it/s 17.4s<1:02
800/800      2.37G     0.9417     0.4687     0.8203        287        256: 23% ━━╸───────── 52/230 3.1it/s 17.6s<57.4s
800/800      2.37G     0.9435      0.469     0.8201        146        256: 23% ━━╸───────── 53/230 3.3it/s 17.9s<53.9s
800/800      2.37G     0.9485     0.4708     0.8201        188        256: 23% ━━╸───────── 54/230 3.3it/s 18.2s<52.7s
800/800      2.37G     0.9516      0.472     0.8197        212        256: 24% ━━╸───────── 55/230 3.5it/s 18.5s<50.6s
800/800      2.37G     0.9531     0.4731     0.8198        159        256: 24% ━━╸───────── 56/230 3.5it/s 18.7s<49.4s
800/800      2.37G     0.9535     0.4735       0.82        141        256: 25% ━━╸───────── 57/230 3.5it/s 19.0s<49.3s
800/800      2.37G     0.9564     0.4744     0.8202        173        256: 25% ━━━───────── 58/230 3.4it/s 19.3s<50.5s
800/800      2.37G     0.9565     0.4743     0.8201        127        256: 26% ━━━───────── 59/230 3.4it/s 19.7s<50.9s
800/800      2.37G     0.9563     0.4738       0.82        121        256: 26% ━━━───────── 60/230 3.4it/s 19.9s<50.3s
800/800      2.37G     0.9583     0.4749     0.8203        129        256: 27% ━━━───────── 61/230 3.4it/s 20.2s<50.1s
800/800      2.37G      0.959     0.4753     0.8203        148        256: 27% ━━━───────── 62/230 3.4it/s 20.5s<49.4s
800/800      2.37G     0.9622     0.4764     0.8198        178        256: 27% ━━━───────── 63/230 3.4it/s 20.8s<48.5s
800/800      2.37G      0.964      0.477     0.8198        131        256: 28% ━━━───────── 64/230 3.5it/s 21.1s<47.4s
800/800      2.37G     0.9666     0.4779     0.8198        197        256: 28% ━━━───────── 65/230 3.5it/s 21.4s<46.6s
800/800      2.37G     0.9651     0.4773     0.8196        120        256: 29% ━━━───────── 66/230 3.6it/s 21.6s<46.0s
800/800      2.37G      0.963     0.4765     0.8195        115        256: 29% ━━━───────── 67/230 3.5it/s 21.9s<47.0s
800/800      2.37G     0.9612     0.4754     0.8196        134        256: 30% ━━━╸──────── 68/230 3.3it/s 22.3s<48.4s
800/800      2.37G     0.9657     0.4772     0.8195        240        256: 30% ━━━╸──────── 69/230 3.3it/s 22.6s<48.6s
800/800      2.37G     0.9643     0.4769     0.8194        108        256: 30% ━━━╸──────── 70/230 3.3it/s 22.9s<48.8s
800/800      2.37G     0.9636     0.4768     0.8198        108        256: 31% ━━━╸──────── 71/230 3.3it/s 23.2s<48.3s
800/800      2.37G     0.9642     0.4771       0.82        207        256: 31% ━━━╸──────── 72/230 3.3it/s 23.5s<47.8s
800/800      2.37G     0.9632     0.4771     0.8197        143        256: 32% ━━━╸──────── 73/230 3.3it/s 23.8s<47.4s
800/800      2.37G     0.9624     0.4769     0.8199        173        256: 32% ━━━╸──────── 74/230 3.4it/s 24.1s<45.3s
800/800      2.37G     0.9647     0.4783     0.8203        183        256: 33% ━━━╸──────── 75/230 3.4it/s 24.4s<45.9s
800/800      2.37G     0.9624     0.4775     0.8204        106        256: 33% ━━━╸──────── 76/230 3.4it/s 24.7s<45.0s
800/800      2.37G     0.9643     0.4782     0.8202        152        256: 33% ━━━━──────── 77/230 3.4it/s 24.9s<44.8s
800/800      2.37G     0.9642     0.4781     0.8203        179        256: 34% ━━━━──────── 78/230 3.3it/s 25.3s<45.5s
800/800      2.37G      0.965     0.4785     0.8206        192        256: 34% ━━━━──────── 79/230 3.4it/s 25.6s<44.8s
800/800      2.37G     0.9635     0.4779     0.8206        102        256: 35% ━━━━──────── 80/230 3.3it/s 25.9s<45.0s
800/800      2.37G     0.9633     0.4776     0.8206        139        256: 35% ━━━━──────── 81/230 3.2it/s 26.2s<46.3s
800/800      2.37G      0.963     0.4778     0.8209        154        256: 36% ━━━━──────── 82/230 3.2it/s 26.5s<47.0s
800/800      2.37G     0.9662     0.4797     0.8209        184        256: 36% ━━━━──────── 83/230 2.9it/s 27.0s<50.7s
800/800      2.37G     0.9653      0.479     0.8212        146        256: 37% ━━━━──────── 84/230 2.8it/s 27.4s<52.7s
800/800      2.37G     0.9656      0.479     0.8208        174        256: 37% ━━━━──────── 85/230 2.8it/s 27.7s<51.3s
800/800      2.37G     0.9647     0.4787     0.8205        141        256: 37% ━━━━──────── 86/230 2.9it/s 28.0s<49.1s
800/800      2.37G     0.9629     0.4778     0.8205        144        256: 38% ━━━━╸─────── 87/230 3.0it/s 28.3s<47.6s
800/800      2.37G     0.9617     0.4775     0.8205        136        256: 38% ━━━━╸─────── 88/230 3.2it/s 28.6s<44.6s
800/800      2.37G     0.9626     0.4777     0.8206        216        256: 39% ━━━━╸─────── 89/230 3.3it/s 28.9s<42.3s
800/800      2.37G     0.9626     0.4777     0.8206        216        256: 39% ━━━━╸─────── 90/230 2.9it/s 29.4s<47.5s
800/800      2.37G     0.9606     0.4771     0.8207        173        256: 39% ━━━━╸─────── 90/230 2.1it/s 29.7s<1:08
800/800      2.37G     0.9595     0.4767     0.8206        109        256: 40% ━━━━╸─────── 91/230 2.4it/s 30.0s<58.0s
800/800      2.37G     0.9581     0.4759     0.8209        144        256: 40% ━━━━╸─────── 92/230 2.6it/s 30.3s<52.8s
800/800      2.37G     0.9558      0.475     0.8206        118        256: 40% ━━━━╸─────── 93/230 2.9it/s 30.6s<47.9s
800/800      2.37G     0.9555      0.475     0.8206        118        256: 41% ━━━━╸─────── 94/230 3.1it/s 30.9s<44.3s
800/800      2.37G     0.9573     0.4761     0.8206        147        256: 41% ━━━━╸─────── 95/230 3.2it/s 31.2s<42.4s
800/800      2.37G     0.9564     0.4757     0.8211        114        256: 42% ━━━━━─────── 96/230 3.1it/s 31.5s<42.6s
800/800      2.37G     0.9557     0.4753      0.821        134        256: 42% ━━━━━─────── 97/230 3.3it/s 31.8s<40.6s
800/800      2.37G      0.956     0.4754     0.8207        188        256: 43% ━━━━━─────── 98/230 3.2it/s 32.1s<40.9s
800/800      2.37G     0.9573     0.4758     0.8208        155        256: 43% ━━━━━─────── 99/230 3.3it/s 32.4s<39.3s
800/800      2.37G     0.9554     0.4751      0.821        109        256: 43% ━━━━━─────── 100/230 3.2it/s 32.7s<41.2s
800/800      2.37G     0.9542     0.4746     0.8209        143        256: 44% ━━━━━─────── 101/230 3.0it/s 33.1s<43.6s
800/800      2.37G     0.9529     0.4741     0.8209        143        256: 44% ━━━━━─────── 102/230 2.9it/s 33.5s<44.2s
800/800      2.37G     0.9531     0.4738     0.8209        143        256: 45% ━━━━━─────── 103/230 3.1it/s 33.8s<40.9s
800/800      2.37G     0.9522     0.4737     0.8208        114        256: 45% ━━━━━─────── 104/230 3.0it/s 34.1s<41.6s
800/800      2.37G     0.9534     0.4742      0.821        136        256: 46% ━━━━━─────── 105/230 3.1it/s 34.4s<40.1s
800/800      2.37G     0.9513     0.4735     0.8209        111        256: 46% ━━━━━╸────── 106/230 3.1it/s 34.8s<40.1s
800/800      2.37G     0.9507     0.4734     0.8209        158        256: 47% ━━━━━╸────── 107/230 3.2it/s 35.0s<38.2s
800/800      2.37G     0.9522     0.4746     0.8206        143        256: 47% ━━━━━╸────── 108/230 3.3it/s 35.3s<37.0s
800/800      2.37G     0.9518     0.4745     0.8206        144        256: 47% ━━━━━╸────── 109/230 3.3it/s 35.6s<36.8s
800/800      2.37G     0.9514     0.4744     0.8206        129        256: 48% ━━━━━╸────── 110/230 3.4it/s 35.9s<35.7s
800/800      2.37G     0.9503     0.4739     0.8203        138        256: 48% ━━━━━╸────── 111/230 3.4it/s 36.2s<35.2s
800/800      2.37G     0.9503     0.4736     0.8204        144        256: 49% ━━━━━╸────── 112/230 3.0it/s 36.7s<38.8s
800/800      2.37G     0.9475     0.4725     0.8205        104        256: 49% ━━━━━╸────── 113/230 2.9it/s 37.0s<39.8s
800/800      2.37G     0.9477     0.4724     0.8203        127        256: 50% ━━━━━╸────── 114/230 2.9it/s 37.4s<40.2s
800/800      2.37G     0.9476     0.4723     0.8204        147        256: 50% ━━━━━━────── 115/230 3.0it/s 37.7s<38.3s
800/800      2.37G     0.9462     0.4718     0.8206        101        256: 50% ━━━━━━────── 116/230 2.8it/s 38.1s<40.5s
800/800      2.37G     0.9455     0.4718     0.8207        121        256: 51% ━━━━━━────── 117/230 2.8it/s 38.5s<40.7s
800/800      2.37G     0.9455     0.4717     0.8209        153        256: 51% ━━━━━━────── 118/230 2.7it/s 38.9s<41.6s
800/800      2.37G     0.9473     0.4722     0.8209        208        256: 52% ━━━━━━────── 119/230 2.8it/s 39.2s<40.3s
800/800      2.37G     0.9485     0.4726     0.8207        261        256: 52% ━━━━━━────── 120/230 2.8it/s 39.6s<39.8s
800/800      2.37G     0.9494      0.473     0.8205        226        256: 53% ━━━━━━────── 121/230 2.8it/s 39.9s<38.5s
800/800      2.37G     0.9486     0.4727     0.8205        142        256: 53% ━━━━━━────── 122/230 2.8it/s 40.3s<37.9s
800/800      2.37G     0.9479     0.4724     0.8205        134        256: 53% ━━━━━━────── 123/230 2.8it/s 40.7s<38.7s
800/800      2.37G     0.9522     0.4736     0.8203        223        256: 54% ━━━━━━────── 124/230 2.6it/s 41.1s<40.1s
800/800      2.37G     0.9523     0.4739     0.8204        171        256: 54% ━━━━━━╸───── 125/230 2.7it/s 41.4s<39.1s
800/800      2.37G     0.9527     0.4741     0.8205        218        256: 55% ━━━━━━╸───── 126/230 2.7it/s 41.8s<38.1s
800/800      2.37G     0.9518     0.4737     0.8206        131        256: 55% ━━━━━━╸───── 127/230 2.8it/s 42.1s<37.4s
800/800      2.37G     0.9513     0.4736     0.8208        106        256: 56% ━━━━━━╸───── 128/230 2.8it/s 42.5s<36.6s
800/800      2.37G     0.9519     0.4737     0.8208        148        256: 56% ━━━━━━╸───── 129/230 2.8it/s 42.8s<36.1s
800/800      2.37G     0.9534     0.4743     0.8206        152        256: 57% ━━━━━━╸───── 130/230 2.8it/s 43.2s<35.3s
800/800      2.37G     0.9544     0.4746     0.8207        181        256: 57% ━━━━━━╸───── 131/230 2.9it/s 43.5s<34.0s
800/800      2.37G     0.9549     0.4751     0.8208        108        256: 57% ━━━━━━╸───── 132/230 2.9it/s 43.8s<33.3s
800/800      2.37G     0.9561     0.4754     0.8208        255        256: 58% ━━━━━━╸───── 133/230 2.9it/s 44.2s<33.2s
800/800      2.37G     0.9544     0.4747     0.8209        130        256: 58% ━━━━━━╸───── 134/230 2.9it/s 44.6s<33.5s
800/800      2.37G      0.954     0.4748      0.821        126        256: 59% ━━━━━━━───── 135/230 2.8it/s 44.9s<33.6s
800/800      2.37G     0.9539     0.4748      0.821        146        256: 59% ━━━━━━━───── 136/230 2.9it/s 45.3s<32.7s
800/800      2.37G     0.9537     0.4745      0.821        159        256: 60% ━━━━━━━───── 137/230 3.1it/s 45.5s<29.7s
800/800      2.37G     0.9552     0.4751      0.821        214        256: 60% ━━━━━━━───── 138/230 3.2it/s 45.8s<28.3s
800/800      2.37G     0.9547      0.475     0.8212        118        256: 60% ━━━━━━━───── 139/230 3.3it/s 46.1s<27.4s
800/800      2.37G     0.9555     0.4754     0.8212        169        256: 61% ━━━━━━━───── 140/230 3.4it/s 46.4s<26.8s
800/800      2.37G     0.9547     0.4752     0.8212        115        256: 61% ━━━━━━━───── 141/230 3.4it/s 46.7s<26.0s
800/800      2.37G     0.9542     0.4751     0.8212        188        256: 62% ━━━━━━━───── 142/230 3.4it/s 47.0s<25.7s
800/800      2.37G     0.9551     0.4754     0.8212        155        256: 62% ━━━━━━━───── 143/230 3.4it/s 47.3s<25.7s
800/800      2.37G      0.955     0.4755     0.8212        225        256: 63% ━━━━━━━╸──── 144/230 3.3it/s 47.6s<26.3s
800/800      2.37G     0.9533     0.4747     0.8211        123        256: 63% ━━━━━━━╸──── 145/230 3.4it/s 47.9s<25.4s
800/800      2.37G     0.9528     0.4745     0.8211        153        256: 63% ━━━━━━━╸──── 146/230 3.2it/s 48.2s<26.5s
800/800      2.37G      0.952     0.4742     0.8213        111        256: 64% ━━━━━━━╸──── 147/230 3.1it/s 48.6s<27.0s
800/800      2.37G     0.9522     0.4746     0.8214        146        256: 64% ━━━━━━━╸──── 148/230 3.2it/s 48.9s<25.4s
800/800      2.37G     0.9518     0.4744     0.8212        122        256: 65% ━━━━━━━╸──── 149/230 3.3it/s 49.2s<24.2s
800/800      2.37G     0.9523     0.4747     0.8212        135        256: 65% ━━━━━━━╸──── 150/230 3.4it/s 49.4s<23.5s
800/800      2.37G     0.9517     0.4745     0.8212        139        256: 66% ━━━━━━━╸──── 151/230 3.4it/s 49.7s<23.4s
800/800      2.37G     0.9519     0.4746     0.8212        145        256: 66% ━━━━━━━╸──── 152/230 3.2it/s 50.1s<24.2s
800/800      2.37G      0.952     0.4748     0.8213        137        256: 67% ━━━━━━━╸──── 153/230 3.3it/s 50.4s<23.6s
800/800      2.37G     0.9527      0.475     0.8215        132        256: 67% ━━━━━━━━──── 154/230 3.1it/s 50.7s<24.2s
800/800      2.37G      0.952     0.4746     0.8215        112        256: 67% ━━━━━━━━──── 155/230 3.1it/s 51.1s<23.9s
800/800      2.37G     0.9514     0.4741     0.8218        116        256: 68% ━━━━━━━━──── 156/230 3.1it/s 51.4s<23.5s
800/800      2.37G     0.9515      0.474     0.8219        127        256: 68% ━━━━━━━━──── 157/230 3.1it/s 51.7s<23.3s
800/800      2.37G     0.9508     0.4737     0.8218        154        256: 69% ━━━━━━━━──── 158/230 3.2it/s 52.0s<22.3s
800/800      2.37G      0.952     0.4742     0.8217        196        256: 69% ━━━━━━━━──── 159/230 3.2it/s 52.3s<21.9s
800/800      2.37G     0.9522     0.4743     0.8217        129        256: 70% ━━━━━━━━──── 160/230 3.3it/s 52.6s<21.0s
800/800      2.37G      0.952     0.4741     0.8218        112        256: 70% ━━━━━━━━──── 161/230 3.3it/s 52.9s<21.1s
800/800      2.37G     0.9522     0.4742     0.8217        127        256: 70% ━━━━━━━━──── 162/230 3.3it/s 53.2s<20.7s
800/800      2.37G     0.9531     0.4745     0.8217        169        256: 71% ━━━━━━━━╸─── 163/230 3.4it/s 53.5s<19.9s
800/800      2.37G     0.9546     0.4749     0.8215        184        256: 71% ━━━━━━━━╸─── 164/230 3.4it/s 53.8s<19.3s
800/800      2.37G      0.954     0.4746     0.8215        136        256: 72% ━━━━━━━━╸─── 165/230 3.5it/s 54.0s<18.6s
800/800      2.37G     0.9549     0.4748     0.8216        207        256: 72% ━━━━━━━━╸─── 166/230 3.5it/s 54.3s<18.5s
800/800      2.37G     0.9541     0.4744     0.8217        117        256: 73% ━━━━━━━━╸─── 167/230 3.5it/s 54.6s<18.1s
800/800      2.37G     0.9539     0.4744     0.8219        143        256: 73% ━━━━━━━━╸─── 168/230 3.4it/s 54.9s<18.2s
800/800      2.37G     0.9539     0.4745     0.8219        107        256: 73% ━━━━━━━━╸─── 169/230 3.4it/s 55.2s<17.8s
800/800      2.37G      0.954     0.4745     0.8218        144        256: 74% ━━━━━━━━╸─── 170/230 3.4it/s 55.5s<17.8s
800/800      2.37G     0.9544     0.4747     0.8218        142        256: 74% ━━━━━━━━╸─── 171/230 3.2it/s 55.9s<18.4s
800/800      2.37G     0.9542     0.4747     0.8221        124        256: 75% ━━━━━━━━╸─── 172/230 3.2it/s 56.2s<18.3s
800/800      2.37G     0.9538     0.4744     0.8221        149        256: 75% ━━━━━━━━━─── 173/230 3.2it/s 56.5s<17.8s
800/800      2.37G     0.9533     0.4744     0.8221        182        256: 76% ━━━━━━━━━─── 174/230 3.3it/s 56.8s<16.9s
800/800      2.37G     0.9535     0.4744     0.8221        161        256: 76% ━━━━━━━━━─── 175/230 3.4it/s 57.0s<16.1s
800/800      2.37G     0.9545     0.4746      0.822        186        256: 77% ━━━━━━━━━─── 176/230 3.4it/s 57.3s<15.8s
800/800      2.37G     0.9536     0.4746     0.8222        123        256: 77% ━━━━━━━━━─── 177/230 3.2it/s 57.7s<16.5s
800/800      2.37G     0.9538     0.4747     0.8223        187        256: 77% ━━━━━━━━━─── 178/230 3.2it/s 58.0s<16.2s
800/800      2.37G     0.9543      0.475     0.8224        240        256: 78% ━━━━━━━━━─── 179/230 3.3it/s 58.3s<15.6s
800/800      2.37G     0.9549     0.4752     0.8223        183        256: 78% ━━━━━━━━━─── 180/230 3.2it/s 58.6s<15.4s
800/800      2.37G     0.9561     0.4755     0.8222        206        256: 79% ━━━━━━━━━─── 181/230 3.1it/s 59.0s<15.6s
800/800      2.37G     0.9567     0.4758     0.8222        173        256: 79% ━━━━━━━━━─── 182/230 3.2it/s 59.3s<14.8s
800/800      2.37G      0.958     0.4761     0.8224        181        256: 80% ━━━━━━━━━╸── 183/230 3.2it/s 59.6s<14.5s
800/800      2.37G     0.9581     0.4761     0.8225        162        256: 80% ━━━━━━━━━╸── 184/230 3.2it/s 59.9s<14.5s
800/800      2.37G     0.9575     0.4759     0.8223        120        256: 80% ━━━━━━━━━╸── 185/230 3.2it/s 1:00<14.0s
800/800      2.37G     0.9569     0.4756     0.8223        155        256: 81% ━━━━━━━━━╸── 186/230 3.2it/s 1:01<13.9s
800/800      2.37G     0.9566     0.4756     0.8223        154        256: 81% ━━━━━━━━━╸── 187/230 3.0it/s 1:01<14.2s
800/800      2.37G     0.9571     0.4759     0.8222        174        256: 82% ━━━━━━━━━╸── 188/230 2.9it/s 1:01<14.4s
800/800      2.37G      0.957     0.4759     0.8222        131        256: 82% ━━━━━━━━━╸── 189/230 2.9it/s 1:02<14.3s
800/800      2.37G      0.958     0.4761     0.8221        146        256: 83% ━━━━━━━━━╸── 190/230 3.0it/s 1:02<13.4s
800/800      2.37G     0.9572     0.4758     0.8221        130        256: 83% ━━━━━━━━━╸── 191/230 3.1it/s 1:02<12.6s
800/800      2.37G     0.9576     0.4759     0.8222        121        256: 83% ━━━━━━━━━━── 192/230 3.2it/s 1:03<11.9s
800/800      2.37G     0.9573     0.4758     0.8222        125        256: 84% ━━━━━━━━━━── 193/230 3.3it/s 1:03<11.2s
800/800      2.37G     0.9577     0.4761     0.8222        208        256: 84% ━━━━━━━━━━── 194/230 3.5it/s 1:03<10.4s
800/800      2.37G     0.9577     0.4762     0.8222        149        256: 85% ━━━━━━━━━━── 195/230 3.5it/s 1:03<10.0s
800/800      2.37G     0.9576      0.476     0.8223        120        256: 85% ━━━━━━━━━━── 196/230 3.3it/s 1:04<10.2s
800/800      2.37G     0.9574     0.4759     0.8222        126        256: 86% ━━━━━━━━━━── 197/230 3.2it/s 1:04<10.2s
800/800      2.37G     0.9576     0.4761     0.8222        111        256: 86% ━━━━━━━━━━── 198/230 3.2it/s 1:04<10.1s
800/800      2.37G     0.9586     0.4763     0.8224        162        256: 87% ━━━━━━━━━━── 199/230 3.3it/s 1:05<9.4s
800/800      2.37G     0.9591     0.4764     0.8224        172        256: 87% ━━━━━━━━━━── 200/230 3.3it/s 1:05<9.1s
800/800      2.37G     0.9577     0.4758     0.8223        106        256: 87% ━━━━━━━━━━── 201/230 3.3it/s 1:05<8.7s
800/800      2.37G     0.9579     0.4758     0.8223        171        256: 88% ━━━━━━━━━━╸─ 202/230 3.4it/s 1:06<8.3s
800/800      2.37G     0.9571     0.4754     0.8224        129        256: 88% ━━━━━━━━━━╸─ 203/230 3.2it/s 1:06<8.4s
800/800      2.37G      0.957     0.4754     0.8224        139        256: 89% ━━━━━━━━━━╸─ 204/230 3.2it/s 1:06<8.1s
800/800      2.37G     0.9561     0.4751     0.8224        121        256: 89% ━━━━━━━━━━╸─ 205/230 3.4it/s 1:06<7.3s
800/800      2.37G     0.9552     0.4747     0.8226        142        256: 90% ━━━━━━━━━━╸─ 206/230 3.3it/s 1:07<7.3s
800/800      2.37G     0.9552     0.4747     0.8226        116        256: 90% ━━━━━━━━━━╸─ 207/230 3.4it/s 1:07<6.8s
800/800      2.37G     0.9557      0.475     0.8225        123        256: 90% ━━━━━━━━━━╸─ 208/230 3.4it/s 1:07<6.4s
800/800      2.37G     0.9554     0.4748     0.8225        120        256: 91% ━━━━━━━━━━╸─ 209/230 3.2it/s 1:08<6.6s
800/800      2.37G     0.9565     0.4753     0.8224        341        256: 91% ━━━━━━━━━━╸─ 210/230 3.1it/s 1:08<6.5s
800/800      2.37G     0.9575     0.4755     0.8223        190        256: 92% ━━━━━━━━━━━─ 211/230 3.0it/s 1:08<6.3s
800/800      2.37G     0.9576     0.4755     0.8224        124        256: 92% ━━━━━━━━━━━─ 212/230 3.2it/s 1:09<5.6s
800/800      2.37G     0.9579     0.4758     0.8223        141        256: 93% ━━━━━━━━━━━─ 213/230 3.3it/s 1:09<5.2s
800/800      2.37G     0.9579     0.4758     0.8222        135        256: 93% ━━━━━━━━━━━─ 214/230 3.2it/s 1:09<4.9s
800/800      2.37G     0.9579     0.4757      0.822        119        256: 93% ━━━━━━━━━━━─ 215/230 3.3it/s 1:10<4.5s
800/800      2.37G     0.9582     0.4757     0.8219        200        256: 94% ━━━━━━━━━━━─ 216/230 3.4it/s 1:10<4.1s
800/800      2.37G     0.9581     0.4756     0.8219        187        256: 94% ━━━━━━━━━━━─ 217/230 3.5it/s 1:10<3.7s
800/800      2.37G     0.9579     0.4755      0.822        134        256: 95% ━━━━━━━━━━━─ 218/230 3.3it/s 1:10<3.6s
800/800      2.37G     0.9585     0.4755     0.8221        193        256: 95% ━━━━━━━━━━━─ 219/230 3.1it/s 1:11<3.5s
800/800      2.37G     0.9588     0.4756     0.8221        169        256: 96% ━━━━━━━━━━━─ 220/230 3.1it/s 1:11<3.2s
800/800      2.37G     0.9595     0.4761     0.8223        150        256: 96% ━━━━━━━━━━━╸ 221/230 3.2it/s 1:11<2.8s
800/800      2.37G       0.96     0.4763     0.8224        185        256: 97% ━━━━━━━━━━━╸ 222/230 3.2it/s 1:12<2.5s
800/800      2.37G     0.9599     0.4762     0.8224        151        256: 97% ━━━━━━━━━━━╸ 223/230 3.3it/s 1:12<2.1s
800/800      2.37G     0.9593     0.4761     0.8224        129        256: 97% ━━━━━━━━━━━╸ 224/230 3.2it/s 1:12<1.9s
800/800      2.37G      0.959      0.476     0.8223        123        256: 98% ━━━━━━━━━━━╸ 225/230 3.3it/s 1:13<1.5s
800/800      2.37G     0.9587      0.476     0.8222        132        256: 98% ━━━━━━━━━━━╸ 226/230 3.3it/s 1:13<1.2s
800/800      2.37G     0.9586     0.4759     0.8223        145        256: 99% ━━━━━━━━━━━╸ 227/230 3.3it/s 1:13<0.9s
800/800      2.37G     0.9581     0.4757     0.8224        146        256: 99% ━━━━━━━━━━━╸ 228/230 3.3it/s 1:14<0.6s
800/800      2.37G     0.9579     0.4754     0.8227         17        256: 100% ━━━━━━━━━━━╸ 229/230 3.4it/s 1:14<0.3s
800/800      2.37G     0.9579     0.4754     0.8227         17        256: 100% ━━━━━━━━━━━━ 230/230 3.1it/s 1:14
Class     Images  Instances      Box(P          R      mAP50  mAP50-95): 21% ━━────────── 6/29 3.0s/it 16.1s<1:09
Class     Images  Instances      Box(P          R      mAP50  mAP50-95): 24% ━━╸───────── 7/29 3.1s/it 19.6s<1:09
Class     Images  Instances      Box(P          R      mAP50  mAP50-95): 28% ━━━───────── 8/29 3.3s/it 23.1s<1:08
Class     Images  Instances      Box(P          R      mAP50  mAP50-95): 31% ━━━╸──────── 9/29 3.4s/it 26.8s<1:07
Class     Images  Instances      Box(P          R      mAP50  mAP50-95): 34% ━━━━──────── 10/29 3.4s/it 30.4s<1:05
Class     Images  Instances      Box(P          R      mAP50  mAP50-95): 38% ━━━━╸─────── 11/29 3.6s/it 34.4s<1:04
Class     Images  Instances      Box(P          R      mAP50  mAP50-95): 45% ━━━━━─────── 13/29 4.0s/it 43.6s<1:05
Class     Images  Instances      Box(P          R      mAP50  mAP50-95): 48% ━━━━━╸────── 14/29 4.2s/it 48.1s<1:03
Class     Images  Instances      Box(P          R      mAP50  mAP50-95): 52% ━━━━━━────── 15/29 4.3s/it 52.8s<1:01
Class     Images  Instances      Box(P          R      mAP50  mAP50-95): 55% ━━━━━━╸───── 16/29 4.4s/it 57.3s<57.0s
Class     Images  Instances      Box(P          R      mAP50  mAP50-95): 59% ━━━━━━━───── 17/29 4.4s/it 1:02<52.9s
Class     Images  Instances      Box(P          R      mAP50  mAP50-95): 62% ━━━━━━━───── 18/29 4.4s/it 1:06<48.1s
Class     Images  Instances      Box(P          R      mAP50  mAP50-95): 66% ━━━━━━━╸──── 19/29 4.4s/it 1:11<44.3s
Class     Images  Instances      Box(P          R      mAP50  mAP50-95): 69% ━━━━━━━━──── 20/29 4.5s/it 1:15<40.3s
Class     Images  Instances      Box(P          R      mAP50  mAP50-95): 72% ━━━━━━━━╸─── 21/29 4.5s/it 1:20<35.9s
Class     Images  Instances      Box(P          R      mAP50  mAP50-95): 76% ━━━━━━━━━─── 22/29 4.5s/it 1:24<31.6s
Class     Images  Instances      Box(P          R      mAP50  mAP50-95): 79% ━━━━━━━━━╸── 23/29 4.5s/it 1:29<27.0s
Class     Images  Instances      Box(P          R      mAP50  mAP50-95): 83% ━━━━━━━━━╸── 24/29 4.8s/it 1:35<24.0s
Class     Images  Instances      Box(P          R      mAP50  mAP50-95): 86% ━━━━━━━━━━── 25/29 5.3s/it 1:42<21.3s
Class     Images  Instances      Box(P          R      mAP50  mAP50-95): 90% ━━━━━━━━━━╸─ 26/29 5.1s/it 1:46<15.3s
Class     Images  Instances      Box(P          R      mAP50  mAP50-95): 93% ━━━━━━━━━━━─ 27/29 4.9s/it 1:51<9.8s
Class     Images  Instances      Box(P          R      mAP50  mAP50-95): 97% ━━━━━━━━━━━╸ 28/29 4.8s/it 1:55<4.8s
all       3667       9609      0.846      0.784      0.823      0.551
Optimizer stripped from /mnt/dataY/ydf/projects/LADD_og/runs_public/ogsod/hbb/formal_nomosaic_20260528/baselines/sar/sar_yolo11n_hbb_800ep_cos_nomosaic_albu_b64_s0/weights/last.pt, 5.6MB
Optimizer stripped from /mnt/dataY/ydf/projects/LADD_og/runs_public/ogsod/hbb/formal_nomosaic_20260528/baselines/sar/sar_yolo11n_hbb_800ep_cos_nomosaic_albu_b64_s0/weights/best.pt, 5.6MB
Validating /mnt/dataY/ydf/projects/LADD_og/runs_public/ogsod/hbb/formal_nomosaic_20260528/baselines/sar/sar_yolo11n_hbb_800ep_cos_nomosaic_albu_b64_s0/weights/best.pt...
Class     Images  Instances      Box(P          R      mAP50  mAP50-95): 3% ──────────── 1/29 19.8s/it 5.9s<9:14
Class     Images  Instances      Box(P          R      mAP50  mAP50-95): 7% ╸─────────── 2/29 11.9s/it 12.1s<5:20
Class     Images  Instances      Box(P          R      mAP50  mAP50-95): 14% ━╸────────── 4/29 7.8s/it 23.8s<3:15
Class     Images  Instances      Box(P          R      mAP50  mAP50-95): 17% ━━────────── 5/29 7.1s/it 29.5s<2:49
Class     Images  Instances      Box(P          R      mAP50  mAP50-95): 21% ━━────────── 6/29 6.2s/it 34.3s<2:22
Class     Images  Instances      Box(P          R      mAP50  mAP50-95): 24% ━━╸───────── 7/29 5.5s/it 38.7s<2:02
Class     Images  Instances      Box(P          R      mAP50  mAP50-95): 28% ━━━───────── 8/29 5.2s/it 43.2s<1:49
Class     Images  Instances      Box(P          R      mAP50  mAP50-95): 31% ━━━╸──────── 9/29 4.9s/it 47.7s<1:39
Class     Images  Instances      Box(P          R      mAP50  mAP50-95): 45% ━━━━━─────── 13/29 4.6s/it 1:06<1:13
Class     Images  Instances      Box(P          R      mAP50  mAP50-95): 48% ━━━━━╸────── 14/29 4.6s/it 1:10<1:08
Class     Images  Instances      Box(P          R      mAP50  mAP50-95): 52% ━━━━━━────── 15/29 4.5s/it 1:15<1:03
Class     Images  Instances      Box(P          R      mAP50  mAP50-95): 59% ━━━━━━━───── 17/29 5.0s/it 1:25<59.7s
Class     Images  Instances      Box(P          R      mAP50  mAP50-95): 62% ━━━━━━━───── 18/29 5.6s/it 1:34<1:02
Class     Images  Instances      Box(P          R      mAP50  mAP50-95): 66% ━━━━━━━╸──── 19/29 5.6s/it 1:39<56.2s
Class     Images  Instances      Box(P          R      mAP50  mAP50-95): 69% ━━━━━━━━──── 20/29 5.6s/it 1:45<50.5s
Class     Images  Instances      Box(P          R      mAP50  mAP50-95): 72% ━━━━━━━━╸─── 21/29 5.6s/it 1:50<45.1s
Class     Images  Instances      Box(P          R      mAP50  mAP50-95): 76% ━━━━━━━━━─── 22/29 5.6s/it 1:56<39.4s
Class     Images  Instances      Box(P          R      mAP50  mAP50-95): 79% ━━━━━━━━━╸── 23/29 5.6s/it 2:02<33.4s
Class     Images  Instances      Box(P          R      mAP50  mAP50-95): 83% ━━━━━━━━━╸── 24/29 6.0s/it 2:09<30.0s
Class     Images  Instances      Box(P          R      mAP50  mAP50-95): 86% ━━━━━━━━━━── 25/29 6.4s/it 2:16<25.4s
Class     Images  Instances      Box(P          R      mAP50  mAP50-95): 90% ━━━━━━━━━━╸─ 26/29 6.6s/it 2:24<19.9s
Class     Images  Instances      Box(P          R      mAP50  mAP50-95): 93% ━━━━━━━━━━━─ 27/29 6.9s/it 2:31<13.8s
Class     Images  Instances      Box(P          R      mAP50  mAP50-95): 97% ━━━━━━━━━━━╸ 28/29 7.1s/it 2:39<7.1s
Class     Images  Instances      Box(P          R      mAP50  mAP50-95): 100% ━━━━━━━━━━━━ 29/29 5.6s/it 2:44
all       3667       9609      0.852       0.78      0.825      0.557
Results saved to /mnt/dataY/ydf/projects/LADD_og/runs_public/ogsod/hbb/formal_nomosaic_20260528/baselines/sar/sar_yolo11n_hbb_800ep_cos_nomosaic_albu_b64_s0
all       3667       9609      0.846      0.784      0.823      0.551
800 epochs completed in 42.801 hours.
YOLO11n summary (fused): 101 layers, 2,582,737 parameters, 0 gradients, 6.3 GFLOPs
all       3667       9609      0.852       0.78      0.825      0.557
bridge       3315       6389      0.904      0.876      0.924      0.557
harbor        331        803      0.978      0.985      0.994        0.9
storage_tank        153       2417      0.674       0.48      0.556      0.212
Speed: 0.1ms preprocess, 0.3ms inference, 0.0ms loss, 7.0ms postprocess per image
Results saved to /mnt/dataY/ydf/projects/LADD_og/runs_public/ogsod/hbb/formal_nomosaic_20260528/baselines/sar/sar_yolo11n_hbb_800ep_cos_nomosaic_albu_b64_s0
