# source_log: /mnt/dataY/ydf/projects/LADD_og/logs/formal_nomosaic_20260528/baselines/sar_yolo11l_hbb_800ep_cos_nomosaic_albu_b32_s0_gpu4.log
# source_log_size_bytes: 62592255
# note: extracted from raw log; ANSI progress control characters removed; full raw log retained on server 90.

800/800      4.35G     0.5888     0.2794     0.7903         69        256: 68% ━━━━━━━━──── 314/459 3.7it/s 1:44<39.1s
800/800      4.35G     0.5885     0.2793     0.7904         54        256: 69% ━━━━━━━━──── 315/459 3.2it/s 1:45<44.5s
800/800      4.35G     0.5886     0.2794     0.7904         80        256: 69% ━━━━━━━━──── 316/459 3.6it/s 1:45<39.6s
800/800      4.35G     0.5887     0.2793     0.7905         76        256: 69% ━━━━━━━━──── 317/459 3.1it/s 1:46<45.8s
800/800      4.35G     0.5897     0.2797     0.7906        115        256: 69% ━━━━━━━━──── 318/459 3.8it/s 1:46<37.2s
800/800      4.35G     0.5895     0.2796     0.7906         61        256: 69% ━━━━━━━━──── 319/459 3.2it/s 1:46<43.8s
800/800      4.35G     0.5895     0.2797     0.7906         68        256: 70% ━━━━━━━━──── 320/459 3.8it/s 1:47<36.7s
800/800      4.35G     0.5893     0.2797     0.7906         58        256: 70% ━━━━━━━━──── 321/459 3.3it/s 1:47<41.7s
800/800      4.35G     0.5895     0.2798     0.7906         60        256: 70% ━━━━━━━━──── 322/459 3.8it/s 1:47<35.9s
800/800      4.35G     0.5898     0.2798     0.7906         63        256: 70% ━━━━━━━━──── 323/459 3.3it/s 1:48<41.6s
800/800      4.35G     0.5901       0.28     0.7906         56        256: 71% ━━━━━━━━──── 324/459 4.2it/s 1:48<32.0s
800/800      4.35G     0.5902     0.2804     0.7906         73        256: 71% ━━━━━━━━──── 325/459 3.5it/s 1:48<38.3s
800/800      4.35G     0.5907     0.2807     0.7907        101        256: 71% ━━━━━━━━╸─── 326/459 3.9it/s 1:49<34.0s
800/800      4.35G      0.591     0.2808     0.7906         66        256: 71% ━━━━━━━━╸─── 327/459 3.4it/s 1:49<39.1s
800/800      4.35G      0.591     0.2808     0.7907         59        256: 71% ━━━━━━━━╸─── 328/459 4.0it/s 1:49<33.1s
800/800      4.35G     0.5913     0.2809     0.7906        123        256: 72% ━━━━━━━━╸─── 329/459 3.4it/s 1:50<38.7s
800/800      4.35G     0.5911     0.2807     0.7906         81        256: 72% ━━━━━━━━╸─── 330/459 4.0it/s 1:50<32.1s
800/800      4.35G     0.5906     0.2806     0.7905         53        256: 72% ━━━━━━━━╸─── 331/459 3.4it/s 1:50<37.7s
800/800      4.35G     0.5903     0.2805     0.7906         80        256: 72% ━━━━━━━━╸─── 332/459 3.8it/s 1:51<33.4s
800/800      4.35G     0.5915     0.2809     0.7905        152        256: 73% ━━━━━━━━╸─── 333/459 3.3it/s 1:51<38.3s
800/800      4.35G     0.5915     0.2807     0.7904         65        256: 73% ━━━━━━━━╸─── 334/459 3.9it/s 1:51<32.1s
800/800      4.35G      0.591     0.2805     0.7905         55        256: 73% ━━━━━━━━╸─── 335/459 3.3it/s 1:52<37.4s
800/800      4.35G      0.591     0.2805     0.7904         93        256: 73% ━━━━━━━━╸─── 336/459 4.1it/s 1:52<30.3s
800/800      4.35G     0.5915     0.2807     0.7905         85        256: 73% ━━━━━━━━╸─── 337/459 3.4it/s 1:52<35.5s
800/800      4.35G     0.5915     0.2807     0.7905         52        256: 74% ━━━━━━━━╸─── 338/459 3.8it/s 1:53<31.6s
800/800      4.35G     0.5918     0.2808     0.7904         71        256: 74% ━━━━━━━━╸─── 339/459 3.2it/s 1:53<36.9s
800/800      4.35G     0.5915     0.2807     0.7905         74        256: 74% ━━━━━━━━╸─── 340/459 3.7it/s 1:53<32.0s
800/800      4.35G     0.5915     0.2806     0.7904         52        256: 74% ━━━━━━━━╸─── 341/459 3.2it/s 1:54<37.0s
800/800      4.35G     0.5917     0.2807     0.7905         82        256: 75% ━━━━━━━━╸─── 342/459 3.8it/s 1:54<30.5s
800/800      4.35G     0.5919     0.2808     0.7906         65        256: 75% ━━━━━━━━╸─── 343/459 3.3it/s 1:55<35.5s
800/800      4.35G     0.5916     0.2807     0.7905         57        256: 75% ━━━━━━━━╸─── 344/459 3.9it/s 1:55<29.6s
800/800      4.35G     0.5917     0.2807     0.7906         74        256: 75% ━━━━━━━━━─── 345/459 3.4it/s 1:55<33.8s
800/800      4.35G     0.5914     0.2806     0.7905         70        256: 75% ━━━━━━━━━─── 346/459 3.6it/s 1:56<31.3s
800/800      4.35G      0.591     0.2805     0.7905         85        256: 76% ━━━━━━━━━─── 347/459 3.0it/s 1:56<36.9s
800/800      4.35G      0.591     0.2804     0.7905        104        256: 76% ━━━━━━━━━─── 348/459 4.1it/s 1:56<26.8s
800/800      4.35G     0.5904     0.2803     0.7906         65        256: 76% ━━━━━━━━━─── 349/459 3.5it/s 1:57<31.5s
800/800      4.35G     0.5901     0.2802     0.7904         66        256: 76% ━━━━━━━━━─── 350/459 3.7it/s 1:57<29.5s
800/800      4.35G     0.5908     0.2804     0.7904        104        256: 76% ━━━━━━━━━─── 351/459 3.2it/s 1:58<33.7s
800/800      4.35G     0.5912     0.2805     0.7905        129        256: 77% ━━━━━━━━━─── 352/459 3.8it/s 1:58<28.5s
800/800      4.35G      0.591     0.2804     0.7904         47        256: 77% ━━━━━━━━━─── 353/459 3.2it/s 1:58<33.0s
800/800      4.35G     0.5909     0.2803     0.7904        108        256: 77% ━━━━━━━━━─── 354/459 4.0it/s 1:58<26.0s
800/800      4.35G     0.5903     0.2802     0.7903         45        256: 77% ━━━━━━━━━─── 355/459 3.4it/s 1:59<30.5s
800/800      4.35G     0.5902     0.2802     0.7903         57        256: 78% ━━━━━━━━━─── 356/459 3.6it/s 1:59<28.3s
800/800      4.35G     0.5903     0.2802     0.7905        120        256: 78% ━━━━━━━━━─── 357/459 3.2it/s 1:60<32.1s
800/800      4.35G     0.5907     0.2804     0.7905        147        256: 78% ━━━━━━━━━─── 358/459 3.8it/s 1:60<26.3s
800/800      4.35G     0.5906     0.2804     0.7906         81        256: 78% ━━━━━━━━━─── 359/459 3.3it/s 2:00<30.4s
800/800      4.35G     0.5905     0.2803     0.7906         91        256: 78% ━━━━━━━━━─── 360/459 4.1it/s 2:00<23.9s
800/800      4.35G     0.5905     0.2804     0.7907         83        256: 79% ━━━━━━━━━─── 361/459 3.5it/s 2:01<28.2s
800/800      4.35G     0.5904     0.2804     0.7906         93        256: 79% ━━━━━━━━━─── 362/459 3.8it/s 2:01<25.8s
800/800      4.35G      0.591     0.2805     0.7906         90        256: 79% ━━━━━━━━━─── 363/459 3.3it/s 2:02<29.4s
800/800      4.35G     0.5912     0.2806     0.7906         98        256: 79% ━━━━━━━━━╸── 364/459 3.6it/s 2:02<26.4s
800/800      4.35G     0.5909     0.2807     0.7905         72        256: 80% ━━━━━━━━━╸── 365/459 3.1it/s 2:02<30.3s
800/800      4.35G     0.5913     0.2808     0.7904         83        256: 80% ━━━━━━━━━╸── 366/459 3.8it/s 2:03<24.2s
800/800      4.35G     0.5914     0.2808     0.7904         83        256: 80% ━━━━━━━━━╸── 367/459 3.3it/s 2:03<28.2s
800/800      4.35G     0.5916      0.281     0.7904         93        256: 80% ━━━━━━━━━╸── 368/459 3.8it/s 2:03<23.8s
800/800      4.35G     0.5914      0.281     0.7905         71        256: 80% ━━━━━━━━━╸── 369/459 3.3it/s 2:04<27.1s
800/800      4.35G      0.591     0.2809     0.7904         67        256: 81% ━━━━━━━━━╸── 370/459 3.9it/s 2:04<23.1s
800/800      4.35G     0.5908     0.2808     0.7903         56        256: 81% ━━━━━━━━━╸── 371/459 3.2it/s 2:05<27.1s
800/800      4.35G     0.5903     0.2806     0.7904         62        256: 81% ━━━━━━━━━╸── 372/459 3.8it/s 2:05<22.6s
800/800      4.35G     0.5901     0.2805     0.7904         83        256: 81% ━━━━━━━━━╸── 373/459 3.3it/s 2:05<26.3s
800/800      4.35G     0.5901     0.2806     0.7905         80        256: 81% ━━━━━━━━━╸── 374/459 3.8it/s 2:05<22.3s
800/800      4.35G     0.5904     0.2808     0.7904         65        256: 82% ━━━━━━━━━╸── 375/459 3.3it/s 2:06<25.6s
800/800      4.35G     0.5908     0.2809     0.7903         72        256: 82% ━━━━━━━━━╸── 376/459 3.9it/s 2:06<21.4s
800/800      4.35G     0.5906     0.2808     0.7904         95        256: 82% ━━━━━━━━━╸── 377/459 3.3it/s 2:07<24.6s
800/800      4.35G     0.5907     0.2809     0.7903         90        256: 82% ━━━━━━━━━╸── 378/459 4.0it/s 2:07<20.2s
800/800      4.35G     0.5907     0.2808     0.7904         54        256: 83% ━━━━━━━━━╸── 379/459 3.4it/s 2:07<23.8s
800/800      4.35G     0.5914      0.281     0.7903         81        256: 83% ━━━━━━━━━╸── 380/459 3.9it/s 2:08<20.1s
800/800      4.35G     0.5917      0.281     0.7904         55        256: 83% ━━━━━━━━━╸── 381/459 3.3it/s 2:08<23.4s
800/800      4.35G     0.5911     0.2809     0.7905         61        256: 83% ━━━━━━━━━╸── 382/459 3.7it/s 2:08<21.0s
800/800      4.35G     0.5915      0.281     0.7906         63        256: 83% ━━━━━━━━━━── 383/459 3.1it/s 2:09<24.4s
800/800      4.35G     0.5917      0.281     0.7907         78        256: 84% ━━━━━━━━━━── 384/459 3.6it/s 2:09<20.9s
800/800      4.35G     0.5916      0.281     0.7907         45        256: 84% ━━━━━━━━━━── 385/459 3.1it/s 2:10<23.9s
800/800      4.35G     0.5916      0.281     0.7907         65        256: 84% ━━━━━━━━━━── 386/459 3.8it/s 2:10<19.1s
800/800      4.35G     0.5916     0.2809     0.7906         65        256: 84% ━━━━━━━━━━── 387/459 3.3it/s 2:10<21.9s
800/800      4.35G     0.5919      0.281     0.7906        114        256: 85% ━━━━━━━━━━── 388/459 3.8it/s 2:10<18.6s
800/800      4.35G     0.5915      0.281     0.7907         73        256: 85% ━━━━━━━━━━── 389/459 3.2it/s 2:11<21.7s
800/800      4.35G     0.5915      0.281     0.7907         50        256: 85% ━━━━━━━━━━── 390/459 3.8it/s 2:11<18.4s
800/800      4.35G     0.5915     0.2809     0.7906        103        256: 85% ━━━━━━━━━━── 391/459 3.2it/s 2:12<21.0s
800/800      4.35G     0.5913     0.2808     0.7907         61        256: 85% ━━━━━━━━━━── 392/459 4.1it/s 2:12<16.5s
800/800      4.35G     0.5911     0.2808     0.7906         58        256: 86% ━━━━━━━━━━── 393/459 3.5it/s 2:12<19.1s
800/800      4.35G     0.5912     0.2809     0.7907         49        256: 86% ━━━━━━━━━━── 394/459 3.9it/s 2:13<16.5s
800/800      4.35G     0.5912     0.2809     0.7907         95        256: 86% ━━━━━━━━━━── 395/459 3.3it/s 2:13<19.1s
800/800      4.35G     0.5912     0.2809     0.7908         67        256: 86% ━━━━━━━━━━── 396/459 3.8it/s 2:13<16.6s
800/800      4.35G     0.5915      0.281     0.7908         45        256: 86% ━━━━━━━━━━── 397/459 3.1it/s 2:14<19.8s
800/800      4.35G     0.5918     0.2811     0.7909         64        256: 87% ━━━━━━━━━━── 398/459 4.0it/s 2:14<15.4s
800/800      4.35G     0.5921     0.2812     0.7909         93        256: 87% ━━━━━━━━━━── 399/459 3.3it/s 2:15<18.0s
800/800      4.35G     0.5918      0.281      0.791         52        256: 87% ━━━━━━━━━━── 400/459 3.6it/s 2:15<16.3s
800/800      4.35G     0.5923     0.2811     0.7909        125        256: 87% ━━━━━━━━━━── 401/459 3.1it/s 2:15<18.6s
800/800      4.35G     0.5919      0.281     0.7909         55        256: 88% ━━━━━━━━━━╸─ 402/459 3.5it/s 2:16<16.3s
800/800      4.35G     0.5913     0.2807      0.791         46        256: 88% ━━━━━━━━━━╸─ 403/459 2.9it/s 2:16<19.1s
800/800      4.35G     0.5912     0.2808     0.7909         98        256: 88% ━━━━━━━━━━╸─ 404/459 3.4it/s 2:16<16.3s
800/800      4.35G     0.5916     0.2809     0.7908         67        256: 88% ━━━━━━━━━━╸─ 405/459 2.9it/s 2:17<18.6s
800/800      4.35G     0.5914     0.2807     0.7909         57        256: 88% ━━━━━━━━━━╸─ 406/459 3.7it/s 2:17<14.4s
800/800      4.35G     0.5909     0.2805      0.791         64        256: 89% ━━━━━━━━━━╸─ 407/459 3.2it/s 2:18<16.4s
800/800      4.35G      0.591     0.2806      0.791         73        256: 89% ━━━━━━━━━━╸─ 408/459 3.4it/s 2:18<15.1s
800/800      4.35G      0.591     0.2806     0.7911         60        256: 89% ━━━━━━━━━━╸─ 409/459 3.0it/s 2:18<16.6s
800/800      4.35G     0.5906     0.2804     0.7911         66        256: 89% ━━━━━━━━━━╸─ 410/459 3.6it/s 2:19<13.7s
800/800      4.35G     0.5904     0.2804     0.7911         65        256: 90% ━━━━━━━━━━╸─ 411/459 3.1it/s 2:19<15.7s
800/800      4.35G     0.5906     0.2804     0.7912         64        256: 90% ━━━━━━━━━━╸─ 412/459 4.0it/s 2:19<11.7s
800/800      4.35G     0.5902     0.2802     0.7913         81        256: 90% ━━━━━━━━━━╸─ 413/459 3.3it/s 2:20<13.7s
800/800      4.35G     0.5897     0.2801     0.7913         47        256: 90% ━━━━━━━━━━╸─ 414/459 4.0it/s 2:20<11.3s
800/800      4.35G     0.5901     0.2801     0.7913         68        256: 90% ━━━━━━━━━━╸─ 415/459 3.5it/s 2:20<12.7s
800/800      4.35G     0.5899     0.2802     0.7913         51        256: 91% ━━━━━━━━━━╸─ 416/459 3.8it/s 2:21<11.4s
800/800      4.35G     0.5903     0.2803     0.7912         75        256: 91% ━━━━━━━━━━╸─ 417/459 3.1it/s 2:21<13.5s
800/800      4.35G     0.5897     0.2801     0.7912         52        256: 91% ━━━━━━━━━━╸─ 418/459 3.7it/s 2:21<11.0s
800/800      4.35G     0.5898     0.2801     0.7912         60        256: 91% ━━━━━━━━━━╸─ 419/459 3.2it/s 2:22<12.6s
800/800      4.35G     0.5906     0.2803     0.7912        198        256: 92% ━━━━━━━━━━╸─ 420/459 4.0it/s 2:22<9.8s
800/800      4.35G     0.5914     0.2806     0.7912        120        256: 92% ━━━━━━━━━━━─ 421/459 3.5it/s 2:23<11.0s
800/800      4.35G      0.591     0.2805     0.7911         55        256: 92% ━━━━━━━━━━━─ 422/459 3.9it/s 2:23<9.5s
800/800      4.35G     0.5924     0.2808      0.791        143        256: 92% ━━━━━━━━━━━─ 423/459 3.3it/s 2:23<10.8s
800/800      4.35G     0.5926     0.2808     0.7911         70        256: 92% ━━━━━━━━━━━─ 424/459 4.2it/s 2:24<8.3s
800/800      4.35G     0.5925     0.2808      0.791         57        256: 93% ━━━━━━━━━━━─ 425/459 3.5it/s 2:24<9.6s
800/800      4.35G     0.5924     0.2809      0.791         72        256: 93% ━━━━━━━━━━━─ 426/459 3.7it/s 2:24<8.9s
800/800      4.35G     0.5925     0.2809     0.7911         64        256: 93% ━━━━━━━━━━━─ 427/459 3.2it/s 2:25<9.9s
800/800      4.35G     0.5926     0.2809     0.7911         65        256: 93% ━━━━━━━━━━━─ 428/459 3.8it/s 2:25<8.2s
800/800      4.35G     0.5924     0.2808     0.7911         65        256: 93% ━━━━━━━━━━━─ 429/459 3.2it/s 2:25<9.3s
800/800      4.35G     0.5922     0.2808      0.791         62        256: 94% ━━━━━━━━━━━─ 430/459 4.1it/s 2:26<7.1s
800/800      4.35G     0.5922     0.2807     0.7911         52        256: 94% ━━━━━━━━━━━─ 431/459 3.5it/s 2:26<8.1s
800/800      4.35G     0.5926     0.2808      0.791        156        256: 94% ━━━━━━━━━━━─ 432/459 3.8it/s 2:26<7.1s
800/800      4.35G     0.5925     0.2807      0.791         64        256: 94% ━━━━━━━━━━━─ 433/459 3.3it/s 2:27<7.8s
800/800      4.35G     0.5932     0.2809     0.7909        146        256: 95% ━━━━━━━━━━━─ 434/459 3.8it/s 2:27<6.6s
800/800      4.35G     0.5932     0.2808      0.791         65        256: 95% ━━━━━━━━━━━─ 435/459 3.3it/s 2:28<7.4s
800/800      4.35G     0.5928     0.2807     0.7909         53        256: 95% ━━━━━━━━━━━─ 436/459 4.1it/s 2:28<5.6s
800/800      4.35G     0.5928     0.2807     0.7909         81        256: 95% ━━━━━━━━━━━─ 437/459 3.5it/s 2:28<6.3s
800/800      4.35G      0.593     0.2808     0.7909        121        256: 95% ━━━━━━━━━━━─ 438/459 3.7it/s 2:28<5.7s
800/800      4.35G     0.5925     0.2806     0.7909         46        256: 96% ━━━━━━━━━━━─ 439/459 3.2it/s 2:29<6.2s
800/800      4.35G     0.5925     0.2805     0.7909        100        256: 96% ━━━━━━━━━━━╸ 440/459 3.7it/s 2:29<5.1s
800/800      4.35G     0.5925     0.2805      0.791         74        256: 96% ━━━━━━━━━━━╸ 441/459 3.2it/s 2:30<5.7s
800/800      4.35G     0.5928     0.2807      0.791         69        256: 96% ━━━━━━━━━━━╸ 442/459 4.0it/s 2:30<4.3s
800/800      4.35G     0.5928     0.2808     0.7911         75        256: 97% ━━━━━━━━━━━╸ 443/459 3.4it/s 2:30<4.8s
800/800      4.35G     0.5934     0.2809     0.7911        109        256: 97% ━━━━━━━━━━━╸ 444/459 3.8it/s 2:31<4.0s
800/800      4.35G     0.5933     0.2809     0.7911         76        256: 97% ━━━━━━━━━━━╸ 445/459 3.3it/s 2:31<4.3s
800/800      4.35G     0.5932     0.2808     0.7912         72        256: 97% ━━━━━━━━━━━╸ 446/459 3.8it/s 2:31<3.4s
800/800      4.35G     0.5929     0.2808     0.7912         72        256: 97% ━━━━━━━━━━━╸ 447/459 3.3it/s 2:32<3.7s
800/800      4.35G     0.5927     0.2807     0.7912         79        256: 98% ━━━━━━━━━━━╸ 448/459 4.0it/s 2:32<2.7s
800/800      4.35G     0.5925     0.2807     0.7912         43        256: 98% ━━━━━━━━━━━╸ 449/459 3.4it/s 2:32<2.9s
800/800      4.35G     0.5923     0.2806     0.7911         61        256: 98% ━━━━━━━━━━━╸ 450/459 3.6it/s 2:33<2.5s
800/800      4.35G     0.5923     0.2806      0.791         76        256: 98% ━━━━━━━━━━━╸ 451/459 3.1it/s 2:33<2.6s
800/800      4.35G     0.5922     0.2806     0.7911         55        256: 98% ━━━━━━━━━━━╸ 452/459 3.7it/s 2:33<1.9s
800/800      4.35G      0.592     0.2805     0.7911         76        256: 99% ━━━━━━━━━━━╸ 453/459 3.1it/s 2:34<1.9s
800/800      4.35G     0.5917     0.2804     0.7911         71        256: 99% ━━━━━━━━━━━╸ 454/459 3.9it/s 2:34<1.3s
800/800      4.35G     0.5918     0.2804     0.7912         73        256: 99% ━━━━━━━━━━━╸ 455/459 3.3it/s 2:35<1.2s
800/800      4.35G     0.5916     0.2803     0.7912         75        256: 99% ━━━━━━━━━━━╸ 456/459 3.7it/s 2:35<0.8s
800/800      4.35G     0.5914     0.2802     0.7912         65        256: 100% ━━━━━━━━━━━╸ 457/459 3.2it/s 2:35<0.6s
800/800      4.35G     0.5908     0.2802     0.7913         20        256: 100% ━━━━━━━━━━━╸ 458/459 4.3it/s 2:35<0.2s
800/800      4.35G     0.5908     0.2802     0.7913         20        256: 100% ━━━━━━━━━━━━ 459/459 3.0it/s 2:35
Class     Images  Instances      Box(P          R      mAP50  mAP50-95): 14% ━╸────────── 8/58 1.0s/it 7.9s<50.7s
Class     Images  Instances      Box(P          R      mAP50  mAP50-95): 17% ━━────────── 10/58 1.0it/s 9.8s<47.2s
Class     Images  Instances      Box(P          R      mAP50  mAP50-95): 19% ━━────────── 11/58 1.0it/s 10.8s<45.6s
Class     Images  Instances      Box(P          R      mAP50  mAP50-95): 29% ━━━╸──────── 17/58 1.0s/it 16.9s<41.7s
Class     Images  Instances      Box(P          R      mAP50  mAP50-95): 33% ━━━╸──────── 19/58 1.0s/it 19.0s<40.0s
Class     Images  Instances      Box(P          R      mAP50  mAP50-95): 34% ━━━━──────── 20/58 1.0s/it 20.0s<38.6s
Class     Images  Instances      Box(P          R      mAP50  mAP50-95): 36% ━━━━──────── 21/58 1.3it/s 20.5s<29.0s
Class     Images  Instances      Box(P          R      mAP50  mAP50-95): 38% ━━━━╸─────── 22/58 1.5it/s 21.0s<23.8s
Class     Images  Instances      Box(P          R      mAP50  mAP50-95): 40% ━━━━╸─────── 23/58 1.7it/s 21.4s<20.1s
Class     Images  Instances      Box(P          R      mAP50  mAP50-95): 41% ━━━━╸─────── 24/58 1.8it/s 22.0s<19.4s
Class     Images  Instances      Box(P          R      mAP50  mAP50-95): 43% ━━━━━─────── 25/58 1.9it/s 22.4s<17.0s
Class     Images  Instances      Box(P          R      mAP50  mAP50-95): 45% ━━━━━─────── 26/58 1.9it/s 23.0s<17.1s
Class     Images  Instances      Box(P          R      mAP50  mAP50-95): 47% ━━━━━╸────── 27/58 2.0it/s 23.4s<15.6s
Class     Images  Instances      Box(P          R      mAP50  mAP50-95): 48% ━━━━━╸────── 28/58 2.0it/s 23.9s<15.2s
Class     Images  Instances      Box(P          R      mAP50  mAP50-95): 50% ━━━━━━────── 29/58 1.9it/s 24.5s<14.9s
Class     Images  Instances      Box(P          R      mAP50  mAP50-95): 52% ━━━━━━────── 30/58 2.0it/s 24.9s<14.0s
Class     Images  Instances      Box(P          R      mAP50  mAP50-95): 53% ━━━━━━────── 31/58 1.9it/s 25.6s<14.4s
Class     Images  Instances      Box(P          R      mAP50  mAP50-95): 55% ━━━━━━╸───── 32/58 2.0it/s 26.0s<13.1s
Class     Images  Instances      Box(P          R      mAP50  mAP50-95): 57% ━━━━━━╸───── 33/58 2.0it/s 26.5s<12.5s
Class     Images  Instances      Box(P          R      mAP50  mAP50-95): 59% ━━━━━━━───── 34/58 2.0it/s 27.0s<12.0s
Class     Images  Instances      Box(P          R      mAP50  mAP50-95): 60% ━━━━━━━───── 35/58 2.1it/s 27.4s<11.1s
Class     Images  Instances      Box(P          R      mAP50  mAP50-95): 62% ━━━━━━━───── 36/58 2.1it/s 27.9s<10.6s
Class     Images  Instances      Box(P          R      mAP50  mAP50-95): 64% ━━━━━━━╸──── 37/58 2.1it/s 28.4s<9.9s
Class     Images  Instances      Box(P          R      mAP50  mAP50-95): 66% ━━━━━━━╸──── 38/58 2.0it/s 28.9s<10.0s
Class     Images  Instances      Box(P          R      mAP50  mAP50-95): 67% ━━━━━━━━──── 39/58 2.2it/s 29.3s<8.8s
Class     Images  Instances      Box(P          R      mAP50  mAP50-95): 69% ━━━━━━━━──── 40/58 2.0it/s 29.9s<8.8s
Class     Images  Instances      Box(P          R      mAP50  mAP50-95): 71% ━━━━━━━━──── 41/58 2.1it/s 30.4s<8.1s
Class     Images  Instances      Box(P          R      mAP50  mAP50-95): 72% ━━━━━━━━╸─── 42/58 2.1it/s 30.9s<7.7s
Class     Images  Instances      Box(P          R      mAP50  mAP50-95): 74% ━━━━━━━━╸─── 43/58 2.1it/s 31.3s<7.0s
Class     Images  Instances      Box(P          R      mAP50  mAP50-95): 76% ━━━━━━━━━─── 44/58 2.1it/s 31.8s<6.6s
Class     Images  Instances      Box(P          R      mAP50  mAP50-95): 78% ━━━━━━━━━─── 45/58 2.0it/s 32.3s<6.4s
Class     Images  Instances      Box(P          R      mAP50  mAP50-95): 79% ━━━━━━━━━╸── 46/58 2.1it/s 32.7s<5.6s
Class     Images  Instances      Box(P          R      mAP50  mAP50-95): 81% ━━━━━━━━━╸── 47/58 2.1it/s 33.3s<5.3s
Class     Images  Instances      Box(P          R      mAP50  mAP50-95): 83% ━━━━━━━━━╸── 48/58 2.2it/s 33.7s<4.5s
Class     Images  Instances      Box(P          R      mAP50  mAP50-95): 84% ━━━━━━━━━━── 49/58 2.1it/s 34.2s<4.3s
Class     Images  Instances      Box(P          R      mAP50  mAP50-95): 86% ━━━━━━━━━━── 50/58 2.2it/s 34.6s<3.6s
Class     Images  Instances      Box(P          R      mAP50  mAP50-95): 88% ━━━━━━━━━━╸─ 51/58 2.1it/s 35.2s<3.4s
Class     Images  Instances      Box(P          R      mAP50  mAP50-95): 90% ━━━━━━━━━━╸─ 52/58 2.2it/s 35.6s<2.8s
Class     Images  Instances      Box(P          R      mAP50  mAP50-95): 91% ━━━━━━━━━━╸─ 53/58 2.1it/s 36.1s<2.4s
Class     Images  Instances      Box(P          R      mAP50  mAP50-95): 93% ━━━━━━━━━━━─ 54/58 2.1it/s 36.6s<1.9s
Class     Images  Instances      Box(P          R      mAP50  mAP50-95): 95% ━━━━━━━━━━━─ 55/58 2.1it/s 37.0s<1.4s
Class     Images  Instances      Box(P          R      mAP50  mAP50-95): 97% ━━━━━━━━━━━╸ 56/58 2.2it/s 37.5s<0.9s
Class     Images  Instances      Box(P          R      mAP50  mAP50-95): 98% ━━━━━━━━━━━╸ 57/58 2.1it/s 38.0s<0.5s
all       3667       9609      0.934      0.903       0.93      0.649
Optimizer stripped from /mnt/dataY/ydf/projects/LADD_og/runs_public/ogsod/hbb/formal_nomosaic_20260528/baselines/sar/sar_yolo11l_hbb_800ep_cos_nomosaic_albu_b32_s0/weights/last.pt, 51.3MB
Optimizer stripped from /mnt/dataY/ydf/projects/LADD_og/runs_public/ogsod/hbb/formal_nomosaic_20260528/baselines/sar/sar_yolo11l_hbb_800ep_cos_nomosaic_albu_b32_s0/weights/best.pt, 51.3MB
Validating /mnt/dataY/ydf/projects/LADD_og/runs_public/ogsod/hbb/formal_nomosaic_20260528/baselines/sar/sar_yolo11l_hbb_800ep_cos_nomosaic_albu_b32_s0/weights/best.pt...
Class     Images  Instances      Box(P          R      mAP50  mAP50-95): 3% ──────────── 2/58 2.0s/it 2.3s<1:53
Class     Images  Instances      Box(P          R      mAP50  mAP50-95): 5% ╸─────────── 3/58 2.0s/it 4.2s<1:48
Class     Images  Instances      Box(P          R      mAP50  mAP50-95): 7% ╸─────────── 4/58 1.9s/it 5.9s<1:41
Class     Images  Instances      Box(P          R      mAP50  mAP50-95): 9% ━─────────── 5/58 1.7s/it 7.4s<1:33
Class     Images  Instances      Box(P          R      mAP50  mAP50-95): 10% ━─────────── 6/58 1.7s/it 8.9s<1:28
Class     Images  Instances      Box(P          R      mAP50  mAP50-95): 12% ━─────────── 7/58 1.6s/it 10.5s<1:23
Class     Images  Instances      Box(P          R      mAP50  mAP50-95): 14% ━╸────────── 8/58 1.6s/it 12.0s<1:20
Class     Images  Instances      Box(P          R      mAP50  mAP50-95): 16% ━╸────────── 9/58 1.6s/it 13.6s<1:18
Class     Images  Instances      Box(P          R      mAP50  mAP50-95): 17% ━━────────── 10/58 1.5s/it 15.0s<1:14
Class     Images  Instances      Box(P          R      mAP50  mAP50-95): 19% ━━────────── 11/58 1.6s/it 16.6s<1:14
Class     Images  Instances      Box(P          R      mAP50  mAP50-95): 21% ━━────────── 12/58 1.6s/it 18.3s<1:13
Class     Images  Instances      Box(P          R      mAP50  mAP50-95): 22% ━━╸───────── 13/58 1.6s/it 19.9s<1:11
Class     Images  Instances      Box(P          R      mAP50  mAP50-95): 24% ━━╸───────── 14/58 1.6s/it 21.5s<1:10
Class     Images  Instances      Box(P          R      mAP50  mAP50-95): 26% ━━━───────── 15/58 1.6s/it 23.0s<1:08
Class     Images  Instances      Box(P          R      mAP50  mAP50-95): 28% ━━━───────── 16/58 1.6s/it 24.7s<1:08
Class     Images  Instances      Box(P          R      mAP50  mAP50-95): 29% ━━━╸──────── 17/58 1.6s/it 26.2s<1:04
Class     Images  Instances      Box(P          R      mAP50  mAP50-95): 31% ━━━╸──────── 18/58 1.6s/it 27.8s<1:03
Class     Images  Instances      Box(P          R      mAP50  mAP50-95): 33% ━━━╸──────── 19/58 1.6s/it 29.4s<1:02
Class     Images  Instances      Box(P          R      mAP50  mAP50-95): 34% ━━━━──────── 20/58 1.6s/it 31.1s<1:01
Class     Images  Instances      Box(P          R      mAP50  mAP50-95): 36% ━━━━──────── 21/58 1.6s/it 32.7s<59.4s
Class     Images  Instances      Box(P          R      mAP50  mAP50-95): 38% ━━━━╸─────── 22/58 1.6s/it 34.2s<57.4s
Class     Images  Instances      Box(P          R      mAP50  mAP50-95): 40% ━━━━╸─────── 23/58 1.6s/it 35.8s<55.7s
Class     Images  Instances      Box(P          R      mAP50  mAP50-95): 41% ━━━━╸─────── 24/58 1.6s/it 37.5s<55.1s
Class     Images  Instances      Box(P          R      mAP50  mAP50-95): 43% ━━━━━─────── 25/58 1.6s/it 39.2s<53.6s
Class     Images  Instances      Box(P          R      mAP50  mAP50-95): 45% ━━━━━─────── 26/58 1.6s/it 40.7s<51.3s
Class     Images  Instances      Box(P          R      mAP50  mAP50-95): 47% ━━━━━╸────── 27/58 1.2s/it 41.4s<36.3s
Class     Images  Instances      Box(P          R      mAP50  mAP50-95): 48% ━━━━━╸────── 28/58 1.0it/s 42.1s<29.5s
Class     Images  Instances      Box(P          R      mAP50  mAP50-95): 50% ━━━━━━────── 29/58 1.1it/s 42.9s<26.0s
Class     Images  Instances      Box(P          R      mAP50  mAP50-95): 52% ━━━━━━────── 30/58 1.2it/s 43.5s<22.5s
Class     Images  Instances      Box(P          R      mAP50  mAP50-95): 53% ━━━━━━────── 31/58 1.4it/s 44.2s<19.8s
Class     Images  Instances      Box(P          R      mAP50  mAP50-95): 55% ━━━━━━╸───── 32/58 1.4it/s 44.9s<18.9s
Class     Images  Instances      Box(P          R      mAP50  mAP50-95): 57% ━━━━━━╸───── 33/58 1.4it/s 45.6s<18.2s
Class     Images  Instances      Box(P          R      mAP50  mAP50-95): 59% ━━━━━━━───── 34/58 1.4it/s 46.2s<16.8s
Class     Images  Instances      Box(P          R      mAP50  mAP50-95): 60% ━━━━━━━───── 35/58 1.5it/s 46.8s<15.4s
Class     Images  Instances      Box(P          R      mAP50  mAP50-95): 62% ━━━━━━━───── 36/58 1.5it/s 47.6s<15.0s
Class     Images  Instances      Box(P          R      mAP50  mAP50-95): 64% ━━━━━━━╸──── 37/58 1.5it/s 48.3s<14.4s
Class     Images  Instances      Box(P          R      mAP50  mAP50-95): 66% ━━━━━━━╸──── 38/58 1.5it/s 48.8s<13.1s
Class     Images  Instances      Box(P          R      mAP50  mAP50-95): 67% ━━━━━━━━──── 39/58 1.5it/s 49.5s<12.6s
Class     Images  Instances      Box(P          R      mAP50  mAP50-95): 69% ━━━━━━━━──── 40/58 1.5it/s 50.3s<12.3s
Class     Images  Instances      Box(P          R      mAP50  mAP50-95): 71% ━━━━━━━━──── 41/58 1.4it/s 51.0s<11.9s
Class     Images  Instances      Box(P          R      mAP50  mAP50-95): 72% ━━━━━━━━╸─── 42/58 1.5it/s 51.6s<10.9s
Class     Images  Instances      Box(P          R      mAP50  mAP50-95): 74% ━━━━━━━━╸─── 43/58 1.5it/s 52.2s<9.8s
Class     Images  Instances      Box(P          R      mAP50  mAP50-95): 76% ━━━━━━━━━─── 44/58 1.5it/s 52.9s<9.3s
Class     Images  Instances      Box(P          R      mAP50  mAP50-95): 78% ━━━━━━━━━─── 45/58 1.5it/s 53.7s<8.9s
Class     Images  Instances      Box(P          R      mAP50  mAP50-95): 79% ━━━━━━━━━╸── 46/58 1.4it/s 54.4s<8.4s
Class     Images  Instances      Box(P          R      mAP50  mAP50-95): 81% ━━━━━━━━━╸── 47/58 1.5it/s 55.0s<7.5s
Class     Images  Instances      Box(P          R      mAP50  mAP50-95): 83% ━━━━━━━━━╸── 48/58 1.6it/s 55.6s<6.4s
Class     Images  Instances      Box(P          R      mAP50  mAP50-95): 84% ━━━━━━━━━━── 49/58 1.5it/s 56.3s<6.0s
Class     Images  Instances      Box(P          R      mAP50  mAP50-95): 86% ━━━━━━━━━━── 50/58 1.5it/s 57.0s<5.4s
Class     Images  Instances      Box(P          R      mAP50  mAP50-95): 88% ━━━━━━━━━━╸─ 51/58 1.5it/s 57.7s<4.7s
Class     Images  Instances      Box(P          R      mAP50  mAP50-95): 90% ━━━━━━━━━━╸─ 52/58 1.5it/s 58.4s<4.1s
Class     Images  Instances      Box(P          R      mAP50  mAP50-95): 91% ━━━━━━━━━━╸─ 53/58 1.5it/s 59.1s<3.4s
Class     Images  Instances      Box(P          R      mAP50  mAP50-95): 93% ━━━━━━━━━━━─ 54/58 1.5it/s 59.8s<2.7s
Class     Images  Instances      Box(P          R      mAP50  mAP50-95): 95% ━━━━━━━━━━━─ 55/58 1.6it/s 1:00<1.9s
Class     Images  Instances      Box(P          R      mAP50  mAP50-95): 97% ━━━━━━━━━━━╸ 56/58 1.6it/s 1:01<1.3s
Class     Images  Instances      Box(P          R      mAP50  mAP50-95): 98% ━━━━━━━━━━━╸ 57/58 1.5it/s 1:02<0.7s
all       3667       9609      0.943      0.903      0.933      0.654
Results saved to /mnt/dataY/ydf/projects/LADD_og/runs_public/ogsod/hbb/formal_nomosaic_20260528/baselines/sar/sar_yolo11l_hbb_800ep_cos_nomosaic_albu_b32_s0
all       3667       9609      0.934      0.903       0.93      0.649
800 epochs completed in 44.931 hours.
YOLO11l summary (fused): 191 layers, 25,281,625 parameters, 0 gradients, 86.6 GFLOPs
all       3667       9609      0.943      0.903      0.933      0.654
bridge       3315       6389      0.955      0.948      0.975      0.661
harbor        331        803      0.998      0.995      0.995      0.941
storage_tank        153       2417      0.875      0.766      0.829       0.36
Speed: 0.1ms preprocess, 1.3ms inference, 0.0ms loss, 2.9ms postprocess per image
Results saved to /mnt/dataY/ydf/projects/LADD_og/runs_public/ogsod/hbb/formal_nomosaic_20260528/baselines/sar/sar_yolo11l_hbb_800ep_cos_nomosaic_albu_b32_s0
