# source_log: /mnt/dataY/ydf/projects/LADD_og/logs/formal_nomosaic_20260528/baselines/sar_yolo11x_hbb_800ep_cos_nomosaic_albu_b16_s0_gpu4.log
# source_log_size_bytes: 124720600
# note: extracted from raw log; ANSI progress control characters removed; full raw log retained on server 90.

800/800      4.08G     0.5259     0.2692      0.784         30        256: 97% ━━━━━━━━━━━╸ 889/917 4.8it/s 3:04<5.8s
800/800      4.08G     0.5259     0.2692      0.784         49        256: 97% ━━━━━━━━━━━╸ 890/917 5.6it/s 3:04<4.8s
800/800      4.08G     0.5258     0.2692     0.7841         21        256: 97% ━━━━━━━━━━━╸ 891/917 5.9it/s 3:04<4.4s
800/800      4.08G      0.526     0.2693     0.7841         47        256: 97% ━━━━━━━━━━━╸ 892/917 6.1it/s 3:04<4.1s
800/800      4.08G      0.526     0.2692     0.7841         27        256: 97% ━━━━━━━━━━━╸ 893/917 4.8it/s 3:05<5.0s
800/800      4.08G      0.526     0.2693     0.7841         37        256: 97% ━━━━━━━━━━━╸ 894/917 5.6it/s 3:05<4.1s
800/800      4.08G     0.5258     0.2692     0.7841         38        256: 98% ━━━━━━━━━━━╸ 895/917 6.0it/s 3:05<3.7s
800/800      4.08G     0.5256     0.2692     0.7841         40        256: 98% ━━━━━━━━━━━╸ 896/917 6.2it/s 3:05<3.4s
800/800      4.08G     0.5255     0.2691     0.7841         39        256: 98% ━━━━━━━━━━━╸ 897/917 4.9it/s 3:06<4.1s
800/800      4.08G     0.5253      0.269     0.7842         21        256: 98% ━━━━━━━━━━━╸ 898/917 5.6it/s 3:06<3.4s
800/800      4.08G     0.5252      0.269     0.7842         23        256: 98% ━━━━━━━━━━━╸ 899/917 6.0it/s 3:06<3.0s
800/800      4.08G     0.5251      0.269     0.7841         29        256: 98% ━━━━━━━━━━━╸ 900/917 6.2it/s 3:06<2.7s
800/800      4.08G      0.525     0.2689     0.7841         34        256: 98% ━━━━━━━━━━━╸ 901/917 4.9it/s 3:07<3.3s
800/800      4.08G     0.5248     0.2688     0.7842         25        256: 98% ━━━━━━━━━━━╸ 902/917 5.6it/s 3:07<2.7s
800/800      4.08G      0.525     0.2689     0.7841         54        256: 98% ━━━━━━━━━━━╸ 903/917 6.0it/s 3:07<2.3s
800/800      4.08G      0.525     0.2689     0.7841         28        256: 99% ━━━━━━━━━━━╸ 904/917 6.2it/s 3:07<2.1s
800/800      4.08G      0.525     0.2689     0.7841         31        256: 99% ━━━━━━━━━━━╸ 905/917 4.9it/s 3:08<2.5s
800/800      4.08G     0.5248     0.2688     0.7841         29        256: 99% ━━━━━━━━━━━╸ 906/917 5.6it/s 3:08<2.0s
800/800      4.08G     0.5248     0.2688     0.7841         38        256: 99% ━━━━━━━━━━━╸ 907/917 6.0it/s 3:08<1.7s
800/800      4.08G      0.525     0.2688     0.7841         45        256: 99% ━━━━━━━━━━━╸ 908/917 6.2it/s 3:08<1.5s
800/800      4.08G     0.5247     0.2687     0.7841         32        256: 99% ━━━━━━━━━━━╸ 909/917 4.9it/s 3:09<1.6s
800/800      4.08G      0.525     0.2688     0.7842         35        256: 99% ━━━━━━━━━━━╸ 910/917 5.6it/s 3:09<1.2s
800/800      4.08G      0.525     0.2688     0.7842         31        256: 99% ━━━━━━━━━━━╸ 911/917 6.0it/s 3:09<1.0s
800/800      4.08G     0.5249     0.2688     0.7843         29        256: 99% ━━━━━━━━━━━╸ 912/917 6.2it/s 3:09<0.8s
800/800      4.08G      0.525     0.2688     0.7843         58        256: 100% ━━━━━━━━━━━╸ 913/917 4.9it/s 3:10<0.8s
800/800      4.08G     0.5249     0.2687     0.7843         41        256: 100% ━━━━━━━━━━━╸ 914/917 5.6it/s 3:10<0.5s
800/800      4.08G     0.5248     0.2687     0.7844         26        256: 100% ━━━━━━━━━━━╸ 915/917 5.8it/s 3:10<0.3s
800/800      4.08G     0.5245     0.2686     0.7844         20        256: 100% ━━━━━━━━━━━╸ 916/917 6.2it/s 3:10<0.2s
800/800      4.08G     0.5245     0.2686     0.7844         20        256: 100% ━━━━━━━━━━━━ 917/917 4.8it/s 3:10
Class     Images  Instances      Box(P          R      mAP50  mAP50-95): 1% ──────────── 1/115 2.2it/s 0.1s<50.8s
Class     Images  Instances      Box(P          R      mAP50  mAP50-95): 2% ──────────── 2/115 3.8it/s 0.3s<29.4s
Class     Images  Instances      Box(P          R      mAP50  mAP50-95): 3% ──────────── 3/115 5.0it/s 0.4s<22.5s
Class     Images  Instances      Box(P          R      mAP50  mAP50-95): 3% ──────────── 4/115 5.7it/s 0.5s<19.4s
Class     Images  Instances      Box(P          R      mAP50  mAP50-95): 4% ╸─────────── 5/115 6.3it/s 0.7s<17.5s
Class     Images  Instances      Box(P          R      mAP50  mAP50-95): 5% ╸─────────── 6/115 6.7it/s 0.8s<16.4s
Class     Images  Instances      Box(P          R      mAP50  mAP50-95): 6% ╸─────────── 7/115 7.0it/s 0.9s<15.5s
Class     Images  Instances      Box(P          R      mAP50  mAP50-95): 7% ╸─────────── 8/115 7.1it/s 1.1s<15.1s
Class     Images  Instances      Box(P          R      mAP50  mAP50-95): 8% ╸─────────── 9/115 7.6it/s 1.2s<14.0s
Class     Images  Instances      Box(P          R      mAP50  mAP50-95): 9% ━─────────── 10/115 8.0it/s 1.3s<13.2s
Class     Images  Instances      Box(P          R      mAP50  mAP50-95): 10% ━─────────── 11/115 8.2it/s 1.4s<12.7s
Class     Images  Instances      Box(P          R      mAP50  mAP50-95): 10% ━─────────── 12/115 8.4it/s 1.5s<12.3s
Class     Images  Instances      Box(P          R      mAP50  mAP50-95): 11% ━─────────── 13/115 8.5it/s 1.6s<12.0s
Class     Images  Instances      Box(P          R      mAP50  mAP50-95): 13% ━╸────────── 15/115 8.6it/s 1.9s<11.6s
Class     Images  Instances      Box(P          R      mAP50  mAP50-95): 14% ━╸────────── 16/115 8.6it/s 2.0s<11.5s
Class     Images  Instances      Box(P          R      mAP50  mAP50-95): 15% ━╸────────── 17/115 8.8it/s 2.1s<11.2s
Class     Images  Instances      Box(P          R      mAP50  mAP50-95): 16% ━╸────────── 18/115 8.7it/s 2.2s<11.1s
Class     Images  Instances      Box(P          R      mAP50  mAP50-95): 17% ━╸────────── 19/115 8.8it/s 2.3s<10.9s
Class     Images  Instances      Box(P          R      mAP50  mAP50-95): 17% ━━────────── 20/115 8.8it/s 2.4s<10.9s
Class     Images  Instances      Box(P          R      mAP50  mAP50-95): 18% ━━────────── 21/115 8.8it/s 2.5s<10.7s
Class     Images  Instances      Box(P          R      mAP50  mAP50-95): 19% ━━────────── 22/115 8.8it/s 2.7s<10.6s
Class     Images  Instances      Box(P          R      mAP50  mAP50-95): 20% ━━────────── 23/115 8.7it/s 2.8s<10.6s
Class     Images  Instances      Box(P          R      mAP50  mAP50-95): 21% ━━╸───────── 24/115 8.6it/s 2.9s<10.6s
Class     Images  Instances      Box(P          R      mAP50  mAP50-95): 22% ━━╸───────── 25/115 8.8it/s 3.0s<10.2s
Class     Images  Instances      Box(P          R      mAP50  mAP50-95): 23% ━━╸───────── 26/115 8.8it/s 3.1s<10.2s
Class     Images  Instances      Box(P          R      mAP50  mAP50-95): 23% ━━╸───────── 27/115 8.5it/s 3.2s<10.3s
Class     Images  Instances      Box(P          R      mAP50  mAP50-95): 24% ━━╸───────── 28/115 8.5it/s 3.4s<10.2s
Class     Images  Instances      Box(P          R      mAP50  mAP50-95): 25% ━━━───────── 29/115 8.6it/s 3.5s<10.0s
Class     Images  Instances      Box(P          R      mAP50  mAP50-95): 26% ━━━───────── 30/115 8.6it/s 3.6s<9.9s
Class     Images  Instances      Box(P          R      mAP50  mAP50-95): 27% ━━━───────── 31/115 8.6it/s 3.7s<9.8s
Class     Images  Instances      Box(P          R      mAP50  mAP50-95): 28% ━━━───────── 32/115 8.6it/s 3.8s<9.6s
Class     Images  Instances      Box(P          R      mAP50  mAP50-95): 29% ━━━───────── 33/115 8.6it/s 3.9s<9.6s
Class     Images  Instances      Box(P          R      mAP50  mAP50-95): 30% ━━━╸──────── 34/115 8.8it/s 4.0s<9.2s
Class     Images  Instances      Box(P          R      mAP50  mAP50-95): 30% ━━━╸──────── 35/115 8.7it/s 4.2s<9.2s
Class     Images  Instances      Box(P          R      mAP50  mAP50-95): 31% ━━━╸──────── 36/115 8.2it/s 4.3s<9.6s
Class     Images  Instances      Box(P          R      mAP50  mAP50-95): 32% ━━━╸──────── 37/115 8.0it/s 4.4s<9.8s
Class     Images  Instances      Box(P          R      mAP50  mAP50-95): 33% ━━━╸──────── 38/115 7.8it/s 4.6s<9.8s
Class     Images  Instances      Box(P          R      mAP50  mAP50-95): 34% ━━━━──────── 39/115 7.7it/s 4.7s<9.9s
Class     Images  Instances      Box(P          R      mAP50  mAP50-95): 35% ━━━━──────── 40/115 7.7it/s 4.8s<9.8s
Class     Images  Instances      Box(P          R      mAP50  mAP50-95): 36% ━━━━──────── 41/115 7.5it/s 5.0s<9.8s
Class     Images  Instances      Box(P          R      mAP50  mAP50-95): 37% ━━━━──────── 42/115 7.9it/s 5.1s<9.2s
Class     Images  Instances      Box(P          R      mAP50  mAP50-95): 37% ━━━━──────── 43/115 8.1it/s 5.2s<8.9s
Class     Images  Instances      Box(P          R      mAP50  mAP50-95): 38% ━━━━╸─────── 44/115 8.3it/s 5.3s<8.6s
Class     Images  Instances      Box(P          R      mAP50  mAP50-95): 39% ━━━━╸─────── 45/115 8.4it/s 5.4s<8.3s
Class     Images  Instances      Box(P          R      mAP50  mAP50-95): 40% ━━━━╸─────── 46/115 8.5it/s 5.6s<8.1s
Class     Images  Instances      Box(P          R      mAP50  mAP50-95): 41% ━━━━╸─────── 47/115 8.6it/s 5.7s<7.9s
Class     Images  Instances      Box(P          R      mAP50  mAP50-95): 42% ━━━━━─────── 48/115 8.5it/s 5.8s<7.9s
Class     Images  Instances      Box(P          R      mAP50  mAP50-95): 43% ━━━━━─────── 49/115 8.4it/s 5.9s<7.8s
Class     Images  Instances      Box(P          R      mAP50  mAP50-95): 43% ━━━━━─────── 50/115 8.4it/s 6.0s<7.8s
Class     Images  Instances      Box(P          R      mAP50  mAP50-95): 45% ━━━━━─────── 52/115 8.5it/s 6.3s<7.4s
Class     Images  Instances      Box(P          R      mAP50  mAP50-95): 46% ━━━━━╸────── 53/115 8.5it/s 6.4s<7.3s
Class     Images  Instances      Box(P          R      mAP50  mAP50-95): 47% ━━━━━╸────── 54/115 8.5it/s 6.5s<7.2s
Class     Images  Instances      Box(P          R      mAP50  mAP50-95): 48% ━━━━━╸────── 55/115 8.2it/s 6.6s<7.3s
Class     Images  Instances      Box(P          R      mAP50  mAP50-95): 49% ━━━━━╸────── 56/115 8.3it/s 6.7s<7.1s
Class     Images  Instances      Box(P          R      mAP50  mAP50-95): 50% ━━━━━╸────── 57/115 8.4it/s 6.9s<6.9s
Class     Images  Instances      Box(P          R      mAP50  mAP50-95): 50% ━━━━━━────── 58/115 8.4it/s 7.0s<6.8s
Class     Images  Instances      Box(P          R      mAP50  mAP50-95): 51% ━━━━━━────── 59/115 8.5it/s 7.1s<6.6s
Class     Images  Instances      Box(P          R      mAP50  mAP50-95): 52% ━━━━━━────── 60/115 8.5it/s 7.2s<6.5s
Class     Images  Instances      Box(P          R      mAP50  mAP50-95): 53% ━━━━━━────── 61/115 8.3it/s 7.3s<6.5s
Class     Images  Instances      Box(P          R      mAP50  mAP50-95): 54% ━━━━━━────── 62/115 8.3it/s 7.5s<6.4s
Class     Images  Instances      Box(P          R      mAP50  mAP50-95): 55% ━━━━━━╸───── 63/115 8.3it/s 7.6s<6.2s
Class     Images  Instances      Box(P          R      mAP50  mAP50-95): 56% ━━━━━━╸───── 64/115 8.3it/s 7.7s<6.2s
Class     Images  Instances      Box(P          R      mAP50  mAP50-95): 57% ━━━━━━╸───── 65/115 8.6it/s 7.8s<5.8s
Class     Images  Instances      Box(P          R      mAP50  mAP50-95): 57% ━━━━━━╸───── 66/115 8.7it/s 7.9s<5.6s
Class     Images  Instances      Box(P          R      mAP50  mAP50-95): 58% ━━━━━━╸───── 67/115 8.7it/s 8.0s<5.5s
Class     Images  Instances      Box(P          R      mAP50  mAP50-95): 59% ━━━━━━━───── 68/115 8.7it/s 8.2s<5.4s
Class     Images  Instances      Box(P          R      mAP50  mAP50-95): 60% ━━━━━━━───── 69/115 8.4it/s 8.3s<5.4s
Class     Images  Instances      Box(P          R      mAP50  mAP50-95): 61% ━━━━━━━───── 70/115 8.5it/s 8.4s<5.3s
Class     Images  Instances      Box(P          R      mAP50  mAP50-95): 62% ━━━━━━━───── 71/115 8.7it/s 8.5s<5.1s
Class     Images  Instances      Box(P          R      mAP50  mAP50-95): 63% ━━━━━━━╸──── 72/115 8.7it/s 8.6s<4.9s
Class     Images  Instances      Box(P          R      mAP50  mAP50-95): 63% ━━━━━━━╸──── 73/115 8.8it/s 8.7s<4.8s
Class     Images  Instances      Box(P          R      mAP50  mAP50-95): 64% ━━━━━━━╸──── 74/115 8.8it/s 8.8s<4.7s
Class     Images  Instances      Box(P          R      mAP50  mAP50-95): 65% ━━━━━━━╸──── 75/115 8.9it/s 9.0s<4.5s
Class     Images  Instances      Box(P          R      mAP50  mAP50-95): 66% ━━━━━━━╸──── 76/115 9.0it/s 9.1s<4.3s
Class     Images  Instances      Box(P          R      mAP50  mAP50-95): 67% ━━━━━━━━──── 77/115 8.9it/s 9.2s<4.3s
Class     Images  Instances      Box(P          R      mAP50  mAP50-95): 68% ━━━━━━━━──── 78/115 8.9it/s 9.3s<4.2s
Class     Images  Instances      Box(P          R      mAP50  mAP50-95): 70% ━━━━━━━━──── 81/115 8.7it/s 9.6s<3.9s
Class     Images  Instances      Box(P          R      mAP50  mAP50-95): 71% ━━━━━━━━╸─── 82/115 8.6it/s 9.8s<3.8s
Class     Images  Instances      Box(P          R      mAP50  mAP50-95): 72% ━━━━━━━━╸─── 83/115 8.6it/s 9.9s<3.7s
Class     Images  Instances      Box(P          R      mAP50  mAP50-95): 74% ━━━━━━━━╸─── 85/115 8.4it/s 10.1s<3.6s
Class     Images  Instances      Box(P          R      mAP50  mAP50-95): 75% ━━━━━━━━╸─── 86/115 8.5it/s 10.2s<3.4s
Class     Images  Instances      Box(P          R      mAP50  mAP50-95): 77% ━━━━━━━━━─── 88/115 8.6it/s 10.5s<3.1s
Class     Images  Instances      Box(P          R      mAP50  mAP50-95): 77% ━━━━━━━━━─── 89/115 8.7it/s 10.6s<3.0s
Class     Images  Instances      Box(P          R      mAP50  mAP50-95): 78% ━━━━━━━━━─── 90/115 8.7it/s 10.7s<2.9s
Class     Images  Instances      Box(P          R      mAP50  mAP50-95): 79% ━━━━━━━━━─── 91/115 8.8it/s 10.8s<2.7s
Class     Images  Instances      Box(P          R      mAP50  mAP50-95): 80% ━━━━━━━━━╸── 92/115 8.8it/s 10.9s<2.6s
Class     Images  Instances      Box(P          R      mAP50  mAP50-95): 81% ━━━━━━━━━╸── 93/115 8.8it/s 11.0s<2.5s
Class     Images  Instances      Box(P          R      mAP50  mAP50-95): 83% ━━━━━━━━━╸── 95/115 8.9it/s 11.2s<2.3s
Class     Images  Instances      Box(P          R      mAP50  mAP50-95): 83% ━━━━━━━━━━── 96/115 8.9it/s 11.4s<2.1s
Class     Images  Instances      Box(P          R      mAP50  mAP50-95): 84% ━━━━━━━━━━── 97/115 8.8it/s 11.5s<2.0s
Class     Images  Instances      Box(P          R      mAP50  mAP50-95): 86% ━━━━━━━━━━── 99/115 8.5it/s 11.7s<1.9s
Class     Images  Instances      Box(P          R      mAP50  mAP50-95): 87% ━━━━━━━━━━── 100/115 8.6it/s 11.8s<1.7s
Class     Images  Instances      Box(P          R      mAP50  mAP50-95): 88% ━━━━━━━━━━╸─ 101/115 8.3it/s 12.0s<1.7s
Class     Images  Instances      Box(P          R      mAP50  mAP50-95): 89% ━━━━━━━━━━╸─ 102/115 8.6it/s 12.1s<1.5s
Class     Images  Instances      Box(P          R      mAP50  mAP50-95): 90% ━━━━━━━━━━╸─ 104/115 8.7it/s 12.3s<1.3s
Class     Images  Instances      Box(P          R      mAP50  mAP50-95): 91% ━━━━━━━━━━╸─ 105/115 8.9it/s 12.4s<1.1s
Class     Images  Instances      Box(P          R      mAP50  mAP50-95): 92% ━━━━━━━━━━━─ 106/115 9.0it/s 12.5s<1.0s
Class     Images  Instances      Box(P          R      mAP50  mAP50-95): 93% ━━━━━━━━━━━─ 107/115 9.0it/s 12.6s<0.9s
Class     Images  Instances      Box(P          R      mAP50  mAP50-95): 94% ━━━━━━━━━━━─ 108/115 9.0it/s 12.7s<0.8s
Class     Images  Instances      Box(P          R      mAP50  mAP50-95): 95% ━━━━━━━━━━━─ 109/115 9.0it/s 12.8s<0.7s
Class     Images  Instances      Box(P          R      mAP50  mAP50-95): 96% ━━━━━━━━━━━─ 110/115 8.9it/s 13.0s<0.6s
Class     Images  Instances      Box(P          R      mAP50  mAP50-95): 97% ━━━━━━━━━━━╸ 111/115 8.9it/s 13.1s<0.5s
Class     Images  Instances      Box(P          R      mAP50  mAP50-95): 97% ━━━━━━━━━━━╸ 112/115 8.9it/s 13.2s<0.3s
Class     Images  Instances      Box(P          R      mAP50  mAP50-95): 98% ━━━━━━━━━━━╸ 113/115 8.9it/s 13.3s<0.2s
Class     Images  Instances      Box(P          R      mAP50  mAP50-95): 99% ━━━━━━━━━━━╸ 114/115 8.9it/s 13.4s<0.1s
all       3667       9609      0.949      0.907      0.939      0.648
Optimizer stripped from /mnt/dataY/ydf/projects/LADD_og/runs_public/ogsod/hbb/formal_nomosaic_20260528/baselines/sar/sar_yolo11x_hbb_800ep_cos_nomosaic_albu_b16_s0/weights/last.pt, 114.5MB
Optimizer stripped from /mnt/dataY/ydf/projects/LADD_og/runs_public/ogsod/hbb/formal_nomosaic_20260528/baselines/sar/sar_yolo11x_hbb_800ep_cos_nomosaic_albu_b16_s0/weights/best.pt, 114.5MB
Validating /mnt/dataY/ydf/projects/LADD_og/runs_public/ogsod/hbb/formal_nomosaic_20260528/baselines/sar/sar_yolo11x_hbb_800ep_cos_nomosaic_albu_b16_s0/weights/best.pt...
Class     Images  Instances      Box(P          R      mAP50  mAP50-95): 1% ──────────── 1/115 2.3it/s 0.1s<50.4s
Class     Images  Instances      Box(P          R      mAP50  mAP50-95): 2% ──────────── 2/115 2.5it/s 0.4s<44.6s
Class     Images  Instances      Box(P          R      mAP50  mAP50-95): 3% ──────────── 3/115 3.0it/s 0.7s<37.8s
Class     Images  Instances      Box(P          R      mAP50  mAP50-95): 4% ╸─────────── 5/115 4.5it/s 1.1s<24.3s
Class     Images  Instances      Box(P          R      mAP50  mAP50-95): 5% ╸─────────── 6/115 5.4it/s 1.2s<20.2s
Class     Images  Instances      Box(P          R      mAP50  mAP50-95): 6% ╸─────────── 7/115 6.2it/s 1.4s<17.5s
Class     Images  Instances      Box(P          R      mAP50  mAP50-95): 7% ╸─────────── 8/115 6.7it/s 1.5s<15.9s
Class     Images  Instances      Box(P          R      mAP50  mAP50-95): 8% ╸─────────── 9/115 7.1it/s 1.6s<14.9s
Class     Images  Instances      Box(P          R      mAP50  mAP50-95): 9% ━─────────── 10/115 7.1it/s 1.8s<14.7s
Class     Images  Instances      Box(P          R      mAP50  mAP50-95): 10% ━─────────── 11/115 7.4it/s 1.9s<14.0s
Class     Images  Instances      Box(P          R      mAP50  mAP50-95): 10% ━─────────── 12/115 7.6it/s 2.0s<13.6s
Class     Images  Instances      Box(P          R      mAP50  mAP50-95): 11% ━─────────── 13/115 7.5it/s 2.2s<13.7s
Class     Images  Instances      Box(P          R      mAP50  mAP50-95): 12% ━─────────── 14/115 7.6it/s 2.3s<13.3s
Class     Images  Instances      Box(P          R      mAP50  mAP50-95): 13% ━╸────────── 15/115 7.6it/s 2.4s<13.1s
Class     Images  Instances      Box(P          R      mAP50  mAP50-95): 14% ━╸────────── 16/115 7.4it/s 2.5s<13.3s
Class     Images  Instances      Box(P          R      mAP50  mAP50-95): 15% ━╸────────── 17/115 7.7it/s 2.7s<12.8s
Class     Images  Instances      Box(P          R      mAP50  mAP50-95): 16% ━╸────────── 18/115 7.8it/s 2.8s<12.5s
Class     Images  Instances      Box(P          R      mAP50  mAP50-95): 17% ━╸────────── 19/115 7.9it/s 2.9s<12.2s
Class     Images  Instances      Box(P          R      mAP50  mAP50-95): 17% ━━────────── 20/115 7.8it/s 3.0s<12.1s
Class     Images  Instances      Box(P          R      mAP50  mAP50-95): 18% ━━────────── 21/115 7.9it/s 3.2s<11.9s
Class     Images  Instances      Box(P          R      mAP50  mAP50-95): 19% ━━────────── 22/115 8.0it/s 3.3s<11.6s
Class     Images  Instances      Box(P          R      mAP50  mAP50-95): 20% ━━────────── 23/115 7.9it/s 3.4s<11.7s
Class     Images  Instances      Box(P          R      mAP50  mAP50-95): 21% ━━╸───────── 24/115 7.9it/s 3.6s<11.5s
Class     Images  Instances      Box(P          R      mAP50  mAP50-95): 22% ━━╸───────── 25/115 8.0it/s 3.7s<11.3s
Class     Images  Instances      Box(P          R      mAP50  mAP50-95): 23% ━━╸───────── 26/115 7.7it/s 3.8s<11.5s
Class     Images  Instances      Box(P          R      mAP50  mAP50-95): 23% ━━╸───────── 27/115 7.8it/s 3.9s<11.2s
Class     Images  Instances      Box(P          R      mAP50  mAP50-95): 24% ━━╸───────── 28/115 7.9it/s 4.1s<11.1s
Class     Images  Instances      Box(P          R      mAP50  mAP50-95): 25% ━━━───────── 29/115 7.7it/s 4.2s<11.2s
Class     Images  Instances      Box(P          R      mAP50  mAP50-95): 26% ━━━───────── 30/115 7.8it/s 4.3s<10.9s
Class     Images  Instances      Box(P          R      mAP50  mAP50-95): 27% ━━━───────── 31/115 7.8it/s 4.5s<10.8s
Class     Images  Instances      Box(P          R      mAP50  mAP50-95): 28% ━━━───────── 32/115 7.6it/s 4.6s<10.9s
Class     Images  Instances      Box(P          R      mAP50  mAP50-95): 29% ━━━───────── 33/115 7.7it/s 4.7s<10.7s
Class     Images  Instances      Box(P          R      mAP50  mAP50-95): 30% ━━━╸──────── 34/115 7.8it/s 4.8s<10.4s
Class     Images  Instances      Box(P          R      mAP50  mAP50-95): 30% ━━━╸──────── 35/115 7.8it/s 5.0s<10.2s
Class     Images  Instances      Box(P          R      mAP50  mAP50-95): 31% ━━━╸──────── 36/115 7.8it/s 5.1s<10.2s
Class     Images  Instances      Box(P          R      mAP50  mAP50-95): 32% ━━━╸──────── 37/115 7.8it/s 5.2s<10.0s
Class     Images  Instances      Box(P          R      mAP50  mAP50-95): 33% ━━━╸──────── 38/115 7.8it/s 5.4s<9.9s
Class     Images  Instances      Box(P          R      mAP50  mAP50-95): 34% ━━━━──────── 39/115 7.6it/s 5.5s<9.9s
Class     Images  Instances      Box(P          R      mAP50  mAP50-95): 35% ━━━━──────── 40/115 7.3it/s 5.6s<10.2s
Class     Images  Instances      Box(P          R      mAP50  mAP50-95): 36% ━━━━──────── 41/115 7.4it/s 5.8s<10.0s
Class     Images  Instances      Box(P          R      mAP50  mAP50-95): 37% ━━━━──────── 42/115 7.1it/s 5.9s<10.3s
Class     Images  Instances      Box(P          R      mAP50  mAP50-95): 37% ━━━━──────── 43/115 7.3it/s 6.1s<9.9s
Class     Images  Instances      Box(P          R      mAP50  mAP50-95): 38% ━━━━╸─────── 44/115 7.5it/s 6.2s<9.5s
Class     Images  Instances      Box(P          R      mAP50  mAP50-95): 39% ━━━━╸─────── 45/115 7.7it/s 6.3s<9.1s
Class     Images  Instances      Box(P          R      mAP50  mAP50-95): 40% ━━━━╸─────── 46/115 7.6it/s 6.4s<9.1s
Class     Images  Instances      Box(P          R      mAP50  mAP50-95): 41% ━━━━╸─────── 47/115 7.8it/s 6.6s<8.8s
Class     Images  Instances      Box(P          R      mAP50  mAP50-95): 42% ━━━━━─────── 48/115 7.7it/s 6.7s<8.7s
Class     Images  Instances      Box(P          R      mAP50  mAP50-95): 43% ━━━━━─────── 49/115 7.6it/s 6.8s<8.7s
Class     Images  Instances      Box(P          R      mAP50  mAP50-95): 43% ━━━━━─────── 50/115 7.6it/s 7.0s<8.5s
Class     Images  Instances      Box(P          R      mAP50  mAP50-95): 44% ━━━━━─────── 51/115 7.6it/s 7.1s<8.4s
Class     Images  Instances      Box(P          R      mAP50  mAP50-95): 45% ━━━━━─────── 52/115 7.6it/s 7.2s<8.3s
Class     Images  Instances      Box(P          R      mAP50  mAP50-95): 46% ━━━━━╸────── 53/115 7.6it/s 7.4s<8.2s
Class     Images  Instances      Box(P          R      mAP50  mAP50-95): 47% ━━━━━╸────── 54/115 7.5it/s 7.5s<8.1s
Class     Images  Instances      Box(P          R      mAP50  mAP50-95): 48% ━━━━━╸────── 55/115 7.5it/s 7.6s<8.0s
Class     Images  Instances      Box(P          R      mAP50  mAP50-95): 49% ━━━━━╸────── 56/115 7.3it/s 7.8s<8.1s
Class     Images  Instances      Box(P          R      mAP50  mAP50-95): 50% ━━━━━╸────── 57/115 7.4it/s 7.9s<7.8s
Class     Images  Instances      Box(P          R      mAP50  mAP50-95): 50% ━━━━━━────── 58/115 7.4it/s 8.0s<7.7s
Class     Images  Instances      Box(P          R      mAP50  mAP50-95): 51% ━━━━━━────── 59/115 7.5it/s 8.2s<7.4s
Class     Images  Instances      Box(P          R      mAP50  mAP50-95): 52% ━━━━━━────── 60/115 7.5it/s 8.3s<7.4s
Class     Images  Instances      Box(P          R      mAP50  mAP50-95): 53% ━━━━━━────── 61/115 7.4it/s 8.5s<7.3s
Class     Images  Instances      Box(P          R      mAP50  mAP50-95): 54% ━━━━━━────── 62/115 7.5it/s 8.6s<7.1s
Class     Images  Instances      Box(P          R      mAP50  mAP50-95): 55% ━━━━━━╸───── 63/115 7.4it/s 8.7s<7.0s
Class     Images  Instances      Box(P          R      mAP50  mAP50-95): 56% ━━━━━━╸───── 64/115 7.5it/s 8.8s<6.8s
Class     Images  Instances      Box(P          R      mAP50  mAP50-95): 57% ━━━━━━╸───── 65/115 7.7it/s 9.0s<6.5s
Class     Images  Instances      Box(P          R      mAP50  mAP50-95): 57% ━━━━━━╸───── 66/115 7.7it/s 9.1s<6.4s
Class     Images  Instances      Box(P          R      mAP50  mAP50-95): 58% ━━━━━━╸───── 67/115 7.7it/s 9.2s<6.2s
Class     Images  Instances      Box(P          R      mAP50  mAP50-95): 59% ━━━━━━━───── 68/115 7.8it/s 9.4s<6.0s
Class     Images  Instances      Box(P          R      mAP50  mAP50-95): 60% ━━━━━━━───── 69/115 7.8it/s 9.5s<5.9s
Class     Images  Instances      Box(P          R      mAP50  mAP50-95): 61% ━━━━━━━───── 70/115 7.6it/s 9.6s<5.9s
Class     Images  Instances      Box(P          R      mAP50  mAP50-95): 62% ━━━━━━━───── 71/115 7.7it/s 9.7s<5.7s
Class     Images  Instances      Box(P          R      mAP50  mAP50-95): 63% ━━━━━━━╸──── 72/115 7.8it/s 9.9s<5.5s
Class     Images  Instances      Box(P          R      mAP50  mAP50-95): 63% ━━━━━━━╸──── 73/115 7.9it/s 10.0s<5.3s
Class     Images  Instances      Box(P          R      mAP50  mAP50-95): 64% ━━━━━━━╸──── 74/115 7.9it/s 10.1s<5.2s
Class     Images  Instances      Box(P          R      mAP50  mAP50-95): 65% ━━━━━━━╸──── 75/115 7.9it/s 10.3s<5.1s
Class     Images  Instances      Box(P          R      mAP50  mAP50-95): 66% ━━━━━━━╸──── 76/115 7.9it/s 10.4s<5.0s
Class     Images  Instances      Box(P          R      mAP50  mAP50-95): 67% ━━━━━━━━──── 77/115 7.7it/s 10.5s<5.0s
Class     Images  Instances      Box(P          R      mAP50  mAP50-95): 68% ━━━━━━━━──── 78/115 7.7it/s 10.6s<4.8s
Class     Images  Instances      Box(P          R      mAP50  mAP50-95): 69% ━━━━━━━━──── 79/115 7.8it/s 10.8s<4.6s
Class     Images  Instances      Box(P          R      mAP50  mAP50-95): 70% ━━━━━━━━──── 80/115 7.8it/s 10.9s<4.5s
Class     Images  Instances      Box(P          R      mAP50  mAP50-95): 70% ━━━━━━━━──── 81/115 7.7it/s 11.0s<4.4s
Class     Images  Instances      Box(P          R      mAP50  mAP50-95): 71% ━━━━━━━━╸─── 82/115 7.6it/s 11.2s<4.3s
Class     Images  Instances      Box(P          R      mAP50  mAP50-95): 72% ━━━━━━━━╸─── 83/115 7.7it/s 11.3s<4.1s
Class     Images  Instances      Box(P          R      mAP50  mAP50-95): 73% ━━━━━━━━╸─── 84/115 7.7it/s 11.4s<4.0s
Class     Images  Instances      Box(P          R      mAP50  mAP50-95): 74% ━━━━━━━━╸─── 85/115 7.8it/s 11.5s<3.9s
Class     Images  Instances      Box(P          R      mAP50  mAP50-95): 75% ━━━━━━━━╸─── 86/115 7.9it/s 11.7s<3.7s
Class     Images  Instances      Box(P          R      mAP50  mAP50-95): 76% ━━━━━━━━━─── 87/115 8.0it/s 11.8s<3.5s
Class     Images  Instances      Box(P          R      mAP50  mAP50-95): 77% ━━━━━━━━━─── 88/115 7.9it/s 11.9s<3.4s
Class     Images  Instances      Box(P          R      mAP50  mAP50-95): 77% ━━━━━━━━━─── 89/115 8.0it/s 12.0s<3.3s
Class     Images  Instances      Box(P          R      mAP50  mAP50-95): 78% ━━━━━━━━━─── 90/115 8.0it/s 12.2s<3.1s
Class     Images  Instances      Box(P          R      mAP50  mAP50-95): 79% ━━━━━━━━━─── 91/115 8.0it/s 12.3s<3.0s
Class     Images  Instances      Box(P          R      mAP50  mAP50-95): 80% ━━━━━━━━━╸── 92/115 7.9it/s 12.4s<2.9s
Class     Images  Instances      Box(P          R      mAP50  mAP50-95): 81% ━━━━━━━━━╸── 93/115 7.9it/s 12.6s<2.8s
Class     Images  Instances      Box(P          R      mAP50  mAP50-95): 82% ━━━━━━━━━╸── 94/115 8.0it/s 12.7s<2.6s
Class     Images  Instances      Box(P          R      mAP50  mAP50-95): 83% ━━━━━━━━━╸── 95/115 8.1it/s 12.8s<2.5s
Class     Images  Instances      Box(P          R      mAP50  mAP50-95): 83% ━━━━━━━━━━── 96/115 8.1it/s 12.9s<2.3s
Class     Images  Instances      Box(P          R      mAP50  mAP50-95): 84% ━━━━━━━━━━── 97/115 8.1it/s 13.0s<2.2s
Class     Images  Instances      Box(P          R      mAP50  mAP50-95): 85% ━━━━━━━━━━── 98/115 8.1it/s 13.2s<2.1s
Class     Images  Instances      Box(P          R      mAP50  mAP50-95): 86% ━━━━━━━━━━── 99/115 8.1it/s 13.3s<2.0s
Class     Images  Instances      Box(P          R      mAP50  mAP50-95): 87% ━━━━━━━━━━── 100/115 8.2it/s 13.4s<1.8s
Class     Images  Instances      Box(P          R      mAP50  mAP50-95): 88% ━━━━━━━━━━╸─ 101/115 7.8it/s 13.6s<1.8s
Class     Images  Instances      Box(P          R      mAP50  mAP50-95): 89% ━━━━━━━━━━╸─ 102/115 7.9it/s 13.7s<1.7s
Class     Images  Instances      Box(P          R      mAP50  mAP50-95): 90% ━━━━━━━━━━╸─ 103/115 8.0it/s 13.8s<1.5s
Class     Images  Instances      Box(P          R      mAP50  mAP50-95): 90% ━━━━━━━━━━╸─ 104/115 8.0it/s 13.9s<1.4s
Class     Images  Instances      Box(P          R      mAP50  mAP50-95): 91% ━━━━━━━━━━╸─ 105/115 7.9it/s 14.1s<1.3s
Class     Images  Instances      Box(P          R      mAP50  mAP50-95): 92% ━━━━━━━━━━━─ 106/115 8.0it/s 14.2s<1.1s
Class     Images  Instances      Box(P          R      mAP50  mAP50-95): 93% ━━━━━━━━━━━─ 107/115 8.0it/s 14.3s<1.0s
Class     Images  Instances      Box(P          R      mAP50  mAP50-95): 94% ━━━━━━━━━━━─ 108/115 8.0it/s 14.4s<0.9s
Class     Images  Instances      Box(P          R      mAP50  mAP50-95): 95% ━━━━━━━━━━━─ 109/115 8.1it/s 14.5s<0.7s
Class     Images  Instances      Box(P          R      mAP50  mAP50-95): 96% ━━━━━━━━━━━─ 110/115 8.1it/s 14.7s<0.6s
Class     Images  Instances      Box(P          R      mAP50  mAP50-95): 97% ━━━━━━━━━━━╸ 111/115 8.1it/s 14.8s<0.5s
Class     Images  Instances      Box(P          R      mAP50  mAP50-95): 97% ━━━━━━━━━━━╸ 112/115 8.1it/s 14.9s<0.4s
Class     Images  Instances      Box(P          R      mAP50  mAP50-95): 98% ━━━━━━━━━━━╸ 113/115 8.0it/s 15.0s<0.2s
Class     Images  Instances      Box(P          R      mAP50  mAP50-95): 99% ━━━━━━━━━━━╸ 114/115 8.0it/s 15.2s<0.1s
Class     Images  Instances      Box(P          R      mAP50  mAP50-95): 100% ━━━━━━━━━━━━ 115/115 7.5it/s 15.2s
all       3667       9609      0.952      0.909      0.943      0.659
Results saved to /mnt/dataY/ydf/projects/LADD_og/runs_public/ogsod/hbb/formal_nomosaic_20260528/baselines/sar/sar_yolo11x_hbb_800ep_cos_nomosaic_albu_b16_s0
all       3667       9609      0.952      0.909      0.943      0.659
bridge       3315       6389      0.956      0.951      0.975      0.658
harbor        331        803      0.991      0.989      0.995       0.94
storage_tank        153       2417      0.909      0.786      0.858      0.378
Speed: 0.0ms preprocess, 1.3ms inference, 0.0ms loss, 0.7ms postprocess per image
Results saved to /mnt/dataY/ydf/projects/LADD_og/runs_public/ogsod/hbb/formal_nomosaic_20260528/baselines/sar/sar_yolo11x_hbb_800ep_cos_nomosaic_albu_b16_s0
