Epoch 5:  48%|████▊     | 880/1833 [02:13<07:23,  2.15it/s, loss=83.1601, cls=5.0510, box=4.0887]
Epoch 5:  48%|████▊     | 881/1833 [02:13<07:32,  2.10it/s, loss=83.1601, cls=5.0510, box=4.0887]
Epoch 5:  48%|████▊     | 881/1833 [02:13<07:32,  2.10it/s, loss=63.7403, cls=2.9059, box=3.9170]
Epoch 5:  48%|████▊     | 882/1833 [02:13<06:42,  2.36it/s, loss=63.7403, cls=2.9059, box=3.9170]
Epoch 5:  48%|████▊     | 882/1833 [02:14<06:42,  2.36it/s, loss=76.4503, cls=4.3404, box=3.5733]
Epoch 5:  48%|████▊     | 883/1833 [02:14<07:03,  2.24it/s, loss=76.4503, cls=4.3404, box=3.5733]
Epoch 5:  48%|████▊     | 883/1833 [02:14<07:03,  2.24it/s, loss=34.0328, cls=1.0464, box=1.6965]
Epoch 5:  48%|████▊     | 884/1833 [02:14<06:21,  2.49it/s, loss=34.0328, cls=1.0464, box=1.6965]
Epoch 5:  48%|████▊     | 884/1833 [02:15<06:21,  2.49it/s, loss=54.7334, cls=2.3840, box=2.8083]
Epoch 5:  48%|████▊     | 885/1833 [02:15<06:49,  2.32it/s, loss=54.7334, cls=2.3840, box=2.8083]
Epoch 5:  48%|████▊     | 885/1833 [02:15<06:49,  2.32it/s, loss=60.0849, cls=2.7683, box=3.1485]
Epoch 5:  48%|████▊     | 886/1833 [02:15<06:39,  2.37it/s, loss=60.0849, cls=2.7683, box=3.1485]
Epoch 5:  48%|████▊     | 886/1833 [02:15<06:39,  2.37it/s, loss=65.2978, cls=2.6104, box=3.4249]
Epoch 5:  48%|████▊     | 887/1833 [02:15<05:37,  2.80it/s, loss=65.2978, cls=2.6104, box=3.4249]
Epoch 5:  48%|████▊     | 887/1833 [02:16<05:37,  2.80it/s, loss=64.6298, cls=2.7452, box=4.3020]
Epoch 5:  48%|████▊     | 888/1833 [02:16<05:19,  2.95it/s, loss=64.6298, cls=2.7452, box=4.3020]
Epoch 5:  48%|████▊     | 888/1833 [02:16<05:19,  2.95it/s, loss=63.7283, cls=2.9626, box=3.5164]
Epoch 5:  48%|████▊     | 889/1833 [02:16<05:05,  3.09it/s, loss=63.7283, cls=2.9626, box=3.5164]
Epoch 5:  48%|████▊     | 889/1833 [02:16<05:05,  3.09it/s, loss=57.6770, cls=3.3071, box=2.5920]
Epoch 5:  49%|████▊     | 890/1833 [02:16<04:18,  3.64it/s, loss=57.6770, cls=3.3071, box=2.5920]
Epoch 5:  49%|████▊     | 890/1833 [02:16<04:18,  3.64it/s, loss=57.3579, cls=2.4021, box=3.2236]
Epoch 5:  49%|████▊     | 891/1833 [02:16<03:45,  4.18it/s, loss=57.3579, cls=2.4021, box=3.2236]
Epoch 5:  49%|████▊     | 891/1833 [02:16<03:45,  4.18it/s, loss=92.1244, cls=4.1486, box=4.1409]
Epoch 5:  49%|████▊     | 892/1833 [02:16<03:17,  4.76it/s, loss=92.1244, cls=4.1486, box=4.1409]
Epoch 5:  49%|████▊     | 892/1833 [02:16<03:17,  4.76it/s, loss=45.9836, cls=1.7883, box=2.8779]
Epoch 5:  49%|████▊     | 893/1833 [02:16<03:01,  5.17it/s, loss=45.9836, cls=1.7883, box=2.8779]
Epoch 5:  49%|████▊     | 893/1833 [02:17<03:01,  5.17it/s, loss=61.6620, cls=3.0692, box=3.2300]
Epoch 5:  49%|████▉     | 894/1833 [02:17<02:48,  5.57it/s, loss=61.6620, cls=3.0692, box=3.2300]
Epoch 5:  49%|████▉     | 894/1833 [02:17<02:48,  5.57it/s, loss=48.3409, cls=1.8507, box=2.7611]
Epoch 5:  49%|████▉     | 895/1833 [02:17<02:43,  5.74it/s, loss=48.3409, cls=1.8507, box=2.7611]
Epoch 5:  49%|████▉     | 895/1833 [02:17<02:43,  5.74it/s, loss=52.3697, cls=2.0386, box=2.9778]
Epoch 5:  49%|████▉     | 896/1833 [02:17<02:38,  5.93it/s, loss=52.3697, cls=2.0386, box=2.9778]
Epoch 5:  49%|████▉     | 896/1833 [02:17<02:38,  5.93it/s, loss=52.7207, cls=2.4807, box=2.7412]
Epoch 5:  49%|████▉     | 897/1833 [02:17<02:31,  6.19it/s, loss=52.7207, cls=2.4807, box=2.7412]
Epoch 5:  49%|████▉     | 897/1833 [02:17<02:31,  6.19it/s, loss=69.6516, cls=3.2378, box=3.7088]
Epoch 5:  49%|████▉     | 898/1833 [02:17<03:44,  4.17it/s, loss=69.6516, cls=3.2378, box=3.7088]
Epoch 5:  49%|████▉     | 898/1833 [02:18<03:44,  4.17it/s, loss=65.3874, cls=3.1829, box=3.2982]
Epoch 5:  49%|████▉     | 899/1833 [02:18<03:19,  4.69it/s, loss=65.3874, cls=3.1829, box=3.2982]
Epoch 5:  49%|████▉     | 899/1833 [02:18<03:19,  4.69it/s, loss=85.1477, cls=3.8498, box=3.9559]
Epoch 5:  49%|████▉     | 900/1833 [02:18<03:02,  5.11it/s, loss=85.1477, cls=3.8498, box=3.9559]
Epoch 5:  49%|████▉     | 900/1833 [02:18<03:02,  5.11it/s, loss=50.6059, cls=2.0164, box=2.7381]
Epoch 5:  49%|████▉     | 901/1833 [02:18<02:50,  5.46it/s, loss=50.6059, cls=2.0164, box=2.7381]
Epoch 5:  49%|████▉     | 901/1833 [02:18<02:50,  5.46it/s, loss=45.6413, cls=1.6720, box=2.4297]
Epoch 5:  49%|████▉     | 902/1833 [02:18<02:39,  5.84it/s, loss=45.6413, cls=1.6720, box=2.4297]
Epoch 5:  49%|████▉     | 902/1833 [02:18<02:39,  5.84it/s, loss=75.2329, cls=2.7250, box=3.5984]
Epoch 5:  49%|████▉     | 903/1833 [02:18<02:34,  6.03it/s, loss=75.2329, cls=2.7250, box=3.5984]
Epoch 5:  49%|████▉     | 903/1833 [02:18<02:34,  6.03it/s, loss=71.0273, cls=2.2809, box=3.5497]
Epoch 5:  49%|████▉     | 904/1833 [02:18<02:29,  6.23it/s, loss=71.0273, cls=2.2809, box=3.5497]
Epoch 5:  49%|████▉     | 904/1833 [02:19<02:29,  6.23it/s, loss=55.2873, cls=2.1086, box=3.4662]
Epoch 5:  49%|████▉     | 905/1833 [02:19<02:28,  6.27it/s, loss=55.2873, cls=2.1086, box=3.4662]
Epoch 5:  49%|████▉     | 905/1833 [02:19<02:28,  6.27it/s, loss=63.7833, cls=3.0370, box=3.6459]
Epoch 5:  49%|████▉     | 906/1833 [02:19<02:20,  6.62it/s, loss=63.7833, cls=3.0370, box=3.6459]
Epoch 5:  49%|████▉     | 906/1833 [02:19<02:20,  6.62it/s, loss=74.3951, cls=3.4003, box=4.0584]
Epoch 5:  49%|████▉     | 907/1833 [02:19<02:18,  6.68it/s, loss=74.3951, cls=3.4003, box=4.0584]
Epoch 5:  49%|████▉     | 907/1833 [02:19<02:18,  6.68it/s, loss=46.6950, cls=2.1700, box=2.3602]
Epoch 5:  50%|████▉     | 908/1833 [02:19<02:21,  6.52it/s, loss=46.6950, cls=2.1700, box=2.3602]
Epoch 5:  50%|████▉     | 908/1833 [02:19<02:21,  6.52it/s, loss=68.4304, cls=2.8558, box=3.6381]
Epoch 5:  50%|████▉     | 909/1833 [02:19<02:21,  6.55it/s, loss=68.4304, cls=2.8558, box=3.6381]
Epoch 5:  50%|████▉     | 909/1833 [02:19<02:21,  6.55it/s, loss=46.1166, cls=2.0486, box=2.0804]
Epoch 5:  50%|████▉     | 910/1833 [02:19<02:17,  6.70it/s, loss=46.1166, cls=2.0486, box=2.0804]
Epoch 5:  50%|████▉     | 910/1833 [02:19<02:17,  6.70it/s, loss=67.5471, cls=3.5899, box=3.3661]
Epoch 5:  50%|████▉     | 911/1833 [02:19<02:17,  6.70it/s, loss=67.5471, cls=3.5899, box=3.3661]
Epoch 5:  50%|████▉     | 911/1833 [02:20<02:17,  6.70it/s, loss=69.0809, cls=3.7891, box=3.2385]
Epoch 5:  50%|████▉     | 912/1833 [02:20<02:16,  6.73it/s, loss=69.0809, cls=3.7891, box=3.2385]
Epoch 5:  50%|████▉     | 912/1833 [02:20<02:16,  6.73it/s, loss=40.4439, cls=1.7463, box=2.0578]
Epoch 5:  50%|████▉     | 913/1833 [02:20<02:18,  6.64it/s, loss=40.4439, cls=1.7463, box=2.0578]
Epoch 5:  50%|████▉     | 913/1833 [02:20<02:18,  6.64it/s, loss=56.2210, cls=1.6056, box=3.0811]
Epoch 5:  50%|████▉     | 914/1833 [02:20<02:12,  6.96it/s, loss=56.2210, cls=1.6056, box=3.0811]
Epoch 5:  50%|████▉     | 914/1833 [02:20<02:12,  6.96it/s, loss=46.7967, cls=1.5318, box=2.3829]
Epoch 5:  50%|████▉     | 915/1833 [02:20<02:11,  6.98it/s, loss=46.7967, cls=1.5318, box=2.3829]
Epoch 5:  50%|████▉     | 915/1833 [02:20<02:11,  6.98it/s, loss=43.7797, cls=1.1948, box=2.3917]
Epoch 5:  50%|████▉     | 916/1833 [02:20<02:15,  6.76it/s, loss=43.7797, cls=1.1948, box=2.3917]
Epoch 5:  50%|████▉     | 916/1833 [02:20<02:15,  6.76it/s, loss=52.1247, cls=2.4408, box=2.9550]
Epoch 5:  50%|█████     | 917/1833 [02:20<02:16,  6.70it/s, loss=52.1247, cls=2.4408, box=2.9550]
Epoch 5:  50%|█████     | 917/1833 [02:20<02:16,  6.70it/s, loss=60.2014, cls=2.5847, box=3.0140]
Epoch 5:  50%|█████     | 918/1833 [02:20<02:11,  6.95it/s, loss=60.2014, cls=2.5847, box=3.0140]
Epoch 5:  50%|█████     | 918/1833 [02:21<02:11,  6.95it/s, loss=63.5325, cls=3.1009, box=3.4312]
Epoch 5:  50%|█████     | 919/1833 [02:21<02:13,  6.84it/s, loss=63.5325, cls=3.1009, box=3.4312]
Epoch 5:  50%|█████     | 919/1833 [02:21<02:13,  6.84it/s, loss=52.0982, cls=2.4919, box=2.6090]
Epoch 5:  50%|█████     | 920/1833 [02:21<02:13,  6.85it/s, loss=52.0982, cls=2.4919, box=2.6090]
Epoch 5:  50%|█████     | 920/1833 [02:21<02:13,  6.85it/s, loss=46.4618, cls=1.9905, box=2.2819]
Epoch 5:  50%|█████     | 921/1833 [02:21<02:14,  6.76it/s, loss=46.4618, cls=1.9905, box=2.2819]
Epoch 5:  50%|█████     | 921/1833 [02:21<02:14,  6.76it/s, loss=62.1458, cls=2.6866, box=3.1884]
Epoch 5:  50%|█████     | 922/1833 [02:21<02:10,  6.96it/s, loss=62.1458, cls=2.6866, box=3.1884]
Epoch 5:  50%|█████     | 922/1833 [02:21<02:10,  6.96it/s, loss=64.1684, cls=3.0579, box=3.5949]
Epoch 5:  50%|█████     | 923/1833 [02:21<02:07,  7.12it/s, loss=64.1684, cls=3.0579, box=3.5949]
Epoch 5:  50%|█████     | 923/1833 [02:21<02:07,  7.12it/s, loss=43.4903, cls=1.6418, box=2.5582]
Epoch 5:  50%|█████     | 924/1833 [02:21<02:13,  6.82it/s, loss=43.4903, cls=1.6418, box=2.5582]
Epoch 5:  50%|█████     | 924/1833 [02:21<02:13,  6.82it/s, loss=37.8039, cls=1.1628, box=2.3469]
Epoch 5:  50%|█████     | 925/1833 [02:21<02:13,  6.82it/s, loss=37.8039, cls=1.1628, box=2.3469]
Epoch 5:  50%|█████     | 925/1833 [02:22<02:13,  6.82it/s, loss=43.7749, cls=1.5257, box=2.7292]
Epoch 5:  51%|█████     | 926/1833 [02:22<02:09,  6.99it/s, loss=43.7749, cls=1.5257, box=2.7292]
Epoch 5:  51%|█████     | 926/1833 [02:22<02:09,  6.99it/s, loss=52.8796, cls=1.9806, box=3.0942]
Epoch 5:  51%|█████     | 927/1833 [02:22<02:11,  6.87it/s, loss=52.8796, cls=1.9806, box=3.0942]
Epoch 5:  51%|█████     | 927/1833 [02:22<02:11,  6.87it/s, loss=73.3982, cls=3.5484, box=4.0552]
Epoch 5:  51%|█████     | 928/1833 [02:22<02:12,  6.85it/s, loss=73.3982, cls=3.5484, box=4.0552]
Epoch 5:  51%|█████     | 928/1833 [02:22<02:12,  6.85it/s, loss=48.1427, cls=1.5364, box=2.9935]
Epoch 5:  51%|█████     | 929/1833 [02:22<02:14,  6.72it/s, loss=48.1427, cls=1.5364, box=2.9935]
Epoch 5:  51%|█████     | 929/1833 [02:22<02:14,  6.72it/s, loss=53.0107, cls=2.4690, box=2.7925]
Epoch 5:  51%|█████     | 930/1833 [02:22<02:14,  6.72it/s, loss=53.0107, cls=2.4690, box=2.7925]
Epoch 5:  51%|█████     | 930/1833 [02:22<02:14,  6.72it/s, loss=65.7277, cls=2.7703, box=3.2563]
Epoch 5:  51%|█████     | 931/1833 [02:22<02:11,  6.86it/s, loss=65.7277, cls=2.7703, box=3.2563]
Epoch 5:  51%|█████     | 931/1833 [02:22<02:11,  6.86it/s, loss=77.1308, cls=2.4073, box=3.9041]
Epoch 5:  51%|█████     | 932/1833 [02:22<02:12,  6.79it/s, loss=77.1308, cls=2.4073, box=3.9041]
Epoch 5:  51%|█████     | 932/1833 [02:23<02:12,  6.79it/s, loss=74.6003, cls=4.1183, box=3.8332]
Epoch 5:  51%|█████     | 933/1833 [02:23<02:12,  6.80it/s, loss=74.6003, cls=4.1183, box=3.8332]
Epoch 5:  51%|█████     | 933/1833 [02:23<02:12,  6.80it/s, loss=70.8171, cls=4.4978, box=3.2679]
Epoch 5:  51%|█████     | 934/1833 [02:23<02:15,  6.66it/s, loss=70.8171, cls=4.4978, box=3.2679]
Epoch 5:  51%|█████     | 934/1833 [02:23<02:15,  6.66it/s, loss=59.6884, cls=2.1481, box=3.5281]
Epoch 5:  51%|█████     | 935/1833 [02:23<02:13,  6.71it/s, loss=59.6884, cls=2.1481, box=3.5281]
Epoch 5:  51%|█████     | 935/1833 [02:23<02:13,  6.71it/s, loss=48.1314, cls=2.3040, box=2.3618]
Epoch 5:  51%|█████     | 936/1833 [02:23<02:10,  6.88it/s, loss=48.1314, cls=2.3040, box=2.3618]
Epoch 5:  51%|█████     | 936/1833 [02:23<02:10,  6.88it/s, loss=48.9667, cls=1.7400, box=3.0305]
Epoch 5:  51%|█████     | 937/1833 [02:23<02:12,  6.77it/s, loss=48.9667, cls=1.7400, box=3.0305]
Epoch 5:  51%|█████     | 937/1833 [02:23<02:12,  6.77it/s, loss=88.2109, cls=4.7836, box=4.2973]
Epoch 5:  51%|█████     | 938/1833 [02:23<02:10,  6.86it/s, loss=88.2109, cls=4.7836, box=4.2973]
Epoch 5:  51%|█████     | 938/1833 [02:24<02:10,  6.86it/s, loss=80.5654, cls=4.4122, box=4.3947]
Epoch 5:  51%|█████     | 939/1833 [02:24<02:12,  6.77it/s, loss=80.5654, cls=4.4122, box=4.3947]
Epoch 5:  51%|█████     | 939/1833 [02:24<02:12,  6.77it/s, loss=47.4587, cls=1.4327, box=2.8171]
Epoch 5:  51%|█████▏    | 940/1833 [02:24<02:07,  6.99it/s, loss=47.4587, cls=1.4327, box=2.8171]
Epoch 5:  51%|█████▏    | 940/1833 [02:24<02:07,  6.99it/s, loss=46.1876, cls=1.9525, box=2.3868]
Epoch 5:  51%|█████▏    | 941/1833 [02:24<02:06,  7.05it/s, loss=46.1876, cls=1.9525, box=2.3868]
Epoch 5:  51%|█████▏    | 941/1833 [02:24<02:06,  7.05it/s, loss=50.2646, cls=2.7748, box=2.3840]
Epoch 5:  51%|█████▏    | 942/1833 [02:24<02:10,  6.85it/s, loss=50.2646, cls=2.7748, box=2.3840]
Epoch 5:  51%|█████▏    | 942/1833 [02:24<02:10,  6.85it/s, loss=38.0924, cls=1.5573, box=2.0512]
Epoch 5:  51%|█████▏    | 943/1833 [02:24<02:09,  6.86it/s, loss=38.0924, cls=1.5573, box=2.0512]
Epoch 5:  51%|█████▏    | 943/1833 [02:24<02:09,  6.86it/s, loss=35.6062, cls=1.6639, box=1.9027]
Epoch 5:  52%|█████▏    | 944/1833 [02:24<02:06,  7.01it/s, loss=35.6062, cls=1.6639, box=1.9027]
Epoch 5:  52%|█████▏    | 944/1833 [02:24<02:06,  7.01it/s, loss=60.0258, cls=3.0361, box=2.9260]
Epoch 5:  52%|█████▏    | 945/1833 [02:24<02:09,  6.84it/s, loss=60.0258, cls=3.0361, box=2.9260]
Epoch 5:  52%|█████▏    | 945/1833 [02:25<02:09,  6.84it/s, loss=53.5917, cls=2.3819, box=3.2148]
Epoch 5:  52%|█████▏    | 946/1833 [02:25<02:08,  6.90it/s, loss=53.5917, cls=2.3819, box=3.2148]
Epoch 5:  52%|█████▏    | 946/1833 [02:25<02:08,  6.90it/s, loss=67.5233, cls=3.2600, box=3.7346]
Epoch 5:  52%|█████▏    | 947/1833 [02:25<02:11,  6.76it/s, loss=67.5233, cls=3.2600, box=3.7346]
Epoch 5:  52%|█████▏    | 947/1833 [02:25<02:11,  6.76it/s, loss=59.7538, cls=2.5589, box=3.3893]
Epoch 5:  52%|█████▏    | 948/1833 [02:25<02:05,  7.05it/s, loss=59.7538, cls=2.5589, box=3.3893]
Epoch 5:  52%|█████▏    | 948/1833 [02:25<02:05,  7.05it/s, loss=52.1581, cls=1.8751, box=3.1798]
Epoch 5:  52%|█████▏    | 949/1833 [02:25<02:05,  7.04it/s, loss=52.1581, cls=1.8751, box=3.1798]
Epoch 5:  52%|█████▏    | 949/1833 [02:25<02:05,  7.04it/s, loss=48.2558, cls=1.9394, box=2.8705]
Epoch 5:  52%|█████▏    | 950/1833 [02:25<02:09,  6.81it/s, loss=48.2558, cls=1.9394, box=2.8705]
Epoch 5:  52%|█████▏    | 950/1833 [02:25<02:09,  6.81it/s, loss=66.1189, cls=2.8102, box=3.9864]
Epoch 5:  52%|█████▏    | 951/1833 [02:25<02:09,  6.80it/s, loss=66.1189, cls=2.8102, box=3.9864]
Epoch 5:  52%|█████▏    | 951/1833 [02:25<02:09,  6.80it/s, loss=63.3118, cls=2.9922, box=3.4863]
Epoch 5:  52%|█████▏    | 952/1833 [02:25<02:06,  6.97it/s, loss=63.3118, cls=2.9922, box=3.4863]
Epoch 5:  52%|█████▏    | 952/1833 [02:26<02:06,  6.97it/s, loss=49.5540, cls=1.7083, box=2.9932]
Epoch 5:  52%|█████▏    | 953/1833 [02:26<02:09,  6.80it/s, loss=49.5540, cls=1.7083, box=2.9932]
Epoch 5:  52%|█████▏    | 953/1833 [02:26<02:09,  6.80it/s, loss=58.1004, cls=2.4667, box=3.1622]
Epoch 5:  52%|█████▏    | 954/1833 [02:26<02:07,  6.89it/s, loss=58.1004, cls=2.4667, box=3.1622]
Epoch 5:  52%|█████▏    | 954/1833 [02:26<02:07,  6.89it/s, loss=63.3685, cls=2.6829, box=3.4702]
Epoch 5:  52%|█████▏    | 955/1833 [02:26<02:09,  6.79it/s, loss=63.3685, cls=2.6829, box=3.4702]
Epoch 5:  52%|█████▏    | 955/1833 [02:26<02:09,  6.79it/s, loss=33.0259, cls=1.3490, box=1.7808]
Epoch 5:  52%|█████▏    | 956/1833 [02:26<02:04,  7.04it/s, loss=33.0259, cls=1.3490, box=1.7808]
Epoch 5:  52%|█████▏    | 956/1833 [02:26<02:04,  7.04it/s, loss=74.5418, cls=4.3927, box=3.2453]
Epoch 5:  52%|█████▏    | 957/1833 [02:26<02:04,  7.02it/s, loss=74.5418, cls=4.3927, box=3.2453]
Epoch 5:  52%|█████▏    | 957/1833 [02:26<02:04,  7.02it/s, loss=40.5577, cls=1.0981, box=2.2920]
Epoch 5:  52%|█████▏    | 958/1833 [02:26<02:08,  6.79it/s, loss=40.5577, cls=1.0981, box=2.2920]
Epoch 5:  52%|█████▏    | 958/1833 [02:26<02:08,  6.79it/s, loss=45.7744, cls=2.1852, box=2.0897]
Epoch 5:  52%|█████▏    | 959/1833 [02:26<02:08,  6.80it/s, loss=45.7744, cls=2.1852, box=2.0897]
Epoch 5:  52%|█████▏    | 959/1833 [02:27<02:08,  6.80it/s, loss=53.1139, cls=2.3980, box=2.5651]
Epoch 5:  52%|█████▏    | 960/1833 [02:27<02:05,  6.96it/s, loss=53.1139, cls=2.3980, box=2.5651]
Epoch 5:  52%|█████▏    | 960/1833 [02:27<02:05,  6.96it/s, loss=73.8890, cls=2.9300, box=4.1366]
Epoch 5:  52%|█████▏    | 961/1833 [02:27<02:07,  6.82it/s, loss=73.8890, cls=2.9300, box=4.1366]
Epoch 5:  52%|█████▏    | 961/1833 [02:27<02:07,  6.82it/s, loss=53.1311, cls=2.3849, box=2.8015]
Epoch 5:  52%|█████▏    | 962/1833 [02:27<02:07,  6.84it/s, loss=53.1311, cls=2.3849, box=2.8015]
Epoch 5:  52%|█████▏    | 962/1833 [02:27<02:07,  6.84it/s, loss=72.3365, cls=2.8647, box=3.7673]
Epoch 5:  53%|█████▎    | 963/1833 [02:27<02:09,  6.71it/s, loss=72.3365, cls=2.8647, box=3.7673]
Epoch 5:  53%|█████▎    | 963/1833 [02:27<02:09,  6.71it/s, loss=29.4854, cls=1.1639, box=1.4649]
Epoch 5:  53%|█████▎    | 964/1833 [02:27<02:09,  6.72it/s, loss=29.4854, cls=1.1639, box=1.4649]
Epoch 5:  53%|█████▎    | 964/1833 [02:27<02:09,  6.72it/s, loss=62.8716, cls=2.1621, box=2.9731]
Epoch 5:  53%|█████▎    | 965/1833 [02:27<02:05,  6.92it/s, loss=62.8716, cls=2.1621, box=2.9731]
Epoch 5:  53%|█████▎    | 965/1833 [02:27<02:05,  6.92it/s, loss=46.6117, cls=1.3349, box=3.2984]
Epoch 5:  53%|█████▎    | 966/1833 [02:27<02:07,  6.79it/s, loss=46.6117, cls=1.3349, box=3.2984]
Epoch 5:  53%|█████▎    | 966/1833 [02:28<02:07,  6.79it/s, loss=47.5948, cls=1.9680, box=2.4011]
Epoch 5:  53%|█████▎    | 967/1833 [02:28<02:05,  6.89it/s, loss=47.5948, cls=1.9680, box=2.4011]
Epoch 5:  53%|█████▎    | 967/1833 [02:28<02:05,  6.89it/s, loss=33.5650, cls=1.0452, box=1.7902]
Epoch 5:  53%|█████▎    | 968/1833 [02:28<02:07,  6.79it/s, loss=33.5650, cls=1.0452, box=1.7902]
Epoch 5:  53%|█████▎    | 968/1833 [02:28<02:07,  6.79it/s, loss=47.9723, cls=2.2682, box=2.4511]
Epoch 5:  53%|█████▎    | 969/1833 [02:28<02:02,  7.03it/s, loss=47.9723, cls=2.2682, box=2.4511]
Epoch 5:  53%|█████▎    | 969/1833 [02:28<02:02,  7.03it/s, loss=48.8758, cls=1.6235, box=3.0068]
Epoch 5:  53%|█████▎    | 970/1833 [02:28<02:02,  7.04it/s, loss=48.8758, cls=1.6235, box=3.0068]
Epoch 5:  53%|█████▎    | 970/1833 [02:28<02:02,  7.04it/s, loss=93.7319, cls=5.9006, box=3.3616]
Epoch 5:  53%|█████▎    | 971/1833 [02:28<02:06,  6.81it/s, loss=93.7319, cls=5.9006, box=3.3616]
Epoch 5:  53%|█████▎    | 971/1833 [02:28<02:06,  6.81it/s, loss=65.8839, cls=3.5360, box=2.8254]
Epoch 5:  53%|█████▎    | 972/1833 [02:28<02:07,  6.73it/s, loss=65.8839, cls=3.5360, box=2.8254]
Epoch 5:  53%|█████▎    | 972/1833 [02:28<02:07,  6.73it/s, loss=53.8245, cls=1.7193, box=3.3311]
Epoch 5:  53%|█████▎    | 973/1833 [02:28<02:11,  6.54it/s, loss=53.8245, cls=1.7193, box=3.3311]
Epoch 5:  53%|█████▎    | 973/1833 [02:29<02:11,  6.54it/s, loss=64.6857, cls=2.9586, box=3.4957]
Epoch 5:  53%|█████▎    | 974/1833 [02:29<02:11,  6.55it/s, loss=64.6857, cls=2.9586, box=3.4957]
Epoch 5:  53%|█████▎    | 974/1833 [02:29<02:11,  6.55it/s, loss=48.5434, cls=2.0438, box=2.4887]
Epoch 5:  53%|█████▎    | 975/1833 [02:29<02:08,  6.70it/s, loss=48.5434, cls=2.0438, box=2.4887]
Epoch 5:  53%|█████▎    | 975/1833 [02:29<02:08,  6.70it/s, loss=39.9998, cls=1.3999, box=1.9842]
Epoch 5:  53%|█████▎    | 976/1833 [02:29<02:07,  6.71it/s, loss=39.9998, cls=1.3999, box=1.9842]
Epoch 5:  53%|█████▎    | 976/1833 [02:29<02:07,  6.71it/s, loss=77.6256, cls=4.2223, box=3.6169]
Epoch 5:  53%|█████▎    | 977/1833 [02:29<02:06,  6.76it/s, loss=77.6256, cls=4.2223, box=3.6169]
Epoch 5:  53%|█████▎    | 977/1833 [02:29<02:06,  6.76it/s, loss=52.7550, cls=2.1789, box=3.1640]
Epoch 5:  53%|█████▎    | 978/1833 [02:29<02:08,  6.65it/s, loss=52.7550, cls=2.1789, box=3.1640]
Epoch 5:  53%|█████▎    | 978/1833 [02:29<02:08,  6.65it/s, loss=63.7958, cls=3.4733, box=3.4153]
Epoch 5:  53%|█████▎    | 979/1833 [02:29<02:07,  6.71it/s, loss=63.7958, cls=3.4733, box=3.4153]
Epoch 5:  53%|█████▎    | 979/1833 [02:30<02:07,  6.71it/s, loss=71.5806, cls=3.7471, box=4.1082]
Epoch 5:  53%|█████▎    | 980/1833 [02:30<02:04,  6.88it/s, loss=71.5806, cls=3.7471, box=4.1082]
Epoch 5:  53%|█████▎    | 980/1833 [02:30<02:04,  6.88it/s, loss=44.3601, cls=1.8984, box=2.5329]
Epoch 5:  54%|█████▎    | 981/1833 [02:30<02:06,  6.75it/s, loss=44.3601, cls=1.8984, box=2.5329]
Epoch 5:  54%|█████▎    | 981/1833 [02:30<02:06,  6.75it/s, loss=44.4440, cls=1.9485, box=2.4058]
Epoch 5:  54%|█████▎    | 982/1833 [02:30<02:04,  6.83it/s, loss=44.4440, cls=1.9485, box=2.4058]
Epoch 5:  54%|█████▎    | 982/1833 [02:30<02:04,  6.83it/s, loss=58.0660, cls=2.5185, box=3.1126]
Epoch 5:  54%|█████▎    | 983/1833 [02:30<02:07,  6.68it/s, loss=58.0660, cls=2.5185, box=3.1126]
Epoch 5:  54%|█████▎    | 983/1833 [02:30<02:07,  6.68it/s, loss=69.5263, cls=3.5918, box=3.7990]
Epoch 5:  54%|█████▎    | 984/1833 [02:30<02:06,  6.70it/s, loss=69.5263, cls=3.5918, box=3.7990]
Epoch 5:  54%|█████▎    | 984/1833 [02:30<02:06,  6.70it/s, loss=40.3950, cls=1.3216, box=2.5831]
Epoch 5:  54%|█████▎    | 985/1833 [02:30<02:02,  6.91it/s, loss=40.3950, cls=1.3216, box=2.5831]
Epoch 5:  54%|█████▎    | 985/1833 [02:30<02:02,  6.91it/s, loss=55.7345, cls=2.1657, box=2.7572]
Epoch 5:  54%|█████▍    | 986/1833 [02:30<02:04,  6.78it/s, loss=55.7345, cls=2.1657, box=2.7572]
Epoch 5:  54%|█████▍    | 986/1833 [02:31<02:04,  6.78it/s, loss=44.1191, cls=1.4152, box=2.8019]
Epoch 5:  54%|█████▍    | 987/1833 [02:31<02:03,  6.87it/s, loss=44.1191, cls=1.4152, box=2.8019]
Epoch 5:  54%|█████▍    | 987/1833 [02:31<02:03,  6.87it/s, loss=87.1200, cls=4.3681, box=3.6807]
Epoch 5:  54%|█████▍    | 988/1833 [02:31<02:04,  6.78it/s, loss=87.1200, cls=4.3681, box=3.6807]
Epoch 5:  54%|█████▍    | 988/1833 [02:31<02:04,  6.78it/s, loss=60.2244, cls=2.6152, box=3.4927]
Epoch 5:  54%|█████▍    | 989/1833 [02:31<02:00,  7.02it/s, loss=60.2244, cls=2.6152, box=3.4927]
Epoch 5:  54%|█████▍    | 989/1833 [02:31<02:00,  7.02it/s, loss=59.0158, cls=2.7378, box=3.3130]
Epoch 5:  54%|█████▍    | 990/1833 [02:31<02:00,  7.00it/s, loss=59.0158, cls=2.7378, box=3.3130]
Epoch 5:  54%|█████▍    | 990/1833 [02:31<02:00,  7.00it/s, loss=58.0833, cls=2.8948, box=2.9000]
Epoch 5:  54%|█████▍    | 991/1833 [02:31<02:04,  6.78it/s, loss=58.0833, cls=2.8948, box=2.9000]
Epoch 5:  54%|█████▍    | 991/1833 [02:31<02:04,  6.78it/s, loss=35.2581, cls=0.9999, box=2.3079]
Epoch 5:  54%|█████▍    | 992/1833 [02:31<02:03,  6.79it/s, loss=35.2581, cls=0.9999, box=2.3079]
Epoch 5:  54%|█████▍    | 992/1833 [02:31<02:03,  6.79it/s, loss=40.2773, cls=1.2401, box=2.4521]
Epoch 5:  54%|█████▍    | 993/1833 [02:31<02:00,  6.95it/s, loss=40.2773, cls=1.2401, box=2.4521]
Epoch 5:  54%|█████▍    | 993/1833 [02:32<02:00,  6.95it/s, loss=43.5266, cls=2.2213, box=1.9153]
Epoch 5:  54%|█████▍    | 994/1833 [02:32<01:57,  7.12it/s, loss=43.5266, cls=2.2213, box=1.9153]
Epoch 5:  54%|█████▍    | 994/1833 [02:32<01:57,  7.12it/s, loss=62.0586, cls=3.4038, box=3.1658]
Epoch 5:  54%|█████▍    | 995/1833 [02:32<02:02,  6.81it/s, loss=62.0586, cls=3.4038, box=3.1658]
Epoch 5:  54%|█████▍    | 995/1833 [02:32<02:02,  6.81it/s, loss=47.2513, cls=2.3254, box=2.3874]
Epoch 5:  54%|█████▍    | 996/1833 [02:32<02:05,  6.69it/s, loss=47.2513, cls=2.3254, box=2.3874]
Epoch 5:  54%|█████▍    | 996/1833 [02:32<02:05,  6.69it/s, loss=67.3927, cls=2.5761, box=3.2946]
Epoch 5:  54%|█████▍    | 997/1833 [02:32<02:05,  6.68it/s, loss=67.3927, cls=2.5761, box=3.2946]
Epoch 5:  54%|█████▍    | 997/1833 [02:32<02:05,  6.68it/s, loss=52.0000, cls=2.1902, box=2.9913]
Epoch 5:  54%|█████▍    | 998/1833 [02:32<02:01,  6.89it/s, loss=52.0000, cls=2.1902, box=2.9913]
Epoch 5:  54%|█████▍    | 998/1833 [02:32<02:01,  6.89it/s, loss=43.9045, cls=1.6476, box=2.4614]
Epoch 5:  55%|█████▍    | 999/1833 [02:32<02:04,  6.73it/s, loss=43.9045, cls=1.6476, box=2.4614]
Epoch 5:  55%|█████▍    | 999/1833 [02:32<02:04,  6.73it/s, loss=65.3230, cls=3.6140, box=3.4116]
Epoch 5:  55%|█████▍    | 1000/1833 [02:32<02:01,  6.84it/s, loss=65.3230, cls=3.6140, box=3.4116]Terminated
