# source_log: /mnt/dataY/ydf/projects/LADD_og/logs/formal_nomosaic_20260528/baselines/rgb_yolo11m_hbb_800ep_cos_nomosaic_albu_b32_s0_gpu5.log
# source_log_size_bytes: 64353154
# note: extracted from raw log; ANSI progress control characters removed; full raw log retained on server 90.

800/800      3.42G     0.5712     0.2866     0.7892         66        256: 71% ━━━━━━━━╸─── 327/459 2.5it/s 1:51<53.0s
800/800      3.42G     0.5711     0.2868     0.7893         59        256: 71% ━━━━━━━━╸─── 328/459 2.8it/s 1:51<47.6s
800/800      3.42G     0.5714     0.2869     0.7892        123        256: 72% ━━━━━━━━╸─── 329/459 2.5it/s 1:52<51.6s
800/800      3.42G     0.5714     0.2869     0.7892         81        256: 72% ━━━━━━━━╸─── 330/459 2.7it/s 1:52<47.4s
800/800      3.42G     0.5711     0.2868     0.7892         53        256: 72% ━━━━━━━━╸─── 331/459 2.6it/s 1:52<50.0s
800/800      3.42G     0.5708     0.2868     0.7892         80        256: 72% ━━━━━━━━╸─── 332/459 2.8it/s 1:53<46.0s
800/800      3.42G      0.572     0.2871     0.7891        152        256: 73% ━━━━━━━━╸─── 333/459 2.6it/s 1:53<48.8s
800/800      3.42G     0.5718      0.287      0.789         65        256: 73% ━━━━━━━━╸─── 334/459 2.9it/s 1:53<42.6s
800/800      3.42G     0.5716     0.2868      0.789         55        256: 73% ━━━━━━━━╸─── 335/459 2.7it/s 1:54<46.5s
800/800      3.42G     0.5715     0.2867     0.7889         93        256: 73% ━━━━━━━━╸─── 336/459 2.9it/s 1:54<42.9s
800/800      3.42G     0.5718     0.2869     0.7889         85        256: 73% ━━━━━━━━╸─── 337/459 2.6it/s 1:55<46.5s
800/800      3.42G      0.572     0.2871     0.7889         52        256: 74% ━━━━━━━━╸─── 338/459 2.8it/s 1:55<42.5s
800/800      3.42G     0.5723     0.2872     0.7889         71        256: 74% ━━━━━━━━╸─── 339/459 2.6it/s 1:56<46.8s
800/800      3.42G     0.5721     0.2871     0.7889         74        256: 74% ━━━━━━━━╸─── 340/459 2.9it/s 1:56<41.7s
800/800      3.42G      0.572     0.2871     0.7889         52        256: 74% ━━━━━━━━╸─── 341/459 2.6it/s 1:56<45.2s
800/800      3.42G     0.5721     0.2871     0.7889         82        256: 75% ━━━━━━━━╸─── 342/459 2.8it/s 1:57<41.3s
800/800      3.42G     0.5721     0.2871      0.789         65        256: 75% ━━━━━━━━╸─── 343/459 2.6it/s 1:57<44.0s
800/800      3.42G      0.572     0.2871     0.7888         57        256: 75% ━━━━━━━━╸─── 344/459 2.9it/s 1:57<39.7s
800/800      3.42G     0.5721     0.2871     0.7889         74        256: 75% ━━━━━━━━━─── 345/459 2.6it/s 1:58<43.2s
800/800      3.42G     0.5717     0.2869     0.7888         70        256: 75% ━━━━━━━━━─── 346/459 2.9it/s 1:58<38.6s
800/800      3.42G     0.5713     0.2869     0.7888         85        256: 76% ━━━━━━━━━─── 347/459 2.7it/s 1:59<42.2s
800/800      3.42G     0.5713     0.2868     0.7888        104        256: 76% ━━━━━━━━━─── 348/459 2.8it/s 1:59<39.4s
800/800      3.42G     0.5708     0.2868     0.7889         65        256: 76% ━━━━━━━━━─── 349/459 2.6it/s 1:59<42.3s
800/800      3.42G     0.5707     0.2867     0.7888         66        256: 76% ━━━━━━━━━─── 350/459 2.8it/s 1:60<39.3s
800/800      3.42G     0.5714      0.287     0.7887        104        256: 76% ━━━━━━━━━─── 351/459 2.6it/s 2:00<42.0s
800/800      3.42G      0.572     0.2871     0.7888        129        256: 77% ━━━━━━━━━─── 352/459 2.7it/s 2:01<39.1s
800/800      3.42G     0.5717      0.287     0.7888         47        256: 77% ━━━━━━━━━─── 353/459 2.5it/s 2:01<42.0s
800/800      3.42G     0.5717     0.2869     0.7887        108        256: 77% ━━━━━━━━━─── 354/459 2.8it/s 2:01<37.7s
800/800      3.42G     0.5711     0.2868     0.7887         45        256: 77% ━━━━━━━━━─── 355/459 2.6it/s 2:02<40.7s
800/800      3.42G      0.571     0.2868     0.7887         57        256: 78% ━━━━━━━━━─── 356/459 2.8it/s 2:02<37.4s
800/800      3.42G     0.5712     0.2868     0.7888        120        256: 78% ━━━━━━━━━─── 357/459 2.5it/s 2:03<40.9s
800/800      3.42G     0.5716      0.287     0.7888        147        256: 78% ━━━━━━━━━─── 358/459 2.8it/s 2:03<36.4s
800/800      3.42G     0.5717      0.287      0.789         81        256: 78% ━━━━━━━━━─── 359/459 2.6it/s 2:03<38.7s
800/800      3.42G     0.5716      0.287      0.789         91        256: 78% ━━━━━━━━━─── 360/459 2.8it/s 2:04<35.1s
800/800      3.42G     0.5715      0.287      0.789         83        256: 79% ━━━━━━━━━─── 361/459 2.6it/s 2:04<38.0s
800/800      3.42G     0.5714      0.287     0.7889         93        256: 79% ━━━━━━━━━─── 362/459 2.8it/s 2:05<34.5s
800/800      3.42G      0.572     0.2872     0.7889         90        256: 79% ━━━━━━━━━─── 363/459 2.6it/s 2:05<37.2s
800/800      3.42G     0.5721     0.2872     0.7888         98        256: 79% ━━━━━━━━━╸── 364/459 2.8it/s 2:05<33.9s
800/800      3.42G      0.572     0.2872     0.7887         72        256: 80% ━━━━━━━━━╸── 365/459 2.6it/s 2:06<36.5s
800/800      3.42G     0.5723     0.2873     0.7887         83        256: 80% ━━━━━━━━━╸── 366/459 2.8it/s 2:06<33.6s
800/800      3.42G     0.5722     0.2872     0.7887         83        256: 80% ━━━━━━━━━╸── 367/459 2.6it/s 2:07<36.0s
800/800      3.42G     0.5724     0.2873     0.7887         93        256: 80% ━━━━━━━━━╸── 368/459 2.8it/s 2:07<32.1s
800/800      3.42G     0.5724     0.2874     0.7888         71        256: 80% ━━━━━━━━━╸── 369/459 2.6it/s 2:07<34.3s
800/800      3.42G     0.5721     0.2873     0.7888         67        256: 81% ━━━━━━━━━╸── 370/459 2.9it/s 2:08<30.6s
800/800      3.42G     0.5719     0.2872     0.7887         56        256: 81% ━━━━━━━━━╸── 371/459 2.6it/s 2:08<33.6s
800/800      3.42G     0.5714     0.2871     0.7887         62        256: 81% ━━━━━━━━━╸── 372/459 2.8it/s 2:08<30.7s
800/800      3.42G     0.5713     0.2869     0.7888         83        256: 81% ━━━━━━━━━╸── 373/459 2.6it/s 2:09<33.3s
800/800      3.42G     0.5713     0.2871     0.7889         80        256: 81% ━━━━━━━━━╸── 374/459 2.8it/s 2:09<30.7s
800/800      3.42G     0.5718     0.2871     0.7888         65        256: 82% ━━━━━━━━━╸── 375/459 2.6it/s 2:10<32.5s
800/800      3.42G     0.5722     0.2873     0.7887         72        256: 82% ━━━━━━━━━╸── 376/459 2.9it/s 2:10<28.5s
800/800      3.42G      0.572     0.2872     0.7887         95        256: 82% ━━━━━━━━━╸── 377/459 2.6it/s 2:11<31.2s
800/800      3.42G     0.5723     0.2873     0.7887         90        256: 82% ━━━━━━━━━╸── 378/459 2.8it/s 2:11<28.7s
800/800      3.42G     0.5723     0.2873     0.7887         54        256: 83% ━━━━━━━━━╸── 379/459 2.6it/s 2:11<31.0s
800/800      3.42G      0.573     0.2874     0.7885         81        256: 83% ━━━━━━━━━╸── 380/459 2.9it/s 2:12<27.7s
800/800      3.42G     0.5732     0.2874     0.7886         55        256: 83% ━━━━━━━━━╸── 381/459 2.6it/s 2:12<29.5s
800/800      3.42G     0.5727     0.2872     0.7887         61        256: 83% ━━━━━━━━━╸── 382/459 3.0it/s 2:12<25.8s
800/800      3.42G     0.5731     0.2873     0.7888         63        256: 83% ━━━━━━━━━━── 383/459 2.7it/s 2:13<28.1s
800/800      3.42G     0.5733     0.2873     0.7888         78        256: 84% ━━━━━━━━━━── 384/459 2.8it/s 2:13<26.7s
800/800      3.42G     0.5731     0.2873     0.7889         45        256: 84% ━━━━━━━━━━── 385/459 2.6it/s 2:14<28.1s
800/800      3.42G     0.5731     0.2873     0.7888         65        256: 84% ━━━━━━━━━━── 386/459 2.9it/s 2:14<25.0s
800/800      3.42G     0.5731     0.2872     0.7888         65        256: 84% ━━━━━━━━━━── 387/459 2.6it/s 2:14<27.5s
800/800      3.42G     0.5732     0.2873     0.7887        114        256: 85% ━━━━━━━━━━── 388/459 2.9it/s 2:15<24.7s
800/800      3.42G     0.5729     0.2872     0.7888         73        256: 85% ━━━━━━━━━━── 389/459 2.6it/s 2:15<26.6s
800/800      3.42G      0.573     0.2873     0.7888         50        256: 85% ━━━━━━━━━━── 390/459 2.8it/s 2:15<24.5s
800/800      3.42G      0.573     0.2872     0.7887        103        256: 85% ━━━━━━━━━━── 391/459 2.6it/s 2:16<26.1s
800/800      3.42G     0.5728     0.2871     0.7888         61        256: 85% ━━━━━━━━━━── 392/459 2.9it/s 2:16<23.4s[ WARN:0@176156.982] global grfmt_tiff.cpp:122 TIFF_Warning TIFFReadDirectory: Unknown field with tag 34264 (0x85d8) encountered
800/800      3.42G     0.5724      0.287     0.7888         58        256: 86% ━━━━━━━━━━── 393/459 2.6it/s 2:17<25.4s
800/800      3.42G     0.5724     0.2871     0.7888         49        256: 86% ━━━━━━━━━━── 394/459 2.8it/s 2:17<22.9s
800/800      3.42G     0.5723      0.287     0.7889         95        256: 86% ━━━━━━━━━━── 395/459 2.6it/s 2:18<24.9s
800/800      3.42G     0.5725      0.287      0.789         67        256: 86% ━━━━━━━━━━── 396/459 2.9it/s 2:18<21.6s
800/800      3.42G     0.5728     0.2872      0.789         45        256: 86% ━━━━━━━━━━── 397/459 2.6it/s 2:18<23.6s
800/800      3.42G      0.573     0.2873      0.789         64        256: 87% ━━━━━━━━━━── 398/459 2.8it/s 2:19<21.9s
800/800      3.42G     0.5732     0.2873     0.7891         93        256: 87% ━━━━━━━━━━── 399/459 2.6it/s 2:19<23.5s
800/800      3.42G      0.573     0.2873     0.7892         52        256: 87% ━━━━━━━━━━── 400/459 2.9it/s 2:19<20.5s
800/800      3.42G     0.5733     0.2873      0.789        125        256: 87% ━━━━━━━━━━── 401/459 2.6it/s 2:20<22.4s
800/800      3.42G      0.573     0.2872      0.789         55        256: 88% ━━━━━━━━━━╸─ 402/459 2.8it/s 2:20<20.3s
800/800      3.42G     0.5723     0.2869     0.7891         46        256: 88% ━━━━━━━━━━╸─ 403/459 2.6it/s 2:21<22.0s
800/800      3.42G     0.5724      0.287      0.789         98        256: 88% ━━━━━━━━━━╸─ 404/459 2.8it/s 2:21<19.9s
800/800      3.42G     0.5728     0.2871      0.789         67        256: 88% ━━━━━━━━━━╸─ 405/459 2.6it/s 2:22<21.2s
800/800      3.42G     0.5725     0.2869     0.7891         57        256: 88% ━━━━━━━━━━╸─ 406/459 2.9it/s 2:22<18.5s
800/800      3.42G     0.5721     0.2868     0.7892         64        256: 89% ━━━━━━━━━━╸─ 407/459 2.6it/s 2:22<19.8s
800/800      3.42G     0.5722     0.2869     0.7892         73        256: 89% ━━━━━━━━━━╸─ 408/459 2.9it/s 2:23<17.8s
800/800      3.42G     0.5722     0.2868     0.7893         60        256: 89% ━━━━━━━━━━╸─ 409/459 2.6it/s 2:23<19.1s
800/800      3.42G     0.5718     0.2866     0.7893         66        256: 89% ━━━━━━━━━━╸─ 410/459 2.9it/s 2:23<16.9s
800/800      3.42G     0.5716     0.2866     0.7894         65        256: 90% ━━━━━━━━━━╸─ 411/459 2.6it/s 2:24<18.2s
800/800      3.42G     0.5718     0.2866     0.7895         64        256: 90% ━━━━━━━━━━╸─ 412/459 2.9it/s 2:24<16.2s
800/800      3.42G     0.5714     0.2865     0.7895         81        256: 90% ━━━━━━━━━━╸─ 413/459 2.7it/s 2:25<17.3s
800/800      3.42G      0.571     0.2863     0.7895         47        256: 90% ━━━━━━━━━━╸─ 414/459 2.8it/s 2:25<16.2s
800/800      3.42G     0.5715     0.2864     0.7896         68        256: 90% ━━━━━━━━━━╸─ 415/459 2.6it/s 2:25<17.0s
800/800      3.42G     0.5713     0.2864     0.7896         51        256: 91% ━━━━━━━━━━╸─ 416/459 2.9it/s 2:26<15.0s
800/800      3.42G     0.5716     0.2865     0.7895         75        256: 91% ━━━━━━━━━━╸─ 417/459 2.6it/s 2:26<16.2s
800/800      3.42G     0.5711     0.2863     0.7895         52        256: 91% ━━━━━━━━━━╸─ 418/459 2.9it/s 2:26<14.2s
800/800      3.42G     0.5713     0.2863     0.7895         60        256: 91% ━━━━━━━━━━╸─ 419/459 2.7it/s 2:27<15.0s
800/800      3.42G     0.5718     0.2865     0.7895        198        256: 92% ━━━━━━━━━━╸─ 420/459 2.9it/s 2:27<13.5s
800/800      3.42G     0.5727     0.2868     0.7894        120        256: 92% ━━━━━━━━━━━─ 421/459 2.6it/s 2:28<14.4s
800/800      3.42G     0.5723     0.2867     0.7894         55        256: 92% ━━━━━━━━━━━─ 422/459 2.9it/s 2:28<12.7s
800/800      3.42G     0.5737     0.2871     0.7893        143        256: 92% ━━━━━━━━━━━─ 423/459 2.7it/s 2:28<13.4s
800/800      3.42G     0.5739     0.2871     0.7893         70        256: 92% ━━━━━━━━━━━─ 424/459 2.9it/s 2:29<12.3s
800/800      3.42G     0.5737     0.2872     0.7893         57        256: 93% ━━━━━━━━━━━─ 425/459 2.6it/s 2:29<13.0s
800/800      3.42G     0.5737     0.2873     0.7893         72        256: 93% ━━━━━━━━━━━─ 426/459 2.9it/s 2:30<11.5s
800/800      3.42G     0.5738     0.2873     0.7894         64        256: 93% ━━━━━━━━━━━─ 427/459 2.6it/s 2:30<12.2s
800/800      3.42G      0.574     0.2874     0.7894         65        256: 93% ━━━━━━━━━━━─ 428/459 2.9it/s 2:30<10.7s
800/800      3.42G     0.5738     0.2873     0.7893         65        256: 93% ━━━━━━━━━━━─ 429/459 2.6it/s 2:31<11.4s
800/800      3.42G     0.5736     0.2873     0.7893         62        256: 94% ━━━━━━━━━━━─ 430/459 2.8it/s 2:31<10.5s
800/800      3.42G     0.5737     0.2873     0.7893         52        256: 94% ━━━━━━━━━━━─ 431/459 2.5it/s 2:32<11.1s
800/800      3.42G     0.5741     0.2873     0.7893        156        256: 94% ━━━━━━━━━━━─ 432/459 2.7it/s 2:32<9.9s
800/800      3.42G     0.5741     0.2873     0.7893         64        256: 94% ━━━━━━━━━━━─ 433/459 2.5it/s 2:32<10.3s
800/800      3.42G     0.5746     0.2874     0.7892        146        256: 95% ━━━━━━━━━━━─ 434/459 2.7it/s 2:33<9.3s
800/800      3.42G     0.5745     0.2874     0.7893         65        256: 95% ━━━━━━━━━━━─ 435/459 2.4it/s 2:33<9.8s
800/800      3.42G     0.5741     0.2873     0.7892         53        256: 95% ━━━━━━━━━━━─ 436/459 2.7it/s 2:34<8.6s
800/800      3.42G     0.5742     0.2873     0.7892         81        256: 95% ━━━━━━━━━━━─ 437/459 2.5it/s 2:34<8.9s
800/800      3.42G     0.5745     0.2876     0.7892        121        256: 95% ━━━━━━━━━━━─ 438/459 2.7it/s 2:34<7.7s
800/800      3.42G     0.5741     0.2874     0.7893         46        256: 96% ━━━━━━━━━━━─ 439/459 2.4it/s 2:35<8.2s
800/800      3.42G      0.574     0.2873     0.7892        100        256: 96% ━━━━━━━━━━━╸ 440/459 2.8it/s 2:35<6.9s
800/800      3.42G     0.5741     0.2873     0.7893         74        256: 96% ━━━━━━━━━━━╸ 441/459 2.5it/s 2:36<7.1s
800/800      3.42G     0.5743     0.2875     0.7893         69        256: 96% ━━━━━━━━━━━╸ 442/459 2.7it/s 2:36<6.2s
800/800      3.42G     0.5742     0.2875     0.7893         75        256: 97% ━━━━━━━━━━━╸ 443/459 2.5it/s 2:37<6.5s
800/800      3.42G     0.5747     0.2877     0.7894        109        256: 97% ━━━━━━━━━━━╸ 444/459 2.7it/s 2:37<5.5s
800/800      3.42G     0.5746     0.2876     0.7893         76        256: 97% ━━━━━━━━━━━╸ 445/459 2.6it/s 2:37<5.5s
800/800      3.42G     0.5743     0.2876     0.7894         72        256: 97% ━━━━━━━━━━━╸ 446/459 2.8it/s 2:38<4.6s
800/800      3.42G      0.574     0.2875     0.7895         72        256: 97% ━━━━━━━━━━━╸ 447/459 2.6it/s 2:38<4.7s
800/800      3.42G     0.5738     0.2874     0.7894         79        256: 98% ━━━━━━━━━━━╸ 448/459 2.9it/s 2:38<3.8s
800/800      3.42G     0.5738     0.2874     0.7894         43        256: 98% ━━━━━━━━━━━╸ 449/459 2.6it/s 2:39<3.9s
800/800      3.42G     0.5735     0.2873     0.7893         61        256: 98% ━━━━━━━━━━━╸ 450/459 2.8it/s 2:39<3.2s
800/800      3.42G     0.5736     0.2873     0.7893         76        256: 98% ━━━━━━━━━━━╸ 451/459 2.6it/s 2:40<3.1s
800/800      3.42G     0.5736     0.2873     0.7893         55        256: 98% ━━━━━━━━━━━╸ 452/459 2.8it/s 2:40<2.5s
800/800      3.42G     0.5733     0.2872     0.7894         76        256: 99% ━━━━━━━━━━━╸ 453/459 2.6it/s 2:41<2.3s
800/800      3.42G     0.5731     0.2871     0.7894         71        256: 99% ━━━━━━━━━━━╸ 454/459 2.9it/s 2:41<1.7s
800/800      3.42G     0.5732     0.2871     0.7895         73        256: 99% ━━━━━━━━━━━╸ 455/459 2.6it/s 2:41<1.5s
800/800      3.42G     0.5729      0.287     0.7894         75        256: 99% ━━━━━━━━━━━╸ 456/459 2.8it/s 2:42<1.1s
800/800      3.42G     0.5726     0.2869     0.7895         65        256: 100% ━━━━━━━━━━━╸ 457/459 2.6it/s 2:42<0.8s
800/800      3.42G     0.5722     0.2868     0.7895         20        256: 100% ━━━━━━━━━━━╸ 458/459 3.7it/s 2:42<0.3s
800/800      3.42G     0.5722     0.2868     0.7895         20        256: 100% ━━━━━━━━━━━━ 459/459 2.8it/s 2:42
Class     Images  Instances      Box(P          R      mAP50  mAP50-95): 2% ──────────── 1/58 10.7s/it 3.2s<10:11
Class     Images  Instances      Box(P          R      mAP50  mAP50-95): 3% ──────────── 2/58 6.3s/it 6.4s<5:50
Class     Images  Instances      Box(P          R      mAP50  mAP50-95): 5% ╸─────────── 3/58 4.9s/it 9.6s<4:27
Class     Images  Instances      Box(P          R      mAP50  mAP50-95): 10% ━─────────── 6/58 3.6s/it 19.1s<3:08
Class     Images  Instances      Box(P          R      mAP50  mAP50-95): 12% ━─────────── 7/58 3.5s/it 22.3s<2:57
Class     Images  Instances      Box(P          R      mAP50  mAP50-95): 14% ━╸────────── 8/58 3.2s/it 25.1s<2:41
Class     Images  Instances      Box(P          R      mAP50  mAP50-95): 16% ━╸────────── 9/58 2.9s/it 27.5s<2:25
Class     Images  Instances      Box(P          R      mAP50  mAP50-95): 17% ━━────────── 10/58 2.8s/it 30.1s<2:15
Class     Images  Instances      Box(P          R      mAP50  mAP50-95): 19% ━━────────── 11/58 2.7s/it 32.6s<2:08
Class     Images  Instances      Box(P          R      mAP50  mAP50-95): 21% ━━────────── 12/58 2.7s/it 35.1s<2:03
Class     Images  Instances      Box(P          R      mAP50  mAP50-95): 22% ━━╸───────── 13/58 2.6s/it 37.7s<1:59
Class     Images  Instances      Box(P          R      mAP50  mAP50-95): 24% ━━╸───────── 14/58 2.6s/it 40.3s<1:55
Class     Images  Instances      Box(P          R      mAP50  mAP50-95): 26% ━━━───────── 15/58 2.6s/it 42.8s<1:51
Class     Images  Instances      Box(P          R      mAP50  mAP50-95): 28% ━━━───────── 16/58 2.6s/it 45.3s<1:48
Class     Images  Instances      Box(P          R      mAP50  mAP50-95): 29% ━━━╸──────── 17/58 2.6s/it 47.9s<1:45
Class     Images  Instances      Box(P          R      mAP50  mAP50-95): 31% ━━━╸──────── 18/58 2.6s/it 50.5s<1:43
Class     Images  Instances      Box(P          R      mAP50  mAP50-95): 33% ━━━╸──────── 19/58 2.6s/it 53.0s<1:40
Class     Images  Instances      Box(P          R      mAP50  mAP50-95): 34% ━━━━──────── 20/58 2.5s/it 55.4s<1:35
Class     Images  Instances      Box(P          R      mAP50  mAP50-95): 36% ━━━━──────── 21/58 2.5s/it 57.8s<1:32
Class     Images  Instances      Box(P          R      mAP50  mAP50-95): 38% ━━━━╸─────── 22/58 2.5s/it 1:00<1:31
Class     Images  Instances      Box(P          R      mAP50  mAP50-95): 41% ━━━━╸─────── 24/58 2.6s/it 1:06<1:27
Class     Images  Instances      Box(P          R      mAP50  mAP50-95): 43% ━━━━━─────── 25/58 2.6s/it 1:08<1:25
Class     Images  Instances      Box(P          R      mAP50  mAP50-95): 45% ━━━━━─────── 26/58 2.6s/it 1:11<1:24
Class     Images  Instances      Box(P          R      mAP50  mAP50-95): 47% ━━━━━╸────── 27/58 2.6s/it 1:14<1:21
Class     Images  Instances      Box(P          R      mAP50  mAP50-95): 48% ━━━━━╸────── 28/58 2.6s/it 1:16<1:19
Class     Images  Instances      Box(P          R      mAP50  mAP50-95): 50% ━━━━━━────── 29/58 2.6s/it 1:19<1:16
Class     Images  Instances      Box(P          R      mAP50  mAP50-95): 52% ━━━━━━────── 30/58 2.6s/it 1:21<1:13
Class     Images  Instances      Box(P          R      mAP50  mAP50-95): 53% ━━━━━━────── 31/58 2.6s/it 1:24<1:10
Class     Images  Instances      Box(P          R      mAP50  mAP50-95): 55% ━━━━━━╸───── 32/58 2.6s/it 1:27<1:08
Class     Images  Instances      Box(P          R      mAP50  mAP50-95): 57% ━━━━━━╸───── 33/58 2.6s/it 1:29<1:04
Class     Images  Instances      Box(P          R      mAP50  mAP50-95): 59% ━━━━━━━───── 34/58 2.6s/it 1:32<1:02
Class     Images  Instances      Box(P          R      mAP50  mAP50-95): 60% ━━━━━━━───── 35/58 2.6s/it 1:34<59.3s
Class     Images  Instances      Box(P          R      mAP50  mAP50-95): 62% ━━━━━━━───── 36/58 2.6s/it 1:37<56.8s
Class     Images  Instances      Box(P          R      mAP50  mAP50-95): 64% ━━━━━━━╸──── 37/58 2.6s/it 1:39<53.8s
Class     Images  Instances      Box(P          R      mAP50  mAP50-95): 66% ━━━━━━━╸──── 38/58 2.6s/it 1:42<51.3s
Class     Images  Instances      Box(P          R      mAP50  mAP50-95): 67% ━━━━━━━━──── 39/58 2.6s/it 1:45<48.5s
Class     Images  Instances      Box(P          R      mAP50  mAP50-95): 69% ━━━━━━━━──── 40/58 2.6s/it 1:47<46.4s[ WARN:0@176290.332] global grfmt_tiff.cpp:122 TIFF_Warning TIFFReadDirectory: Unknown field with tag 34264 (0x85d8) encountered
Class     Images  Instances      Box(P          R      mAP50  mAP50-95): 71% ━━━━━━━━──── 41/58 2.6s/it 1:50<43.9s
Class     Images  Instances      Box(P          R      mAP50  mAP50-95): 72% ━━━━━━━━╸─── 42/58 2.6s/it 1:53<42.3s[ WARN:0@176295.668] global grfmt_tiff.cpp:122 TIFF_Warning TIFFReadDirectory: Unknown field with tag 34264 (0x85d8) encountered
Class     Images  Instances      Box(P          R      mAP50  mAP50-95): 74% ━━━━━━━━╸─── 43/58 2.7s/it 1:55<40.8s[ WARN:0@176298.536] global grfmt_tiff.cpp:122 TIFF_Warning TIFFReadDirectory: Unknown field with tag 34264 (0x85d8) encountered
Class     Images  Instances      Box(P          R      mAP50  mAP50-95): 76% ━━━━━━━━━─── 44/58 2.8s/it 1:59<39.4s
Class     Images  Instances      Box(P          R      mAP50  mAP50-95): 78% ━━━━━━━━━─── 45/58 2.9s/it 2:02<37.2s
Class     Images  Instances      Box(P          R      mAP50  mAP50-95): 79% ━━━━━━━━━╸── 46/58 2.9s/it 2:05<35.2s
Class     Images  Instances      Box(P          R      mAP50  mAP50-95): 81% ━━━━━━━━━╸── 47/58 2.9s/it 2:08<32.2s
Class     Images  Instances      Box(P          R      mAP50  mAP50-95): 83% ━━━━━━━━━╸── 48/58 2.9s/it 2:11<29.4s
Class     Images  Instances      Box(P          R      mAP50  mAP50-95): 84% ━━━━━━━━━━── 49/58 2.9s/it 2:13<26.4s
Class     Images  Instances      Box(P          R      mAP50  mAP50-95): 86% ━━━━━━━━━━── 50/58 3.0s/it 2:16<23.7s
Class     Images  Instances      Box(P          R      mAP50  mAP50-95): 88% ━━━━━━━━━━╸─ 51/58 3.0s/it 2:19<20.9s
Class     Images  Instances      Box(P          R      mAP50  mAP50-95): 90% ━━━━━━━━━━╸─ 52/58 3.0s/it 2:23<18.2s
Class     Images  Instances      Box(P          R      mAP50  mAP50-95): 91% ━━━━━━━━━━╸─ 53/58 3.0s/it 2:26<15.0s
Class     Images  Instances      Box(P          R      mAP50  mAP50-95): 93% ━━━━━━━━━━━─ 54/58 3.0s/it 2:29<12.1s
Class     Images  Instances      Box(P          R      mAP50  mAP50-95): 95% ━━━━━━━━━━━─ 55/58 3.0s/it 2:32<9.0s
Class     Images  Instances      Box(P          R      mAP50  mAP50-95): 97% ━━━━━━━━━━━╸ 56/58 3.0s/it 2:35<6.0s
Class     Images  Instances      Box(P          R      mAP50  mAP50-95): 98% ━━━━━━━━━━━╸ 57/58 3.0s/it 2:38<3.0s
all       3667       9609      0.944      0.921      0.942      0.672
Optimizer stripped from /mnt/dataY/ydf/projects/LADD_og/runs_public/ogsod/hbb/formal_nomosaic_20260528/baselines/rgb/rgb_yolo11m_hbb_800ep_cos_nomosaic_albu_b32_s0/weights/last.pt, 40.6MB
Optimizer stripped from /mnt/dataY/ydf/projects/LADD_og/runs_public/ogsod/hbb/formal_nomosaic_20260528/baselines/rgb/rgb_yolo11m_hbb_800ep_cos_nomosaic_albu_b32_s0/weights/best.pt, 40.6MB
Validating /mnt/dataY/ydf/projects/LADD_og/runs_public/ogsod/hbb/formal_nomosaic_20260528/baselines/rgb/rgb_yolo11m_hbb_800ep_cos_nomosaic_albu_b32_s0/weights/best.pt...
Class     Images  Instances      Box(P          R      mAP50  mAP50-95): 2% ──────────── 1/58 16.3s/it 4.9s<15:31
Class     Images  Instances      Box(P          R      mAP50  mAP50-95): 3% ──────────── 2/58 9.8s/it 9.9s<9:06
Class     Images  Instances      Box(P          R      mAP50  mAP50-95): 5% ╸─────────── 3/58 7.6s/it 14.9s<6:58
Class     Images  Instances      Box(P          R      mAP50  mAP50-95): 7% ╸─────────── 4/58 6.5s/it 19.9s<5:53
Class     Images  Instances      Box(P          R      mAP50  mAP50-95): 9% ━─────────── 5/58 6.4s/it 25.9s<5:38
Class     Images  Instances      Box(P          R      mAP50  mAP50-95): 10% ━─────────── 6/58 6.0s/it 31.3s<5:14
Class     Images  Instances      Box(P          R      mAP50  mAP50-95): 12% ━─────────── 7/58 5.8s/it 36.5s<4:54
Class     Images  Instances      Box(P          R      mAP50  mAP50-95): 14% ━╸────────── 8/58 5.6s/it 41.7s<4:40
Class     Images  Instances      Box(P          R      mAP50  mAP50-95): 16% ━╸────────── 9/58 5.4s/it 46.8s<4:26
Class     Images  Instances      Box(P          R      mAP50  mAP50-95): 17% ━━────────── 10/58 5.3s/it 51.9s<4:15
Class     Images  Instances      Box(P          R      mAP50  mAP50-95): 19% ━━────────── 11/58 5.2s/it 56.9s<4:06
Class     Images  Instances      Box(P          R      mAP50  mAP50-95): 21% ━━────────── 12/58 5.2s/it 1:02<3:59
Class     Images  Instances      Box(P          R      mAP50  mAP50-95): 22% ━━╸───────── 13/58 5.2s/it 1:07<3:54
Class     Images  Instances      Box(P          R      mAP50  mAP50-95): 24% ━━╸───────── 14/58 5.2s/it 1:12<3:48
Class     Images  Instances      Box(P          R      mAP50  mAP50-95): 26% ━━━───────── 15/58 5.2s/it 1:18<3:43
Class     Images  Instances      Box(P          R      mAP50  mAP50-95): 28% ━━━───────── 16/58 5.2s/it 1:23<3:37
Class     Images  Instances      Box(P          R      mAP50  mAP50-95): 29% ━━━╸──────── 17/58 5.2s/it 1:28<3:32
Class     Images  Instances      Box(P          R      mAP50  mAP50-95): 31% ━━━╸──────── 18/58 4.7s/it 1:32<3:09
Class     Images  Instances      Box(P          R      mAP50  mAP50-95): 33% ━━━╸──────── 19/58 4.4s/it 1:36<2:53
Class     Images  Instances      Box(P          R      mAP50  mAP50-95): 34% ━━━━──────── 20/58 4.2s/it 1:39<2:40
Class     Images  Instances      Box(P          R      mAP50  mAP50-95): 36% ━━━━──────── 21/58 4.1s/it 1:43<2:31
Class     Images  Instances      Box(P          R      mAP50  mAP50-95): 38% ━━━━╸─────── 22/58 3.9s/it 1:47<2:22
Class     Images  Instances      Box(P          R      mAP50  mAP50-95): 40% ━━━━╸─────── 23/58 3.6s/it 1:50<2:07
Class     Images  Instances      Box(P          R      mAP50  mAP50-95): 41% ━━━━╸─────── 24/58 3.5s/it 1:53<1:57
Class     Images  Instances      Box(P          R      mAP50  mAP50-95): 43% ━━━━━─────── 25/58 3.3s/it 1:56<1:50
Class     Images  Instances      Box(P          R      mAP50  mAP50-95): 45% ━━━━━─────── 26/58 3.3s/it 1:59<1:44
Class     Images  Instances      Box(P          R      mAP50  mAP50-95): 47% ━━━━━╸────── 27/58 3.2s/it 2:02<1:40
Class     Images  Instances      Box(P          R      mAP50  mAP50-95): 48% ━━━━━╸────── 28/58 3.2s/it 2:06<1:35
Class     Images  Instances      Box(P          R      mAP50  mAP50-95): 50% ━━━━━━────── 29/58 3.2s/it 2:09<1:32
Class     Images  Instances      Box(P          R      mAP50  mAP50-95): 52% ━━━━━━────── 30/58 3.1s/it 2:12<1:28
Class     Images  Instances      Box(P          R      mAP50  mAP50-95): 53% ━━━━━━────── 31/58 3.1s/it 2:15<1:25
Class     Images  Instances      Box(P          R      mAP50  mAP50-95): 55% ━━━━━━╸───── 32/58 3.1s/it 2:18<1:21
Class     Images  Instances      Box(P          R      mAP50  mAP50-95): 57% ━━━━━━╸───── 33/58 3.1s/it 2:21<1:18
Class     Images  Instances      Box(P          R      mAP50  mAP50-95): 59% ━━━━━━━───── 34/58 3.1s/it 2:24<1:15
Class     Images  Instances      Box(P          R      mAP50  mAP50-95): 60% ━━━━━━━───── 35/58 3.1s/it 2:27<1:11
Class     Images  Instances      Box(P          R      mAP50  mAP50-95): 62% ━━━━━━━───── 36/58 3.1s/it 2:30<1:08
Class     Images  Instances      Box(P          R      mAP50  mAP50-95): 64% ━━━━━━━╸──── 37/58 3.1s/it 2:33<1:05
Class     Images  Instances      Box(P          R      mAP50  mAP50-95): 66% ━━━━━━━╸──── 38/58 3.1s/it 2:36<1:02
Class     Images  Instances      Box(P          R      mAP50  mAP50-95): 67% ━━━━━━━━──── 39/58 3.1s/it 2:39<58.4s
Class     Images  Instances      Box(P          R      mAP50  mAP50-95): 69% ━━━━━━━━──── 40/58 3.1s/it 2:43<55.6s[ WARN:0@176509.123] global grfmt_tiff.cpp:122 TIFF_Warning TIFFReadDirectory: Unknown field with tag 34264 (0x85d8) encountered
Class     Images  Instances      Box(P          R      mAP50  mAP50-95): 71% ━━━━━━━━──── 41/58 3.1s/it 2:46<53.0s
Class     Images  Instances      Box(P          R      mAP50  mAP50-95): 72% ━━━━━━━━╸─── 42/58 3.3s/it 2:49<52.2s[ WARN:0@176515.912] global grfmt_tiff.cpp:122 TIFF_Warning TIFFReadDirectory: Unknown field with tag 34264 (0x85d8) encountered
Class     Images  Instances      Box(P          R      mAP50  mAP50-95): 74% ━━━━━━━━╸─── 43/58 3.3s/it 2:53<50.2s[ WARN:0@176519.428] global grfmt_tiff.cpp:122 TIFF_Warning TIFFReadDirectory: Unknown field with tag 34264 (0x85d8) encountered
Class     Images  Instances      Box(P          R      mAP50  mAP50-95): 76% ━━━━━━━━━─── 44/58 3.4s/it 2:57<48.1s
Class     Images  Instances      Box(P          R      mAP50  mAP50-95): 78% ━━━━━━━━━─── 45/58 3.5s/it 3:00<45.2s
Class     Images  Instances      Box(P          R      mAP50  mAP50-95): 79% ━━━━━━━━━╸── 46/58 3.5s/it 3:04<41.9s
Class     Images  Instances      Box(P          R      mAP50  mAP50-95): 81% ━━━━━━━━━╸── 47/58 3.5s/it 3:07<38.7s
Class     Images  Instances      Box(P          R      mAP50  mAP50-95): 83% ━━━━━━━━━╸── 48/58 3.5s/it 3:11<35.3s
Class     Images  Instances      Box(P          R      mAP50  mAP50-95): 84% ━━━━━━━━━━── 49/58 3.5s/it 3:14<31.9s
Class     Images  Instances      Box(P          R      mAP50  mAP50-95): 86% ━━━━━━━━━━── 50/58 3.5s/it 3:18<28.4s
Class     Images  Instances      Box(P          R      mAP50  mAP50-95): 88% ━━━━━━━━━━╸─ 51/58 3.6s/it 3:22<25.0s
Class     Images  Instances      Box(P          R      mAP50  mAP50-95): 90% ━━━━━━━━━━╸─ 52/58 3.6s/it 3:25<21.5s
Class     Images  Instances      Box(P          R      mAP50  mAP50-95): 91% ━━━━━━━━━━╸─ 53/58 3.6s/it 3:29<18.0s
Class     Images  Instances      Box(P          R      mAP50  mAP50-95): 93% ━━━━━━━━━━━─ 54/58 3.6s/it 3:33<14.5s
Class     Images  Instances      Box(P          R      mAP50  mAP50-95): 95% ━━━━━━━━━━━─ 55/58 3.6s/it 3:36<10.8s
Class     Images  Instances      Box(P          R      mAP50  mAP50-95): 97% ━━━━━━━━━━━╸ 56/58 3.6s/it 3:40<7.2s
Class     Images  Instances      Box(P          R      mAP50  mAP50-95): 98% ━━━━━━━━━━━╸ 57/58 3.5s/it 3:43<3.5s
Class     Images  Instances      Box(P          R      mAP50  mAP50-95): 100% ━━━━━━━━━━━━ 58/58 3.9s/it 3:44
all       3667       9609      0.952      0.928      0.951      0.679
Results saved to /mnt/dataY/ydf/projects/LADD_og/runs_public/ogsod/hbb/formal_nomosaic_20260528/baselines/rgb/rgb_yolo11m_hbb_800ep_cos_nomosaic_albu_b32_s0
all       3667       9609      0.944      0.921      0.942      0.672
800 epochs completed in 48.979 hours.
YOLO11m summary (fused): 126 layers, 20,032,345 parameters, 0 gradients, 67.7 GFLOPs
all       3667       9609      0.952      0.928      0.951      0.679
bridge       3315       6389      0.964       0.96      0.982      0.669
harbor        331        803      0.997      0.992      0.995       0.94
storage_tank        153       2417      0.894       0.83      0.876      0.428
Speed: 0.2ms preprocess, 1.5ms inference, 0.0ms loss, 9.4ms postprocess per image
Results saved to /mnt/dataY/ydf/projects/LADD_og/runs_public/ogsod/hbb/formal_nomosaic_20260528/baselines/rgb/rgb_yolo11m_hbb_800ep_cos_nomosaic_albu_b32_s0
