# source_log: /mnt/dataY/ydf/projects/LADD_og/logs/formal_nomosaic_20260528/baselines/rgb_yolo11s_hbb_800ep_cos_nomosaic_albu_b64_s42_gpu5.log
# source_log_size_bytes: 33765100
# note: extracted from raw log; ANSI progress control characters removed; full raw log retained on server 90.

800/800      3.57G     0.6442     0.3175     0.7919        137        256: 12% ━─────────── 28/230 3.0it/s 10.0s<1:07
800/800      3.57G     0.6461     0.3176     0.7918        198        256: 13% ━╸────────── 29/230 3.0it/s 10.3s<1:06
800/800      3.57G     0.6431     0.3165      0.793        134        256: 13% ━╸────────── 30/230 3.1it/s 10.6s<1:05
800/800      3.57G      0.645     0.3169     0.7921        175        256: 13% ━╸────────── 31/230 3.1it/s 11.0s<1:05
800/800      3.57G     0.6468     0.3175     0.7911        138        256: 14% ━╸────────── 32/230 3.0it/s 11.3s<1:07
800/800      3.57G      0.647     0.3173     0.7918        145        256: 14% ━╸────────── 33/230 3.0it/s 11.6s<1:05
800/800      3.57G     0.6435     0.3157     0.7916        120        256: 15% ━╸────────── 34/230 3.1it/s 12.0s<1:04
800/800      3.57G     0.6443     0.3151     0.7913        187        256: 15% ━╸────────── 35/230 3.0it/s 12.3s<1:04
800/800      3.57G     0.6434     0.3149     0.7911        170        256: 16% ━╸────────── 36/230 3.0it/s 12.6s<1:04[ WARN:0@182918.250] global grfmt_tiff.cpp:122 TIFF_Warning TIFFReadDirectory: Unknown field with tag 34264 (0x85d8) encountered
800/800      3.57G     0.6458     0.3158     0.7907        174        256: 16% ━╸────────── 37/230 3.0it/s 13.0s<1:04
800/800      3.57G     0.6427     0.3149       0.79        133        256: 17% ━╸────────── 38/230 3.0it/s 13.3s<1:03
800/800      3.57G     0.6414     0.3156     0.7904        117        256: 17% ━━────────── 39/230 3.0it/s 13.6s<1:04
800/800      3.57G     0.6406     0.3154       0.79        122        256: 17% ━━────────── 40/230 3.0it/s 14.0s<1:03
800/800      3.57G     0.6416     0.3154     0.7898        143        256: 18% ━━────────── 41/230 3.0it/s 14.3s<1:03
800/800      3.57G      0.641     0.3155     0.7899        138        256: 18% ━━────────── 42/230 3.0it/s 14.6s<1:02
800/800      3.57G     0.6402     0.3154     0.7894        126        256: 19% ━━────────── 43/230 2.9it/s 15.0s<1:03
800/800      3.57G     0.6353     0.3141     0.7895        113        256: 19% ━━────────── 44/230 2.9it/s 15.3s<1:03
800/800      3.57G     0.6381     0.3149     0.7892        151        256: 20% ━━────────── 45/230 3.0it/s 15.6s<1:01
800/800      3.57G     0.6381     0.3147     0.7897        117        256: 20% ━━────────── 46/230 3.1it/s 15.9s<1:00
800/800      3.57G     0.6429     0.3158     0.7898        163        256: 20% ━━────────── 47/230 3.0it/s 16.3s<1:00
800/800      3.57G     0.6414     0.3151     0.7895        127        256: 21% ━━╸───────── 48/230 3.1it/s 16.6s<59.0s
800/800      3.57G       0.64     0.3148     0.7895        140        256: 21% ━━╸───────── 49/230 3.1it/s 16.9s<59.3s
800/800      3.57G     0.6387     0.3144     0.7891        127        256: 22% ━━╸───────── 50/230 3.0it/s 17.3s<1:00
800/800      3.57G     0.6385     0.3141     0.7894        139        256: 22% ━━╸───────── 51/230 3.0it/s 17.6s<59.9s
800/800      3.57G      0.638      0.314     0.7895        146        256: 23% ━━╸───────── 52/230 3.0it/s 18.0s<59.3s
800/800      3.57G     0.6392      0.314     0.7895        144        256: 23% ━━╸───────── 53/230 3.0it/s 18.3s<59.1s
800/800      3.57G     0.6447     0.3159     0.7892        250        256: 23% ━━╸───────── 54/230 2.9it/s 18.7s<1:01
800/800      3.57G     0.6462     0.3164     0.7889        199        256: 24% ━━╸───────── 55/230 2.8it/s 19.0s<1:02[ WARN:0@182924.661] global grfmt_tiff.cpp:122 TIFF_Warning TIFFReadDirectory: Unknown field with tag 34264 (0x85d8) encountered
800/800      3.57G     0.6457     0.3164     0.7891        139        256: 24% ━━╸───────── 56/230 2.9it/s 19.4s<1:01
800/800      3.57G     0.6478      0.317     0.7889        221        256: 25% ━━╸───────── 57/230 2.8it/s 19.7s<1:01[ WARN:0@182925.215] global grfmt_tiff.cpp:122 TIFF_Warning TIFFReadDirectory: Unknown field with tag 34264 (0x85d8) encountered
800/800      3.57G     0.6491     0.3174     0.7892        151        256: 25% ━━━───────── 58/230 2.9it/s 20.1s<59.7s
800/800      3.57G     0.6482     0.3173     0.7891        117        256: 26% ━━━───────── 59/230 3.0it/s 20.4s<57.4s
800/800      3.57G     0.6474     0.3175     0.7891        107        256: 26% ━━━───────── 60/230 3.0it/s 20.7s<56.7s[ WARN:0@182926.209] global grfmt_tiff.cpp:122 TIFF_Warning TIFFReadDirectory: Unknown field with tag 34264 (0x85d8) encountered
800/800      3.57G     0.6482     0.3175      0.789        196        256: 27% ━━━───────── 61/230 3.0it/s 21.1s<57.3s
800/800      3.57G     0.6496     0.3178     0.7893        181        256: 27% ━━━───────── 62/230 3.0it/s 21.4s<56.5s
800/800      3.57G      0.652     0.3186     0.7895        215        256: 27% ━━━───────── 63/230 3.0it/s 21.7s<55.8s
800/800      3.57G     0.6514     0.3187     0.7896        121        256: 28% ━━━───────── 64/230 3.1it/s 22.0s<54.4s
800/800      3.57G     0.6525      0.319     0.7896        191        256: 28% ━━━───────── 65/230 3.0it/s 22.4s<54.5s[ WARN:0@182927.955] global grfmt_tiff.cpp:122 TIFF_Warning TIFFReadDirectory: Unknown field with tag 34264 (0x85d8) encountered
800/800      3.57G     0.6521     0.3188     0.7895        163        256: 29% ━━━───────── 66/230 3.0it/s 22.7s<53.8s
800/800      3.57G      0.654     0.3194     0.7895        196        256: 29% ━━━───────── 67/230 3.1it/s 23.0s<52.9s
800/800      3.57G     0.6554     0.3195       0.79        146        256: 30% ━━━╸──────── 68/230 3.1it/s 23.3s<52.8s
800/800      3.57G     0.6576     0.3207     0.7898        220        256: 30% ━━━╸──────── 69/230 3.0it/s 23.7s<53.1s
800/800      3.57G     0.6583      0.321     0.7899        130        256: 30% ━━━╸──────── 70/230 3.0it/s 24.0s<52.8s
800/800      3.57G     0.6558     0.3203     0.7897        109        256: 31% ━━━╸──────── 71/230 3.1it/s 24.3s<51.8s
800/800      3.57G     0.6549       0.32       0.79        121        256: 31% ━━━╸──────── 72/230 3.0it/s 24.7s<52.8s
800/800      3.57G      0.653     0.3193       0.79        117        256: 32% ━━━╸──────── 73/230 3.0it/s 25.0s<52.1s
800/800      3.57G     0.6525     0.3191     0.7903        116        256: 32% ━━━╸──────── 74/230 3.0it/s 25.3s<51.7s
800/800      3.57G     0.6539     0.3198     0.7904        136        256: 33% ━━━╸──────── 75/230 3.0it/s 25.7s<50.8s
800/800      3.57G      0.653     0.3193     0.7901        125        256: 33% ━━━╸──────── 76/230 3.0it/s 26.0s<52.2s
800/800      3.57G     0.6522     0.3193       0.79        115        256: 33% ━━━━──────── 77/230 3.0it/s 26.3s<50.5s
800/800      3.57G     0.6553     0.3201       0.79        160        256: 34% ━━━━──────── 78/230 3.0it/s 26.7s<50.9s
800/800      3.57G     0.6548     0.3197       0.79        115        256: 34% ━━━━──────── 79/230 3.0it/s 27.0s<50.1s
800/800      3.57G     0.6544     0.3196     0.7904        147        256: 35% ━━━━──────── 80/230 3.0it/s 27.3s<49.9s
800/800      3.57G     0.6547     0.3199     0.7901        172        256: 35% ━━━━──────── 81/230 3.1it/s 27.7s<48.8s[ WARN:0@182933.185] global grfmt_tiff.cpp:122 TIFF_Warning TIFFReadDirectory: Unknown field with tag 34264 (0x85d8) encountered
800/800      3.57G     0.6544     0.3194     0.7903        164        256: 36% ━━━━──────── 82/230 3.7it/s 27.9s<40.2s
800/800      3.57G      0.656     0.3199     0.7902        194        256: 36% ━━━━──────── 83/230 3.5it/s 28.2s<41.7s
800/800      3.57G     0.6571     0.3205     0.7905        128        256: 37% ━━━━──────── 84/230 3.3it/s 28.5s<44.3s
800/800      3.57G     0.6555     0.3197      0.791        109        256: 37% ━━━━──────── 85/230 3.3it/s 28.8s<44.2s
800/800      3.57G     0.6572     0.3205     0.7913        152        256: 37% ━━━━──────── 86/230 3.2it/s 29.2s<44.9s
800/800      3.57G     0.6594     0.3208     0.7911        245        256: 38% ━━━━╸─────── 87/230 3.1it/s 29.5s<46.1s
800/800      3.57G     0.6603     0.3209      0.791        140        256: 38% ━━━━╸─────── 88/230 3.0it/s 29.9s<47.0s[ WARN:0@182935.419] global grfmt_tiff.cpp:122 TIFF_Warning TIFFReadDirectory: Unknown field with tag 34264 (0x85d8) encountered
800/800      3.57G     0.6599     0.3206     0.7909        169        256: 39% ━━━━╸─────── 89/230 3.0it/s 30.2s<46.4s
800/800      3.57G     0.6593     0.3204      0.791        187        256: 39% ━━━━╸─────── 90/230 3.1it/s 30.5s<45.5s
800/800      3.57G     0.6582       0.32     0.7913        110        256: 40% ━━━━╸─────── 91/230 3.0it/s 30.9s<46.7s
800/800      3.57G     0.6571     0.3195     0.7911        141        256: 40% ━━━━╸─────── 92/230 3.0it/s 31.2s<46.1s
800/800      3.57G     0.6572     0.3194     0.7913        121        256: 40% ━━━━╸─────── 93/230 3.1it/s 31.5s<44.7s
800/800      3.57G     0.6572     0.3194     0.7915        126        256: 41% ━━━━╸─────── 94/230 3.0it/s 31.9s<44.7s
800/800      3.57G     0.6578     0.3192     0.7917        160        256: 41% ━━━━╸─────── 95/230 3.1it/s 32.2s<44.0s
800/800      3.57G     0.6589     0.3198     0.7917        149        256: 42% ━━━━━─────── 96/230 3.1it/s 32.5s<43.9s
800/800      3.57G     0.6591     0.3198      0.792        127        256: 42% ━━━━━─────── 97/230 3.0it/s 32.8s<43.6s
800/800      3.57G     0.6588     0.3197     0.7921        149        256: 43% ━━━━━─────── 98/230 3.0it/s 33.2s<44.5s
800/800      3.57G     0.6577     0.3192     0.7921        116        256: 43% ━━━━━─────── 99/230 3.0it/s 33.5s<43.6s
800/800      3.57G     0.6577     0.3192     0.7918        164        256: 43% ━━━━━─────── 100/230 3.0it/s 33.9s<43.1s[ WARN:0@182939.337] global grfmt_tiff.cpp:122 TIFF_Warning TIFFReadDirectory: Unknown field with tag 34264 (0x85d8) encountered
800/800      3.57G     0.6579     0.3194      0.792        135        256: 44% ━━━━━─────── 101/230 3.0it/s 34.2s<42.8s
800/800      3.57G     0.6585     0.3196     0.7918        167        256: 44% ━━━━━─────── 102/230 2.8it/s 34.6s<45.2s
800/800      3.57G     0.6587     0.3196     0.7918        167        256: 45% ━━━━━─────── 103/230 2.9it/s 34.9s<44.0s
800/800      3.57G     0.6573     0.3192     0.7919        115        256: 45% ━━━━━─────── 104/230 2.9it/s 35.3s<43.5s
800/800      3.57G     0.6567     0.3191     0.7918        132        256: 46% ━━━━━─────── 105/230 2.9it/s 35.6s<43.4s
800/800      3.57G     0.6579     0.3197      0.792        158        256: 46% ━━━━━╸────── 106/230 3.0it/s 35.9s<41.6s
800/800      3.57G     0.6566     0.3191     0.7922        132        256: 47% ━━━━━╸────── 107/230 3.0it/s 36.3s<41.0s
800/800      3.57G     0.6555     0.3189     0.7922        109        256: 47% ━━━━━╸────── 108/230 3.0it/s 36.6s<40.9s
800/800      3.57G     0.6558     0.3191     0.7922        137        256: 47% ━━━━━╸────── 109/230 3.0it/s 36.9s<39.9s
800/800      3.57G     0.6557     0.3192     0.7921        180        256: 48% ━━━━━╸────── 110/230 3.1it/s 37.2s<39.3s
800/800      3.57G     0.6556      0.319     0.7923        153        256: 48% ━━━━━╸────── 111/230 3.1it/s 37.6s<38.9s
800/800      3.57G     0.6552     0.3188     0.7922        132        256: 49% ━━━━━╸────── 112/230 3.1it/s 37.9s<38.2s[ WARN:0@182943.324] global grfmt_tiff.cpp:122 TIFF_Warning TIFFReadDirectory: Unknown field with tag 34264 (0x85d8) encountered
800/800      3.57G     0.6562     0.3191      0.792        235        256: 49% ━━━━━╸────── 113/230 3.1it/s 38.2s<37.6s
800/800      3.57G     0.6555     0.3188     0.7921        118        256: 50% ━━━━━╸────── 114/230 3.1it/s 38.5s<37.6s
800/800      3.57G     0.6557     0.3189     0.7922        115        256: 50% ━━━━━━────── 115/230 2.9it/s 38.9s<39.3s
800/800      3.57G     0.6559      0.319      0.792        128        256: 50% ━━━━━━────── 116/230 2.8it/s 39.3s<40.8s
800/800      3.57G     0.6557     0.3188     0.7919        138        256: 51% ━━━━━━────── 117/230 2.7it/s 39.7s<41.5s
800/800      3.57G     0.6548     0.3186     0.7917        118        256: 51% ━━━━━━────── 118/230 2.7it/s 40.1s<41.3s[ WARN:0@182945.659] global grfmt_tiff.cpp:122 TIFF_Warning TIFFReadDirectory: Unknown field with tag 34264 (0x85d8) encountered
800/800      3.57G     0.6542     0.3183     0.7919        147        256: 52% ━━━━━━────── 119/230 2.7it/s 40.5s<41.3s
800/800      3.57G     0.6538     0.3181     0.7921        179        256: 52% ━━━━━━────── 120/230 2.7it/s 40.9s<41.5s
800/800      3.57G     0.6537      0.318     0.7921        163        256: 53% ━━━━━━────── 121/230 2.7it/s 41.2s<40.7s
800/800      3.57G     0.6539     0.3181     0.7917        143        256: 53% ━━━━━━────── 122/230 2.7it/s 41.6s<40.5s
800/800      3.57G      0.654     0.3181     0.7918        236        256: 53% ━━━━━━────── 123/230 2.7it/s 42.0s<40.2s
800/800      3.57G     0.6534      0.318     0.7919        125        256: 54% ━━━━━━────── 124/230 2.7it/s 42.4s<39.6s[ WARN:0@182947.981] global grfmt_tiff.cpp:122 TIFF_Warning TIFFReadDirectory: Unknown field with tag 34264 (0x85d8) encountered
800/800      3.57G      0.654     0.3184     0.7919        129        256: 54% ━━━━━━╸───── 125/230 2.6it/s 42.8s<40.9s
800/800      3.57G     0.6529     0.3181     0.7919        117        256: 55% ━━━━━━╸───── 126/230 2.6it/s 43.2s<40.2s
800/800      3.57G     0.6535     0.3184     0.7917        166        256: 55% ━━━━━━╸───── 127/230 2.6it/s 43.6s<39.9s
800/800      3.57G     0.6533     0.3182     0.7916        136        256: 56% ━━━━━━╸───── 128/230 2.5it/s 44.0s<41.4s
800/800      3.57G     0.6531     0.3182     0.7914        134        256: 56% ━━━━━━╸───── 129/230 2.5it/s 44.4s<41.0s
800/800      3.57G     0.6526     0.3181     0.7913        119        256: 57% ━━━━━━╸───── 130/230 2.5it/s 44.8s<39.7s
800/800      3.57G     0.6525      0.318     0.7912        162        256: 57% ━━━━━━╸───── 131/230 2.5it/s 45.2s<39.0s
800/800      3.57G     0.6529     0.3183     0.7912        137        256: 57% ━━━━━━╸───── 132/230 2.6it/s 45.5s<37.8s
800/800      3.57G     0.6522     0.3181     0.7912        173        256: 58% ━━━━━━╸───── 133/230 2.6it/s 45.9s<37.1s
800/800      3.57G      0.652     0.3181     0.7912        193        256: 58% ━━━━━━╸───── 134/230 2.6it/s 46.3s<36.7s
800/800      3.57G     0.6522     0.3181     0.7913        156        256: 59% ━━━━━━━───── 135/230 2.7it/s 46.7s<35.7s
800/800      3.57G     0.6517     0.3179     0.7913        112        256: 59% ━━━━━━━───── 136/230 2.6it/s 47.0s<35.5s[ WARN:0@182952.614] global grfmt_tiff.cpp:122 TIFF_Warning TIFFReadDirectory: Unknown field with tag 34264 (0x85d8) encountered
800/800      3.57G      0.652     0.3182     0.7913        207        256: 60% ━━━━━━━───── 137/230 2.7it/s 47.4s<34.8s
800/800      3.57G     0.6514     0.3181     0.7914        130        256: 60% ━━━━━━━───── 138/230 2.7it/s 47.8s<34.5s
800/800      3.57G     0.6506     0.3179     0.7914        128        256: 60% ━━━━━━━───── 139/230 2.7it/s 48.2s<34.0s
800/800      3.57G     0.6505     0.3179     0.7915        132        256: 61% ━━━━━━━───── 140/230 2.7it/s 48.5s<33.8s
800/800      3.57G     0.6504     0.3179     0.7917        121        256: 61% ━━━━━━━───── 141/230 2.7it/s 48.9s<33.3s
800/800      3.57G     0.6518     0.3183     0.7919        215        256: 62% ━━━━━━━───── 142/230 2.7it/s 49.3s<33.2s
800/800      3.57G     0.6514     0.3182     0.7919        127        256: 62% ━━━━━━━───── 143/230 2.7it/s 49.7s<32.5s
800/800      3.57G     0.6522     0.3185      0.792        189        256: 63% ━━━━━━━╸──── 144/230 2.7it/s 50.0s<32.3s
800/800      3.57G     0.6525     0.3187     0.7921        134        256: 63% ━━━━━━━╸──── 145/230 2.7it/s 50.4s<31.7s
800/800      3.57G     0.6529     0.3188     0.7922        162        256: 63% ━━━━━━━╸──── 146/230 2.7it/s 50.8s<30.9s
800/800      3.57G     0.6543     0.3192     0.7921        235        256: 64% ━━━━━━━╸──── 147/230 2.7it/s 51.1s<30.9s
800/800      3.57G     0.6543     0.3193      0.792        103        256: 64% ━━━━━━━╸──── 148/230 2.7it/s 51.5s<30.5s
800/800      3.57G     0.6547     0.3195     0.7919        106        256: 65% ━━━━━━━╸──── 149/230 2.7it/s 51.9s<29.8s[ WARN:0@182957.436] global grfmt_tiff.cpp:122 TIFF_Warning TIFFReadDirectory: Unknown field with tag 34264 (0x85d8) encountered
800/800      3.57G     0.6543     0.3192      0.792        128        256: 65% ━━━━━━━╸──── 150/230 2.7it/s 52.2s<29.4s
800/800      3.57G     0.6543     0.3192      0.792        159        256: 66% ━━━━━━━╸──── 151/230 2.7it/s 52.6s<29.5s
800/800      3.57G     0.6551     0.3196     0.7921        191        256: 66% ━━━━━━━╸──── 152/230 2.7it/s 53.0s<29.0s
800/800      3.57G     0.6552     0.3197      0.792        108        256: 67% ━━━━━━━╸──── 153/230 2.7it/s 53.4s<28.8s
800/800      3.57G     0.6558     0.3198     0.7923        193        256: 67% ━━━━━━━━──── 154/230 2.7it/s 53.7s<28.2s[ WARN:0@182959.224] global grfmt_tiff.cpp:122 TIFF_Warning TIFFReadDirectory: Unknown field with tag 34264 (0x85d8) encountered
800/800      3.57G     0.6556     0.3198     0.7923        125        256: 67% ━━━━━━━━──── 155/230 2.7it/s 54.1s<27.8s
800/800      3.57G     0.6551     0.3196     0.7922        170        256: 68% ━━━━━━━━──── 156/230 2.7it/s 54.5s<27.3s
800/800      3.57G     0.6554     0.3195     0.7921        194        256: 68% ━━━━━━━━──── 157/230 2.7it/s 54.8s<26.6s
800/800      3.57G     0.6549     0.3193     0.7921        151        256: 69% ━━━━━━━━──── 158/230 2.7it/s 55.2s<26.8s
800/800      3.57G     0.6546     0.3193      0.792        179        256: 69% ━━━━━━━━──── 159/230 2.7it/s 55.6s<26.6s
800/800      3.57G      0.655     0.3195     0.7921        117        256: 70% ━━━━━━━━──── 160/230 2.7it/s 56.0s<26.0s
800/800      3.57G     0.6555     0.3196     0.7921        160        256: 70% ━━━━━━━━──── 161/230 2.7it/s 56.3s<25.3s[ WARN:0@182961.931] global grfmt_tiff.cpp:122 TIFF_Warning TIFFReadDirectory: Unknown field with tag 34264 (0x85d8) encountered
800/800      3.57G     0.6549     0.3195      0.792        127        256: 70% ━━━━━━━━──── 162/230 2.7it/s 56.7s<25.4s
800/800      3.57G     0.6556     0.3197      0.792        179        256: 71% ━━━━━━━━╸─── 163/230 2.7it/s 57.1s<25.2s
800/800      3.57G     0.6561     0.3198     0.7918        190        256: 71% ━━━━━━━━╸─── 164/230 2.6it/s 57.5s<25.0s
800/800      3.57G     0.6566       0.32     0.7916        241        256: 72% ━━━━━━━━╸─── 165/230 2.7it/s 57.8s<24.3s
800/800      3.57G     0.6562     0.3198     0.7918        144        256: 72% ━━━━━━━━╸─── 166/230 2.7it/s 58.2s<24.0s
800/800      3.57G     0.6564       0.32     0.7918        131        256: 73% ━━━━━━━━╸─── 167/230 2.7it/s 58.6s<23.6s
800/800      3.57G     0.6564     0.3199     0.7919        155        256: 73% ━━━━━━━━╸─── 168/230 2.7it/s 59.0s<23.1s
800/800      3.57G     0.6571       0.32     0.7918        264        256: 73% ━━━━━━━━╸─── 169/230 2.7it/s 59.4s<23.0s
800/800      3.57G     0.6571       0.32     0.7919        149        256: 74% ━━━━━━━━╸─── 170/230 2.7it/s 59.7s<22.4s[ WARN:0@182965.169] global grfmt_tiff.cpp:122 TIFF_Warning TIFFReadDirectory: Unknown field with tag 34264 (0x85d8) encountered
800/800      3.57G      0.657     0.3199      0.792        118        256: 74% ━━━━━━━━╸─── 171/230 2.7it/s 1:00<21.9s
800/800      3.57G     0.6576     0.3202     0.7919        150        256: 75% ━━━━━━━━╸─── 172/230 2.7it/s 1:00<21.5s
800/800      3.57G      0.657     0.3199     0.7918        133        256: 75% ━━━━━━━━━─── 173/230 2.7it/s 1:01<21.2s
800/800      3.57G     0.6567     0.3197      0.792        128        256: 76% ━━━━━━━━━─── 174/230 2.7it/s 1:01<20.8s
800/800      3.57G     0.6571     0.3198      0.792        194        256: 76% ━━━━━━━━━─── 175/230 2.7it/s 1:02<20.5s
800/800      3.57G     0.6575       0.32     0.7921        120        256: 77% ━━━━━━━━━─── 176/230 2.7it/s 1:02<19.8s
800/800      3.57G     0.6569     0.3198     0.7921        101        256: 77% ━━━━━━━━━─── 177/230 2.7it/s 1:02<19.7s
800/800      3.57G     0.6567     0.3198     0.7922        132        256: 77% ━━━━━━━━━─── 178/230 2.6it/s 1:03<19.7s
800/800      3.57G     0.6567     0.3198     0.7923        137        256: 78% ━━━━━━━━━─── 179/230 2.7it/s 1:03<19.0s
800/800      3.57G     0.6568     0.3198     0.7922        124        256: 78% ━━━━━━━━━─── 180/230 2.7it/s 1:03<18.7s
800/800      3.57G     0.6567     0.3198     0.7923        134        256: 79% ━━━━━━━━━─── 181/230 2.7it/s 1:04<18.4s
800/800      3.57G     0.6569     0.3199     0.7923        148        256: 79% ━━━━━━━━━─── 182/230 2.7it/s 1:04<17.9s
800/800      3.57G     0.6572       0.32     0.7924        201        256: 80% ━━━━━━━━━╸── 183/230 2.7it/s 1:05<17.3s
800/800      3.57G     0.6576     0.3202     0.7924        160        256: 80% ━━━━━━━━━╸── 184/230 2.7it/s 1:05<17.2s
800/800      3.57G     0.6573       0.32     0.7924        177        256: 80% ━━━━━━━━━╸── 185/230 2.7it/s 1:05<16.9s
800/800      3.57G      0.659     0.3203     0.7925        205        256: 81% ━━━━━━━━━╸── 186/230 2.7it/s 1:06<16.6s
800/800      3.57G      0.659     0.3204     0.7925        167        256: 81% ━━━━━━━━━╸── 187/230 2.7it/s 1:06<15.9s
800/800      3.57G      0.659     0.3203     0.7926        166        256: 82% ━━━━━━━━━╸── 188/230 2.7it/s 1:06<15.6s
800/800      3.57G      0.658     0.3202     0.7925        113        256: 82% ━━━━━━━━━╸── 189/230 2.7it/s 1:07<15.4s
800/800      3.57G     0.6573       0.32     0.7926        126        256: 83% ━━━━━━━━━╸── 190/230 2.7it/s 1:07<15.0s
800/800      3.57G     0.6577     0.3203     0.7927        111        256: 83% ━━━━━━━━━╸── 191/230 2.7it/s 1:08<14.6s
800/800      3.57G     0.6576     0.3203     0.7926        150        256: 83% ━━━━━━━━━━── 192/230 2.6it/s 1:08<14.4s
800/800      3.57G     0.6572     0.3203     0.7927        127        256: 84% ━━━━━━━━━━── 193/230 2.6it/s 1:08<14.0s
800/800      3.57G     0.6569     0.3202     0.7928        150        256: 84% ━━━━━━━━━━── 194/230 2.7it/s 1:09<13.4s
800/800      3.57G     0.6563       0.32     0.7928        144        256: 85% ━━━━━━━━━━── 195/230 2.7it/s 1:09<13.1s
800/800      3.57G     0.6554     0.3198      0.793        127        256: 85% ━━━━━━━━━━── 196/230 2.7it/s 1:09<12.7s[ WARN:0@182974.909] global grfmt_tiff.cpp:122 TIFF_Warning TIFFReadDirectory: Unknown field with tag 34264 (0x85d8) encountered
800/800      3.57G      0.656     0.3199      0.793        195        256: 86% ━━━━━━━━━━── 197/230 2.7it/s 1:10<12.3s
800/800      3.57G     0.6566     0.3199      0.793        149        256: 86% ━━━━━━━━━━── 198/230 2.7it/s 1:10<11.8s
800/800      3.57G     0.6574     0.3201     0.7929        233        256: 87% ━━━━━━━━━━── 199/230 2.7it/s 1:11<11.5s
800/800      3.57G     0.6584     0.3204      0.793        217        256: 87% ━━━━━━━━━━── 200/230 2.7it/s 1:11<11.1s
800/800      3.57G     0.6577     0.3203     0.7931        118        256: 87% ━━━━━━━━━━── 201/230 2.7it/s 1:11<10.8s
800/800      3.57G     0.6581     0.3202     0.7932        207        256: 88% ━━━━━━━━━━╸─ 202/230 2.7it/s 1:12<10.5s[ WARN:0@182977.253] global grfmt_tiff.cpp:122 TIFF_Warning TIFFReadDirectory: Unknown field with tag 34264 (0x85d8) encountered
800/800      3.57G     0.6579     0.3203     0.7932        141        256: 88% ━━━━━━━━━━╸─ 203/230 2.6it/s 1:12<10.2s
800/800      3.57G     0.6576     0.3202     0.7932        115        256: 89% ━━━━━━━━━━╸─ 204/230 2.7it/s 1:12<9.8s
800/800      3.57G     0.6581     0.3203     0.7933        160        256: 89% ━━━━━━━━━━╸─ 205/230 2.7it/s 1:13<9.2s
800/800      3.57G     0.6577     0.3202     0.7931        133        256: 90% ━━━━━━━━━━╸─ 206/230 2.7it/s 1:13<8.9s
800/800      3.57G     0.6578     0.3202     0.7931        136        256: 90% ━━━━━━━━━━╸─ 207/230 2.7it/s 1:14<8.6s[ WARN:0@182979.053] global grfmt_tiff.cpp:122 TIFF_Warning TIFFReadDirectory: Unknown field with tag 34264 (0x85d8) encountered
800/800      3.57G     0.6577     0.3202     0.7931        114        256: 90% ━━━━━━━━━━╸─ 208/230 2.5it/s 1:14<8.7s
800/800      3.57G     0.6581     0.3204      0.793        222        256: 91% ━━━━━━━━━━╸─ 209/230 2.6it/s 1:14<8.1s
800/800      3.57G     0.6575     0.3203     0.7931        134        256: 91% ━━━━━━━━━━╸─ 210/230 2.6it/s 1:15<7.6s
800/800      3.57G     0.6584     0.3207     0.7931        239        256: 92% ━━━━━━━━━━━─ 211/230 2.7it/s 1:15<7.1s
800/800      3.57G     0.6589     0.3208     0.7931        193        256: 92% ━━━━━━━━━━━─ 212/230 2.5it/s 1:16<7.2s
800/800      3.57G     0.6586     0.3206     0.7932        191        256: 93% ━━━━━━━━━━━─ 213/230 2.6it/s 1:16<6.6s
800/800      3.57G     0.6587     0.3206     0.7932        133        256: 93% ━━━━━━━━━━━─ 214/230 2.6it/s 1:16<6.1s
800/800      3.57G     0.6587     0.3207     0.7932        142        256: 93% ━━━━━━━━━━━─ 215/230 2.6it/s 1:17<5.7s
800/800      3.57G     0.6587     0.3207     0.7933        147        256: 94% ━━━━━━━━━━━─ 216/230 2.7it/s 1:17<5.2s
800/800      3.57G     0.6586     0.3207     0.7934        144        256: 94% ━━━━━━━━━━━─ 217/230 2.6it/s 1:17<4.9s
800/800      3.57G     0.6584     0.3206     0.7936        102        256: 95% ━━━━━━━━━━━─ 218/230 2.7it/s 1:18<4.5s
800/800      3.57G     0.6578     0.3205     0.7936        124        256: 95% ━━━━━━━━━━━─ 219/230 2.6it/s 1:18<4.2s
800/800      3.57G     0.6576     0.3204     0.7936        170        256: 96% ━━━━━━━━━━━─ 220/230 2.6it/s 1:19<3.8s
800/800      3.57G     0.6582     0.3206     0.7936        207        256: 96% ━━━━━━━━━━━╸ 221/230 2.6it/s 1:19<3.4s
800/800      3.57G     0.6577     0.3204     0.7935        110        256: 97% ━━━━━━━━━━━╸ 222/230 2.7it/s 1:19<3.0s
800/800      3.57G     0.6575     0.3204     0.7936        125        256: 97% ━━━━━━━━━━━╸ 223/230 2.7it/s 1:20<2.6s
800/800      3.57G     0.6573     0.3204     0.7936        142        256: 97% ━━━━━━━━━━━╸ 224/230 2.7it/s 1:20<2.2s[ WARN:0@182985.630] global grfmt_tiff.cpp:122 TIFF_Warning TIFFReadDirectory: Unknown field with tag 34264 (0x85d8) encountered
800/800      3.57G      0.657     0.3203     0.7936        154        256: 98% ━━━━━━━━━━━╸ 225/230 2.7it/s 1:20<1.9s
800/800      3.57G     0.6572     0.3204     0.7937        174        256: 98% ━━━━━━━━━━━╸ 226/230 2.7it/s 1:21<1.5s[ WARN:0@182986.409] global grfmt_tiff.cpp:122 TIFF_Warning TIFFReadDirectory: Unknown field with tag 34264 (0x85d8) encountered
800/800      3.57G     0.6573     0.3204     0.7938        219        256: 99% ━━━━━━━━━━━╸ 227/230 2.6it/s 1:21<1.1s
800/800      3.57G     0.6579     0.3206     0.7938        187        256: 99% ━━━━━━━━━━━╸ 228/230 2.6it/s 1:22<0.8s
800/800      3.57G     0.6575     0.3211      0.794         19        256: 100% ━━━━━━━━━━━╸ 229/230 2.7it/s 1:22<0.4s
800/800      3.57G     0.6575     0.3211      0.794         19        256: 100% ━━━━━━━━━━━━ 230/230 2.8it/s 1:22
Class     Images  Instances      Box(P          R      mAP50  mAP50-95): 21% ━━────────── 6/29 5.3s/it 28.3s<2:03
Class     Images  Instances      Box(P          R      mAP50  mAP50-95): 38% ━━━━╸─────── 11/29 4.9s/it 52.2s<1:28
Class     Images  Instances      Box(P          R      mAP50  mAP50-95): 59% ━━━━━━━───── 17/29 4.9s/it 1:21<58.7s[ WARN:0@183068.975] global grfmt_tiff.cpp:122 TIFF_Warning TIFFReadDirectory: Unknown field with tag 34264 (0x85d8) encountered
Class     Images  Instances      Box(P          R      mAP50  mAP50-95): 62% ━━━━━━━───── 18/29 4.9s/it 1:26<53.5s[ WARN:0@183073.720] global grfmt_tiff.cpp:122 TIFF_Warning TIFFReadDirectory: Unknown field with tag 34264 (0x85d8) encountered
Class     Images  Instances      Box(P          R      mAP50  mAP50-95): 72% ━━━━━━━━╸─── 21/29 4.9s/it 1:41<39.1s
Class     Images  Instances      Box(P          R      mAP50  mAP50-95): 83% ━━━━━━━━━╸── 24/29 4.8s/it 1:55<24.2s
Class     Images  Instances      Box(P          R      mAP50  mAP50-95): 86% ━━━━━━━━━━── 25/29 4.8s/it 2:00<19.3s
Class     Images  Instances      Box(P          R      mAP50  mAP50-95): 90% ━━━━━━━━━━╸─ 26/29 4.8s/it 2:05<14.5s
Class     Images  Instances      Box(P          R      mAP50  mAP50-95): 93% ━━━━━━━━━━━─ 27/29 4.8s/it 2:10<9.7s
Class     Images  Instances      Box(P          R      mAP50  mAP50-95): 97% ━━━━━━━━━━━╸ 28/29 4.8s/it 2:15<4.8s
Class     Images  Instances      Box(P          R      mAP50  mAP50-95): 100% ━━━━━━━━━━━━ 29/29 4.7s/it 2:18
all       3667       9609      0.944      0.913       0.94      0.651
Optimizer stripped from /mnt/dataY/ydf/projects/LADD_og/runs_public/ogsod/hbb/formal_nomosaic_20260528/baselines/rgb/rgb_yolo11s_hbb_800ep_cos_nomosaic_albu_b64_s42/weights/last.pt, 19.3MB
Optimizer stripped from /mnt/dataY/ydf/projects/LADD_og/runs_public/ogsod/hbb/formal_nomosaic_20260528/baselines/rgb/rgb_yolo11s_hbb_800ep_cos_nomosaic_albu_b64_s42/weights/best.pt, 19.3MB
Validating /mnt/dataY/ydf/projects/LADD_og/runs_public/ogsod/hbb/formal_nomosaic_20260528/baselines/rgb/rgb_yolo11s_hbb_800ep_cos_nomosaic_albu_b64_s42/weights/best.pt...
Class     Images  Instances      Box(P          R      mAP50  mAP50-95): 3% ──────────── 1/29 26.0s/it 7.8s<12:07
Class     Images  Instances      Box(P          R      mAP50  mAP50-95): 7% ╸─────────── 2/29 15.3s/it 15.6s<6:54
Class     Images  Instances      Box(P          R      mAP50  mAP50-95): 10% ━─────────── 3/29 12.0s/it 23.6s<5:12
Class     Images  Instances      Box(P          R      mAP50  mAP50-95): 14% ━╸────────── 4/29 10.4s/it 31.5s<4:19
Class     Images  Instances      Box(P          R      mAP50  mAP50-95): 17% ━━────────── 5/29 9.4s/it 39.2s<3:46
Class     Images  Instances      Box(P          R      mAP50  mAP50-95): 21% ━━────────── 6/29 8.9s/it 47.1s<3:24
Class     Images  Instances      Box(P          R      mAP50  mAP50-95): 24% ━━╸───────── 7/29 8.5s/it 54.9s<3:07
Class     Images  Instances      Box(P          R      mAP50  mAP50-95): 28% ━━━───────── 8/29 8.3s/it 1:03<2:54
Class     Images  Instances      Box(P          R      mAP50  mAP50-95): 31% ━━━╸──────── 9/29 8.2s/it 1:11<2:44
Class     Images  Instances      Box(P          R      mAP50  mAP50-95): 34% ━━━━──────── 10/29 8.0s/it 1:18<2:32
Class     Images  Instances      Box(P          R      mAP50  mAP50-95): 38% ━━━━╸─────── 11/29 7.9s/it 1:26<2:22
Class     Images  Instances      Box(P          R      mAP50  mAP50-95): 41% ━━━━╸─────── 12/29 7.8s/it 1:33<2:12
Class     Images  Instances      Box(P          R      mAP50  mAP50-95): 45% ━━━━━─────── 13/29 7.6s/it 1:41<2:02
Class     Images  Instances      Box(P          R      mAP50  mAP50-95): 48% ━━━━━╸────── 14/29 7.0s/it 1:46<1:45
Class     Images  Instances      Box(P          R      mAP50  mAP50-95): 52% ━━━━━━────── 15/29 6.6s/it 1:52<1:33
Class     Images  Instances      Box(P          R      mAP50  mAP50-95): 55% ━━━━━━╸───── 16/29 6.4s/it 1:58<1:23
Class     Images  Instances      Box(P          R      mAP50  mAP50-95): 59% ━━━━━━━───── 17/29 6.2s/it 2:04<1:15[ WARN:0@183252.577] global grfmt_tiff.cpp:122 TIFF_Warning TIFFReadDirectory: Unknown field with tag 34264 (0x85d8) encountered
Class     Images  Instances      Box(P          R      mAP50  mAP50-95): 62% ━━━━━━━───── 18/29 6.1s/it 2:10<1:07[ WARN:0@183258.262] global grfmt_tiff.cpp:122 TIFF_Warning TIFFReadDirectory: Unknown field with tag 34264 (0x85d8) encountered
Class     Images  Instances      Box(P          R      mAP50  mAP50-95): 66% ━━━━━━━╸──── 19/29 6.0s/it 2:16<59.9s
Class     Images  Instances      Box(P          R      mAP50  mAP50-95): 69% ━━━━━━━━──── 20/29 5.9s/it 2:22<53.5s
Class     Images  Instances      Box(P          R      mAP50  mAP50-95): 72% ━━━━━━━━╸─── 21/29 5.9s/it 2:27<47.3s
Class     Images  Instances      Box(P          R      mAP50  mAP50-95): 76% ━━━━━━━━━─── 22/29 5.9s/it 2:33<41.0s
Class     Images  Instances      Box(P          R      mAP50  mAP50-95): 79% ━━━━━━━━━╸── 23/29 5.8s/it 2:39<35.0s
Class     Images  Instances      Box(P          R      mAP50  mAP50-95): 83% ━━━━━━━━━╸── 24/29 5.8s/it 2:45<29.1s
Class     Images  Instances      Box(P          R      mAP50  mAP50-95): 86% ━━━━━━━━━━── 25/29 5.8s/it 2:50<23.3s
Class     Images  Instances      Box(P          R      mAP50  mAP50-95): 90% ━━━━━━━━━━╸─ 26/29 5.8s/it 2:56<17.5s
Class     Images  Instances      Box(P          R      mAP50  mAP50-95): 93% ━━━━━━━━━━━─ 27/29 5.9s/it 3:02<11.7s
Class     Images  Instances      Box(P          R      mAP50  mAP50-95): 97% ━━━━━━━━━━━╸ 28/29 5.8s/it 3:08<5.8s
all       3667       9609       0.95      0.918      0.945      0.662
Results saved to /mnt/dataY/ydf/projects/LADD_og/runs_public/ogsod/hbb/formal_nomosaic_20260528/baselines/rgb/rgb_yolo11s_hbb_800ep_cos_nomosaic_albu_b64_s42
[ WARN:0@182985.693] global grfmt_tiff.cpp:122 TIFF_Warning TIFFReadDirectory: Unknown field with tag 34264 (0x85d8) encountered
[ WARN:0@183073.794] global grfmt_tiff.cpp:122 TIFF_Warning TIFFReadDirectory: Unknown field with tag 34264 (0x85d8) encountered
all       3667       9609      0.944      0.913       0.94      0.651
800 epochs completed in 50.862 hours.
YOLO11s summary (fused): 101 layers, 9,413,961 parameters, 0 gradients, 21.3 GFLOPs
[ WARN:0@183258.336] global grfmt_tiff.cpp:122 TIFF_Warning TIFFReadDirectory: Unknown field with tag 34264 (0x85d8) encountered
all       3667       9609       0.95      0.918      0.945      0.662
bridge       3315       6389      0.961      0.957      0.981      0.654
harbor        331        803      0.997       0.99      0.995      0.934
storage_tank        153       2417      0.892      0.808       0.86      0.399
Speed: 0.1ms preprocess, 0.6ms inference, 0.0ms loss, 8.2ms postprocess per image
Results saved to /mnt/dataY/ydf/projects/LADD_og/runs_public/ogsod/hbb/formal_nomosaic_20260528/baselines/rgb/rgb_yolo11s_hbb_800ep_cos_nomosaic_albu_b64_s42
