# source_log: /mnt/dataY/ydf/projects/LADD_og/logs/formal_nomosaic_20260528/baselines/sar_yolo11n_hbb_800ep_cos_nomosaic_albu_b64_s123_gpu2.log
# source_log_size_bytes: 31588299
# note: extracted from raw log; ANSI progress control characters removed; full raw log retained on server 90.

800/800      2.37G     0.9426     0.4669     0.8206        139        256: 18% ━━────────── 42/230 2.6it/s 16.1s<1:13
800/800      2.37G     0.9451     0.4677     0.8198        200        256: 19% ━━────────── 43/230 2.6it/s 16.5s<1:13
800/800      2.37G     0.9424     0.4676     0.8203        122        256: 19% ━━────────── 44/230 2.5it/s 16.9s<1:14
800/800      2.37G     0.9407     0.4666     0.8209        148        256: 20% ━━────────── 45/230 2.6it/s 17.2s<1:12
800/800      2.37G     0.9434     0.4683     0.8226        139        256: 20% ━━────────── 46/230 2.7it/s 17.6s<1:09
800/800      2.37G     0.9395     0.4671     0.8222        112        256: 20% ━━────────── 47/230 2.6it/s 18.0s<1:11
800/800      2.37G     0.9398     0.4664     0.8219        174        256: 21% ━━╸───────── 48/230 2.6it/s 18.4s<1:10
800/800      2.37G     0.9393     0.4662     0.8218        130        256: 21% ━━╸───────── 49/230 2.6it/s 18.8s<1:10
800/800      2.37G     0.9395      0.466     0.8219        165        256: 22% ━━╸───────── 50/230 2.6it/s 19.2s<1:10
800/800      2.37G     0.9368      0.465     0.8218        117        256: 22% ━━╸───────── 51/230 2.6it/s 19.5s<1:09
800/800      2.37G     0.9374     0.4653     0.8215        167        256: 23% ━━╸───────── 52/230 2.6it/s 19.9s<1:08
800/800      2.37G     0.9375      0.466     0.8213        104        256: 23% ━━╸───────── 53/230 2.7it/s 20.3s<1:06
800/800      2.37G     0.9391     0.4673     0.8213        178        256: 23% ━━╸───────── 54/230 2.6it/s 20.7s<1:08
800/800      2.37G     0.9374     0.4665     0.8217        120        256: 24% ━━╸───────── 55/230 2.6it/s 21.1s<1:07
800/800      2.37G     0.9359      0.466     0.8218        137        256: 24% ━━╸───────── 56/230 2.6it/s 21.4s<1:06
800/800      2.37G      0.934     0.4659     0.8219        126        256: 25% ━━╸───────── 57/230 2.7it/s 21.8s<1:05
800/800      2.37G     0.9343     0.4668     0.8217        129        256: 25% ━━━───────── 58/230 2.6it/s 22.2s<1:05
800/800      2.37G     0.9296     0.4649     0.8221        110        256: 26% ━━━───────── 59/230 2.7it/s 22.5s<1:03
800/800      2.37G     0.9305     0.4655     0.8221        154        256: 26% ━━━───────── 60/230 2.7it/s 22.9s<1:04
800/800      2.37G     0.9316     0.4653     0.8218        117        256: 27% ━━━───────── 61/230 2.7it/s 23.3s<1:03
800/800      2.37G     0.9313     0.4649      0.822        130        256: 27% ━━━───────── 62/230 2.7it/s 23.7s<1:03
800/800      2.37G     0.9315     0.4646     0.8223        102        256: 27% ━━━───────── 63/230 2.7it/s 24.0s<1:02
800/800      2.37G     0.9308     0.4643     0.8222        116        256: 28% ━━━───────── 64/230 2.7it/s 24.4s<1:02
800/800      2.37G     0.9305     0.4642     0.8221        121        256: 28% ━━━───────── 65/230 2.8it/s 24.7s<58.7s
800/800      2.37G     0.9283     0.4634     0.8221        152        256: 29% ━━━───────── 66/230 2.7it/s 25.1s<59.7s
800/800      2.37G      0.931     0.4643     0.8217        161        256: 29% ━━━───────── 67/230 2.8it/s 25.5s<57.4s
800/800      2.37G     0.9311     0.4645     0.8218        152        256: 30% ━━━╸──────── 68/230 2.8it/s 25.8s<57.6s
800/800      2.37G     0.9309     0.4646      0.822        163        256: 30% ━━━╸──────── 69/230 2.9it/s 26.2s<56.4s
800/800      2.37G     0.9323     0.4655     0.8223        139        256: 30% ━━━╸──────── 70/230 2.9it/s 26.5s<55.7s
800/800      2.37G     0.9304     0.4648     0.8222        131        256: 31% ━━━╸──────── 71/230 2.8it/s 26.9s<56.0s
800/800      2.37G     0.9321     0.4651     0.8221        136        256: 31% ━━━╸──────── 72/230 2.9it/s 27.2s<54.7s
800/800      2.37G     0.9337     0.4666     0.8221        172        256: 32% ━━━╸──────── 73/230 2.9it/s 27.5s<53.5s
800/800      2.37G     0.9363     0.4674      0.822        211        256: 32% ━━━╸──────── 74/230 2.9it/s 27.9s<52.9s
800/800      2.37G     0.9343     0.4665     0.8222        150        256: 33% ━━━╸──────── 75/230 2.9it/s 28.2s<53.6s
800/800      2.37G     0.9361     0.4672     0.8219        129        256: 33% ━━━╸──────── 76/230 3.0it/s 28.5s<51.8s
800/800      2.37G     0.9383     0.4678     0.8219        184        256: 33% ━━━━──────── 77/230 3.0it/s 28.9s<51.2s
800/800      2.37G     0.9378     0.4677     0.8221        145        256: 34% ━━━━──────── 78/230 3.1it/s 29.2s<49.1s
800/800      2.37G     0.9382     0.4678     0.8221        126        256: 34% ━━━━──────── 79/230 3.1it/s 29.5s<49.1s
800/800      2.37G     0.9372     0.4673     0.8219        135        256: 35% ━━━━──────── 80/230 3.1it/s 29.8s<48.6s
800/800      2.37G     0.9363     0.4672     0.8221        123        256: 35% ━━━━──────── 81/230 3.0it/s 30.2s<49.5s
800/800      2.37G     0.9345     0.4667     0.8222        159        256: 36% ━━━━──────── 82/230 3.0it/s 30.5s<49.6s
800/800      2.37G     0.9338     0.4669     0.8224        130        256: 36% ━━━━──────── 83/230 2.9it/s 30.9s<51.0s
800/800      2.37G     0.9342     0.4673     0.8223        189        256: 37% ━━━━──────── 84/230 2.9it/s 31.2s<50.1s
800/800      2.37G     0.9338     0.4672     0.8224        110        256: 37% ━━━━──────── 85/230 3.0it/s 31.5s<48.7s
800/800      2.37G     0.9347     0.4675     0.8221        199        256: 37% ━━━━──────── 86/230 3.0it/s 31.9s<48.0s
800/800      2.37G     0.9357     0.4688     0.8225        136        256: 38% ━━━━╸─────── 87/230 2.9it/s 32.2s<48.8s
800/800      2.37G     0.9368     0.4689     0.8225        169        256: 38% ━━━━╸─────── 88/230 3.0it/s 32.6s<47.8s
800/800      2.37G     0.9367     0.4691     0.8226        122        256: 39% ━━━━╸─────── 89/230 3.1it/s 32.9s<46.2s
800/800      2.37G      0.936     0.4688     0.8227        160        256: 39% ━━━━╸─────── 90/230 3.0it/s 33.2s<46.2s
800/800      2.37G     0.9366     0.4692     0.8227        136        256: 40% ━━━━╸─────── 91/230 3.1it/s 33.5s<44.8s
800/800      2.37G     0.9371     0.4696     0.8227        183        256: 40% ━━━━╸─────── 92/230 3.1it/s 33.8s<44.9s
800/800      2.37G      0.937     0.4695     0.8224        138        256: 40% ━━━━╸─────── 93/230 3.2it/s 34.1s<43.2s
800/800      2.37G      0.936     0.4693     0.8224        148        256: 41% ━━━━╸─────── 94/230 3.1it/s 34.5s<43.5s
800/800      2.37G     0.9388     0.4701     0.8223        222        256: 41% ━━━━╸─────── 95/230 3.2it/s 34.8s<42.7s
800/800      2.37G     0.9394     0.4705     0.8222        133        256: 42% ━━━━━─────── 96/230 3.1it/s 35.1s<43.3s
800/800      2.37G     0.9395     0.4703     0.8223        163        256: 42% ━━━━━─────── 97/230 3.1it/s 35.4s<43.4s
800/800      2.37G     0.9392     0.4701     0.8218        169        256: 43% ━━━━━─────── 98/230 3.0it/s 35.8s<44.4s
800/800      2.37G      0.941     0.4707     0.8218        172        256: 43% ━━━━━─────── 99/230 3.0it/s 36.1s<44.1s
800/800      2.37G     0.9411     0.4712     0.8218        111        256: 43% ━━━━━─────── 100/230 2.9it/s 36.5s<44.1s
800/800      2.37G     0.9421     0.4715     0.8219        173        256: 44% ━━━━━─────── 101/230 3.0it/s 36.8s<43.6s
800/800      2.37G      0.942     0.4716     0.8218        130        256: 44% ━━━━━─────── 102/230 2.9it/s 37.2s<43.6s
800/800      2.37G     0.9426     0.4717     0.8215        142        256: 45% ━━━━━─────── 103/230 2.9it/s 37.5s<43.3s
800/800      2.37G     0.9439     0.4722     0.8213        183        256: 45% ━━━━━─────── 104/230 2.9it/s 37.9s<43.1s
800/800      2.37G     0.9445     0.4724     0.8213        148        256: 46% ━━━━━─────── 105/230 2.8it/s 38.3s<44.4s
800/800      2.37G     0.9437     0.4723     0.8213        138        256: 46% ━━━━━╸────── 106/230 3.0it/s 38.5s<41.3s
800/800      2.37G     0.9433      0.472     0.8211        145        256: 47% ━━━━━╸────── 107/230 3.0it/s 38.9s<41.3s
800/800      2.37G     0.9427     0.4715     0.8212        159        256: 47% ━━━━━╸────── 108/230 3.0it/s 39.2s<40.8s
800/800      2.37G     0.9424     0.4714     0.8213        152        256: 47% ━━━━━╸────── 109/230 3.0it/s 39.5s<40.4s
800/800      2.37G     0.9447     0.4723      0.821        263        256: 48% ━━━━━╸────── 110/230 2.9it/s 39.9s<40.8s
800/800      2.37G     0.9452     0.4725     0.8211        117        256: 48% ━━━━━╸────── 111/230 3.0it/s 40.2s<40.1s
800/800      2.37G     0.9449     0.4722     0.8211        158        256: 49% ━━━━━╸────── 112/230 3.0it/s 40.6s<39.4s
800/800      2.37G     0.9457     0.4723     0.8211        213        256: 49% ━━━━━╸────── 113/230 3.0it/s 40.9s<39.0s
800/800      2.37G     0.9452     0.4723     0.8208        120        256: 50% ━━━━━╸────── 114/230 3.0it/s 41.2s<38.8s
800/800      2.37G     0.9448      0.472      0.821        126        256: 50% ━━━━━━────── 115/230 2.9it/s 41.6s<39.0s
800/800      2.37G     0.9435     0.4718     0.8209        112        256: 50% ━━━━━━────── 116/230 3.0it/s 41.9s<38.3s
800/800      2.37G     0.9424     0.4716     0.8209        142        256: 51% ━━━━━━────── 117/230 3.0it/s 42.2s<37.4s
800/800      2.37G     0.9432     0.4717      0.821        122        256: 51% ━━━━━━────── 118/230 2.9it/s 42.6s<38.2s
800/800      2.37G     0.9444     0.4722     0.8209        176        256: 52% ━━━━━━────── 119/230 3.0it/s 42.9s<37.4s
800/800      2.37G     0.9439      0.472     0.8212        123        256: 52% ━━━━━━────── 120/230 3.0it/s 43.3s<36.8s
800/800      2.37G     0.9444     0.4721     0.8212        144        256: 53% ━━━━━━────── 121/230 2.9it/s 43.6s<37.9s
800/800      2.37G     0.9441     0.4719      0.821        128        256: 53% ━━━━━━────── 122/230 2.9it/s 44.0s<37.8s
800/800      2.37G     0.9432     0.4716     0.8209        154        256: 53% ━━━━━━────── 123/230 3.0it/s 44.3s<36.1s
800/800      2.37G     0.9443     0.4719     0.8205        137        256: 54% ━━━━━━────── 124/230 3.0it/s 44.6s<35.5s
800/800      2.37G     0.9435     0.4715     0.8205        125        256: 54% ━━━━━━╸───── 125/230 3.0it/s 45.0s<34.6s
800/800      2.37G     0.9425     0.4712     0.8204        103        256: 55% ━━━━━━╸───── 126/230 3.1it/s 45.3s<33.8s
800/800      2.37G     0.9419     0.4709     0.8204        141        256: 55% ━━━━━━╸───── 127/230 3.1it/s 45.6s<33.4s
800/800      2.37G     0.9415     0.4709     0.8205        152        256: 56% ━━━━━━╸───── 128/230 3.1it/s 45.9s<32.9s
800/800      2.37G     0.9408     0.4706     0.8205        138        256: 56% ━━━━━━╸───── 129/230 3.0it/s 46.3s<33.7s
800/800      2.37G     0.9404     0.4702     0.8205        136        256: 57% ━━━━━━╸───── 130/230 3.1it/s 46.6s<32.8s
800/800      2.37G     0.9407     0.4703     0.8204        143        256: 57% ━━━━━━╸───── 131/230 3.0it/s 46.9s<32.6s
800/800      2.37G     0.9432     0.4712     0.8203        184        256: 57% ━━━━━━╸───── 132/230 3.1it/s 47.2s<32.0s
800/800      2.37G      0.944     0.4714     0.8204        121        256: 58% ━━━━━━╸───── 133/230 3.0it/s 47.6s<32.0s
800/800      2.37G     0.9444     0.4716     0.8204        131        256: 58% ━━━━━━╸───── 134/230 3.0it/s 47.9s<32.1s
800/800      2.37G     0.9434     0.4713     0.8203        116        256: 59% ━━━━━━━───── 135/230 3.0it/s 48.2s<31.2s
800/800      2.37G     0.9418     0.4707     0.8203        135        256: 59% ━━━━━━━───── 136/230 3.2it/s 48.5s<28.9s
800/800      2.37G     0.9435     0.4711       0.82        237        256: 60% ━━━━━━━───── 137/230 3.2it/s 48.8s<29.5s
800/800      2.37G     0.9431     0.4708     0.8199        137        256: 60% ━━━━━━━───── 138/230 3.1it/s 49.2s<29.7s
800/800      2.37G     0.9424     0.4705       0.82        119        256: 60% ━━━━━━━───── 139/230 3.0it/s 49.5s<30.2s
800/800      2.37G      0.943     0.4708     0.8197        150        256: 61% ━━━━━━━───── 140/230 3.0it/s 49.9s<29.5s
800/800      2.37G     0.9446     0.4712     0.8196        240        256: 61% ━━━━━━━───── 141/230 3.0it/s 50.2s<29.5s
800/800      2.37G     0.9453     0.4713     0.8197        202        256: 62% ━━━━━━━───── 142/230 3.0it/s 50.5s<29.0s
800/800      2.37G     0.9467     0.4721     0.8197        199        256: 62% ━━━━━━━───── 143/230 3.0it/s 50.9s<28.7s
800/800      2.37G     0.9465     0.4721     0.8196        119        256: 63% ━━━━━━━╸──── 144/230 3.0it/s 51.2s<28.7s
800/800      2.37G     0.9468     0.4722     0.8196        124        256: 63% ━━━━━━━╸──── 145/230 2.9it/s 51.5s<28.8s
800/800      2.37G     0.9469      0.472     0.8195        176        256: 63% ━━━━━━━╸──── 146/230 2.9it/s 51.9s<28.7s
800/800      2.37G     0.9473     0.4721     0.8196        168        256: 64% ━━━━━━━╸──── 147/230 2.8it/s 52.3s<29.4s
800/800      2.37G     0.9474     0.4721     0.8198        128        256: 64% ━━━━━━━╸──── 148/230 2.9it/s 52.6s<28.3s
800/800      2.37G     0.9474     0.4723     0.8197        174        256: 65% ━━━━━━━╸──── 149/230 3.0it/s 52.9s<27.3s
800/800      2.37G     0.9479     0.4725     0.8197        146        256: 65% ━━━━━━━╸──── 150/230 3.0it/s 53.3s<26.8s
800/800      2.37G     0.9476     0.4723     0.8197        132        256: 66% ━━━━━━━╸──── 151/230 3.1it/s 53.6s<25.7s
800/800      2.37G     0.9471     0.4722     0.8196        134        256: 66% ━━━━━━━╸──── 152/230 3.1it/s 53.9s<25.4s
800/800      2.37G     0.9467      0.472     0.8195        152        256: 67% ━━━━━━━╸──── 153/230 3.0it/s 54.2s<25.6s
800/800      2.37G     0.9458     0.4715     0.8194        116        256: 67% ━━━━━━━━──── 154/230 3.0it/s 54.6s<25.1s
800/800      2.37G     0.9452     0.4712     0.8196        120        256: 67% ━━━━━━━━──── 155/230 3.1it/s 54.9s<24.5s
800/800      2.37G     0.9448      0.471     0.8196        206        256: 68% ━━━━━━━━──── 156/230 3.0it/s 55.2s<24.5s
800/800      2.37G     0.9448      0.471     0.8196        184        256: 68% ━━━━━━━━──── 157/230 3.0it/s 55.6s<24.2s
800/800      2.37G     0.9457     0.4715     0.8196        175        256: 69% ━━━━━━━━──── 158/230 3.0it/s 55.9s<24.4s
800/800      2.37G     0.9454     0.4714     0.8195        152        256: 69% ━━━━━━━━──── 159/230 2.9it/s 56.3s<24.1s
800/800      2.37G     0.9446     0.4712     0.8193        141        256: 70% ━━━━━━━━──── 160/230 3.0it/s 56.6s<23.1s
800/800      2.37G     0.9438     0.4707     0.8193        131        256: 70% ━━━━━━━━──── 161/230 3.0it/s 56.9s<23.0s
800/800      2.37G      0.945     0.4711     0.8194        222        256: 70% ━━━━━━━━──── 162/230 3.0it/s 57.2s<22.5s
800/800      2.37G     0.9448      0.471     0.8192        134        256: 71% ━━━━━━━━╸─── 163/230 3.0it/s 57.6s<22.3s
800/800      2.37G     0.9469     0.4716     0.8192        283        256: 71% ━━━━━━━━╸─── 164/230 3.0it/s 57.9s<21.7s
800/800      2.37G     0.9468     0.4715     0.8193        125        256: 72% ━━━━━━━━╸─── 165/230 3.0it/s 58.2s<21.6s
800/800      2.37G     0.9479     0.4719     0.8194        183        256: 72% ━━━━━━━━╸─── 166/230 3.0it/s 58.6s<21.2s
800/800      2.37G     0.9481     0.4719     0.8193        157        256: 73% ━━━━━━━━╸─── 167/230 3.0it/s 58.9s<21.2s
800/800      2.37G     0.9481     0.4719     0.8195        193        256: 73% ━━━━━━━━╸─── 168/230 3.0it/s 59.2s<20.7s
800/800      2.37G     0.9478     0.4718     0.8195        158        256: 73% ━━━━━━━━╸─── 169/230 3.0it/s 59.6s<20.6s
800/800      2.37G     0.9495     0.4724     0.8194        200        256: 74% ━━━━━━━━╸─── 170/230 3.0it/s 59.9s<20.0s
800/800      2.37G     0.9509      0.473     0.8194        130        256: 74% ━━━━━━━━╸─── 171/230 3.0it/s 1:00<19.7s
800/800      2.37G     0.9517     0.4732     0.8193        181        256: 75% ━━━━━━━━╸─── 172/230 3.0it/s 1:01<19.3s
800/800      2.37G     0.9515     0.4731     0.8191        137        256: 75% ━━━━━━━━━─── 173/230 3.0it/s 1:01<18.9s
800/800      2.37G     0.9518     0.4731     0.8192        126        256: 76% ━━━━━━━━━─── 174/230 3.0it/s 1:01<18.5s
800/800      2.37G     0.9518     0.4731     0.8191        127        256: 76% ━━━━━━━━━─── 175/230 2.9it/s 1:02<19.2s
800/800      2.37G     0.9523     0.4731      0.819        128        256: 77% ━━━━━━━━━─── 176/230 2.9it/s 1:02<18.6s
800/800      2.37G     0.9534     0.4736     0.8191        188        256: 77% ━━━━━━━━━─── 177/230 2.9it/s 1:02<18.5s
800/800      2.37G      0.953     0.4733      0.819        119        256: 77% ━━━━━━━━━─── 178/230 2.9it/s 1:03<17.6s
800/800      2.37G     0.9543     0.4737     0.8191        212        256: 78% ━━━━━━━━━─── 179/230 3.0it/s 1:03<16.9s
800/800      2.37G     0.9547     0.4738     0.8191        161        256: 78% ━━━━━━━━━─── 180/230 3.1it/s 1:03<16.3s
800/800      2.37G     0.9547     0.4738      0.819        120        256: 79% ━━━━━━━━━─── 181/230 3.0it/s 1:04<16.1s
800/800      2.37G     0.9549      0.474     0.8192        134        256: 79% ━━━━━━━━━─── 182/230 3.1it/s 1:04<15.5s
800/800      2.37G     0.9558     0.4743     0.8192        212        256: 80% ━━━━━━━━━╸── 183/230 3.2it/s 1:04<14.9s
800/800      2.37G     0.9558     0.4744     0.8192        137        256: 80% ━━━━━━━━━╸── 184/230 3.1it/s 1:05<14.9s
800/800      2.37G     0.9558     0.4743     0.8193        151        256: 80% ━━━━━━━━━╸── 185/230 3.1it/s 1:05<14.4s
800/800      2.37G     0.9559     0.4745     0.8194        147        256: 81% ━━━━━━━━━╸── 186/230 3.0it/s 1:05<14.7s
800/800      2.37G     0.9558     0.4744     0.8194         90        256: 81% ━━━━━━━━━╸── 187/230 3.0it/s 1:06<14.1s
800/800      2.37G     0.9552     0.4742     0.8194        125        256: 82% ━━━━━━━━━╸── 188/230 3.0it/s 1:06<14.0s
800/800      2.37G     0.9543     0.4738     0.8193        135        256: 82% ━━━━━━━━━╸── 189/230 3.1it/s 1:06<13.1s
800/800      2.37G     0.9537     0.4736     0.8193        129        256: 83% ━━━━━━━━━╸── 190/230 3.1it/s 1:07<12.7s
800/800      2.37G     0.9539     0.4736     0.8194        131        256: 83% ━━━━━━━━━╸── 191/230 3.1it/s 1:07<12.8s
800/800      2.37G     0.9549     0.4738     0.8196        155        256: 83% ━━━━━━━━━━── 192/230 3.1it/s 1:07<12.3s
800/800      2.37G      0.954     0.4734     0.8195        109        256: 84% ━━━━━━━━━━── 193/230 3.1it/s 1:07<11.9s
800/800      2.37G     0.9536     0.4733     0.8196        127        256: 84% ━━━━━━━━━━── 194/230 3.1it/s 1:08<11.5s
800/800      2.37G     0.9535     0.4731     0.8196        188        256: 85% ━━━━━━━━━━── 195/230 3.1it/s 1:08<11.1s
800/800      2.37G     0.9538     0.4733     0.8196        155        256: 85% ━━━━━━━━━━── 196/230 2.9it/s 1:09<11.6s
800/800      2.37G     0.9546     0.4737     0.8197        172        256: 86% ━━━━━━━━━━── 197/230 2.9it/s 1:09<11.3s
800/800      2.37G     0.9549     0.4739     0.8196        123        256: 86% ━━━━━━━━━━── 198/230 3.0it/s 1:09<10.8s
800/800      2.37G     0.9543     0.4738     0.8196        125        256: 87% ━━━━━━━━━━── 199/230 2.9it/s 1:10<10.6s
800/800      2.37G     0.9546     0.4737     0.8194        155        256: 87% ━━━━━━━━━━── 200/230 3.0it/s 1:10<9.9s
800/800      2.37G      0.954     0.4735     0.8195        190        256: 87% ━━━━━━━━━━── 201/230 3.0it/s 1:10<9.6s
800/800      2.37G      0.953      0.473     0.8194        125        256: 88% ━━━━━━━━━━╸─ 202/230 3.1it/s 1:11<9.1s
800/800      2.37G      0.953     0.4733     0.8194        155        256: 88% ━━━━━━━━━━╸─ 203/230 3.0it/s 1:11<9.0s
800/800      2.37G     0.9532     0.4734     0.8196        149        256: 89% ━━━━━━━━━━╸─ 204/230 3.0it/s 1:11<8.5s
800/800      2.37G     0.9537     0.4735     0.8196        221        256: 89% ━━━━━━━━━━╸─ 205/230 3.0it/s 1:12<8.3s
800/800      2.37G     0.9534     0.4734     0.8195        120        256: 90% ━━━━━━━━━━╸─ 206/230 3.0it/s 1:12<7.9s
800/800      2.37G     0.9529     0.4731     0.8196        130        256: 90% ━━━━━━━━━━╸─ 207/230 2.9it/s 1:12<7.8s
800/800      2.37G      0.953     0.4732     0.8195        183        256: 90% ━━━━━━━━━━╸─ 208/230 2.9it/s 1:13<7.5s
800/800      2.37G      0.953     0.4731     0.8196        128        256: 91% ━━━━━━━━━━╸─ 209/230 3.0it/s 1:13<7.0s
800/800      2.37G     0.9532     0.4732     0.8196        168        256: 91% ━━━━━━━━━━╸─ 210/230 3.0it/s 1:13<6.6s
800/800      2.37G     0.9533     0.4733     0.8197        155        256: 92% ━━━━━━━━━━━─ 211/230 3.0it/s 1:14<6.3s
800/800      2.37G     0.9545     0.4737     0.8201        200        256: 92% ━━━━━━━━━━━─ 212/230 3.0it/s 1:14<6.1s
800/800      2.37G     0.9539     0.4736       0.82        126        256: 93% ━━━━━━━━━━━─ 213/230 2.9it/s 1:14<5.8s
800/800      2.37G     0.9534     0.4735       0.82        140        256: 93% ━━━━━━━━━━━─ 214/230 3.0it/s 1:15<5.4s
800/800      2.37G      0.954     0.4735       0.82        208        256: 93% ━━━━━━━━━━━─ 215/230 3.0it/s 1:15<5.0s
800/800      2.37G     0.9548     0.4739     0.8199        247        256: 94% ━━━━━━━━━━━─ 216/230 2.9it/s 1:15<4.8s
800/800      2.37G     0.9566     0.4744     0.8198        234        256: 94% ━━━━━━━━━━━─ 217/230 3.0it/s 1:16<4.3s
800/800      2.37G     0.9577     0.4749     0.8199        166        256: 95% ━━━━━━━━━━━─ 218/230 3.0it/s 1:16<4.0s
800/800      2.37G      0.958     0.4751     0.8199        148        256: 95% ━━━━━━━━━━━─ 219/230 3.1it/s 1:16<3.5s
800/800      2.37G     0.9579      0.475       0.82        134        256: 96% ━━━━━━━━━━━─ 220/230 3.1it/s 1:17<3.2s
800/800      2.37G     0.9574     0.4748       0.82        117        256: 96% ━━━━━━━━━━━╸ 221/230 3.1it/s 1:17<2.9s
800/800      2.37G     0.9565     0.4744       0.82        111        256: 97% ━━━━━━━━━━━╸ 222/230 3.0it/s 1:17<2.7s
800/800      2.37G     0.9568     0.4744     0.8199        158        256: 97% ━━━━━━━━━━━╸ 223/230 3.0it/s 1:18<2.3s
800/800      2.37G     0.9562     0.4743     0.8199        137        256: 97% ━━━━━━━━━━━╸ 224/230 2.9it/s 1:18<2.1s
800/800      2.37G     0.9562     0.4743       0.82        196        256: 98% ━━━━━━━━━━━╸ 225/230 3.0it/s 1:18<1.7s
800/800      2.37G     0.9556     0.4742     0.8201        104        256: 98% ━━━━━━━━━━━╸ 226/230 2.9it/s 1:19<1.4s
800/800      2.37G     0.9549      0.474     0.8201        115        256: 99% ━━━━━━━━━━━╸ 227/230 2.9it/s 1:19<1.0s
800/800      2.37G     0.9553     0.4741       0.82        316        256: 99% ━━━━━━━━━━━╸ 228/230 3.0it/s 1:19<0.7s
800/800      2.37G     0.9553     0.4742       0.82         18        256: 100% ━━━━━━━━━━━╸ 229/230 3.1it/s 1:20<0.3s
800/800      2.37G     0.9553     0.4742       0.82         18        256: 100% ━━━━━━━━━━━━ 230/230 2.9it/s 1:20
Class     Images  Instances      Box(P          R      mAP50  mAP50-95): 3% ──────────── 1/29 12.8s/it 3.8s<5:59
Class     Images  Instances      Box(P          R      mAP50  mAP50-95): 10% ━─────────── 3/29 5.7s/it 11.3s<2:29
Class     Images  Instances      Box(P          R      mAP50  mAP50-95): 14% ━╸────────── 4/29 5.4s/it 15.9s<2:14
Class     Images  Instances      Box(P          R      mAP50  mAP50-95): 17% ━━────────── 5/29 5.2s/it 20.7s<2:04
Class     Images  Instances      Box(P          R      mAP50  mAP50-95): 21% ━━────────── 6/29 5.0s/it 25.4s<1:55
Class     Images  Instances      Box(P          R      mAP50  mAP50-95): 24% ━━╸───────── 7/29 4.9s/it 30.0s<1:48
Class     Images  Instances      Box(P          R      mAP50  mAP50-95): 28% ━━━───────── 8/29 4.8s/it 34.7s<1:42
Class     Images  Instances      Box(P          R      mAP50  mAP50-95): 31% ━━━╸──────── 9/29 4.8s/it 39.5s<1:36
Class     Images  Instances      Box(P          R      mAP50  mAP50-95): 34% ━━━━──────── 10/29 4.8s/it 44.1s<1:30
Class     Images  Instances      Box(P          R      mAP50  mAP50-95): 38% ━━━━╸─────── 11/29 4.7s/it 48.8s<1:25
Class     Images  Instances      Box(P          R      mAP50  mAP50-95): 41% ━━━━╸─────── 12/29 4.7s/it 53.5s<1:20
Class     Images  Instances      Box(P          R      mAP50  mAP50-95): 45% ━━━━━─────── 13/29 4.7s/it 58.1s<1:15
Class     Images  Instances      Box(P          R      mAP50  mAP50-95): 48% ━━━━━╸────── 14/29 4.7s/it 1:03<1:11
Class     Images  Instances      Box(P          R      mAP50  mAP50-95): 52% ━━━━━━────── 15/29 4.7s/it 1:08<1:06
Class     Images  Instances      Box(P          R      mAP50  mAP50-95): 55% ━━━━━━╸───── 16/29 4.7s/it 1:12<1:01
Class     Images  Instances      Box(P          R      mAP50  mAP50-95): 59% ━━━━━━━───── 17/29 4.6s/it 1:17<55.8s
Class     Images  Instances      Box(P          R      mAP50  mAP50-95): 62% ━━━━━━━───── 18/29 4.7s/it 1:22<51.3s
Class     Images  Instances      Box(P          R      mAP50  mAP50-95): 66% ━━━━━━━╸──── 19/29 4.9s/it 1:27<49.5s
Class     Images  Instances      Box(P          R      mAP50  mAP50-95): 69% ━━━━━━━━──── 20/29 5.2s/it 1:33<47.1s
Class     Images  Instances      Box(P          R      mAP50  mAP50-95): 72% ━━━━━━━━╸─── 21/29 5.1s/it 1:38<41.1s
Class     Images  Instances      Box(P          R      mAP50  mAP50-95): 76% ━━━━━━━━━─── 22/29 5.0s/it 1:43<35.0s
Class     Images  Instances      Box(P          R      mAP50  mAP50-95): 79% ━━━━━━━━━╸── 23/29 4.6s/it 1:47<27.4s
Class     Images  Instances      Box(P          R      mAP50  mAP50-95): 83% ━━━━━━━━━╸── 24/29 3.1s/it 1:49<15.3s
Class     Images  Instances      Box(P          R      mAP50  mAP50-95): 86% ━━━━━━━━━━── 25/29 3.2s/it 1:52<12.7s
Class     Images  Instances      Box(P          R      mAP50  mAP50-95): 90% ━━━━━━━━━━╸─ 26/29 3.3s/it 1:56<10.0s
Class     Images  Instances      Box(P          R      mAP50  mAP50-95): 93% ━━━━━━━━━━━─ 27/29 3.4s/it 1:59<6.8s
Class     Images  Instances      Box(P          R      mAP50  mAP50-95): 97% ━━━━━━━━━━━╸ 28/29 2.0s/it 2:00<2.0s
all       3667       9609      0.861      0.789      0.831      0.561
Optimizer stripped from /mnt/dataY/ydf/projects/LADD_og/runs_public/ogsod/hbb/formal_nomosaic_20260528/baselines/sar/sar_yolo11n_hbb_800ep_cos_nomosaic_albu_b64_s123/weights/last.pt, 5.6MB
Optimizer stripped from /mnt/dataY/ydf/projects/LADD_og/runs_public/ogsod/hbb/formal_nomosaic_20260528/baselines/sar/sar_yolo11n_hbb_800ep_cos_nomosaic_albu_b64_s123/weights/best.pt, 5.6MB
Validating /mnt/dataY/ydf/projects/LADD_og/runs_public/ogsod/hbb/formal_nomosaic_20260528/baselines/sar/sar_yolo11n_hbb_800ep_cos_nomosaic_albu_b64_s123/weights/best.pt...
Class     Images  Instances      Box(P          R      mAP50  mAP50-95): 3% ──────────── 1/29 31.3s/it 9.4s<14:37
Class     Images  Instances      Box(P          R      mAP50  mAP50-95): 7% ╸─────────── 2/29 18.4s/it 18.8s<8:18
Class     Images  Instances      Box(P          R      mAP50  mAP50-95): 10% ━─────────── 3/29 14.3s/it 28.2s<6:12
Class     Images  Instances      Box(P          R      mAP50  mAP50-95): 14% ━╸────────── 4/29 12.4s/it 37.7s<5:10
Class     Images  Instances      Box(P          R      mAP50  mAP50-95): 17% ━━────────── 5/29 10.6s/it 45.6s<4:15
Class     Images  Instances      Box(P          R      mAP50  mAP50-95): 21% ━━────────── 6/29 9.2s/it 52.7s<3:32
Class     Images  Instances      Box(P          R      mAP50  mAP50-95): 24% ━━╸───────── 7/29 8.4s/it 59.7s<3:05
Class     Images  Instances      Box(P          R      mAP50  mAP50-95): 28% ━━━───────── 8/29 8.0s/it 1:07<2:48
Class     Images  Instances      Box(P          R      mAP50  mAP50-95): 31% ━━━╸──────── 9/29 7.8s/it 1:14<2:35
Class     Images  Instances      Box(P          R      mAP50  mAP50-95): 34% ━━━━──────── 10/29 7.3s/it 1:20<2:19
Class     Images  Instances      Box(P          R      mAP50  mAP50-95): 38% ━━━━╸─────── 11/29 7.4s/it 1:28<2:13
Class     Images  Instances      Box(P          R      mAP50  mAP50-95): 41% ━━━━╸─────── 12/29 7.5s/it 1:36<2:07
Class     Images  Instances      Box(P          R      mAP50  mAP50-95): 45% ━━━━━─────── 13/29 7.6s/it 1:44<2:01
Class     Images  Instances      Box(P          R      mAP50  mAP50-95): 48% ━━━━━╸────── 14/29 7.7s/it 1:52<1:55
Class     Images  Instances      Box(P          R      mAP50  mAP50-95): 52% ━━━━━━────── 15/29 7.7s/it 1:59<1:48
Class     Images  Instances      Box(P          R      mAP50  mAP50-95): 55% ━━━━━━╸───── 16/29 7.7s/it 2:07<1:40
Class     Images  Instances      Box(P          R      mAP50  mAP50-95): 59% ━━━━━━━───── 17/29 7.7s/it 2:15<1:32
Class     Images  Instances      Box(P          R      mAP50  mAP50-95): 62% ━━━━━━━───── 18/29 7.6s/it 2:22<1:24
Class     Images  Instances      Box(P          R      mAP50  mAP50-95): 66% ━━━━━━━╸──── 19/29 7.7s/it 2:30<1:17
Class     Images  Instances      Box(P          R      mAP50  mAP50-95): 69% ━━━━━━━━──── 20/29 7.7s/it 2:38<1:09
Class     Images  Instances      Box(P          R      mAP50  mAP50-95): 72% ━━━━━━━━╸─── 21/29 7.3s/it 2:44<58.5s
Class     Images  Instances      Box(P          R      mAP50  mAP50-95): 76% ━━━━━━━━━─── 22/29 7.0s/it 2:51<49.0s
Class     Images  Instances      Box(P          R      mAP50  mAP50-95): 79% ━━━━━━━━━╸── 23/29 7.2s/it 2:58<43.1s
Class     Images  Instances      Box(P          R      mAP50  mAP50-95): 83% ━━━━━━━━━╸── 24/29 7.3s/it 3:06<36.7s
Class     Images  Instances      Box(P          R      mAP50  mAP50-95): 86% ━━━━━━━━━━── 25/29 7.4s/it 3:14<29.7s
Class     Images  Instances      Box(P          R      mAP50  mAP50-95): 90% ━━━━━━━━━━╸─ 26/29 7.5s/it 3:21<22.5s
Class     Images  Instances      Box(P          R      mAP50  mAP50-95): 93% ━━━━━━━━━━━─ 27/29 5.9s/it 3:25<11.8s
Class     Images  Instances      Box(P          R      mAP50  mAP50-95): 97% ━━━━━━━━━━━╸ 28/29 6.2s/it 3:32<6.2s
Class     Images  Instances      Box(P          R      mAP50  mAP50-95): 100% ━━━━━━━━━━━━ 29/29 7.5s/it 3:36
all       3667       9609      0.863      0.788      0.832      0.561
Results saved to /mnt/dataY/ydf/projects/LADD_og/runs_public/ogsod/hbb/formal_nomosaic_20260528/baselines/sar/sar_yolo11n_hbb_800ep_cos_nomosaic_albu_b64_s123
all       3667       9609      0.861      0.789      0.831      0.561
800 epochs completed in 29.556 hours.
YOLO11n summary (fused): 101 layers, 2,582,737 parameters, 0 gradients, 6.3 GFLOPs
all       3667       9609      0.863      0.788      0.832      0.561
bridge       3315       6389      0.911      0.879      0.925       0.56
harbor        331        803       0.98       0.99      0.995      0.906
storage_tank        153       2417      0.698      0.495      0.576      0.218
Speed: 0.1ms preprocess, 0.4ms inference, 0.0ms loss, 9.2ms postprocess per image
Results saved to /mnt/dataY/ydf/projects/LADD_og/runs_public/ogsod/hbb/formal_nomosaic_20260528/baselines/sar/sar_yolo11n_hbb_800ep_cos_nomosaic_albu_b64_s123
