[K    400/400      1.37G     0.1622     0.1193     0.7607         63        256: 12% ━─────────── 57/459 9.6it/s 5.6s<42.0s
[K    400/400      1.37G     0.1622     0.1194     0.7607         94        256: 13% ━╸────────── 58/459 9.7it/s 5.7s<41.5s
[K    400/400      1.37G     0.1613     0.1192     0.7597         87        256: 13% ━╸────────── 60/459 10.0it/s 5.9s<39.9s
[K    400/400      1.37G      0.162     0.1195     0.7593         65        256: 13% ━╸────────── 61/459 9.7it/s 6.0s<41.2s
[K    400/400      1.37G     0.1628     0.1199     0.7595         65        256: 14% ━╸────────── 63/459 9.6it/s 6.2s<41.2s
[K    400/400      1.37G     0.1641       0.12     0.7605         88        256: 14% ━╸────────── 65/459 10.0it/s 6.4s<39.5s
[K    400/400      1.37G     0.1651       0.12     0.7607        169        256: 15% ━╸────────── 67/459 10.2it/s 6.6s<38.3s[ WARN:0@28050.620] global grfmt_tiff.cpp:122 TIFF_Warning TIFFReadDirectory: Unknown field with tag 34264 (0x85d8) encountered

[K    400/400      1.37G     0.1648       0.12      0.761         65        256: 15% ━╸────────── 69/459 10.6it/s 6.8s<36.9s
[K    400/400      1.37G      0.164     0.1199     0.7609         60        256: 15% ━╸────────── 71/459 10.5it/s 7.0s<36.9s
[K    400/400      1.37G     0.1641     0.1199     0.7615         81        256: 16% ━╸────────── 73/459 10.8it/s 7.2s<35.7s
[K    400/400      1.37G     0.1639     0.1198     0.7608         69        256: 16% ━╸────────── 74/459 10.3it/s 7.3s<37.3s
[K    400/400      1.37G     0.1644     0.1198     0.7608         95        256: 17% ━╸────────── 76/459 10.8it/s 7.4s<35.6s
[K    400/400      1.37G      0.166     0.1201     0.7608        132        256: 17% ━━────────── 77/459 10.5it/s 7.5s<36.3s
[K    400/400      1.37G     0.1655     0.1199      0.761         54        256: 17% ━━────────── 79/459 10.1it/s 7.8s<37.5s
[K    400/400      1.37G      0.166     0.1199     0.7606        120        256: 18% ━━────────── 81/459 10.1it/s 8.0s<37.6s
[K    400/400      1.37G     0.1662     0.1199     0.7602         86        256: 18% ━━────────── 83/459 10.3it/s 8.1s<36.6s
[K    400/400      1.37G     0.1659     0.1197     0.7604         75        256: 19% ━━────────── 85/459 10.5it/s 8.3s<35.8s
[K    400/400      1.37G     0.1655     0.1199     0.7598         64        256: 19% ━━────────── 87/459 11.2it/s 8.5s<33.3s
[K    400/400      1.37G     0.1654     0.1199       0.76         70        256: 19% ━━────────── 89/459 11.1it/s 8.7s<33.4s
[K    400/400      1.37G     0.1658     0.1201     0.7593         83        256: 20% ━━────────── 91/459 11.0it/s 8.8s<33.3s[ WARN:0@28052.867] global grfmt_tiff.cpp:122 TIFF_Warning TIFFReadDirectory: Unknown field with tag 34264 (0x85d8) encountered

[K    400/400      1.37G     0.1655     0.1199     0.7592         92        256: 20% ━━────────── 93/459 10.7it/s 9.0s<34.1s
[K    400/400      1.37G     0.1661     0.1201     0.7594         92        256: 21% ━━────────── 95/459 11.1it/s 9.2s<32.8s
[K    400/400      1.37G     0.1656     0.1198     0.7593         76        256: 21% ━━╸───────── 97/459 11.0it/s 9.4s<32.8s
[K    400/400      1.37G     0.1657     0.1199     0.7595         54        256: 22% ━━╸───────── 99/459 11.2it/s 9.6s<32.1s
[K    400/400      1.37G     0.1654     0.1197     0.7588         77        256: 22% ━━╸───────── 101/459 11.3it/s 9.7s<31.8s
[K    400/400      1.37G     0.1656     0.1198     0.7592        100        256: 22% ━━╸───────── 103/459 11.4it/s 9.9s<31.2s
[K    400/400      1.37G     0.1656     0.1199     0.7591         78        256: 23% ━━╸───────── 105/459 11.4it/s 10.1s<31.0s
[K    400/400      1.37G     0.1654     0.1197     0.7591         56        256: 23% ━━╸───────── 107/459 11.2it/s 10.3s<31.4s
[K    400/400      1.37G     0.1649     0.1196      0.759         73        256: 24% ━━╸───────── 109/459 11.4it/s 10.4s<30.7s
[K    400/400      1.37G     0.1649     0.1196     0.7591         79        256: 24% ━━╸───────── 111/459 11.6it/s 10.6s<29.9s
[K    400/400      1.37G      0.165     0.1197     0.7594         65        256: 25% ━━╸───────── 113/459 11.5it/s 10.8s<30.2s
[K    400/400      1.37G     0.1654     0.1197     0.7595        140        256: 25% ━━━───────── 115/459 11.7it/s 11.0s<29.5s
[K    400/400      1.37G      0.165     0.1195     0.7595         65        256: 25% ━━━───────── 117/459 11.7it/s 11.1s<29.2s
[K    400/400      1.37G     0.1655     0.1196     0.7594        135        256: 26% ━━━───────── 119/459 11.9it/s 11.3s<28.6s[ WARN:0@28055.274] global grfmt_tiff.cpp:122 TIFF_Warning TIFFReadDirectory: Unknown field with tag 34264 (0x85d8) encountered

[K    400/400      1.37G     0.1656     0.1195     0.7593        123        256: 26% ━━━───────── 121/459 11.6it/s 11.5s<29.2s
[K    400/400      1.37G     0.1656     0.1196     0.7591         65        256: 27% ━━━───────── 123/459 11.9it/s 11.6s<28.1s[ WARN:0@28055.629] global grfmt_tiff.cpp:122 TIFF_Warning TIFFReadDirectory: Unknown field with tag 34264 (0x85d8) encountered

[K    400/400      1.37G     0.1655     0.1195     0.7596         84        256: 27% ━━━───────── 125/459 11.5it/s 11.8s<29.1s
[K    400/400      1.37G     0.1658     0.1196       0.76         78        256: 28% ━━━───────── 127/459 11.8it/s 12.0s<28.1s[ WARN:0@28055.913] global grfmt_tiff.cpp:122 TIFF_Warning TIFFReadDirectory: Unknown field with tag 34264 (0x85d8) encountered
[ WARN:0@28055.997] global grfmt_tiff.cpp:122 TIFF_Warning TIFFReadDirectory: Unknown field with tag 34264 (0x85d8) encountered

[K    400/400      1.37G     0.1667     0.1197       0.76        221        256: 28% ━━━───────── 129/459 11.4it/s 12.2s<28.9s
[K    400/400      1.37G     0.1668     0.1196       0.76         70        256: 29% ━━━───────── 131/459 11.7it/s 12.3s<28.1s
[K    400/400      1.37G     0.1667     0.1196     0.7599         60        256: 29% ━━━───────── 133/459 11.3it/s 12.5s<28.8s
[K    400/400      1.37G     0.1661     0.1194     0.7597         79        256: 29% ━━━╸──────── 135/459 11.7it/s 12.7s<27.7s
[K    400/400      1.37G     0.1658     0.1193       0.76         80        256: 30% ━━━╸──────── 136/459 11.1it/s 12.8s<29.0s
[K    400/400      1.37G     0.1663     0.1194     0.7599        131        256: 30% ━━━╸──────── 137/459 10.1it/s 12.9s<32.0s
[K    400/400      1.37G      0.166     0.1194     0.7597         68        256: 30% ━━━╸──────── 139/459 10.8it/s 13.1s<29.8s
[K    400/400      1.37G     0.1663     0.1195     0.7598        193        256: 31% ━━━╸──────── 141/459 10.4it/s 13.3s<30.6s
[K    400/400      1.37G     0.1662     0.1195       0.76         78        256: 31% ━━━╸──────── 143/459 11.0it/s 13.4s<28.8s
[K    400/400      1.37G     0.1665     0.1195     0.7599        112        256: 32% ━━━╸──────── 145/459 11.0it/s 13.6s<28.5s
[K    400/400      1.37G     0.1661     0.1193       0.76         71        256: 32% ━━━╸──────── 147/459 11.6it/s 13.8s<26.8s
[K    400/400      1.37G     0.1659     0.1193     0.7601         82        256: 32% ━━━╸──────── 149/459 11.4it/s 14.0s<27.3s
[K    400/400      1.37G     0.1662     0.1194     0.7597         76        256: 33% ━━━╸──────── 151/459 11.1it/s 14.2s<27.7s
[K    400/400      1.37G     0.1662     0.1194     0.7596         95        256: 33% ━━━╸──────── 152/459 10.8it/s 14.3s<28.5s
[K    400/400      1.37G     0.1658     0.1193     0.7596         57        256: 34% ━━━━──────── 154/459 10.9it/s 14.4s<28.0s
[K    400/400      1.37G     0.1657     0.1192     0.7597        111        256: 34% ━━━━──────── 156/459 11.1it/s 14.6s<27.4s
[K    400/400      1.37G     0.1656     0.1191     0.7596        102        256: 34% ━━━━──────── 158/459 11.1it/s 14.8s<27.1s
[K    400/400      1.37G     0.1654     0.1191     0.7595         58        256: 35% ━━━━──────── 159/459 10.5it/s 14.9s<28.5s
[K    400/400      1.37G     0.1656     0.1191     0.7596         72        256: 35% ━━━━──────── 161/459 10.8it/s 15.1s<27.6s
[K    400/400      1.37G     0.1655      0.119     0.7597         67        256: 36% ━━━━──────── 163/459 10.6it/s 15.3s<28.0s
[K    400/400      1.37G     0.1652      0.119     0.7596         71        256: 36% ━━━━──────── 165/459 10.9it/s 15.4s<26.9s
[K    400/400      1.37G     0.1649     0.1189     0.7596         65        256: 36% ━━━━──────── 167/459 11.1it/s 15.6s<26.4s[ WARN:0@28059.509] global grfmt_tiff.cpp:122 TIFF_Warning TIFFReadDirectory: Unknown field with tag 34264 (0x85d8) encountered

[K    400/400      1.37G     0.1648      0.119     0.7596         62        256: 37% ━━━━──────── 169/459 11.3it/s 15.8s<25.8s
[K    400/400      1.37G     0.1646     0.1189     0.7596         71        256: 37% ━━━━──────── 171/459 11.1it/s 16.0s<25.9s
[K    400/400      1.37G     0.1643     0.1189     0.7596         62        256: 38% ━━━━╸─────── 173/459 11.4it/s 16.1s<25.1s
[K    400/400      1.37G      0.164     0.1188     0.7595         67        256: 38% ━━━━╸─────── 175/459 11.1it/s 16.3s<25.5s
[K    400/400      1.37G     0.1638     0.1189     0.7597         84        256: 39% ━━━━╸─────── 177/459 11.3it/s 16.5s<24.9s
[K    400/400      1.37G     0.1637     0.1188     0.7596         79        256: 39% ━━━━╸─────── 178/459 10.8it/s 16.6s<25.9s
[K    400/400      1.37G     0.1639     0.1188     0.7597         82        256: 39% ━━━━╸─────── 180/459 11.3it/s 16.8s<24.7s
[K    400/400      1.37G     0.1639     0.1188       0.76         87        256: 39% ━━━━╸─────── 181/459 10.9it/s 16.9s<25.5s
[K    400/400      1.37G     0.1636     0.1188     0.7602         68        256: 40% ━━━━╸─────── 183/459 10.8it/s 17.1s<25.5s
[K    400/400      1.37G     0.1635     0.1188     0.7601         84        256: 40% ━━━━╸─────── 185/459 11.0it/s 17.2s<24.9s
[K    400/400      1.37G     0.1636     0.1188     0.7601         72        256: 41% ━━━━╸─────── 187/459 11.4it/s 17.4s<23.9s
[K    400/400      1.37G     0.1636     0.1187     0.7603         74        256: 41% ━━━━╸─────── 189/459 11.4it/s 17.6s<23.7s
[K    400/400      1.37G     0.1633     0.1187     0.7605         59        256: 42% ━━━━╸─────── 191/459 11.1it/s 17.8s<24.2s
[K    400/400      1.37G     0.1627     0.1186     0.7608         59        256: 42% ━━━━━─────── 193/459 11.0it/s 17.9s<24.2s
[K    400/400      1.37G     0.1631     0.1187     0.7606         94        256: 42% ━━━━━─────── 195/459 11.0it/s 18.1s<24.1s
[K    400/400      1.37G     0.1634     0.1187     0.7607         99        256: 43% ━━━━━─────── 197/459 11.0it/s 18.3s<23.9s
[K    400/400      1.37G     0.1635     0.1187     0.7606         60        256: 43% ━━━━━─────── 199/459 11.2it/s 18.5s<23.1s
[K    400/400      1.37G     0.1635     0.1187     0.7605        146        256: 44% ━━━━━─────── 201/459 11.8it/s 18.6s<21.8s
[K    400/400      1.37G     0.1633     0.1187     0.7604         83        256: 44% ━━━━━─────── 203/459 12.2it/s 18.8s<21.1s
[K    400/400      1.37G     0.1629     0.1185     0.7604         77        256: 45% ━━━━━─────── 205/459 12.6it/s 18.9s<20.2s
[K    400/400      1.37G     0.1629     0.1185     0.7603        110        256: 45% ━━━━━─────── 207/459 12.2it/s 19.1s<20.7s
[K    400/400      1.37G     0.1627     0.1185     0.7602         80        256: 46% ━━━━━─────── 209/459 12.1it/s 19.3s<20.6s
[K    400/400      1.37G     0.1628     0.1185     0.7603         80        256: 46% ━━━━━╸────── 211/459 11.8it/s 19.5s<21.0s
[K    400/400      1.37G     0.1627     0.1185     0.7602         96        256: 46% ━━━━━╸────── 213/459 11.5it/s 19.6s<21.3s
[K    400/400      1.37G     0.1629     0.1185       0.76         94        256: 47% ━━━━━╸────── 215/459 11.7it/s 19.8s<20.8s
[K    400/400      1.37G     0.1627     0.1185     0.7601         74        256: 47% ━━━━━╸────── 217/459 11.5it/s 20.0s<21.0s
[K    400/400      1.37G     0.1624     0.1184     0.7599         65        256: 48% ━━━━━╸────── 219/459 11.6it/s 20.2s<20.6s
[K    400/400      1.37G     0.1624     0.1185     0.7597         73        256: 48% ━━━━━╸────── 221/459 11.5it/s 20.3s<20.8s
[K    400/400      1.37G     0.1627     0.1185     0.7596         79        256: 49% ━━━━━╸────── 223/459 11.6it/s 20.5s<20.3s
[K    400/400      1.37G     0.1625     0.1185     0.7595         73        256: 49% ━━━━━╸────── 225/459 12.6it/s 20.6s<18.6s
[K    400/400      1.37G     0.1623     0.1185     0.7595         68        256: 49% ━━━━━╸────── 227/459 12.1it/s 20.8s<19.2s
[K    400/400      1.37G     0.1624     0.1185     0.7596         55        256: 50% ━━━━━╸────── 229/459 11.8it/s 21.0s<19.4s
[K    400/400      1.37G     0.1624     0.1186     0.7595         60        256: 50% ━━━━━━────── 231/459 11.8it/s 21.2s<19.3s
[K    400/400      1.37G     0.1626     0.1188     0.7596         69        256: 51% ━━━━━━────── 233/459 12.3it/s 21.3s<18.4s
[K    400/400      1.37G      0.163     0.1189     0.7596         74        256: 51% ━━━━━━────── 235/459 12.0it/s 21.5s<18.7s
[K    400/400      1.37G     0.1631     0.1189     0.7595        145        256: 52% ━━━━━━────── 237/459 11.6it/s 21.7s<19.1s[ WARN:0@28065.710] global grfmt_tiff.cpp:122 TIFF_Warning TIFFReadDirectory: Unknown field with tag 34264 (0x85d8) encountered

[K    400/400      1.37G     0.1631     0.1188     0.7594         68        256: 52% ━━━━━━────── 239/459 11.4it/s 21.9s<19.3s[ WARN:0@28065.840] global grfmt_tiff.cpp:122 TIFF_Warning TIFFReadDirectory: Unknown field with tag 34264 (0x85d8) encountered

[K    400/400      1.37G     0.1633     0.1189     0.7595        116        256: 53% ━━━━━━────── 241/459 11.2it/s 22.0s<19.4s
[K    400/400      1.37G     0.1631     0.1189     0.7595         62        256: 53% ━━━━━━────── 243/459 11.3it/s 22.2s<19.2s[ WARN:0@28066.111] global grfmt_tiff.cpp:122 TIFF_Warning TIFFReadDirectory: Unknown field with tag 34264 (0x85d8) encountered

[K    400/400      1.37G     0.1632     0.1188     0.7593        122        256: 53% ━━━━━━────── 245/459 11.4it/s 22.4s<18.8s
[K    400/400      1.37G     0.1634      0.119     0.7594         65        256: 54% ━━━━━━────── 247/459 11.4it/s 22.6s<18.5s[ WARN:0@28066.468] global grfmt_tiff.cpp:122 TIFF_Warning TIFFReadDirectory: Unknown field with tag 34264 (0x85d8) encountered

[K    400/400      1.37G     0.1634      0.119     0.7592         94        256: 54% ━━━━━━╸───── 249/459 11.4it/s 22.7s<18.3s
[K    400/400      1.37G     0.1634      0.119     0.7593         89        256: 55% ━━━━━━╸───── 251/459 11.4it/s 22.9s<18.2s
[K    400/400      1.37G     0.1634     0.1189     0.7591        107        256: 55% ━━━━━━╸───── 253/459 11.9it/s 23.1s<17.3s
[K    400/400      1.37G     0.1636      0.119     0.7593         66        256: 56% ━━━━━━╸───── 255/459 11.9it/s 23.2s<17.2s
[K    400/400      1.37G     0.1637      0.119     0.7593        109        256: 56% ━━━━━━╸───── 257/459 11.6it/s 23.4s<17.5s
[K    400/400      1.37G     0.1636      0.119     0.7593         77        256: 56% ━━━━━━╸───── 259/459 11.8it/s 23.6s<16.9s
[K    400/400      1.37G     0.1635      0.119     0.7592         71        256: 57% ━━━━━━╸───── 261/459 11.7it/s 23.8s<16.9s
[K    400/400      1.37G     0.1635      0.119     0.7592         70        256: 57% ━━━━━━╸───── 263/459 11.4it/s 24.0s<17.3s
[K    400/400      1.37G     0.1637     0.1191     0.7593         53        256: 58% ━━━━━━╸───── 265/459 11.5it/s 24.1s<16.9s
[K    400/400      1.37G     0.1635     0.1191     0.7593         68        256: 58% ━━━━━━╸───── 267/459 11.4it/s 24.3s<16.9s
[K    400/400      1.37G     0.1634      0.119     0.7591         54        256: 59% ━━━━━━━───── 269/459 11.5it/s 24.5s<16.6s
[K    400/400      1.37G     0.1633     0.1189     0.7591         61        256: 59% ━━━━━━━───── 271/459 11.4it/s 24.6s<16.4s
[K    400/400      1.37G     0.1634      0.119     0.7589         63        256: 59% ━━━━━━━───── 273/459 11.8it/s 24.8s<15.8s
[K    400/400      1.37G     0.1634     0.1189     0.7589         80        256: 60% ━━━━━━━───── 275/459 11.7it/s 25.0s<15.7s
[K    400/400      1.37G     0.1636      0.119      0.759         75        256: 60% ━━━━━━━───── 277/459 11.4it/s 25.2s<16.0s
[K    400/400      1.37G     0.1635      0.119      0.759        129        256: 61% ━━━━━━━───── 279/459 11.4it/s 25.3s<15.8s
[K    400/400      1.37G     0.1635     0.1189     0.7591        116        256: 61% ━━━━━━━───── 281/459 11.2it/s 25.5s<15.8s
[K    400/400      1.37G     0.1637      0.119      0.759        150        256: 61% ━━━━━━━───── 282/459 10.5it/s 25.6s<16.8s
[K    400/400      1.37G     0.1635     0.1189      0.759         66        256: 62% ━━━━━━━───── 283/459 10.0it/s 25.8s<17.5s[ WARN:0@28069.638] global grfmt_tiff.cpp:122 TIFF_Warning TIFFReadDirectory: Unknown field with tag 34264 (0x85d8) encountered

[K    400/400      1.37G     0.1636     0.1189      0.759        121        256: 62% ━━━━━━━───── 284/459 9.9it/s 25.9s<17.7s
[K    400/400      1.37G     0.1635     0.1189     0.7588         77        256: 62% ━━━━━━━───── 286/459 10.4it/s 26.0s<16.7s
[K    400/400      1.37G     0.1637     0.1189     0.7587        137        256: 63% ━━━━━━━╸──── 288/459 10.5it/s 26.2s<16.3s
[K    400/400      1.37G     0.1637     0.1189     0.7586         88        256: 63% ━━━━━━━╸──── 289/459 10.1it/s 26.3s<16.9s
[K    400/400      1.37G     0.1637     0.1189     0.7586         97        256: 63% ━━━━━━━╸──── 291/459 10.0it/s 26.5s<16.8s
[K    400/400      1.37G     0.1636     0.1189     0.7586         61        256: 64% ━━━━━━━╸──── 293/459 10.2it/s 26.7s<16.2s
[K    400/400      1.37G     0.1632     0.1188     0.7586         63        256: 64% ━━━━━━━╸──── 295/459 9.8it/s 26.9s<16.7s
[K    400/400      1.37G     0.1633     0.1188     0.7587        118        256: 64% ━━━━━━━╸──── 296/459 9.6it/s 27.1s<16.9s
[K    400/400      1.37G     0.1636     0.1189     0.7586        111        256: 65% ━━━━━━━╸──── 298/459 9.7it/s 27.3s<16.7s
[K    400/400      1.37G     0.1638     0.1189     0.7587         98        256: 65% ━━━━━━━╸──── 300/459 10.6it/s 27.4s<14.9s
[K    400/400      1.37G     0.1637     0.1189     0.7587         77        256: 66% ━━━━━━━╸──── 301/459 8.0it/s 27.9s<19.6s
[K    400/400      1.37G     0.1638     0.1189     0.7586         65        256: 66% ━━━━━━━╸──── 303/459 9.3it/s 28.1s<16.8s
[K    400/400      1.37G     0.1641      0.119     0.7585        120        256: 66% ━━━━━━━╸──── 305/459 9.9it/s 28.3s<15.6s
[K    400/400      1.37G     0.1641     0.1191     0.7584         53        256: 67% ━━━━━━━━──── 307/459 10.4it/s 28.4s<14.7s
[K    400/400      1.37G     0.1641      0.119     0.7586         85        256: 67% ━━━━━━━━──── 309/459 10.6it/s 28.6s<14.1s
[K    400/400      1.37G      0.164      0.119     0.7586         92        256: 68% ━━━━━━━━──── 311/459 10.5it/s 28.8s<14.0s
[K    400/400      1.37G     0.1639     0.1189     0.7587         70        256: 68% ━━━━━━━━──── 313/459 10.7it/s 29.0s<13.6s
[K    400/400      1.37G     0.1638     0.1189     0.7587        122        256: 69% ━━━━━━━━──── 315/459 10.7it/s 29.2s<13.4s
[K    400/400      1.37G     0.1641      0.119     0.7587         92        256: 69% ━━━━━━━━──── 317/459 10.7it/s 29.4s<13.3s
[K    400/400      1.37G     0.1638     0.1189     0.7586         53        256: 69% ━━━━━━━━──── 319/459 10.8it/s 29.5s<12.9s
[K    400/400      1.37G     0.1637     0.1189     0.7587        121        256: 70% ━━━━━━━━──── 321/459 11.2it/s 29.7s<12.4s
[K    400/400      1.37G     0.1636     0.1189     0.7588         91        256: 70% ━━━━━━━━──── 323/459 11.2it/s 29.9s<12.2s
[K    400/400      1.37G     0.1636     0.1188     0.7588         95        256: 71% ━━━━━━━━──── 325/459 11.2it/s 30.1s<12.0s
[K    400/400      1.37G     0.1635     0.1188     0.7589         56        256: 71% ━━━━━━━━╸─── 327/459 10.9it/s 30.3s<12.1s
[K    400/400      1.37G     0.1634     0.1188     0.7589         63        256: 72% ━━━━━━━━╸─── 329/459 11.0it/s 30.4s<11.8s
[K    400/400      1.37G     0.1633     0.1188     0.7589         95        256: 72% ━━━━━━━━╸─── 331/459 10.8it/s 30.6s<11.8s
[K    400/400      1.37G     0.1632     0.1188     0.7591         77        256: 73% ━━━━━━━━╸─── 333/459 10.8it/s 30.8s<11.6s[ WARN:0@28074.750] global grfmt_tiff.cpp:122 TIFF_Warning TIFFReadDirectory: Unknown field with tag 34264 (0x85d8) encountered

[K    400/400      1.37G     0.1632     0.1188     0.7591         75        256: 73% ━━━━━━━━╸─── 335/459 11.0it/s 31.0s<11.3s
[K    400/400      1.37G     0.1633     0.1188     0.7592        110        256: 73% ━━━━━━━━╸─── 337/459 11.3it/s 31.2s<10.8s
[K    400/400      1.37G     0.1633     0.1189     0.7594         82        256: 74% ━━━━━━━━╸─── 339/459 11.0it/s 31.4s<10.9s
[K    400/400      1.37G     0.1638      0.119     0.7593        115        256: 74% ━━━━━━━━╸─── 341/459 11.3it/s 31.5s<10.4s[ WARN:0@28075.541] global grfmt_tiff.cpp:122 TIFF_Warning TIFFReadDirectory: Unknown field with tag 34264 (0x85d8) encountered

[K    400/400      1.37G     0.1636     0.1189     0.7594        105        256: 75% ━━━━━━━━╸─── 343/459 11.4it/s 31.7s<10.2s
[K    400/400      1.37G     0.1637      0.119     0.7593         52        256: 75% ━━━━━━━━━─── 345/459 11.3it/s 31.9s<10.1s
[K    400/400      1.37G     0.1635     0.1189     0.7593         65        256: 76% ━━━━━━━━━─── 347/459 11.9it/s 32.0s<9.4s
[K    400/400      1.37G     0.1636     0.1189     0.7594         81        256: 76% ━━━━━━━━━─── 349/459 12.3it/s 32.2s<9.0s
[K    400/400      1.37G     0.1636      0.119     0.7594         88        256: 76% ━━━━━━━━━─── 351/459 12.1it/s 32.3s<8.9s
[K    400/400      1.37G     0.1637      0.119     0.7593         65        256: 77% ━━━━━━━━━─── 353/459 12.1it/s 32.5s<8.7s
[K    400/400      1.37G     0.1636      0.119     0.7594        100        256: 77% ━━━━━━━━━─── 355/459 12.4it/s 32.7s<8.4s
[K    400/400      1.37G     0.1635      0.119     0.7593         51        256: 78% ━━━━━━━━━─── 357/459 12.7it/s 32.8s<8.0s
[K    400/400      1.37G     0.1634      0.119     0.7593         68        256: 78% ━━━━━━━━━─── 359/459 12.9it/s 33.0s<7.8s
[K    400/400      1.37G     0.1632     0.1189     0.7593         67        256: 79% ━━━━━━━━━─── 361/459 12.6it/s 33.1s<7.8s
[K    400/400      1.37G     0.1632     0.1189     0.7592         68        256: 79% ━━━━━━━━━─── 363/459 12.7it/s 33.3s<7.6s
[K    400/400      1.37G      0.163     0.1188     0.7592         68        256: 80% ━━━━━━━━━╸── 365/459 12.7it/s 33.4s<7.4s
[K    400/400      1.37G      0.163     0.1188     0.7593         74        256: 80% ━━━━━━━━━╸── 367/459 12.9it/s 33.6s<7.1s
[K    400/400      1.37G      0.163     0.1187     0.7592         90        256: 80% ━━━━━━━━━╸── 369/459 12.7it/s 33.8s<7.1s
[K    400/400      1.37G     0.1629     0.1187     0.7592         78        256: 81% ━━━━━━━━━╸── 371/459 12.9it/s 33.9s<6.8s
[K    400/400      1.37G     0.1628     0.1187     0.7593         97        256: 81% ━━━━━━━━━╸── 373/459 13.0it/s 34.1s<6.6s
[K    400/400      1.37G     0.1629     0.1187     0.7593         86        256: 82% ━━━━━━━━━╸── 375/459 13.1it/s 34.2s<6.4s[ WARN:0@28078.175] global grfmt_tiff.cpp:122 TIFF_Warning TIFFReadDirectory: Unknown field with tag 34264 (0x85d8) encountered

[K    400/400      1.37G     0.1631     0.1187     0.7592        234        256: 82% ━━━━━━━━━╸── 377/459 13.3it/s 34.4s<6.2s
[K    400/400      1.37G     0.1631     0.1187     0.7591         59        256: 83% ━━━━━━━━━╸── 379/459 13.2it/s 34.5s<6.0s
[K    400/400      1.37G      0.163     0.1187      0.759        130        256: 83% ━━━━━━━━━╸── 381/459 13.6it/s 34.6s<5.8s
[K    400/400      1.37G      0.163     0.1187      0.759         64        256: 83% ━━━━━━━━━━── 383/459 13.6it/s 34.8s<5.6s[ WARN:0@28078.690] global grfmt_tiff.cpp:122 TIFF_Warning TIFFReadDirectory: Unknown field with tag 34264 (0x85d8) encountered

[K    400/400      1.37G     0.1632     0.1188     0.7589         89        256: 84% ━━━━━━━━━━── 385/459 13.8it/s 34.9s<5.4s
[K    400/400      1.37G     0.1631     0.1187     0.7589        101        256: 84% ━━━━━━━━━━── 387/459 14.0it/s 35.1s<5.2s
[K    400/400      1.37G     0.1629     0.1187     0.7589         76        256: 85% ━━━━━━━━━━── 389/459 14.1it/s 35.2s<5.0s
[K    400/400      1.37G     0.1629     0.1187     0.7588         73        256: 85% ━━━━━━━━━━── 391/459 13.4it/s 35.4s<5.1s
[K    400/400      1.37G     0.1628     0.1187     0.7587        125        256: 86% ━━━━━━━━━━── 393/459 13.1it/s 35.5s<5.0s
[K    400/400      1.37G     0.1626     0.1186     0.7588         62        256: 86% ━━━━━━━━━━── 395/459 13.3it/s 35.7s<4.8s
[K    400/400      1.37G     0.1625     0.1186     0.7588        113        256: 86% ━━━━━━━━━━── 397/459 13.8it/s 35.8s<4.5s[ WARN:0@28079.790] global grfmt_tiff.cpp:122 TIFF_Warning TIFFReadDirectory: Unknown field with tag 34264 (0x85d8) encountered

[K    400/400      1.37G     0.1626     0.1185     0.7588        204        256: 87% ━━━━━━━━━━── 399/459 13.7it/s 36.0s<4.4s
[K    400/400      1.37G     0.1623     0.1185      0.759         59        256: 87% ━━━━━━━━━━── 401/459 13.5it/s 36.1s<4.3s
[K    400/400      1.37G     0.1623     0.1185     0.7591         64        256: 88% ━━━━━━━━━━╸─ 403/459 13.4it/s 36.3s<4.2s
[K    400/400      1.37G     0.1624     0.1185     0.7591        111        256: 88% ━━━━━━━━━━╸─ 405/459 13.5it/s 36.4s<4.0s
[K    400/400      1.37G     0.1623     0.1184     0.7592         81        256: 89% ━━━━━━━━━━╸─ 407/459 13.9it/s 36.6s<3.8s
[K    400/400      1.37G     0.1623     0.1184     0.7591         70        256: 89% ━━━━━━━━━━╸─ 409/459 14.2it/s 36.7s<3.5s
[K    400/400      1.37G     0.1622     0.1184     0.7591         92        256: 90% ━━━━━━━━━━╸─ 411/459 13.8it/s 36.8s<3.5s
[K    400/400      1.37G     0.1622     0.1184     0.7592         74        256: 90% ━━━━━━━━━━╸─ 413/459 14.0it/s 37.0s<3.3s
[K    400/400      1.37G     0.1621     0.1184     0.7592         94        256: 90% ━━━━━━━━━━╸─ 415/459 14.3it/s 37.1s<3.1s
[K    400/400      1.37G     0.1623     0.1184     0.7592         76        256: 91% ━━━━━━━━━━╸─ 417/459 14.6it/s 37.2s<2.9s
[K    400/400      1.37G     0.1623     0.1184     0.7593        128        256: 91% ━━━━━━━━━━╸─ 419/459 15.0it/s 37.4s<2.7s
[K    400/400      1.37G     0.1622     0.1183     0.7594         77        256: 92% ━━━━━━━━━━━─ 421/459 14.1it/s 37.5s<2.7s
[K    400/400      1.37G     0.1624     0.1184     0.7592        108        256: 92% ━━━━━━━━━━━─ 423/459 13.7it/s 37.7s<2.6s
[K    400/400      1.37G     0.1624     0.1184     0.7592         76        256: 93% ━━━━━━━━━━━─ 425/459 13.3it/s 37.9s<2.5s
[K    400/400      1.37G     0.1623     0.1183     0.7592         91        256: 93% ━━━━━━━━━━━─ 427/459 13.2it/s 38.0s<2.4s
[K    400/400      1.37G     0.1622     0.1182     0.7593         91        256: 93% ━━━━━━━━━━━─ 429/459 13.5it/s 38.2s<2.2s
[K    400/400      1.37G     0.1622     0.1182     0.7593         68        256: 94% ━━━━━━━━━━━─ 431/459 13.6it/s 38.3s<2.1s
[K    400/400      1.37G     0.1622     0.1182     0.7593        103        256: 94% ━━━━━━━━━━━─ 433/459 13.7it/s 38.4s<1.9s
[K    400/400      1.37G     0.1621     0.1182     0.7592        108        256: 95% ━━━━━━━━━━━─ 435/459 13.7it/s 38.6s<1.8s
[K    400/400      1.37G      0.162     0.1182     0.7592         83        256: 95% ━━━━━━━━━━━─ 437/459 13.9it/s 38.7s<1.6s
[K    400/400      1.37G      0.162     0.1182     0.7592         83        256: 96% ━━━━━━━━━━━─ 439/459 13.8it/s 38.9s<1.4s
[K    400/400      1.37G      0.162     0.1182     0.7592        124        256: 96% ━━━━━━━━━━━╸ 441/459 13.4it/s 39.0s<1.3s
[K    400/400      1.37G     0.1621     0.1183     0.7593         97        256: 97% ━━━━━━━━━━━╸ 443/459 13.1it/s 39.2s<1.2s
[K    400/400      1.37G     0.1622     0.1183     0.7591         59        256: 97% ━━━━━━━━━━━╸ 445/459 13.3it/s 39.3s<1.1s
[K    400/400      1.37G     0.1623     0.1183      0.759         82        256: 97% ━━━━━━━━━━━╸ 447/459 13.6it/s 39.5s<0.9s[ WARN:0@28083.445] global grfmt_tiff.cpp:122 TIFF_Warning TIFFReadDirectory: Unknown field with tag 34264 (0x85d8) encountered

[K    400/400      1.37G     0.1622     0.1183     0.7591         59        256: 98% ━━━━━━━━━━━╸ 449/459 13.7it/s 39.6s<0.7s
[K    400/400      1.37G     0.1621     0.1183     0.7591         70        256: 98% ━━━━━━━━━━━╸ 451/459 13.6it/s 39.8s<0.6s
[K    400/400      1.37G      0.162     0.1182     0.7592         67        256: 99% ━━━━━━━━━━━╸ 453/459 13.5it/s 39.9s<0.4s[ WARN:0@28083.832] global grfmt_tiff.cpp:122 TIFF_Warning TIFFReadDirectory: Unknown field with tag 34264 (0x85d8) encountered

[K    400/400      1.37G     0.1622     0.1183     0.7591        125        256: 99% ━━━━━━━━━━━╸ 455/459 13.7it/s 40.1s<0.3s
[K    400/400      1.37G     0.1621     0.1182     0.7591         86        256: 100% ━━━━━━━━━━━╸ 457/459 13.8it/s 40.2s<0.1s
[K    400/400      1.37G     0.1626     0.1184     0.7591         49        256: 100% ━━━━━━━━━━━━ 459/459 11.4it/s 40.3s

[K                 Class     Images  Instances      Box(P          R      mAP50  mAP50-95): 2% ──────────── 1/58 1.3s/it 0.4s<1:17
[K                 Class     Images  Instances      Box(P          R      mAP50  mAP50-95): 3% ──────────── 2/58 1.4it/s 0.7s<40.1s
[K                 Class     Images  Instances      Box(P          R      mAP50  mAP50-95): 5% ╸─────────── 3/58 1.7it/s 1.1s<31.6s
[K                 Class     Images  Instances      Box(P          R      mAP50  mAP50-95): 7% ╸─────────── 4/58 2.2it/s 1.4s<24.1s
[K                 Class     Images  Instances      Box(P          R      mAP50  mAP50-95): 9% ━─────────── 5/58 2.4it/s 1.8s<22.4s
[K                 Class     Images  Instances      Box(P          R      mAP50  mAP50-95): 10% ━─────────── 6/58 2.6it/s 2.1s<20.3s
[K                 Class     Images  Instances      Box(P          R      mAP50  mAP50-95): 12% ━─────────── 7/58 2.6it/s 2.5s<19.3s
[K                 Class     Images  Instances      Box(P          R      mAP50  mAP50-95): 14% ━╸────────── 8/58 2.7it/s 2.9s<18.7s
[K                 Class     Images  Instances      Box(P          R      mAP50  mAP50-95): 16% ━╸────────── 9/58 2.7it/s 3.2s<18.0s
[K                 Class     Images  Instances      Box(P          R      mAP50  mAP50-95): 17% ━━────────── 10/58 2.8it/s 3.6s<17.3s
[K                 Class     Images  Instances      Box(P          R      mAP50  mAP50-95): 19% ━━────────── 11/58 2.9it/s 3.9s<16.3s
[K                 Class     Images  Instances      Box(P          R      mAP50  mAP50-95): 21% ━━────────── 12/58 2.8it/s 4.3s<16.6s
[K                 Class     Images  Instances      Box(P          R      mAP50  mAP50-95): 22% ━━╸───────── 13/58 2.8it/s 4.6s<16.0s
[K                 Class     Images  Instances      Box(P          R      mAP50  mAP50-95): 24% ━━╸───────── 14/58 2.8it/s 5.0s<15.9s[ WARN:0@28089.262] global grfmt_tiff.cpp:122 TIFF_Warning TIFFReadDirectory: Unknown field with tag 34264 (0x85d8) encountered

[K                 Class     Images  Instances      Box(P          R      mAP50  mAP50-95): 26% ━━━───────── 15/58 2.8it/s 5.3s<15.3s
[K                 Class     Images  Instances      Box(P          R      mAP50  mAP50-95): 28% ━━━───────── 16/58 2.7it/s 5.7s<15.4s[ WARN:0@28089.937] global grfmt_tiff.cpp:122 TIFF_Warning TIFFReadDirectory: Unknown field with tag 34264 (0x85d8) encountered

[K                 Class     Images  Instances      Box(P          R      mAP50  mAP50-95): 29% ━━━╸──────── 17/58 2.8it/s 6.1s<14.7s[ WARN:0@28090.237] global grfmt_tiff.cpp:122 TIFF_Warning TIFFReadDirectory: Unknown field with tag 34264 (0x85d8) encountered

[K                 Class     Images  Instances      Box(P          R      mAP50  mAP50-95): 31% ━━━╸──────── 18/58 2.7it/s 6.5s<14.8s
[K                 Class     Images  Instances      Box(P          R      mAP50  mAP50-95): 33% ━━━╸──────── 19/58 2.8it/s 6.8s<14.0s
[K                 Class     Images  Instances      Box(P          R      mAP50  mAP50-95): 34% ━━━━──────── 20/58 2.8it/s 7.2s<13.8s
[K                 Class     Images  Instances      Box(P          R      mAP50  mAP50-95): 36% ━━━━──────── 21/58 2.8it/s 7.5s<13.1s
[K                 Class     Images  Instances      Box(P          R      mAP50  mAP50-95): 38% ━━━━╸─────── 22/58 2.8it/s 7.9s<13.1s
[K                 Class     Images  Instances      Box(P          R      mAP50  mAP50-95): 40% ━━━━╸─────── 23/58 2.8it/s 8.2s<12.4s
[K                 Class     Images  Instances      Box(P          R      mAP50  mAP50-95): 41% ━━━━╸─────── 24/58 2.7it/s 8.6s<12.4s
[K                 Class     Images  Instances      Box(P          R      mAP50  mAP50-95): 43% ━━━━━─────── 25/58 2.8it/s 9.0s<12.0s
[K                 Class     Images  Instances      Box(P          R      mAP50  mAP50-95): 45% ━━━━━─────── 26/58 2.7it/s 9.4s<11.9s
[K                 Class     Images  Instances      Box(P          R      mAP50  mAP50-95): 47% ━━━━━╸────── 27/58 2.7it/s 9.7s<11.4s
[K                 Class     Images  Instances      Box(P          R      mAP50  mAP50-95): 48% ━━━━━╸────── 28/58 2.7it/s 10.1s<11.3s
[K                 Class     Images  Instances      Box(P          R      mAP50  mAP50-95): 50% ━━━━━━────── 29/58 2.7it/s 10.5s<10.7s
[K                 Class     Images  Instances      Box(P          R      mAP50  mAP50-95): 52% ━━━━━━────── 30/58 2.6it/s 10.9s<10.7s
[K                 Class     Images  Instances      Box(P          R      mAP50  mAP50-95): 53% ━━━━━━────── 31/58 2.7it/s 11.2s<10.0s
[K                 Class     Images  Instances      Box(P          R      mAP50  mAP50-95): 55% ━━━━━━╸───── 32/58 2.6it/s 11.7s<9.9s
[K                 Class     Images  Instances      Box(P          R      mAP50  mAP50-95): 57% ━━━━━━╸───── 33/58 2.6it/s 12.1s<9.7s
[K                 Class     Images  Instances      Box(P          R      mAP50  mAP50-95): 59% ━━━━━━━───── 34/58 2.5it/s 12.5s<9.7s
[K                 Class     Images  Instances      Box(P          R      mAP50  mAP50-95): 60% ━━━━━━━───── 35/58 2.5it/s 12.9s<9.3s
[K                 Class     Images  Instances      Box(P          R      mAP50  mAP50-95): 62% ━━━━━━━───── 36/58 2.5it/s 13.3s<8.8s
[K                 Class     Images  Instances      Box(P          R      mAP50  mAP50-95): 64% ━━━━━━━╸──── 37/58 2.4it/s 13.8s<8.8s
[K                 Class     Images  Instances      Box(P          R      mAP50  mAP50-95): 66% ━━━━━━━╸──── 38/58 2.4it/s 14.2s<8.2s
[K                 Class     Images  Instances      Box(P          R      mAP50  mAP50-95): 67% ━━━━━━━━──── 39/58 2.2it/s 14.8s<8.8s
[K                 Class     Images  Instances      Box(P          R      mAP50  mAP50-95): 69% ━━━━━━━━──── 40/58 2.1it/s 15.3s<8.4s
[K                 Class     Images  Instances      Box(P          R      mAP50  mAP50-95): 71% ━━━━━━━━──── 41/58 2.0it/s 15.9s<8.6s
[K                 Class     Images  Instances      Box(P          R      mAP50  mAP50-95): 72% ━━━━━━━━╸─── 42/58 1.8it/s 16.6s<8.7s
[K                 Class     Images  Instances      Box(P          R      mAP50  mAP50-95): 74% ━━━━━━━━╸─── 43/58 1.7it/s 17.3s<8.7s
[K                 Class     Images  Instances      Box(P          R      mAP50  mAP50-95): 76% ━━━━━━━━━─── 44/58 1.6it/s 18.0s<8.6s
[K                 Class     Images  Instances      Box(P          R      mAP50  mAP50-95): 78% ━━━━━━━━━─── 45/58 1.6it/s 18.6s<8.1s
[K                 Class     Images  Instances      Box(P          R      mAP50  mAP50-95): 79% ━━━━━━━━━╸── 46/58 1.6it/s 19.3s<7.6s
[K                 Class     Images  Instances      Box(P          R      mAP50  mAP50-95): 81% ━━━━━━━━━╸── 47/58 1.6it/s 19.9s<7.0s
[K                 Class     Images  Instances      Box(P          R      mAP50  mAP50-95): 83% ━━━━━━━━━╸── 48/58 1.5it/s 20.6s<6.5s
[K                 Class     Images  Instances      Box(P          R      mAP50  mAP50-95): 84% ━━━━━━━━━━── 49/58 1.6it/s 21.2s<5.8s
[K                 Class     Images  Instances      Box(P          R      mAP50  mAP50-95): 86% ━━━━━━━━━━── 50/58 1.5it/s 21.9s<5.2s
[K                 Class     Images  Instances      Box(P          R      mAP50  mAP50-95): 88% ━━━━━━━━━━╸─ 51/58 1.6it/s 22.5s<4.3s
[K                 Class     Images  Instances      Box(P          R      mAP50  mAP50-95): 90% ━━━━━━━━━━╸─ 52/58 1.6it/s 23.1s<3.8s
[K                 Class     Images  Instances      Box(P          R      mAP50  mAP50-95): 91% ━━━━━━━━━━╸─ 53/58 1.6it/s 23.7s<3.1s
[K                 Class     Images  Instances      Box(P          R      mAP50  mAP50-95): 93% ━━━━━━━━━━━─ 54/58 1.6it/s 24.3s<2.5s
[K                 Class     Images  Instances      Box(P          R      mAP50  mAP50-95): 95% ━━━━━━━━━━━─ 55/58 1.7it/s 24.9s<1.8s
[K                 Class     Images  Instances      Box(P          R      mAP50  mAP50-95): 97% ━━━━━━━━━━━╸ 56/58 1.7it/s 25.5s<1.2s
[K                 Class     Images  Instances      Box(P          R      mAP50  mAP50-95): 98% ━━━━━━━━━━━╸ 57/58 2.0it/s 25.8s<0.5s
[K                 Class     Images  Instances      Box(P          R      mAP50  mAP50-95): 100% ━━━━━━━━━━━━ 58/58 2.2it/s 26.1s
                   all       3667       9614      0.831      0.631      0.758      0.455

400 epochs completed in 7.806 hours.
Optimizer stripped from /root/autodl-tmp/LADD_public/runs_public/ogsod/hbb/cclkd_table2_noextraaug_20260616/baselines/rgb/rgb_yolo11n_hbb_400ep_sgd_table2_noextraaug_b32_s0/weights/last.pt, 5.5MB
Optimizer stripped from /root/autodl-tmp/LADD_public/runs_public/ogsod/hbb/cclkd_table2_noextraaug_20260616/baselines/rgb/rgb_yolo11n_hbb_400ep_sgd_table2_noextraaug_b32_s0/weights/best.pt, 5.5MB

Validating /root/autodl-tmp/LADD_public/runs_public/ogsod/hbb/cclkd_table2_noextraaug_20260616/baselines/rgb/rgb_yolo11n_hbb_400ep_sgd_table2_noextraaug_b32_s0/weights/best.pt...
Ultralytics 8.4.30 🚀 Python-3.12.3 torch-2.7.0+cu128 CUDA:0 (NVIDIA GeForce RTX 4090 D, 24092MiB)
YOLO11n summary (fused): 101 layers, 2,582,737 parameters, 0 gradients, 6.3 GFLOPs
