
    399/399      12.5G      0.035   0.004406   0.000641    0.03058   0.003991  0.0003784      0.694          0          0          0      0.694:  71%|███████   | 324/459 02:41
    399/399      12.5G      0.035   0.004406   0.000641    0.03058   0.003991  0.0003784      0.694          0          0          0      0.694:  71%|███████   | 325/459 02:41/mnt/dataY/ydf/projects/LADD_public/cclkd_reproduction/yolov5_sanity/code/train_yolov5_cclkd_full.py:505: FutureWarning: `torch.cuda.amp.autocast(args...)` is deprecated. Please use `torch.amp.autocast('cuda', args...)` instead.
  with torch.cuda.amp.autocast(amp):

    399/399      12.5G    0.03503   0.004405  0.0006482     0.0306    0.00399  0.0003849      0.694          0          0          0      0.694:  71%|███████   | 325/459 02:41
    399/399      12.5G    0.03503   0.004405  0.0006482     0.0306    0.00399  0.0003849      0.694          0          0          0      0.694:  71%|███████   | 326/459 02:41/mnt/dataY/ydf/projects/LADD_public/cclkd_reproduction/yolov5_sanity/code/train_yolov5_cclkd_full.py:505: FutureWarning: `torch.cuda.amp.autocast(args...)` is deprecated. Please use `torch.amp.autocast('cuda', args...)` instead.
  with torch.cuda.amp.autocast(amp):

    399/399      12.5G    0.03504   0.004407  0.0006487    0.03061   0.003993  0.0003846      0.694          0          0          0      0.694:  71%|███████   | 326/459 02:42
    399/399      12.5G    0.03504   0.004407  0.0006487    0.03061   0.003993  0.0003846      0.694          0          0          0      0.694:  71%|███████   | 327/459 02:42/mnt/dataY/ydf/projects/LADD_public/cclkd_reproduction/yolov5_sanity/code/train_yolov5_cclkd_full.py:505: FutureWarning: `torch.cuda.amp.autocast(args...)` is deprecated. Please use `torch.amp.autocast('cuda', args...)` instead.
  with torch.cuda.amp.autocast(amp):

    399/399      12.5G    0.03505   0.004409  0.0006479    0.03062   0.003994  0.0003844      0.694          0          0          0      0.694:  71%|███████   | 327/459 02:42
    399/399      12.5G    0.03505   0.004409  0.0006479    0.03062   0.003994  0.0003844      0.694          0          0          0      0.694:  71%|███████▏  | 328/459 02:42/mnt/dataY/ydf/projects/LADD_public/cclkd_reproduction/yolov5_sanity/code/train_yolov5_cclkd_full.py:505: FutureWarning: `torch.cuda.amp.autocast(args...)` is deprecated. Please use `torch.amp.autocast('cuda', args...)` instead.
  with torch.cuda.amp.autocast(amp):

    399/399      12.5G    0.03508   0.004414  0.0006496    0.03063      0.004   0.000386      0.694          0          0          0      0.694:  71%|███████▏  | 328/459 02:43
    399/399      12.5G    0.03508   0.004414  0.0006496    0.03063      0.004   0.000386      0.694          0          0          0      0.694:  72%|███████▏  | 329/459 02:43/mnt/dataY/ydf/projects/LADD_public/cclkd_reproduction/yolov5_sanity/code/train_yolov5_cclkd_full.py:505: FutureWarning: `torch.cuda.amp.autocast(args...)` is deprecated. Please use `torch.amp.autocast('cuda', args...)` instead.
  with torch.cuda.amp.autocast(amp):

    399/399      12.5G    0.03511   0.004412  0.0006493    0.03065   0.003999  0.0003853      0.694          0          0          0      0.694:  72%|███████▏  | 329/459 02:43
    399/399      12.5G    0.03511   0.004412  0.0006493    0.03065   0.003999  0.0003853      0.694          0          0          0      0.694:  72%|███████▏  | 330/459 02:43/mnt/dataY/ydf/projects/LADD_public/cclkd_reproduction/yolov5_sanity/code/train_yolov5_cclkd_full.py:505: FutureWarning: `torch.cuda.amp.autocast(args...)` is deprecated. Please use `torch.amp.autocast('cuda', args...)` instead.
  with torch.cuda.amp.autocast(amp):

    399/399      12.5G    0.03509   0.004412  0.0006478    0.03064      0.004  0.0003846      0.694          0          0          0      0.694:  72%|███████▏  | 330/459 02:44
    399/399      12.5G    0.03509   0.004412  0.0006478    0.03064      0.004  0.0003846      0.694          0          0          0      0.694:  72%|███████▏  | 331/459 02:44/mnt/dataY/ydf/projects/LADD_public/cclkd_reproduction/yolov5_sanity/code/train_yolov5_cclkd_full.py:505: FutureWarning: `torch.cuda.amp.autocast(args...)` is deprecated. Please use `torch.amp.autocast('cuda', args...)` instead.
  with torch.cuda.amp.autocast(amp):
[ WARN:0@115988.608] global grfmt_tiff.cpp:122 TIFF_Warning TIFFReadDirectory: Unknown field with tag 34264 (0x85d8) encountered

    399/399      12.5G    0.03509   0.004408  0.0006488    0.03063   0.003996  0.0003836      0.694          0          0          0      0.694:  72%|███████▏  | 331/459 02:44
    399/399      12.5G    0.03509   0.004408  0.0006488    0.03063   0.003996  0.0003836      0.694          0          0          0      0.694:  72%|███████▏  | 332/459 02:44/mnt/dataY/ydf/projects/LADD_public/cclkd_reproduction/yolov5_sanity/code/train_yolov5_cclkd_full.py:505: FutureWarning: `torch.cuda.amp.autocast(args...)` is deprecated. Please use `torch.amp.autocast('cuda', args...)` instead.
  with torch.cuda.amp.autocast(amp):
[ WARN:0@115989.156] global grfmt_tiff.cpp:122 TIFF_Warning TIFFReadDirectory: Unknown field with tag 34264 (0x85d8) encountered
[ WARN:0@115989.455] global grfmt_tiff.cpp:122 TIFF_Warning TIFFReadDirectory: Unknown field with tag 34264 (0x85d8) encountered

    399/399      12.5G    0.03509   0.004406  0.0006472    0.03063   0.003994  0.0003828      0.694          0          0          0      0.694:  72%|███████▏  | 332/459 02:45
    399/399      12.5G    0.03509   0.004406  0.0006472    0.03063   0.003994  0.0003828      0.694          0          0          0      0.694:  73%|███████▎  | 333/459 02:45/mnt/dataY/ydf/projects/LADD_public/cclkd_reproduction/yolov5_sanity/code/train_yolov5_cclkd_full.py:505: FutureWarning: `torch.cuda.amp.autocast(args...)` is deprecated. Please use `torch.amp.autocast('cuda', args...)` instead.
  with torch.cuda.amp.autocast(amp):

    399/399      12.5G    0.03508   0.004406  0.0006463    0.03062   0.003993  0.0003823      0.694          0          0          0      0.694:  73%|███████▎  | 333/459 02:45
    399/399      12.5G    0.03508   0.004406  0.0006463    0.03062   0.003993  0.0003823      0.694          0          0          0      0.694:  73%|███████▎  | 334/459 02:45/mnt/dataY/ydf/projects/LADD_public/cclkd_reproduction/yolov5_sanity/code/train_yolov5_cclkd_full.py:505: FutureWarning: `torch.cuda.amp.autocast(args...)` is deprecated. Please use `torch.amp.autocast('cuda', args...)` instead.
  with torch.cuda.amp.autocast(amp):

    399/399      12.5G    0.03507   0.004408  0.0006448    0.03061   0.003996   0.000382      0.694          0          0          0      0.694:  73%|███████▎  | 334/459 02:46
    399/399      12.5G    0.03507   0.004408  0.0006448    0.03061   0.003996   0.000382      0.694          0          0          0      0.694:  73%|███████▎  | 335/459 02:46/mnt/dataY/ydf/projects/LADD_public/cclkd_reproduction/yolov5_sanity/code/train_yolov5_cclkd_full.py:505: FutureWarning: `torch.cuda.amp.autocast(args...)` is deprecated. Please use `torch.amp.autocast('cuda', args...)` instead.
  with torch.cuda.amp.autocast(amp):

    399/399      12.5G    0.03506   0.004406  0.0006452     0.0306   0.003994   0.000381      0.694          0          0          0      0.694:  73%|███████▎  | 335/459 02:46
    399/399      12.5G    0.03506   0.004406  0.0006452     0.0306   0.003994   0.000381      0.694          0          0          0      0.694:  73%|███████▎  | 336/459 02:46/mnt/dataY/ydf/projects/LADD_public/cclkd_reproduction/yolov5_sanity/code/train_yolov5_cclkd_full.py:505: FutureWarning: `torch.cuda.amp.autocast(args...)` is deprecated. Please use `torch.amp.autocast('cuda', args...)` instead.
  with torch.cuda.amp.autocast(amp):

    399/399      12.5G    0.03504   0.004403  0.0006443     0.0306   0.003992  0.0003804      0.694          0          0          0      0.694:  73%|███████▎  | 336/459 02:47
    399/399      12.5G    0.03504   0.004403  0.0006443     0.0306   0.003992  0.0003804      0.694          0          0          0      0.694:  73%|███████▎  | 337/459 02:47/mnt/dataY/ydf/projects/LADD_public/cclkd_reproduction/yolov5_sanity/code/train_yolov5_cclkd_full.py:505: FutureWarning: `torch.cuda.amp.autocast(args...)` is deprecated. Please use `torch.amp.autocast('cuda', args...)` instead.
  with torch.cuda.amp.autocast(amp):

    399/399      12.5G    0.03508   0.004406   0.000649    0.03063   0.003993  0.0003808      0.694          0          0          0      0.694:  73%|███████▎  | 337/459 02:47
    399/399      12.5G    0.03508   0.004406   0.000649    0.03063   0.003993  0.0003808      0.694          0          0          0      0.694:  74%|███████▎  | 338/459 02:47/mnt/dataY/ydf/projects/LADD_public/cclkd_reproduction/yolov5_sanity/code/train_yolov5_cclkd_full.py:505: FutureWarning: `torch.cuda.amp.autocast(args...)` is deprecated. Please use `torch.amp.autocast('cuda', args...)` instead.
  with torch.cuda.amp.autocast(amp):

    399/399      12.5G    0.03506   0.004402  0.0006474    0.03062    0.00399  0.0003798      0.694          0          0          0      0.694:  74%|███████▎  | 338/459 02:48
    399/399      12.5G    0.03506   0.004402  0.0006474    0.03062    0.00399  0.0003798      0.694          0          0          0      0.694:  74%|███████▍  | 339/459 02:48/mnt/dataY/ydf/projects/LADD_public/cclkd_reproduction/yolov5_sanity/code/train_yolov5_cclkd_full.py:505: FutureWarning: `torch.cuda.amp.autocast(args...)` is deprecated. Please use `torch.amp.autocast('cuda', args...)` instead.
  with torch.cuda.amp.autocast(amp):

    399/399      12.5G    0.03505   0.004403   0.000648    0.03062   0.003991   0.000379      0.694          0          0          0      0.694:  74%|███████▍  | 339/459 02:48
    399/399      12.5G    0.03505   0.004403   0.000648    0.03062   0.003991   0.000379      0.694          0          0          0      0.694:  74%|███████▍  | 340/459 02:48/mnt/dataY/ydf/projects/LADD_public/cclkd_reproduction/yolov5_sanity/code/train_yolov5_cclkd_full.py:505: FutureWarning: `torch.cuda.amp.autocast(args...)` is deprecated. Please use `torch.amp.autocast('cuda', args...)` instead.
  with torch.cuda.amp.autocast(amp):

    399/399      12.5G    0.03506   0.004402  0.0006476    0.03062   0.003988  0.0003781      0.694          0          0          0      0.694:  74%|███████▍  | 340/459 02:49
    399/399      12.5G    0.03506   0.004402  0.0006476    0.03062   0.003988  0.0003781      0.694          0          0          0      0.694:  74%|███████▍  | 341/459 02:49/mnt/dataY/ydf/projects/LADD_public/cclkd_reproduction/yolov5_sanity/code/train_yolov5_cclkd_full.py:505: FutureWarning: `torch.cuda.amp.autocast(args...)` is deprecated. Please use `torch.amp.autocast('cuda', args...)` instead.
  with torch.cuda.amp.autocast(amp):

    399/399      12.5G    0.03506   0.004402  0.0006463    0.03062   0.003989  0.0003776      0.694          0          0          0      0.694:  74%|███████▍  | 341/459 02:49
    399/399      12.5G    0.03506   0.004402  0.0006463    0.03062   0.003989  0.0003776      0.694          0          0          0      0.694:  75%|███████▍  | 342/459 02:49/mnt/dataY/ydf/projects/LADD_public/cclkd_reproduction/yolov5_sanity/code/train_yolov5_cclkd_full.py:505: FutureWarning: `torch.cuda.amp.autocast(args...)` is deprecated. Please use `torch.amp.autocast('cuda', args...)` instead.
  with torch.cuda.amp.autocast(amp):

    399/399      12.5G    0.03508   0.004401  0.0006453    0.03063   0.003987  0.0003771      0.694          0          0          0      0.694:  75%|███████▍  | 342/459 02:50
    399/399      12.5G    0.03508   0.004401  0.0006453    0.03063   0.003987  0.0003771      0.694          0          0          0      0.694:  75%|███████▍  | 343/459 02:50/mnt/dataY/ydf/projects/LADD_public/cclkd_reproduction/yolov5_sanity/code/train_yolov5_cclkd_full.py:505: FutureWarning: `torch.cuda.amp.autocast(args...)` is deprecated. Please use `torch.amp.autocast('cuda', args...)` instead.
  with torch.cuda.amp.autocast(amp):
[ WARN:0@115994.684] global grfmt_tiff.cpp:122 TIFF_Warning TIFFReadDirectory: Unknown field with tag 34264 (0x85d8) encountered
[ WARN:0@115994.915] global grfmt_tiff.cpp:122 TIFF_Warning TIFFReadDirectory: Unknown field with tag 34264 (0x85d8) encountered

    399/399      12.5G    0.03507     0.0044   0.000644    0.03063   0.003986  0.0003766      0.694          0          0          0      0.694:  75%|███████▍  | 343/459 02:50
    399/399      12.5G    0.03507     0.0044   0.000644    0.03063   0.003986  0.0003766      0.694          0          0          0      0.694:  75%|███████▍  | 344/459 02:50/mnt/dataY/ydf/projects/LADD_public/cclkd_reproduction/yolov5_sanity/code/train_yolov5_cclkd_full.py:505: FutureWarning: `torch.cuda.amp.autocast(args...)` is deprecated. Please use `torch.amp.autocast('cuda', args...)` instead.
  with torch.cuda.amp.autocast(amp):

    399/399      12.5G    0.03514   0.004404  0.0006586    0.03069   0.003989  0.0003769      0.694          0          0          0      0.694:  75%|███████▍  | 344/459 02:51
    399/399      12.5G    0.03514   0.004404  0.0006586    0.03069   0.003989  0.0003769      0.694          0          0          0      0.694:  75%|███████▌  | 345/459 02:51/mnt/dataY/ydf/projects/LADD_public/cclkd_reproduction/yolov5_sanity/code/train_yolov5_cclkd_full.py:505: FutureWarning: `torch.cuda.amp.autocast(args...)` is deprecated. Please use `torch.amp.autocast('cuda', args...)` instead.
  with torch.cuda.amp.autocast(amp):

    399/399      12.5G    0.03513   0.004404  0.0006576    0.03068    0.00399  0.0003761      0.694          0          0          0      0.694:  75%|███████▌  | 345/459 02:51
    399/399      12.5G    0.03513   0.004404  0.0006576    0.03068    0.00399  0.0003761      0.694          0          0          0      0.694:  75%|███████▌  | 346/459 02:51/mnt/dataY/ydf/projects/LADD_public/cclkd_reproduction/yolov5_sanity/code/train_yolov5_cclkd_full.py:505: FutureWarning: `torch.cuda.amp.autocast(args...)` is deprecated. Please use `torch.amp.autocast('cuda', args...)` instead.
  with torch.cuda.amp.autocast(amp):

    399/399      12.5G    0.03513   0.004406  0.0006618    0.03069   0.003991   0.000376      0.694          0          0          0      0.694:  75%|███████▌  | 346/459 02:52
    399/399      12.5G    0.03513   0.004406  0.0006618    0.03069   0.003991   0.000376      0.694          0          0          0      0.694:  76%|███████▌  | 347/459 02:52/mnt/dataY/ydf/projects/LADD_public/cclkd_reproduction/yolov5_sanity/code/train_yolov5_cclkd_full.py:505: FutureWarning: `torch.cuda.amp.autocast(args...)` is deprecated. Please use `torch.amp.autocast('cuda', args...)` instead.
  with torch.cuda.amp.autocast(amp):

    399/399      12.5G    0.03513   0.004409  0.0006612    0.03069   0.003994  0.0003751      0.694          0          0          0      0.694:  76%|███████▌  | 347/459 02:53
    399/399      12.5G    0.03513   0.004409  0.0006612    0.03069   0.003994  0.0003751      0.694          0          0          0      0.694:  76%|███████▌  | 348/459 02:53/mnt/dataY/ydf/projects/LADD_public/cclkd_reproduction/yolov5_sanity/code/train_yolov5_cclkd_full.py:505: FutureWarning: `torch.cuda.amp.autocast(args...)` is deprecated. Please use `torch.amp.autocast('cuda', args...)` instead.
  with torch.cuda.amp.autocast(amp):

    399/399      12.5G    0.03513   0.004414  0.0006633    0.03069   0.003998  0.0003759      0.694          0          0          0      0.694:  76%|███████▌  | 348/459 02:53
    399/399      12.5G    0.03513   0.004414  0.0006633    0.03069   0.003998  0.0003759      0.694          0          0          0      0.694:  76%|███████▌  | 349/459 02:53/mnt/dataY/ydf/projects/LADD_public/cclkd_reproduction/yolov5_sanity/code/train_yolov5_cclkd_full.py:505: FutureWarning: `torch.cuda.amp.autocast(args...)` is deprecated. Please use `torch.amp.autocast('cuda', args...)` instead.
  with torch.cuda.amp.autocast(amp):
[ WARN:0@115997.865] global grfmt_tiff.cpp:122 TIFF_Warning TIFFReadDirectory: Unknown field with tag 34264 (0x85d8) encountered

    399/399      12.5G    0.03514   0.004416  0.0006639     0.0307      0.004  0.0003795      0.694          0          0          0      0.694:  76%|███████▌  | 349/459 02:54
    399/399      12.5G    0.03514   0.004416  0.0006639     0.0307      0.004  0.0003795      0.694          0          0          0      0.694:  76%|███████▋  | 350/459 02:54/mnt/dataY/ydf/projects/LADD_public/cclkd_reproduction/yolov5_sanity/code/train_yolov5_cclkd_full.py:505: FutureWarning: `torch.cuda.amp.autocast(args...)` is deprecated. Please use `torch.amp.autocast('cuda', args...)` instead.
  with torch.cuda.amp.autocast(amp):
[ WARN:0@115998.459] global grfmt_tiff.cpp:122 TIFF_Warning TIFFReadDirectory: Unknown field with tag 34264 (0x85d8) encountered

    399/399      12.5G    0.03514   0.004415  0.0006624    0.03069   0.003998  0.0003786      0.694          0          0          0      0.694:  76%|███████▋  | 350/459 02:54
    399/399      12.5G    0.03514   0.004415  0.0006624    0.03069   0.003998  0.0003786      0.694          0          0          0      0.694:  76%|███████▋  | 351/459 02:54/mnt/dataY/ydf/projects/LADD_public/cclkd_reproduction/yolov5_sanity/code/train_yolov5_cclkd_full.py:505: FutureWarning: `torch.cuda.amp.autocast(args...)` is deprecated. Please use `torch.amp.autocast('cuda', args...)` instead.
  with torch.cuda.amp.autocast(amp):

    399/399      12.5G    0.03513   0.004411   0.000661    0.03068   0.003994  0.0003777      0.694          0          0          0      0.694:  76%|███████▋  | 351/459 02:55
    399/399      12.5G    0.03513   0.004411   0.000661    0.03068   0.003994  0.0003777      0.694          0          0          0      0.694:  77%|███████▋  | 352/459 02:55/mnt/dataY/ydf/projects/LADD_public/cclkd_reproduction/yolov5_sanity/code/train_yolov5_cclkd_full.py:505: FutureWarning: `torch.cuda.amp.autocast(args...)` is deprecated. Please use `torch.amp.autocast('cuda', args...)` instead.
  with torch.cuda.amp.autocast(amp):

    399/399      12.5G    0.03514   0.004415  0.0006636    0.03068   0.003998  0.0003774      0.694          0          0          0      0.694:  77%|███████▋  | 352/459 02:55
    399/399      12.5G    0.03514   0.004415  0.0006636    0.03068   0.003998  0.0003774      0.694          0          0          0      0.694:  77%|███████▋  | 353/459 02:55/mnt/dataY/ydf/projects/LADD_public/cclkd_reproduction/yolov5_sanity/code/train_yolov5_cclkd_full.py:505: FutureWarning: `torch.cuda.amp.autocast(args...)` is deprecated. Please use `torch.amp.autocast('cuda', args...)` instead.
  with torch.cuda.amp.autocast(amp):

    399/399      12.5G    0.03515   0.004417  0.0006777    0.03069   0.004001  0.0003785      0.694          0          0          0      0.694:  77%|███████▋  | 353/459 02:56
    399/399      12.5G    0.03515   0.004417  0.0006777    0.03069   0.004001  0.0003785      0.694          0          0          0      0.694:  77%|███████▋  | 354/459 02:56/mnt/dataY/ydf/projects/LADD_public/cclkd_reproduction/yolov5_sanity/code/train_yolov5_cclkd_full.py:505: FutureWarning: `torch.cuda.amp.autocast(args...)` is deprecated. Please use `torch.amp.autocast('cuda', args...)` instead.
  with torch.cuda.amp.autocast(amp):

    399/399      12.5G    0.03518   0.004422  0.0006917     0.0307   0.004004   0.000378      0.694          0          0          0      0.694:  77%|███████▋  | 354/459 02:56
    399/399      12.5G    0.03518   0.004422  0.0006917     0.0307   0.004004   0.000378      0.694          0          0          0      0.694:  77%|███████▋  | 355/459 02:56/mnt/dataY/ydf/projects/LADD_public/cclkd_reproduction/yolov5_sanity/code/train_yolov5_cclkd_full.py:505: FutureWarning: `torch.cuda.amp.autocast(args...)` is deprecated. Please use `torch.amp.autocast('cuda', args...)` instead.
  with torch.cuda.amp.autocast(amp):

    399/399      12.5G    0.03518   0.004423  0.0006939    0.03071   0.004007  0.0003811      0.694          0          0          0      0.694:  77%|███████▋  | 355/459 02:57
    399/399      12.5G    0.03518   0.004423  0.0006939    0.03071   0.004007  0.0003811      0.694          0          0          0      0.694:  78%|███████▊  | 356/459 02:57/mnt/dataY/ydf/projects/LADD_public/cclkd_reproduction/yolov5_sanity/code/train_yolov5_cclkd_full.py:505: FutureWarning: `torch.cuda.amp.autocast(args...)` is deprecated. Please use `torch.amp.autocast('cuda', args...)` instead.
  with torch.cuda.amp.autocast(amp):
[ WARN:0@116001.721] global grfmt_tiff.cpp:122 TIFF_Warning TIFFReadDirectory: Unknown field with tag 34264 (0x85d8) encountered

    399/399      12.5G    0.03518    0.00442  0.0006923    0.03071   0.004003  0.0003802      0.694          0          0          0      0.694:  78%|███████▊  | 356/459 02:57
    399/399      12.5G    0.03518    0.00442  0.0006923    0.03071   0.004003  0.0003802      0.694          0          0          0      0.694:  78%|███████▊  | 357/459 02:57/mnt/dataY/ydf/projects/LADD_public/cclkd_reproduction/yolov5_sanity/code/train_yolov5_cclkd_full.py:505: FutureWarning: `torch.cuda.amp.autocast(args...)` is deprecated. Please use `torch.amp.autocast('cuda', args...)` instead.
  with torch.cuda.amp.autocast(amp):

    399/399      12.5G    0.03518   0.004417  0.0006905    0.03071   0.004001  0.0003793      0.694          0          0          0      0.694:  78%|███████▊  | 357/459 02:58
    399/399      12.5G    0.03518   0.004417  0.0006905    0.03071   0.004001  0.0003793      0.694          0          0          0      0.694:  78%|███████▊  | 358/459 02:58/mnt/dataY/ydf/projects/LADD_public/cclkd_reproduction/yolov5_sanity/code/train_yolov5_cclkd_full.py:505: FutureWarning: `torch.cuda.amp.autocast(args...)` is deprecated. Please use `torch.amp.autocast('cuda', args...)` instead.
  with torch.cuda.amp.autocast(amp):

    399/399      12.5G    0.03518   0.004418  0.0006899    0.03071   0.004002  0.0003785      0.694          0          0          0      0.694:  78%|███████▊  | 358/459 02:58
    399/399      12.5G    0.03518   0.004418  0.0006899    0.03071   0.004002  0.0003785      0.694          0          0          0      0.694:  78%|███████▊  | 359/459 02:58/mnt/dataY/ydf/projects/LADD_public/cclkd_reproduction/yolov5_sanity/code/train_yolov5_cclkd_full.py:505: FutureWarning: `torch.cuda.amp.autocast(args...)` is deprecated. Please use `torch.amp.autocast('cuda', args...)` instead.
  with torch.cuda.amp.autocast(amp):

    399/399      12.5G    0.03518   0.004415  0.0006895    0.03071      0.004  0.0003783      0.694          0          0          0      0.694:  78%|███████▊  | 359/459 02:59
    399/399      12.5G    0.03518   0.004415  0.0006895    0.03071      0.004  0.0003783      0.694          0          0          0      0.694:  78%|███████▊  | 360/459 02:59/mnt/dataY/ydf/projects/LADD_public/cclkd_reproduction/yolov5_sanity/code/train_yolov5_cclkd_full.py:505: FutureWarning: `torch.cuda.amp.autocast(args...)` is deprecated. Please use `torch.amp.autocast('cuda', args...)` instead.
  with torch.cuda.amp.autocast(amp):

    399/399      12.5G    0.03517   0.004415  0.0006903    0.03071   0.004001  0.0003778      0.694          0          0          0      0.694:  78%|███████▊  | 360/459 02:59
    399/399      12.5G    0.03517   0.004415  0.0006903    0.03071   0.004001  0.0003778      0.694          0          0          0      0.694:  79%|███████▊  | 361/459 02:59/mnt/dataY/ydf/projects/LADD_public/cclkd_reproduction/yolov5_sanity/code/train_yolov5_cclkd_full.py:505: FutureWarning: `torch.cuda.amp.autocast(args...)` is deprecated. Please use `torch.amp.autocast('cuda', args...)` instead.
  with torch.cuda.amp.autocast(amp):

    399/399      12.5G    0.03517   0.004415  0.0006888     0.0307      0.004  0.0003771      0.694          0          0          0      0.694:  79%|███████▊  | 361/459 03:00
    399/399      12.5G    0.03517   0.004415  0.0006888     0.0307      0.004  0.0003771      0.694          0          0          0      0.694:  79%|███████▉  | 362/459 03:00/mnt/dataY/ydf/projects/LADD_public/cclkd_reproduction/yolov5_sanity/code/train_yolov5_cclkd_full.py:505: FutureWarning: `torch.cuda.amp.autocast(args...)` is deprecated. Please use `torch.amp.autocast('cuda', args...)` instead.
  with torch.cuda.amp.autocast(amp):

    399/399      12.5G    0.03516   0.004414  0.0006891     0.0307   0.003999  0.0003773      0.694          0          0          0      0.694:  79%|███████▉  | 362/459 03:00
    399/399      12.5G    0.03516   0.004414  0.0006891     0.0307   0.003999  0.0003773      0.694          0          0          0      0.694:  79%|███████▉  | 363/459 03:00/mnt/dataY/ydf/projects/LADD_public/cclkd_reproduction/yolov5_sanity/code/train_yolov5_cclkd_full.py:505: FutureWarning: `torch.cuda.amp.autocast(args...)` is deprecated. Please use `torch.amp.autocast('cuda', args...)` instead.
  with torch.cuda.amp.autocast(amp):
[ WARN:0@116005.263] global grfmt_tiff.cpp:122 TIFF_Warning TIFFReadDirectory: Unknown field with tag 34264 (0x85d8) encountered

    399/399      12.5G    0.03517   0.004412  0.0006888    0.03069   0.003998  0.0003772      0.694          0          0          0      0.694:  79%|███████▉  | 363/459 03:01
    399/399      12.5G    0.03517   0.004412  0.0006888    0.03069   0.003998  0.0003772      0.694          0          0          0      0.694:  79%|███████▉  | 364/459 03:01/mnt/dataY/ydf/projects/LADD_public/cclkd_reproduction/yolov5_sanity/code/train_yolov5_cclkd_full.py:505: FutureWarning: `torch.cuda.amp.autocast(args...)` is deprecated. Please use `torch.amp.autocast('cuda', args...)` instead.
  with torch.cuda.amp.autocast(amp):

    399/399      12.5G    0.03516    0.00441  0.0006886    0.03068   0.003995  0.0003772      0.694          0          0          0      0.694:  79%|███████▉  | 364/459 03:01
    399/399      12.5G    0.03516    0.00441  0.0006886    0.03068   0.003995  0.0003772      0.694          0          0          0      0.694:  80%|███████▉  | 365/459 03:01/mnt/dataY/ydf/projects/LADD_public/cclkd_reproduction/yolov5_sanity/code/train_yolov5_cclkd_full.py:505: FutureWarning: `torch.cuda.amp.autocast(args...)` is deprecated. Please use `torch.amp.autocast('cuda', args...)` instead.
  with torch.cuda.amp.autocast(amp):
[ WARN:0@116006.339] global grfmt_tiff.cpp:122 TIFF_Warning TIFFReadDirectory: Unknown field with tag 34264 (0x85d8) encountered

    399/399      12.5G    0.03515   0.004409  0.0006888    0.03066   0.003993  0.0003775      0.694          0          0          0      0.694:  80%|███████▉  | 365/459 03:02
    399/399      12.5G    0.03515   0.004409  0.0006888    0.03066   0.003993  0.0003775      0.694          0          0          0      0.694:  80%|███████▉  | 366/459 03:02/mnt/dataY/ydf/projects/LADD_public/cclkd_reproduction/yolov5_sanity/code/train_yolov5_cclkd_full.py:505: FutureWarning: `torch.cuda.amp.autocast(args...)` is deprecated. Please use `torch.amp.autocast('cuda', args...)` instead.
  with torch.cuda.amp.autocast(amp):

    399/399      12.5G    0.03515   0.004408  0.0006881    0.03066   0.003994   0.000377      0.694          0          0          0      0.694:  80%|███████▉  | 366/459 03:02
    399/399      12.5G    0.03515   0.004408  0.0006881    0.03066   0.003994   0.000377      0.694          0          0          0      0.694:  80%|███████▉  | 367/459 03:02/mnt/dataY/ydf/projects/LADD_public/cclkd_reproduction/yolov5_sanity/code/train_yolov5_cclkd_full.py:505: FutureWarning: `torch.cuda.amp.autocast(args...)` is deprecated. Please use `torch.amp.autocast('cuda', args...)` instead.
  with torch.cuda.amp.autocast(amp):

    399/399      12.5G    0.03514   0.004407  0.0006867    0.03065   0.003993  0.0003761      0.694          0          0          0      0.694:  80%|███████▉  | 367/459 03:03
    399/399      12.5G    0.03514   0.004407  0.0006867    0.03065   0.003993  0.0003761      0.694          0          0          0      0.694:  80%|████████  | 368/459 03:03/mnt/dataY/ydf/projects/LADD_public/cclkd_reproduction/yolov5_sanity/code/train_yolov5_cclkd_full.py:505: FutureWarning: `torch.cuda.amp.autocast(args...)` is deprecated. Please use `torch.amp.autocast('cuda', args...)` instead.
  with torch.cuda.amp.autocast(amp):

    399/399      12.5G    0.03514   0.004406   0.000685    0.03066   0.003993  0.0003753      0.694          0          0          0      0.694:  80%|████████  | 368/459 03:03
    399/399      12.5G    0.03514   0.004406   0.000685    0.03066   0.003993  0.0003753      0.694          0          0          0      0.694:  80%|████████  | 369/459 03:03/mnt/dataY/ydf/projects/LADD_public/cclkd_reproduction/yolov5_sanity/code/train_yolov5_cclkd_full.py:505: FutureWarning: `torch.cuda.amp.autocast(args...)` is deprecated. Please use `torch.amp.autocast('cuda', args...)` instead.
  with torch.cuda.amp.autocast(amp):

    399/399      12.5G    0.03515   0.004401  0.0006893    0.03067   0.003988  0.0003754      0.694          0          0          0      0.694:  80%|████████  | 369/459 03:04
    399/399      12.5G    0.03515   0.004401  0.0006893    0.03067   0.003988  0.0003754      0.694          0          0          0      0.694:  81%|████████  | 370/459 03:04/mnt/dataY/ydf/projects/LADD_public/cclkd_reproduction/yolov5_sanity/code/train_yolov5_cclkd_full.py:505: FutureWarning: `torch.cuda.amp.autocast(args...)` is deprecated. Please use `torch.amp.autocast('cuda', args...)` instead.
  with torch.cuda.amp.autocast(amp):
[ WARN:0@116008.622] global grfmt_tiff.cpp:122 TIFF_Warning TIFFReadDirectory: Unknown field with tag 34264 (0x85d8) encountered

    399/399      12.5G    0.03514   0.004398   0.000688    0.03065   0.003986  0.0003747      0.694          0          0          0      0.694:  81%|████████  | 370/459 03:04
    399/399      12.5G    0.03514   0.004398   0.000688    0.03065   0.003986  0.0003747      0.694          0          0          0      0.694:  81%|████████  | 371/459 03:04/mnt/dataY/ydf/projects/LADD_public/cclkd_reproduction/yolov5_sanity/code/train_yolov5_cclkd_full.py:505: FutureWarning: `torch.cuda.amp.autocast(args...)` is deprecated. Please use `torch.amp.autocast('cuda', args...)` instead.
  with torch.cuda.amp.autocast(amp):

    399/399      12.5G    0.03514   0.004397  0.0006864    0.03065   0.003985  0.0003738      0.694          0          0          0      0.694:  81%|████████  | 371/459 03:05
    399/399      12.5G    0.03514   0.004397  0.0006864    0.03065   0.003985  0.0003738      0.694          0          0          0      0.694:  81%|████████  | 372/459 03:05/mnt/dataY/ydf/projects/LADD_public/cclkd_reproduction/yolov5_sanity/code/train_yolov5_cclkd_full.py:505: FutureWarning: `torch.cuda.amp.autocast(args...)` is deprecated. Please use `torch.amp.autocast('cuda', args...)` instead.
  with torch.cuda.amp.autocast(amp):

    399/399      12.5G    0.03512     0.0044  0.0006856    0.03064   0.003987   0.000373      0.694          0          0          0      0.694:  81%|████████  | 372/459 03:05
    399/399      12.5G    0.03512     0.0044  0.0006856    0.03064   0.003987   0.000373      0.694          0          0          0      0.694:  81%|████████▏ | 373/459 03:05/mnt/dataY/ydf/projects/LADD_public/cclkd_reproduction/yolov5_sanity/code/train_yolov5_cclkd_full.py:505: FutureWarning: `torch.cuda.amp.autocast(args...)` is deprecated. Please use `torch.amp.autocast('cuda', args...)` instead.
  with torch.cuda.amp.autocast(amp):
[ WARN:0@116010.138] global grfmt_tiff.cpp:122 TIFF_Warning TIFFReadDirectory: Unknown field with tag 34264 (0x85d8) encountered

    399/399      12.5G     0.0351   0.004398  0.0006843    0.03063   0.003984   0.000373      0.694          0          0          0      0.694:  81%|████████▏ | 373/459 03:06
    399/399      12.5G     0.0351   0.004398  0.0006843    0.03063   0.003984   0.000373      0.694          0          0          0      0.694:  81%|████████▏ | 374/459 03:06/mnt/dataY/ydf/projects/LADD_public/cclkd_reproduction/yolov5_sanity/code/train_yolov5_cclkd_full.py:505: FutureWarning: `torch.cuda.amp.autocast(args...)` is deprecated. Please use `torch.amp.autocast('cuda', args...)` instead.
  with torch.cuda.amp.autocast(amp):

    399/399      12.5G    0.03511   0.004401  0.0006908    0.03064   0.003987  0.0003733      0.694          0          0          0      0.694:  81%|████████▏ | 374/459 03:06
    399/399      12.5G    0.03511   0.004401  0.0006908    0.03064   0.003987  0.0003733      0.694          0          0          0      0.694:  82%|████████▏ | 375/459 03:06/mnt/dataY/ydf/projects/LADD_public/cclkd_reproduction/yolov5_sanity/code/train_yolov5_cclkd_full.py:505: FutureWarning: `torch.cuda.amp.autocast(args...)` is deprecated. Please use `torch.amp.autocast('cuda', args...)` instead.
  with torch.cuda.amp.autocast(amp):

    399/399      12.5G     0.0351   0.004399  0.0006897    0.03063   0.003985  0.0003725      0.694          0          0          0      0.694:  82%|████████▏ | 375/459 03:07
    399/399      12.5G     0.0351   0.004399  0.0006897    0.03063   0.003985  0.0003725      0.694          0          0          0      0.694:  82%|████████▏ | 376/459 03:07/mnt/dataY/ydf/projects/LADD_public/cclkd_reproduction/yolov5_sanity/code/train_yolov5_cclkd_full.py:505: FutureWarning: `torch.cuda.amp.autocast(args...)` is deprecated. Please use `torch.amp.autocast('cuda', args...)` instead.
  with torch.cuda.amp.autocast(amp):

    399/399      12.5G    0.03511     0.0044  0.0006939    0.03065   0.003987  0.0003741      0.694          0          0          0      0.694:  82%|████████▏ | 376/459 03:07
    399/399      12.5G    0.03511     0.0044  0.0006939    0.03065   0.003987  0.0003741      0.694          0          0          0      0.694:  82%|████████▏ | 377/459 03:07/mnt/dataY/ydf/projects/LADD_public/cclkd_reproduction/yolov5_sanity/code/train_yolov5_cclkd_full.py:505: FutureWarning: `torch.cuda.amp.autocast(args...)` is deprecated. Please use `torch.amp.autocast('cuda', args...)` instead.
  with torch.cuda.amp.autocast(amp):

    399/399      12.5G    0.03511   0.004399  0.0006924    0.03064   0.003987  0.0003734      0.694          0          0          0      0.694:  82%|████████▏ | 377/459 03:08
    399/399      12.5G    0.03511   0.004399  0.0006924    0.03064   0.003987  0.0003734      0.694          0          0          0      0.694:  82%|████████▏ | 378/459 03:08/mnt/dataY/ydf/projects/LADD_public/cclkd_reproduction/yolov5_sanity/code/train_yolov5_cclkd_full.py:505: FutureWarning: `torch.cuda.amp.autocast(args...)` is deprecated. Please use `torch.amp.autocast('cuda', args...)` instead.
  with torch.cuda.amp.autocast(amp):

    399/399      12.5G     0.0351   0.004398  0.0006909    0.03064   0.003986  0.0003727      0.694          0          0          0      0.694:  82%|████████▏ | 378/459 03:08
    399/399      12.5G     0.0351   0.004398  0.0006909    0.03064   0.003986  0.0003727      0.694          0          0          0      0.694:  83%|████████▎ | 379/459 03:08/mnt/dataY/ydf/projects/LADD_public/cclkd_reproduction/yolov5_sanity/code/train_yolov5_cclkd_full.py:505: FutureWarning: `torch.cuda.amp.autocast(args...)` is deprecated. Please use `torch.amp.autocast('cuda', args...)` instead.
  with torch.cuda.amp.autocast(amp):

    399/399      12.5G    0.03512   0.004397  0.0006904    0.03067   0.003985  0.0003721      0.694          0          0          0      0.694:  83%|████████▎ | 379/459 03:09
    399/399      12.5G    0.03512   0.004397  0.0006904    0.03067   0.003985  0.0003721      0.694          0          0          0      0.694:  83%|████████▎ | 380/459 03:09/mnt/dataY/ydf/projects/LADD_public/cclkd_reproduction/yolov5_sanity/code/train_yolov5_cclkd_full.py:505: FutureWarning: `torch.cuda.amp.autocast(args...)` is deprecated. Please use `torch.amp.autocast('cuda', args...)` instead.
  with torch.cuda.amp.autocast(amp):
[ WARN:0@116013.603] global grfmt_tiff.cpp:122 TIFF_Warning TIFFReadDirectory: Unknown field with tag 34264 (0x85d8) encountered

    399/399      12.5G    0.03512   0.004397  0.0006913    0.03067   0.003985  0.0003739      0.694          0          0          0      0.694:  83%|████████▎ | 380/459 03:09
    399/399      12.5G    0.03512   0.004397  0.0006913    0.03067   0.003985  0.0003739      0.694          0          0          0      0.694:  83%|████████▎ | 381/459 03:09/mnt/dataY/ydf/projects/LADD_public/cclkd_reproduction/yolov5_sanity/code/train_yolov5_cclkd_full.py:505: FutureWarning: `torch.cuda.amp.autocast(args...)` is deprecated. Please use `torch.amp.autocast('cuda', args...)` instead.
  with torch.cuda.amp.autocast(amp):
[ WARN:0@116013.902] global grfmt_tiff.cpp:122 TIFF_Warning TIFFReadDirectory: Unknown field with tag 34264 (0x85d8) encountered

    399/399      12.5G     0.0351   0.004398  0.0006897    0.03066   0.003987  0.0003733      0.694          0          0          0      0.694:  83%|████████▎ | 381/459 03:10
    399/399      12.5G     0.0351   0.004398  0.0006897    0.03066   0.003987  0.0003733      0.694          0          0          0      0.694:  83%|████████▎ | 382/459 03:10/mnt/dataY/ydf/projects/LADD_public/cclkd_reproduction/yolov5_sanity/code/train_yolov5_cclkd_full.py:505: FutureWarning: `torch.cuda.amp.autocast(args...)` is deprecated. Please use `torch.amp.autocast('cuda', args...)` instead.
  with torch.cuda.amp.autocast(amp):

    399/399      12.5G    0.03511   0.004395  0.0006886    0.03066   0.003984  0.0003726      0.694          0          0          0      0.694:  83%|████████▎ | 382/459 03:10
    399/399      12.5G    0.03511   0.004395  0.0006886    0.03066   0.003984  0.0003726      0.694          0          0          0      0.694:  83%|████████▎ | 383/459 03:10/mnt/dataY/ydf/projects/LADD_public/cclkd_reproduction/yolov5_sanity/code/train_yolov5_cclkd_full.py:505: FutureWarning: `torch.cuda.amp.autocast(args...)` is deprecated. Please use `torch.amp.autocast('cuda', args...)` instead.
  with torch.cuda.amp.autocast(amp):

    399/399      12.5G    0.03511   0.004395  0.0006883    0.03067   0.003985   0.000373      0.694          0          0          0      0.694:  83%|████████▎ | 383/459 03:11
    399/399      12.5G    0.03511   0.004395  0.0006883    0.03067   0.003985   0.000373      0.694          0          0          0      0.694:  84%|████████▎ | 384/459 03:11/mnt/dataY/ydf/projects/LADD_public/cclkd_reproduction/yolov5_sanity/code/train_yolov5_cclkd_full.py:505: FutureWarning: `torch.cuda.amp.autocast(args...)` is deprecated. Please use `torch.amp.autocast('cuda', args...)` instead.
  with torch.cuda.amp.autocast(amp):

    399/399      12.5G     0.0351   0.004392  0.0006872    0.03066   0.003983  0.0003722      0.694          0          0          0      0.694:  84%|████████▎ | 384/459 03:11
    399/399      12.5G     0.0351   0.004392  0.0006872    0.03066   0.003983  0.0003722      0.694          0          0          0      0.694:  84%|████████▍ | 385/459 03:11/mnt/dataY/ydf/projects/LADD_public/cclkd_reproduction/yolov5_sanity/code/train_yolov5_cclkd_full.py:505: FutureWarning: `torch.cuda.amp.autocast(args...)` is deprecated. Please use `torch.amp.autocast('cuda', args...)` instead.
  with torch.cuda.amp.autocast(amp):

    399/399      12.5G    0.03511   0.004395  0.0006863    0.03067   0.003986  0.0003724     0.6939          0          0          0     0.6939:  84%|████████▍ | 385/459 03:12
    399/399      12.5G    0.03511   0.004395  0.0006863    0.03067   0.003986  0.0003724     0.6939          0          0          0     0.6939:  84%|████████▍ | 386/459 03:12/mnt/dataY/ydf/projects/LADD_public/cclkd_reproduction/yolov5_sanity/code/train_yolov5_cclkd_full.py:505: FutureWarning: `torch.cuda.amp.autocast(args...)` is deprecated. Please use `torch.amp.autocast('cuda', args...)` instead.
  with torch.cuda.amp.autocast(amp):

    399/399      12.5G    0.03513   0.004396  0.0006891    0.03067   0.003987  0.0003755      0.694          0          0          0      0.694:  84%|████████▍ | 386/459 03:12
    399/399      12.5G    0.03513   0.004396  0.0006891    0.03067   0.003987  0.0003755      0.694          0          0          0      0.694:  84%|████████▍ | 387/459 03:12/mnt/dataY/ydf/projects/LADD_public/cclkd_reproduction/yolov5_sanity/code/train_yolov5_cclkd_full.py:505: FutureWarning: `torch.cuda.amp.autocast(args...)` is deprecated. Please use `torch.amp.autocast('cuda', args...)` instead.
  with torch.cuda.amp.autocast(amp):

    399/399      12.5G    0.03513   0.004394  0.0006879    0.03066   0.003984  0.0003747      0.694          0          0          0      0.694:  84%|████████▍ | 387/459 03:13
    399/399      12.5G    0.03513   0.004394  0.0006879    0.03066   0.003984  0.0003747      0.694          0          0          0      0.694:  85%|████████▍ | 388/459 03:13/mnt/dataY/ydf/projects/LADD_public/cclkd_reproduction/yolov5_sanity/code/train_yolov5_cclkd_full.py:505: FutureWarning: `torch.cuda.amp.autocast(args...)` is deprecated. Please use `torch.amp.autocast('cuda', args...)` instead.
  with torch.cuda.amp.autocast(amp):

    399/399      12.5G    0.03513   0.004398  0.0006875    0.03065   0.003985  0.0003745      0.694          0          0          0      0.694:  85%|████████▍ | 388/459 03:13
    399/399      12.5G    0.03513   0.004398  0.0006875    0.03065   0.003985  0.0003745      0.694          0          0          0      0.694:  85%|████████▍ | 389/459 03:13/mnt/dataY/ydf/projects/LADD_public/cclkd_reproduction/yolov5_sanity/code/train_yolov5_cclkd_full.py:505: FutureWarning: `torch.cuda.amp.autocast(args...)` is deprecated. Please use `torch.amp.autocast('cuda', args...)` instead.
  with torch.cuda.amp.autocast(amp):

    399/399      12.5G    0.03513   0.004398  0.0006867    0.03065   0.003985   0.000374      0.694          0          0          0      0.694:  85%|████████▍ | 389/459 03:14
    399/399      12.5G    0.03513   0.004398  0.0006867    0.03065   0.003985   0.000374      0.694          0          0          0      0.694:  85%|████████▍ | 390/459 03:14/mnt/dataY/ydf/projects/LADD_public/cclkd_reproduction/yolov5_sanity/code/train_yolov5_cclkd_full.py:505: FutureWarning: `torch.cuda.amp.autocast(args...)` is deprecated. Please use `torch.amp.autocast('cuda', args...)` instead.
  with torch.cuda.amp.autocast(amp):

    399/399      12.5G    0.03514   0.004398  0.0006867    0.03066   0.003985   0.000374      0.694          0          0          0      0.694:  85%|████████▍ | 390/459 03:14
    399/399      12.5G    0.03514   0.004398  0.0006867    0.03066   0.003985   0.000374      0.694          0          0          0      0.694:  85%|████████▌ | 391/459 03:14/mnt/dataY/ydf/projects/LADD_public/cclkd_reproduction/yolov5_sanity/code/train_yolov5_cclkd_full.py:505: FutureWarning: `torch.cuda.amp.autocast(args...)` is deprecated. Please use `torch.amp.autocast('cuda', args...)` instead.
  with torch.cuda.amp.autocast(amp):

    399/399      12.5G    0.03516     0.0044  0.0006867    0.03067   0.003986   0.000374      0.694          0          0          0      0.694:  85%|████████▌ | 391/459 03:15
    399/399      12.5G    0.03516     0.0044  0.0006867    0.03067   0.003986   0.000374      0.694          0          0          0      0.694:  85%|████████▌ | 392/459 03:15/mnt/dataY/ydf/projects/LADD_public/cclkd_reproduction/yolov5_sanity/code/train_yolov5_cclkd_full.py:505: FutureWarning: `torch.cuda.amp.autocast(args...)` is deprecated. Please use `torch.amp.autocast('cuda', args...)` instead.
  with torch.cuda.amp.autocast(amp):

    399/399      12.5G    0.03515   0.004399  0.0006855    0.03067   0.003986  0.0003741      0.694          0          0          0      0.694:  85%|████████▌ | 392/459 03:15
    399/399      12.5G    0.03515   0.004399  0.0006855    0.03067   0.003986  0.0003741      0.694          0          0          0      0.694:  86%|████████▌ | 393/459 03:15/mnt/dataY/ydf/projects/LADD_public/cclkd_reproduction/yolov5_sanity/code/train_yolov5_cclkd_full.py:505: FutureWarning: `torch.cuda.amp.autocast(args...)` is deprecated. Please use `torch.amp.autocast('cuda', args...)` instead.
  with torch.cuda.amp.autocast(amp):

    399/399      12.5G    0.03513   0.004397  0.0006842    0.03066   0.003985  0.0003736      0.694          0          0          0      0.694:  86%|████████▌ | 393/459 03:16
    399/399      12.5G    0.03513   0.004397  0.0006842    0.03066   0.003985  0.0003736      0.694          0          0          0      0.694:  86%|████████▌ | 394/459 03:16/mnt/dataY/ydf/projects/LADD_public/cclkd_reproduction/yolov5_sanity/code/train_yolov5_cclkd_full.py:505: FutureWarning: `torch.cuda.amp.autocast(args...)` is deprecated. Please use `torch.amp.autocast('cuda', args...)` instead.
  with torch.cuda.amp.autocast(amp):

    399/399      12.5G    0.03512   0.004396  0.0006833    0.03065   0.003984  0.0003731      0.694          0          0          0      0.694:  86%|████████▌ | 394/459 03:16
    399/399      12.5G    0.03512   0.004396  0.0006833    0.03065   0.003984  0.0003731      0.694          0          0          0      0.694:  86%|████████▌ | 395/459 03:16/mnt/dataY/ydf/projects/LADD_public/cclkd_reproduction/yolov5_sanity/code/train_yolov5_cclkd_full.py:505: FutureWarning: `torch.cuda.amp.autocast(args...)` is deprecated. Please use `torch.amp.autocast('cuda', args...)` instead.
  with torch.cuda.amp.autocast(amp):

    399/399      12.5G    0.03513   0.004398  0.0006896    0.03066   0.003985  0.0003731      0.694          0          0          0      0.694:  86%|████████▌ | 395/459 03:17
    399/399      12.5G    0.03513   0.004398  0.0006896    0.03066   0.003985  0.0003731      0.694          0          0          0      0.694:  86%|████████▋ | 396/459 03:17/mnt/dataY/ydf/projects/LADD_public/cclkd_reproduction/yolov5_sanity/code/train_yolov5_cclkd_full.py:505: FutureWarning: `torch.cuda.amp.autocast(args...)` is deprecated. Please use `torch.amp.autocast('cuda', args...)` instead.
  with torch.cuda.amp.autocast(amp):

    399/399      12.5G    0.03513   0.004401  0.0006894    0.03065   0.003987  0.0003729      0.694          0          0          0      0.694:  86%|████████▋ | 396/459 03:17
    399/399      12.5G    0.03513   0.004401  0.0006894    0.03065   0.003987  0.0003729      0.694          0          0          0      0.694:  86%|████████▋ | 397/459 03:17/mnt/dataY/ydf/projects/LADD_public/cclkd_reproduction/yolov5_sanity/code/train_yolov5_cclkd_full.py:505: FutureWarning: `torch.cuda.amp.autocast(args...)` is deprecated. Please use `torch.amp.autocast('cuda', args...)` instead.
  with torch.cuda.amp.autocast(amp):

    399/399      12.5G    0.03515   0.004402   0.000698    0.03066   0.003987  0.0003733      0.694          0          0          0      0.694:  86%|████████▋ | 397/459 03:18
    399/399      12.5G    0.03515   0.004402   0.000698    0.03066   0.003987  0.0003733      0.694          0          0          0      0.694:  87%|████████▋ | 398/459 03:18/mnt/dataY/ydf/projects/LADD_public/cclkd_reproduction/yolov5_sanity/code/train_yolov5_cclkd_full.py:505: FutureWarning: `torch.cuda.amp.autocast(args...)` is deprecated. Please use `torch.amp.autocast('cuda', args...)` instead.
  with torch.cuda.amp.autocast(amp):

    399/399      12.5G    0.03514     0.0044  0.0006986    0.03065   0.003986  0.0003737      0.694          0          0          0      0.694:  87%|████████▋ | 398/459 03:18
    399/399      12.5G    0.03514     0.0044  0.0006986    0.03065   0.003986  0.0003737      0.694          0          0          0      0.694:  87%|████████▋ | 399/459 03:18/mnt/dataY/ydf/projects/LADD_public/cclkd_reproduction/yolov5_sanity/code/train_yolov5_cclkd_full.py:505: FutureWarning: `torch.cuda.amp.autocast(args...)` is deprecated. Please use `torch.amp.autocast('cuda', args...)` instead.
  with torch.cuda.amp.autocast(amp):

    399/399      12.5G    0.03514     0.0044  0.0006974    0.03066   0.003987  0.0003729      0.694          0          0          0      0.694:  87%|████████▋ | 399/459 03:19
    399/399      12.5G    0.03514     0.0044  0.0006974    0.03066   0.003987  0.0003729      0.694          0          0          0      0.694:  87%|████████▋ | 400/459 03:19/mnt/dataY/ydf/projects/LADD_public/cclkd_reproduction/yolov5_sanity/code/train_yolov5_cclkd_full.py:505: FutureWarning: `torch.cuda.amp.autocast(args...)` is deprecated. Please use `torch.amp.autocast('cuda', args...)` instead.
  with torch.cuda.amp.autocast(amp):

    399/399      12.5G    0.03513   0.004404  0.0006966    0.03064    0.00399   0.000373      0.694          0          0          0      0.694:  87%|████████▋ | 400/459 03:19
    399/399      12.5G    0.03513   0.004404  0.0006966    0.03064    0.00399   0.000373      0.694          0          0          0      0.694:  87%|████████▋ | 401/459 03:19/mnt/dataY/ydf/projects/LADD_public/cclkd_reproduction/yolov5_sanity/code/train_yolov5_cclkd_full.py:505: FutureWarning: `torch.cuda.amp.autocast(args...)` is deprecated. Please use `torch.amp.autocast('cuda', args...)` instead.
  with torch.cuda.amp.autocast(amp):

    399/399      12.5G    0.03512   0.004404  0.0007065    0.03064   0.003991  0.0003757      0.694          0          0          0      0.694:  87%|████████▋ | 401/459 03:20
    399/399      12.5G    0.03512   0.004404  0.0007065    0.03064   0.003991  0.0003757      0.694          0          0          0      0.694:  88%|████████▊ | 402/459 03:20/mnt/dataY/ydf/projects/LADD_public/cclkd_reproduction/yolov5_sanity/code/train_yolov5_cclkd_full.py:505: FutureWarning: `torch.cuda.amp.autocast(args...)` is deprecated. Please use `torch.amp.autocast('cuda', args...)` instead.
  with torch.cuda.amp.autocast(amp):
[ WARN:0@116024.412] global grfmt_tiff.cpp:122 TIFF_Warning TIFFReadDirectory: Unknown field with tag 34264 (0x85d8) encountered

    399/399      12.5G     0.0351   0.004404   0.000705    0.03064   0.003991   0.000375      0.694          0          0          0      0.694:  88%|████████▊ | 402/459 03:20
    399/399      12.5G     0.0351   0.004404   0.000705    0.03064   0.003991   0.000375      0.694          0          0          0      0.694:  88%|████████▊ | 403/459 03:20/mnt/dataY/ydf/projects/LADD_public/cclkd_reproduction/yolov5_sanity/code/train_yolov5_cclkd_full.py:505: FutureWarning: `torch.cuda.amp.autocast(args...)` is deprecated. Please use `torch.amp.autocast('cuda', args...)` instead.
  with torch.cuda.amp.autocast(amp):

    399/399      12.5G    0.03508   0.004401  0.0007034    0.03063   0.003988  0.0003742      0.694          0          0          0      0.694:  88%|████████▊ | 403/459 03:21
    399/399      12.5G    0.03508   0.004401  0.0007034    0.03063   0.003988  0.0003742      0.694          0          0          0      0.694:  88%|████████▊ | 404/459 03:21/mnt/dataY/ydf/projects/LADD_public/cclkd_reproduction/yolov5_sanity/code/train_yolov5_cclkd_full.py:505: FutureWarning: `torch.cuda.amp.autocast(args...)` is deprecated. Please use `torch.amp.autocast('cuda', args...)` instead.
  with torch.cuda.amp.autocast(amp):

    399/399      12.5G    0.03509   0.004403   0.000702    0.03063   0.003991  0.0003735      0.694          0          0          0      0.694:  88%|████████▊ | 404/459 03:21
    399/399      12.5G    0.03509   0.004403   0.000702    0.03063   0.003991  0.0003735      0.694          0          0          0      0.694:  88%|████████▊ | 405/459 03:21/mnt/dataY/ydf/projects/LADD_public/cclkd_reproduction/yolov5_sanity/code/train_yolov5_cclkd_full.py:505: FutureWarning: `torch.cuda.amp.autocast(args...)` is deprecated. Please use `torch.amp.autocast('cuda', args...)` instead.
  with torch.cuda.amp.autocast(amp):
[ WARN:0@116026.204] global grfmt_tiff.cpp:122 TIFF_Warning TIFFReadDirectory: Unknown field with tag 34264 (0x85d8) encountered

    399/399      12.5G    0.03509   0.004402  0.0007012    0.03064    0.00399   0.000373      0.694          0          0          0      0.694:  88%|████████▊ | 405/459 03:22
    399/399      12.5G    0.03509   0.004402  0.0007012    0.03064    0.00399   0.000373      0.694          0          0          0      0.694:  88%|████████▊ | 406/459 03:22/mnt/dataY/ydf/projects/LADD_public/cclkd_reproduction/yolov5_sanity/code/train_yolov5_cclkd_full.py:505: FutureWarning: `torch.cuda.amp.autocast(args...)` is deprecated. Please use `torch.amp.autocast('cuda', args...)` instead.
  with torch.cuda.amp.autocast(amp):

    399/399      12.5G    0.03508     0.0044  0.0006997    0.03062   0.003987  0.0003722      0.694          0          0          0      0.694:  88%|████████▊ | 406/459 03:22
    399/399      12.5G    0.03508     0.0044  0.0006997    0.03062   0.003987  0.0003722      0.694          0          0          0      0.694:  89%|████████▊ | 407/459 03:22/mnt/dataY/ydf/projects/LADD_public/cclkd_reproduction/yolov5_sanity/code/train_yolov5_cclkd_full.py:505: FutureWarning: `torch.cuda.amp.autocast(args...)` is deprecated. Please use `torch.amp.autocast('cuda', args...)` instead.
  with torch.cuda.amp.autocast(amp):

    399/399      12.5G     0.0351   0.004402  0.0007007    0.03064   0.003989  0.0003718      0.694          0          0          0      0.694:  89%|████████▊ | 407/459 03:23
    399/399      12.5G     0.0351   0.004402  0.0007007    0.03064   0.003989  0.0003718      0.694          0          0          0      0.694:  89%|████████▉ | 408/459 03:23/mnt/dataY/ydf/projects/LADD_public/cclkd_reproduction/yolov5_sanity/code/train_yolov5_cclkd_full.py:505: FutureWarning: `torch.cuda.amp.autocast(args...)` is deprecated. Please use `torch.amp.autocast('cuda', args...)` instead.
  with torch.cuda.amp.autocast(amp):

    399/399      12.5G    0.03511   0.004405  0.0006993    0.03065   0.003992  0.0003723      0.694          0          0          0      0.694:  89%|████████▉ | 408/459 03:23
    399/399      12.5G    0.03511   0.004405  0.0006993    0.03065   0.003992  0.0003723      0.694          0          0          0      0.694:  89%|████████▉ | 409/459 03:23/mnt/dataY/ydf/projects/LADD_public/cclkd_reproduction/yolov5_sanity/code/train_yolov5_cclkd_full.py:505: FutureWarning: `torch.cuda.amp.autocast(args...)` is deprecated. Please use `torch.amp.autocast('cuda', args...)` instead.
  with torch.cuda.amp.autocast(amp):

    399/399      12.5G    0.03512   0.004409  0.0007041    0.03066   0.003994   0.000372      0.694          0          0          0      0.694:  89%|████████▉ | 409/459 03:24
    399/399      12.5G    0.03512   0.004409  0.0007041    0.03066   0.003994   0.000372      0.694          0          0          0      0.694:  89%|████████▉ | 410/459 03:24/mnt/dataY/ydf/projects/LADD_public/cclkd_reproduction/yolov5_sanity/code/train_yolov5_cclkd_full.py:505: FutureWarning: `torch.cuda.amp.autocast(args...)` is deprecated. Please use `torch.amp.autocast('cuda', args...)` instead.
  with torch.cuda.amp.autocast(amp):

    399/399      12.5G    0.03515   0.004408  0.0007036    0.03067   0.003993  0.0003713      0.694          0          0          0      0.694:  89%|████████▉ | 410/459 03:24
    399/399      12.5G    0.03515   0.004408  0.0007036    0.03067   0.003993  0.0003713      0.694          0          0          0      0.694:  90%|████████▉ | 411/459 03:24/mnt/dataY/ydf/projects/LADD_public/cclkd_reproduction/yolov5_sanity/code/train_yolov5_cclkd_full.py:505: FutureWarning: `torch.cuda.amp.autocast(args...)` is deprecated. Please use `torch.amp.autocast('cuda', args...)` instead.
  with torch.cuda.amp.autocast(amp):

    399/399      12.5G    0.03515   0.004405  0.0007021    0.03066    0.00399  0.0003705      0.694          0          0          0      0.694:  90%|████████▉ | 411/459 03:25
    399/399      12.5G    0.03515   0.004405  0.0007021    0.03066    0.00399  0.0003705      0.694          0          0          0      0.694:  90%|████████▉ | 412/459 03:25/mnt/dataY/ydf/projects/LADD_public/cclkd_reproduction/yolov5_sanity/code/train_yolov5_cclkd_full.py:505: FutureWarning: `torch.cuda.amp.autocast(args...)` is deprecated. Please use `torch.amp.autocast('cuda', args...)` instead.
  with torch.cuda.amp.autocast(amp):
[ WARN:0@116029.392] global grfmt_tiff.cpp:122 TIFF_Warning TIFFReadDirectory: Unknown field with tag 34264 (0x85d8) encountered

    399/399      12.5G    0.03517    0.00441  0.0007093    0.03068   0.003994  0.0003718      0.694          0          0          0      0.694:  90%|████████▉ | 412/459 03:25
    399/399      12.5G    0.03517    0.00441  0.0007093    0.03068   0.003994  0.0003718      0.694          0          0          0      0.694:  90%|████████▉ | 413/459 03:25/mnt/dataY/ydf/projects/LADD_public/cclkd_reproduction/yolov5_sanity/code/train_yolov5_cclkd_full.py:505: FutureWarning: `torch.cuda.amp.autocast(args...)` is deprecated. Please use `torch.amp.autocast('cuda', args...)` instead.
  with torch.cuda.amp.autocast(amp):

    399/399      12.5G     0.0352   0.004414  0.0007161     0.0307   0.003997  0.0003756      0.694          0          0          0      0.694:  90%|████████▉ | 413/459 03:26
    399/399      12.5G     0.0352   0.004414  0.0007161     0.0307   0.003997  0.0003756      0.694          0          0          0      0.694:  90%|█████████ | 414/459 03:26/mnt/dataY/ydf/projects/LADD_public/cclkd_reproduction/yolov5_sanity/code/train_yolov5_cclkd_full.py:505: FutureWarning: `torch.cuda.amp.autocast(args...)` is deprecated. Please use `torch.amp.autocast('cuda', args...)` instead.
  with torch.cuda.amp.autocast(amp):

    399/399      12.5G    0.03518   0.004409  0.0007148    0.03068   0.003994  0.0003751      0.694          0          0          0      0.694:  90%|█████████ | 414/459 03:26
    399/399      12.5G    0.03518   0.004409  0.0007148    0.03068   0.003994  0.0003751      0.694          0          0          0      0.694:  90%|█████████ | 415/459 03:26/mnt/dataY/ydf/projects/LADD_public/cclkd_reproduction/yolov5_sanity/code/train_yolov5_cclkd_full.py:505: FutureWarning: `torch.cuda.amp.autocast(args...)` is deprecated. Please use `torch.amp.autocast('cuda', args...)` instead.
  with torch.cuda.amp.autocast(amp):

    399/399      12.5G    0.03516   0.004407  0.0007132    0.03067   0.003992  0.0003742      0.694          0          0          0      0.694:  90%|█████████ | 415/459 03:27
    399/399      12.5G    0.03516   0.004407  0.0007132    0.03067   0.003992  0.0003742      0.694          0          0          0      0.694:  91%|█████████ | 416/459 03:27/mnt/dataY/ydf/projects/LADD_public/cclkd_reproduction/yolov5_sanity/code/train_yolov5_cclkd_full.py:505: FutureWarning: `torch.cuda.amp.autocast(args...)` is deprecated. Please use `torch.amp.autocast('cuda', args...)` instead.
  with torch.cuda.amp.autocast(amp):
[ WARN:0@116031.691] global grfmt_tiff.cpp:122 TIFF_Warning TIFFReadDirectory: Unknown field with tag 34264 (0x85d8) encountered

    399/399      12.5G    0.03515   0.004405   0.000712    0.03066    0.00399  0.0003736      0.694          0          0          0      0.694:  91%|█████████ | 416/459 03:27
    399/399      12.5G    0.03515   0.004405   0.000712    0.03066    0.00399  0.0003736      0.694          0          0          0      0.694:  91%|█████████ | 417/459 03:27/mnt/dataY/ydf/projects/LADD_public/cclkd_reproduction/yolov5_sanity/code/train_yolov5_cclkd_full.py:505: FutureWarning: `torch.cuda.amp.autocast(args...)` is deprecated. Please use `torch.amp.autocast('cuda', args...)` instead.
  with torch.cuda.amp.autocast(amp):

    399/399      12.5G    0.03515   0.004409  0.0007127    0.03066   0.003993   0.000375      0.694          0          0          0      0.694:  91%|█████████ | 417/459 03:28
    399/399      12.5G    0.03515   0.004409  0.0007127    0.03066   0.003993   0.000375      0.694          0          0          0      0.694:  91%|█████████ | 418/459 03:28/mnt/dataY/ydf/projects/LADD_public/cclkd_reproduction/yolov5_sanity/code/train_yolov5_cclkd_full.py:505: FutureWarning: `torch.cuda.amp.autocast(args...)` is deprecated. Please use `torch.amp.autocast('cuda', args...)` instead.
  with torch.cuda.amp.autocast(amp):

    399/399      12.5G    0.03514   0.004405  0.0007114    0.03065    0.00399  0.0003749      0.694          0          0          0      0.694:  91%|█████████ | 418/459 03:28
    399/399      12.5G    0.03514   0.004405  0.0007114    0.03065    0.00399  0.0003749      0.694          0          0          0      0.694:  91%|█████████▏| 419/459 03:28/mnt/dataY/ydf/projects/LADD_public/cclkd_reproduction/yolov5_sanity/code/train_yolov5_cclkd_full.py:505: FutureWarning: `torch.cuda.amp.autocast(args...)` is deprecated. Please use `torch.amp.autocast('cuda', args...)` instead.
  with torch.cuda.amp.autocast(amp):
[ WARN:0@116033.060] global grfmt_tiff.cpp:122 TIFF_Warning TIFFReadDirectory: Unknown field with tag 34264 (0x85d8) encountered

    399/399      12.5G    0.03513   0.004405  0.0007114    0.03064   0.003989  0.0003745      0.694          0          0          0      0.694:  91%|█████████▏| 419/459 03:29
    399/399      12.5G    0.03513   0.004405  0.0007114    0.03064   0.003989  0.0003745      0.694          0          0          0      0.694:  92%|█████████▏| 420/459 03:29/mnt/dataY/ydf/projects/LADD_public/cclkd_reproduction/yolov5_sanity/code/train_yolov5_cclkd_full.py:505: FutureWarning: `torch.cuda.amp.autocast(args...)` is deprecated. Please use `torch.amp.autocast('cuda', args...)` instead.
  with torch.cuda.amp.autocast(amp):
[ WARN:0@116033.605] global grfmt_tiff.cpp:122 TIFF_Warning TIFFReadDirectory: Unknown field with tag 34264 (0x85d8) encountered

    399/399      12.5G    0.03515   0.004408  0.0007132    0.03065   0.003991   0.000374      0.694          0          0          0      0.694:  92%|█████████▏| 420/459 03:29
    399/399      12.5G    0.03515   0.004408  0.0007132    0.03065   0.003991   0.000374      0.694          0          0          0      0.694:  92%|█████████▏| 421/459 03:29/mnt/dataY/ydf/projects/LADD_public/cclkd_reproduction/yolov5_sanity/code/train_yolov5_cclkd_full.py:505: FutureWarning: `torch.cuda.amp.autocast(args...)` is deprecated. Please use `torch.amp.autocast('cuda', args...)` instead.
  with torch.cuda.amp.autocast(amp):

    399/399      12.5G    0.03514   0.004406   0.000712    0.03064   0.003991  0.0003733      0.694          0          0          0      0.694:  92%|█████████▏| 421/459 03:30
    399/399      12.5G    0.03514   0.004406   0.000712    0.03064   0.003991  0.0003733      0.694          0          0          0      0.694:  92%|█████████▏| 422/459 03:30/mnt/dataY/ydf/projects/LADD_public/cclkd_reproduction/yolov5_sanity/code/train_yolov5_cclkd_full.py:505: FutureWarning: `torch.cuda.amp.autocast(args...)` is deprecated. Please use `torch.amp.autocast('cuda', args...)` instead.
  with torch.cuda.amp.autocast(amp):

    399/399      12.5G    0.03513   0.004404  0.0007108    0.03063   0.003988  0.0003725      0.694          0          0          0      0.694:  92%|█████████▏| 422/459 03:30
    399/399      12.5G    0.03513   0.004404  0.0007108    0.03063   0.003988  0.0003725      0.694          0          0          0      0.694:  92%|█████████▏| 423/459 03:30/mnt/dataY/ydf/projects/LADD_public/cclkd_reproduction/yolov5_sanity/code/train_yolov5_cclkd_full.py:505: FutureWarning: `torch.cuda.amp.autocast(args...)` is deprecated. Please use `torch.amp.autocast('cuda', args...)` instead.
  with torch.cuda.amp.autocast(amp):

    399/399      12.5G    0.03511   0.004404  0.0007102    0.03062   0.003987  0.0003721      0.694          0          0          0      0.694:  92%|█████████▏| 423/459 03:31
    399/399      12.5G    0.03511   0.004404  0.0007102    0.03062   0.003987  0.0003721      0.694          0          0          0      0.694:  92%|█████████▏| 424/459 03:31/mnt/dataY/ydf/projects/LADD_public/cclkd_reproduction/yolov5_sanity/code/train_yolov5_cclkd_full.py:505: FutureWarning: `torch.cuda.amp.autocast(args...)` is deprecated. Please use `torch.amp.autocast('cuda', args...)` instead.
  with torch.cuda.amp.autocast(amp):
[ WARN:0@116035.764] global grfmt_tiff.cpp:122 TIFF_Warning TIFFReadDirectory: Unknown field with tag 34264 (0x85d8) encountered

    399/399      12.5G    0.03511   0.004402  0.0007096    0.03062   0.003986  0.0003723      0.694          0          0          0      0.694:  92%|█████████▏| 424/459 03:31
    399/399      12.5G    0.03511   0.004402  0.0007096    0.03062   0.003986  0.0003723      0.694          0          0          0      0.694:  93%|█████████▎| 425/459 03:31/mnt/dataY/ydf/projects/LADD_public/cclkd_reproduction/yolov5_sanity/code/train_yolov5_cclkd_full.py:505: FutureWarning: `torch.cuda.amp.autocast(args...)` is deprecated. Please use `torch.amp.autocast('cuda', args...)` instead.
  with torch.cuda.amp.autocast(amp):

    399/399      12.5G    0.03511   0.004405  0.0007103    0.03062   0.003988  0.0003715      0.694          0          0          0      0.694:  93%|█████████▎| 425/459 03:32
    399/399      12.5G    0.03511   0.004405  0.0007103    0.03062   0.003988  0.0003715      0.694          0          0          0      0.694:  93%|█████████▎| 426/459 03:32/mnt/dataY/ydf/projects/LADD_public/cclkd_reproduction/yolov5_sanity/code/train_yolov5_cclkd_full.py:505: FutureWarning: `torch.cuda.amp.autocast(args...)` is deprecated. Please use `torch.amp.autocast('cuda', args...)` instead.
  with torch.cuda.amp.autocast(amp):
[ WARN:0@116036.353] global grfmt_tiff.cpp:122 TIFF_Warning TIFFReadDirectory: Unknown field with tag 34264 (0x85d8) encountered

    399/399      12.5G    0.03509   0.004407   0.000709     0.0306   0.003989   0.000371      0.694          0          0          0      0.694:  93%|█████████▎| 426/459 03:32
    399/399      12.5G    0.03509   0.004407   0.000709     0.0306   0.003989   0.000371      0.694          0          0          0      0.694:  93%|█████████▎| 427/459 03:32/mnt/dataY/ydf/projects/LADD_public/cclkd_reproduction/yolov5_sanity/code/train_yolov5_cclkd_full.py:505: FutureWarning: `torch.cuda.amp.autocast(args...)` is deprecated. Please use `torch.amp.autocast('cuda', args...)` instead.
  with torch.cuda.amp.autocast(amp):

    399/399      12.5G    0.03507   0.004405  0.0007075    0.03059   0.003987  0.0003703      0.694          0          0          0      0.694:  93%|█████████▎| 427/459 03:33
    399/399      12.5G    0.03507   0.004405  0.0007075    0.03059   0.003987  0.0003703      0.694          0          0          0      0.694:  93%|█████████▎| 428/459 03:33/mnt/dataY/ydf/projects/LADD_public/cclkd_reproduction/yolov5_sanity/code/train_yolov5_cclkd_full.py:505: FutureWarning: `torch.cuda.amp.autocast(args...)` is deprecated. Please use `torch.amp.autocast('cuda', args...)` instead.
  with torch.cuda.amp.autocast(amp):

    399/399      12.5G    0.03505   0.004404   0.000706    0.03057   0.003986  0.0003696      0.694          0          0          0      0.694:  93%|█████████▎| 428/459 03:33
    399/399      12.5G    0.03505   0.004404   0.000706    0.03057   0.003986  0.0003696      0.694          0          0          0      0.694:  93%|█████████▎| 429/459 03:33/mnt/dataY/ydf/projects/LADD_public/cclkd_reproduction/yolov5_sanity/code/train_yolov5_cclkd_full.py:505: FutureWarning: `torch.cuda.amp.autocast(args...)` is deprecated. Please use `torch.amp.autocast('cuda', args...)` instead.
  with torch.cuda.amp.autocast(amp):

    399/399      12.5G    0.03506   0.004405  0.0007059    0.03058   0.003986  0.0003694      0.694          0          0          0      0.694:  93%|█████████▎| 429/459 03:34
    399/399      12.5G    0.03506   0.004405  0.0007059    0.03058   0.003986  0.0003694      0.694          0          0          0      0.694:  94%|█████████▎| 430/459 03:34/mnt/dataY/ydf/projects/LADD_public/cclkd_reproduction/yolov5_sanity/code/train_yolov5_cclkd_full.py:505: FutureWarning: `torch.cuda.amp.autocast(args...)` is deprecated. Please use `torch.amp.autocast('cuda', args...)` instead.
  with torch.cuda.amp.autocast(amp):

    399/399      12.5G    0.03505   0.004405  0.0007047    0.03056   0.003985  0.0003686      0.694          0          0          0      0.694:  94%|█████████▎| 430/459 03:34
    399/399      12.5G    0.03505   0.004405  0.0007047    0.03056   0.003985  0.0003686      0.694          0          0          0      0.694:  94%|█████████▍| 431/459 03:34/mnt/dataY/ydf/projects/LADD_public/cclkd_reproduction/yolov5_sanity/code/train_yolov5_cclkd_full.py:505: FutureWarning: `torch.cuda.amp.autocast(args...)` is deprecated. Please use `torch.amp.autocast('cuda', args...)` instead.
  with torch.cuda.amp.autocast(amp):

    399/399      12.5G    0.03506   0.004405  0.0007046    0.03057   0.003985  0.0004001      0.694          0          0          0      0.694:  94%|█████████▍| 431/459 03:35
    399/399      12.5G    0.03506   0.004405  0.0007046    0.03057   0.003985  0.0004001      0.694          0          0          0      0.694:  94%|█████████▍| 432/459 03:35/mnt/dataY/ydf/projects/LADD_public/cclkd_reproduction/yolov5_sanity/code/train_yolov5_cclkd_full.py:505: FutureWarning: `torch.cuda.amp.autocast(args...)` is deprecated. Please use `torch.amp.autocast('cuda', args...)` instead.
  with torch.cuda.amp.autocast(amp):

    399/399      12.5G    0.03506   0.004405   0.000704    0.03057   0.003986  0.0004012      0.694          0          0          0      0.694:  94%|█████████▍| 432/459 03:35
    399/399      12.5G    0.03506   0.004405   0.000704    0.03057   0.003986  0.0004012      0.694          0          0          0      0.694:  94%|█████████▍| 433/459 03:35/mnt/dataY/ydf/projects/LADD_public/cclkd_reproduction/yolov5_sanity/code/train_yolov5_cclkd_full.py:505: FutureWarning: `torch.cuda.amp.autocast(args...)` is deprecated. Please use `torch.amp.autocast('cuda', args...)` instead.
  with torch.cuda.amp.autocast(amp):

    399/399      12.5G    0.03506   0.004406  0.0007025    0.03057   0.003988  0.0004004      0.694          0          0          0      0.694:  94%|█████████▍| 433/459 03:36
    399/399      12.5G    0.03506   0.004406  0.0007025    0.03057   0.003988  0.0004004      0.694          0          0          0      0.694:  95%|█████████▍| 434/459 03:36/mnt/dataY/ydf/projects/LADD_public/cclkd_reproduction/yolov5_sanity/code/train_yolov5_cclkd_full.py:505: FutureWarning: `torch.cuda.amp.autocast(args...)` is deprecated. Please use `torch.amp.autocast('cuda', args...)` instead.
  with torch.cuda.amp.autocast(amp):
[ WARN:0@116040.484] global grfmt_tiff.cpp:122 TIFF_Warning TIFFReadDirectory: Unknown field with tag 34264 (0x85d8) encountered

    399/399      12.5G    0.03505   0.004403  0.0007011    0.03058   0.003985  0.0003997      0.694          0          0          0      0.694:  95%|█████████▍| 434/459 03:36
    399/399      12.5G    0.03505   0.004403  0.0007011    0.03058   0.003985  0.0003997      0.694          0          0          0      0.694:  95%|█████████▍| 435/459 03:36/mnt/dataY/ydf/projects/LADD_public/cclkd_reproduction/yolov5_sanity/code/train_yolov5_cclkd_full.py:505: FutureWarning: `torch.cuda.amp.autocast(args...)` is deprecated. Please use `torch.amp.autocast('cuda', args...)` instead.
  with torch.cuda.amp.autocast(amp):

    399/399      12.5G    0.03504   0.004403  0.0007009    0.03058   0.003985  0.0003995      0.694          0          0          0      0.694:  95%|█████████▍| 435/459 03:37
    399/399      12.5G    0.03504   0.004403  0.0007009    0.03058   0.003985  0.0003995      0.694          0          0          0      0.694:  95%|█████████▍| 436/459 03:37/mnt/dataY/ydf/projects/LADD_public/cclkd_reproduction/yolov5_sanity/code/train_yolov5_cclkd_full.py:505: FutureWarning: `torch.cuda.amp.autocast(args...)` is deprecated. Please use `torch.amp.autocast('cuda', args...)` instead.
  with torch.cuda.amp.autocast(amp):

    399/399      12.5G    0.03503   0.004403  0.0006998    0.03057   0.003986  0.0003989      0.694          0          0          0      0.694:  95%|█████████▍| 436/459 03:37
    399/399      12.5G    0.03503   0.004403  0.0006998    0.03057   0.003986  0.0003989      0.694          0          0          0      0.694:  95%|█████████▌| 437/459 03:37/mnt/dataY/ydf/projects/LADD_public/cclkd_reproduction/yolov5_sanity/code/train_yolov5_cclkd_full.py:505: FutureWarning: `torch.cuda.amp.autocast(args...)` is deprecated. Please use `torch.amp.autocast('cuda', args...)` instead.
  with torch.cuda.amp.autocast(amp):

    399/399      12.5G    0.03503   0.004402  0.0006984    0.03058   0.003985  0.0003981      0.694          0          0          0      0.694:  95%|█████████▌| 437/459 03:38
    399/399      12.5G    0.03503   0.004402  0.0006984    0.03058   0.003985  0.0003981      0.694          0          0          0      0.694:  95%|█████████▌| 438/459 03:38/mnt/dataY/ydf/projects/LADD_public/cclkd_reproduction/yolov5_sanity/code/train_yolov5_cclkd_full.py:505: FutureWarning: `torch.cuda.amp.autocast(args...)` is deprecated. Please use `torch.amp.autocast('cuda', args...)` instead.
  with torch.cuda.amp.autocast(amp):

    399/399      12.5G    0.03503   0.004404  0.0006988    0.03058   0.003988  0.0003974      0.694          0          0          0      0.694:  95%|█████████▌| 438/459 03:38
    399/399      12.5G    0.03503   0.004404  0.0006988    0.03058   0.003988  0.0003974      0.694          0          0          0      0.694:  96%|█████████▌| 439/459 03:38/mnt/dataY/ydf/projects/LADD_public/cclkd_reproduction/yolov5_sanity/code/train_yolov5_cclkd_full.py:505: FutureWarning: `torch.cuda.amp.autocast(args...)` is deprecated. Please use `torch.amp.autocast('cuda', args...)` instead.
  with torch.cuda.amp.autocast(amp):

    399/399      12.5G    0.03504   0.004405  0.0006997    0.03057   0.003988  0.0003979      0.694          0          0          0      0.694:  96%|█████████▌| 439/459 03:39
    399/399      12.5G    0.03504   0.004405  0.0006997    0.03057   0.003988  0.0003979      0.694          0          0          0      0.694:  96%|█████████▌| 440/459 03:39/mnt/dataY/ydf/projects/LADD_public/cclkd_reproduction/yolov5_sanity/code/train_yolov5_cclkd_full.py:505: FutureWarning: `torch.cuda.amp.autocast(args...)` is deprecated. Please use `torch.amp.autocast('cuda', args...)` instead.
  with torch.cuda.amp.autocast(amp):

    399/399      12.5G    0.03503   0.004407  0.0006989    0.03056   0.003989  0.0003978      0.694          0          0          0      0.694:  96%|█████████▌| 440/459 03:39
    399/399      12.5G    0.03503   0.004407  0.0006989    0.03056   0.003989  0.0003978      0.694          0          0          0      0.694:  96%|█████████▌| 441/459 03:39/mnt/dataY/ydf/projects/LADD_public/cclkd_reproduction/yolov5_sanity/code/train_yolov5_cclkd_full.py:505: FutureWarning: `torch.cuda.amp.autocast(args...)` is deprecated. Please use `torch.amp.autocast('cuda', args...)` instead.
  with torch.cuda.amp.autocast(amp):

    399/399      12.5G    0.03504   0.004405  0.0006977    0.03058   0.003988  0.0003972      0.694          0          0          0      0.694:  96%|█████████▌| 441/459 03:40
    399/399      12.5G    0.03504   0.004405  0.0006977    0.03058   0.003988  0.0003972      0.694          0          0          0      0.694:  96%|█████████▋| 442/459 03:40/mnt/dataY/ydf/projects/LADD_public/cclkd_reproduction/yolov5_sanity/code/train_yolov5_cclkd_full.py:505: FutureWarning: `torch.cuda.amp.autocast(args...)` is deprecated. Please use `torch.amp.autocast('cuda', args...)` instead.
  with torch.cuda.amp.autocast(amp):

    399/399      12.5G    0.03503   0.004406  0.0006993    0.03057   0.003988  0.0003965      0.694          0          0          0      0.694:  96%|█████████▋| 442/459 03:40
    399/399      12.5G    0.03503   0.004406  0.0006993    0.03057   0.003988  0.0003965      0.694          0          0          0      0.694:  97%|█████████▋| 443/459 03:40/mnt/dataY/ydf/projects/LADD_public/cclkd_reproduction/yolov5_sanity/code/train_yolov5_cclkd_full.py:505: FutureWarning: `torch.cuda.amp.autocast(args...)` is deprecated. Please use `torch.amp.autocast('cuda', args...)` instead.
  with torch.cuda.amp.autocast(amp):

    399/399      12.5G    0.03506    0.00441  0.0006986    0.03059   0.003992  0.0003963      0.694          0          0          0      0.694:  97%|█████████▋| 443/459 03:41
    399/399      12.5G    0.03506    0.00441  0.0006986    0.03059   0.003992  0.0003963      0.694          0          0          0      0.694:  97%|█████████▋| 444/459 03:41/mnt/dataY/ydf/projects/LADD_public/cclkd_reproduction/yolov5_sanity/code/train_yolov5_cclkd_full.py:505: FutureWarning: `torch.cuda.amp.autocast(args...)` is deprecated. Please use `torch.amp.autocast('cuda', args...)` instead.
  with torch.cuda.amp.autocast(amp):

    399/399      12.5G    0.03505   0.004409  0.0006972    0.03058    0.00399  0.0003957      0.694          0          0          0      0.694:  97%|█████████▋| 444/459 03:41
    399/399      12.5G    0.03505   0.004409  0.0006972    0.03058    0.00399  0.0003957      0.694          0          0          0      0.694:  97%|█████████▋| 445/459 03:41/mnt/dataY/ydf/projects/LADD_public/cclkd_reproduction/yolov5_sanity/code/train_yolov5_cclkd_full.py:505: FutureWarning: `torch.cuda.amp.autocast(args...)` is deprecated. Please use `torch.amp.autocast('cuda', args...)` instead.
  with torch.cuda.amp.autocast(amp):

    399/399      12.5G    0.03504   0.004409  0.0006958    0.03057    0.00399   0.000395      0.694          0          0          0      0.694:  97%|█████████▋| 445/459 03:42
    399/399      12.5G    0.03504   0.004409  0.0006958    0.03057    0.00399   0.000395      0.694          0          0          0      0.694:  97%|█████████▋| 446/459 03:42/mnt/dataY/ydf/projects/LADD_public/cclkd_reproduction/yolov5_sanity/code/train_yolov5_cclkd_full.py:505: FutureWarning: `torch.cuda.amp.autocast(args...)` is deprecated. Please use `torch.amp.autocast('cuda', args...)` instead.
  with torch.cuda.amp.autocast(amp):

    399/399      12.5G    0.03505   0.004413  0.0006962    0.03059   0.003994  0.0003951      0.694          0          0          0      0.694:  97%|█████████▋| 446/459 03:42
    399/399      12.5G    0.03505   0.004413  0.0006962    0.03059   0.003994  0.0003951      0.694          0          0          0      0.694:  97%|█████████▋| 447/459 03:42/mnt/dataY/ydf/projects/LADD_public/cclkd_reproduction/yolov5_sanity/code/train_yolov5_cclkd_full.py:505: FutureWarning: `torch.cuda.amp.autocast(args...)` is deprecated. Please use `torch.amp.autocast('cuda', args...)` instead.
  with torch.cuda.amp.autocast(amp):

    399/399      12.5G    0.03506   0.004413   0.000697    0.03059   0.003994  0.0003944      0.694          0          0          0      0.694:  97%|█████████▋| 447/459 03:43
    399/399      12.5G    0.03506   0.004413   0.000697    0.03059   0.003994  0.0003944      0.694          0          0          0      0.694:  98%|█████████▊| 448/459 03:43/mnt/dataY/ydf/projects/LADD_public/cclkd_reproduction/yolov5_sanity/code/train_yolov5_cclkd_full.py:505: FutureWarning: `torch.cuda.amp.autocast(args...)` is deprecated. Please use `torch.amp.autocast('cuda', args...)` instead.
  with torch.cuda.amp.autocast(amp):
[ WARN:0@116047.739] global grfmt_tiff.cpp:122 TIFF_Warning TIFFReadDirectory: Unknown field with tag 34264 (0x85d8) encountered

    399/399      12.5G    0.03506   0.004413  0.0006969    0.03059   0.003995  0.0003942      0.694          0          0          0      0.694:  98%|█████████▊| 448/459 03:43
    399/399      12.5G    0.03506   0.004413  0.0006969    0.03059   0.003995  0.0003942      0.694          0          0          0      0.694:  98%|█████████▊| 449/459 03:43/mnt/dataY/ydf/projects/LADD_public/cclkd_reproduction/yolov5_sanity/code/train_yolov5_cclkd_full.py:505: FutureWarning: `torch.cuda.amp.autocast(args...)` is deprecated. Please use `torch.amp.autocast('cuda', args...)` instead.
  with torch.cuda.amp.autocast(amp):

    399/399      12.5G    0.03507   0.004415  0.0006963    0.03059   0.003997  0.0003937      0.694          0          0          0      0.694:  98%|█████████▊| 449/459 03:44
    399/399      12.5G    0.03507   0.004415  0.0006963    0.03059   0.003997  0.0003937      0.694          0          0          0      0.694:  98%|█████████▊| 450/459 03:44/mnt/dataY/ydf/projects/LADD_public/cclkd_reproduction/yolov5_sanity/code/train_yolov5_cclkd_full.py:505: FutureWarning: `torch.cuda.amp.autocast(args...)` is deprecated. Please use `torch.amp.autocast('cuda', args...)` instead.
  with torch.cuda.amp.autocast(amp):

    399/399      12.5G    0.03506   0.004416  0.0006963    0.03059   0.003998  0.0003935      0.694          0          0          0      0.694:  98%|█████████▊| 450/459 03:44
    399/399      12.5G    0.03506   0.004416  0.0006963    0.03059   0.003998  0.0003935      0.694          0          0          0      0.694:  98%|█████████▊| 451/459 03:44/mnt/dataY/ydf/projects/LADD_public/cclkd_reproduction/yolov5_sanity/code/train_yolov5_cclkd_full.py:505: FutureWarning: `torch.cuda.amp.autocast(args...)` is deprecated. Please use `torch.amp.autocast('cuda', args...)` instead.
  with torch.cuda.amp.autocast(amp):

    399/399      12.5G    0.03505   0.004413  0.0006952    0.03059   0.003996  0.0003928      0.694          0          0          0      0.694:  98%|█████████▊| 451/459 03:45
    399/399      12.5G    0.03505   0.004413  0.0006952    0.03059   0.003996  0.0003928      0.694          0          0          0      0.694:  98%|█████████▊| 452/459 03:45/mnt/dataY/ydf/projects/LADD_public/cclkd_reproduction/yolov5_sanity/code/train_yolov5_cclkd_full.py:505: FutureWarning: `torch.cuda.amp.autocast(args...)` is deprecated. Please use `torch.amp.autocast('cuda', args...)` instead.
  with torch.cuda.amp.autocast(amp):

    399/399      12.5G    0.03507   0.004415  0.0007018    0.03059   0.003998   0.000394      0.694          0          0          0      0.694:  98%|█████████▊| 452/459 03:45
    399/399      12.5G    0.03507   0.004415  0.0007018    0.03059   0.003998   0.000394      0.694          0          0          0      0.694:  99%|█████████▊| 453/459 03:45/mnt/dataY/ydf/projects/LADD_public/cclkd_reproduction/yolov5_sanity/code/train_yolov5_cclkd_full.py:505: FutureWarning: `torch.cuda.amp.autocast(args...)` is deprecated. Please use `torch.amp.autocast('cuda', args...)` instead.
  with torch.cuda.amp.autocast(amp):

    399/399      12.5G    0.03506   0.004414  0.0007007    0.03057   0.003997  0.0003937      0.694          0          0          0      0.694:  99%|█████████▊| 453/459 03:46
    399/399      12.5G    0.03506   0.004414  0.0007007    0.03057   0.003997  0.0003937      0.694          0          0          0      0.694:  99%|█████████▉| 454/459 03:46/mnt/dataY/ydf/projects/LADD_public/cclkd_reproduction/yolov5_sanity/code/train_yolov5_cclkd_full.py:505: FutureWarning: `torch.cuda.amp.autocast(args...)` is deprecated. Please use `torch.amp.autocast('cuda', args...)` instead.
  with torch.cuda.amp.autocast(amp):

    399/399      12.5G    0.03505   0.004414  0.0006999    0.03057   0.003997  0.0003933      0.694          0          0          0      0.694:  99%|█████████▉| 454/459 03:46
    399/399      12.5G    0.03505   0.004414  0.0006999    0.03057   0.003997  0.0003933      0.694          0          0          0      0.694:  99%|█████████▉| 455/459 03:46/mnt/dataY/ydf/projects/LADD_public/cclkd_reproduction/yolov5_sanity/code/train_yolov5_cclkd_full.py:505: FutureWarning: `torch.cuda.amp.autocast(args...)` is deprecated. Please use `torch.amp.autocast('cuda', args...)` instead.
  with torch.cuda.amp.autocast(amp):

    399/399      12.5G    0.03506   0.004416  0.0006989    0.03057   0.003998  0.0003932      0.694          0          0          0      0.694:  99%|█████████▉| 455/459 03:47
    399/399      12.5G    0.03506   0.004416  0.0006989    0.03057   0.003998  0.0003932      0.694          0          0          0      0.694:  99%|█████████▉| 456/459 03:47/mnt/dataY/ydf/projects/LADD_public/cclkd_reproduction/yolov5_sanity/code/train_yolov5_cclkd_full.py:505: FutureWarning: `torch.cuda.amp.autocast(args...)` is deprecated. Please use `torch.amp.autocast('cuda', args...)` instead.
  with torch.cuda.amp.autocast(amp):

    399/399      12.5G    0.03507   0.004418  0.0006998    0.03059      0.004  0.0003929      0.694          0          0          0      0.694:  99%|█████████▉| 456/459 03:47
    399/399      12.5G    0.03507   0.004418  0.0006998    0.03059      0.004  0.0003929      0.694          0          0          0      0.694: 100%|█████████▉| 457/459 03:47/mnt/dataY/ydf/projects/LADD_public/cclkd_reproduction/yolov5_sanity/code/train_yolov5_cclkd_full.py:505: FutureWarning: `torch.cuda.amp.autocast(args...)` is deprecated. Please use `torch.amp.autocast('cuda', args...)` instead.
  with torch.cuda.amp.autocast(amp):

    399/399      12.5G    0.03509    0.00442  0.0006992     0.0306   0.004002  0.0003923      0.694          0          0          0      0.694: 100%|█████████▉| 457/459 03:48
    399/399      12.5G    0.03509    0.00442  0.0006992     0.0306   0.004002  0.0003923      0.694          0          0          0      0.694: 100%|█████████▉| 458/459 03:48/mnt/dataY/ydf/projects/LADD_public/cclkd_reproduction/yolov5_sanity/code/train_yolov5_cclkd_full.py:505: FutureWarning: `torch.cuda.amp.autocast(args...)` is deprecated. Please use `torch.amp.autocast('cuda', args...)` instead.
  with torch.cuda.amp.autocast(amp):

    399/399      12.5G    0.03507    0.00442  0.0006978    0.03059   0.004003  0.0003916      0.694          0          0          0      0.694: 100%|█████████▉| 458/459 03:48
    399/399      12.5G    0.03507    0.00442  0.0006978    0.03059   0.004003  0.0003916      0.694          0          0          0      0.694: 100%|██████████| 459/459 03:48
    399/399      12.5G    0.03507    0.00442  0.0006978    0.03059   0.004003  0.0003916      0.694          0          0          0      0.694: 100%|██████████| 459/459 03:48

                 Class     Images  Instances          P          R      mAP50   mAP50-95:   0%|          | 0/58 00:00
                 Class     Images  Instances          P          R      mAP50   mAP50-95:   2%|▏         | 1/58 00:01
                 Class     Images  Instances          P          R      mAP50   mAP50-95:   3%|▎         | 2/58 00:03
                 Class     Images  Instances          P          R      mAP50   mAP50-95:   5%|▌         | 3/58 00:04
                 Class     Images  Instances          P          R      mAP50   mAP50-95:   7%|▋         | 4/58 00:06
                 Class     Images  Instances          P          R      mAP50   mAP50-95:   9%|▊         | 5/58 00:08
                 Class     Images  Instances          P          R      mAP50   mAP50-95:  10%|█         | 6/58 00:09
                 Class     Images  Instances          P          R      mAP50   mAP50-95:  12%|█▏        | 7/58 00:11
                 Class     Images  Instances          P          R      mAP50   mAP50-95:  14%|█▍        | 8/58 00:12
                 Class     Images  Instances          P          R      mAP50   mAP50-95:  16%|█▌        | 9/58 00:14
                 Class     Images  Instances          P          R      mAP50   mAP50-95:  17%|█▋        | 10/58 00:16
                 Class     Images  Instances          P          R      mAP50   mAP50-95:  19%|█▉        | 11/58 00:17
                 Class     Images  Instances          P          R      mAP50   mAP50-95:  21%|██        | 12/58 00:19
                 Class     Images  Instances          P          R      mAP50   mAP50-95:  22%|██▏       | 13/58 00:20
                 Class     Images  Instances          P          R      mAP50   mAP50-95:  24%|██▍       | 14/58 00:22
                 Class     Images  Instances          P          R      mAP50   mAP50-95:  26%|██▌       | 15/58 00:23
                 Class     Images  Instances          P          R      mAP50   mAP50-95:  28%|██▊       | 16/58 00:25
                 Class     Images  Instances          P          R      mAP50   mAP50-95:  29%|██▉       | 17/58 00:27
                 Class     Images  Instances          P          R      mAP50   mAP50-95:  31%|███       | 18/58 00:28
                 Class     Images  Instances          P          R      mAP50   mAP50-95:  33%|███▎      | 19/58 00:30
                 Class     Images  Instances          P          R      mAP50   mAP50-95:  34%|███▍      | 20/58 00:31
                 Class     Images  Instances          P          R      mAP50   mAP50-95:  36%|███▌      | 21/58 00:33
                 Class     Images  Instances          P          R      mAP50   mAP50-95:  38%|███▊      | 22/58 00:35
                 Class     Images  Instances          P          R      mAP50   mAP50-95:  40%|███▉      | 23/58 00:36
                 Class     Images  Instances          P          R      mAP50   mAP50-95:  41%|████▏     | 24/58 00:38
                 Class     Images  Instances          P          R      mAP50   mAP50-95:  43%|████▎     | 25/58 00:40
                 Class     Images  Instances          P          R      mAP50   mAP50-95:  45%|████▍     | 26/58 00:42
                 Class     Images  Instances          P          R      mAP50   mAP50-95:  47%|████▋     | 27/58 00:43
                 Class     Images  Instances          P          R      mAP50   mAP50-95:  48%|████▊     | 28/58 00:45
                 Class     Images  Instances          P          R      mAP50   mAP50-95:  50%|█████     | 29/58 00:47
                 Class     Images  Instances          P          R      mAP50   mAP50-95:  52%|█████▏    | 30/58 00:49
                 Class     Images  Instances          P          R      mAP50   mAP50-95:  53%|█████▎    | 31/58 00:50
                 Class     Images  Instances          P          R      mAP50   mAP50-95:  55%|█████▌    | 32/58 00:52
                 Class     Images  Instances          P          R      mAP50   mAP50-95:  57%|█████▋    | 33/58 00:54
                 Class     Images  Instances          P          R      mAP50   mAP50-95:  59%|█████▊    | 34/58 00:55
                 Class     Images  Instances          P          R      mAP50   mAP50-95:  60%|██████    | 35/58 00:57
                 Class     Images  Instances          P          R      mAP50   mAP50-95:  62%|██████▏   | 36/58 00:58
                 Class     Images  Instances          P          R      mAP50   mAP50-95:  64%|██████▍   | 37/58 01:00
                 Class     Images  Instances          P          R      mAP50   mAP50-95:  66%|██████▌   | 38/58 01:02
                 Class     Images  Instances          P          R      mAP50   mAP50-95:  67%|██████▋   | 39/58 01:03
                 Class     Images  Instances          P          R      mAP50   mAP50-95:  69%|██████▉   | 40/58 01:05
                 Class     Images  Instances          P          R      mAP50   mAP50-95:  71%|███████   | 41/58 01:06
                 Class     Images  Instances          P          R      mAP50   mAP50-95:  72%|███████▏  | 42/58 01:08
                 Class     Images  Instances          P          R      mAP50   mAP50-95:  74%|███████▍  | 43/58 01:10
                 Class     Images  Instances          P          R      mAP50   mAP50-95:  76%|███████▌  | 44/58 01:11
                 Class     Images  Instances          P          R      mAP50   mAP50-95:  78%|███████▊  | 45/58 01:13
                 Class     Images  Instances          P          R      mAP50   mAP50-95:  79%|███████▉  | 46/58 01:15
                 Class     Images  Instances          P          R      mAP50   mAP50-95:  81%|████████  | 47/58 01:16
                 Class     Images  Instances          P          R      mAP50   mAP50-95:  83%|████████▎ | 48/58 01:18
                 Class     Images  Instances          P          R      mAP50   mAP50-95:  84%|████████▍ | 49/58 01:19
                 Class     Images  Instances          P          R      mAP50   mAP50-95:  86%|████████▌ | 50/58 01:21
                 Class     Images  Instances          P          R      mAP50   mAP50-95:  88%|████████▊ | 51/58 01:22
                 Class     Images  Instances          P          R      mAP50   mAP50-95:  90%|████████▉ | 52/58 01:24
                 Class     Images  Instances          P          R      mAP50   mAP50-95:  91%|█████████▏| 53/58 01:26
                 Class     Images  Instances          P          R      mAP50   mAP50-95:  93%|█████████▎| 54/58 01:27
                 Class     Images  Instances          P          R      mAP50   mAP50-95:  95%|█████████▍| 55/58 01:29
                 Class     Images  Instances          P          R      mAP50   mAP50-95:  97%|█████████▋| 56/58 01:31
                 Class     Images  Instances          P          R      mAP50   mAP50-95:  98%|█████████▊| 57/58 01:32
                 Class     Images  Instances          P          R      mAP50   mAP50-95: 100%|██████████| 58/58 01:33
                 Class     Images  Instances          P          R      mAP50   mAP50-95: 100%|██████████| 58/58 01:33
                   all       3667       9614      0.815      0.693      0.724      0.443
diagnostics: mode=paper_ccl_only cop_positive_ratio=0.9937 kd_to_student_det_ratio=0.5563 lld=0 fld=0 rld=0 ccl=0.694

400 epochs completed in 32.263 hours.
Optimizer stripped from /mnt/dataY/ydf/projects/LADD_public/cclkd_reproduction/yolov5_sanity/results/runs/yolov5x_paper_ccl_only_b32_s0_paper_ccl_only_scaledfix_b32_s0_400ep/weights/last.pt, 345.9MB
Optimizer stripped from /mnt/dataY/ydf/projects/LADD_public/cclkd_reproduction/yolov5_sanity/results/runs/yolov5x_paper_ccl_only_b32_s0_paper_ccl_only_scaledfix_b32_s0_400ep/weights/best.pt, 345.9MB
