[34m[1mtrain: [0mweights=external/yolov5/yolov5x.pt, cfg=, data=configs/datasets/ogsod_hbb_sar.yaml, hyp=cclkd_reproduction/yolov5_sanity/configs/hyp_cold_ogsod.yaml, epochs=80, batch_size=32, imgsz=256, rect=False, resume=False, nosave=False, noval=False, noautoanchor=False, noplots=False, evolve=None, bucket=, cache=None, image_weights=False, device=0, multi_scale=False, single_cls=False, optimizer=SGD, sync_bn=False, workers=4, project=cclkd_reproduction/yolov5_sanity/results/runs, name=yolov5x_standard_train_b32_s0_standard_train_b32_e80_gpu0, exist_ok=True, quad=False, cos_lr=False, label_smoothing=0.0, patience=400, freeze=[0], save_period=100, seed=0, local_rank=-1, entity=None, upload_dataset=False, bbox_interval=-1, artifact_alias=latest
YOLOv5 🚀 v7.0-0-g915bbf29 Python-3.10.12 torch-2.10.0+cu128 CUDA:0 (NVIDIA GeForce RTX 3090, 24124MiB)

[34m[1mhyperparameters: [0mlr0=0.01, lrf=0.01, momentum=0.937, weight_decay=0.0005, warmup_epochs=3.0, warmup_momentum=0.8, warmup_bias_lr=0.1, box=0.05, cls=0.3, cls_pw=1.0, obj=0.7, obj_pw=1.0, iou_t=0.2, anchor_t=4.0, fl_gamma=0.0, hsv_h=0.015, hsv_s=0.7, hsv_v=0.4, degrees=0.0, translate=0.1, scale=0.9, shear=0.0, perspective=0.0, flipud=0.0, fliplr=0.5, mosaic=1.0, mixup=0.1, copy_paste=0.1
[34m[1mClearML: [0mrun 'pip install clearml' to automatically track, visualize and remotely train YOLOv5 🚀 in ClearML
[34m[1mComet: [0mrun 'pip install comet_ml' to automatically track and visualize YOLOv5 🚀 runs in Comet
[34m[1mTensorBoard: [0mStart with 'tensorboard --logdir cclkd_reproduction/yolov5_sanity/results/runs', view at http://localhost:6006/
[34m[1mgithub: [0mskipping check (offline), for updates see https://github.com/ultralytics/yolov5
Traceback (most recent call last):
  File "/mnt/dataY/ydf/projects/LADD_public/external/yolov5/train.py", line 633, in <module>
    main(opt)
  File "/mnt/dataY/ydf/projects/LADD_public/external/yolov5/train.py", line 527, in main
    train(opt.hyp, opt, device, callbacks)
  File "/mnt/dataY/ydf/projects/LADD_public/external/yolov5/train.py", line 123, in train
    ckpt = torch.load(weights, map_location='cpu')  # load checkpoint to CPU to avoid CUDA memory leak
  File "/home/ydf/.local/lib/python3.10/site-packages/torch/serialization.py", line 1548, in load
    raise pickle.UnpicklingError(_get_wo_message(str(e))) from None
_pickle.UnpicklingError: Weights only load failed. This file can still be loaded, to do so you have two options, [1mdo those steps only if you trust the source of the checkpoint[0m.
	(1) In PyTorch 2.6, we changed the default value of the `weights_only` argument in `torch.load` from `False` to `True`. Re-running `torch.load` with `weights_only` set to `False` will likely succeed, but it can result in arbitrary code execution. Do it only if you got the file from a trusted source.
	(2) Alternatively, to load with `weights_only=True` please check the recommended steps in the following error message.
	WeightsUnpickler error: Unsupported global: GLOBAL models.yolo.Model was not an allowed global by default. Please use `torch.serialization.add_safe_globals([models.yolo.Model])` or the `torch.serialization.safe_globals([models.yolo.Model])` context manager to allowlist this global if you trust this class/function.

Check the documentation of torch.load to learn more about types accepted by default with weights_only https://pytorch.org/docs/stable/generated/torch.load.html.
