usage: train_ladd_hbb.py [-h] --phase {a1,a2,b,c,b1,b2} --model MODEL --data
                         DATA --teacher-data TEACHER_DATA --teacher-weights
                         TEACHER_WEIGHTS [--imgsz IMGSZ] [--epochs EPOCHS]
                         [--batch BATCH] [--workers WORKERS] [--device DEVICE]
                         [--cache CACHE] [--patience PATIENCE]
                         [--fraction FRACTION] [--project PROJECT]
                         [--name NAME] [--exist-ok] [--resume RESUME]
                         [--validate-before-train]
                         [--phase-detect-mode {auto,raw,fused,mimic,recon}]
                         [--det-loss-scale DET_LOSS_SCALE]
                         [--phase-min-epochs PHASE_MIN_EPOCHS]
                         [--phase-stop-metric {default,map,a1_loss,a1_task_reach}]
                         [--reach-target-mode {detach,coupled}]
                         [--kd-target-mode {detach,coupled}]
                         [--kd-target-branch {z,u,shuffled_z}]
                         [--strict-batch-size] [--freeze-bn-stats]
                         [--freeze-bn-after-epoch FREEZE_BN_AFTER_EPOCH]
                         [--ladd-diag-log-bn LADD_DIAG_LOG_BN]
                         [--ladd-diag-log-grad LADD_DIAG_LOG_GRAD]
                         [--ladd-grad-clip-norm LADD_GRAD_CLIP_NORM]
                         [--ladd-assert-phase-freeze]
                         [--ladd-diag-log-every LADD_DIAG_LOG_EVERY]
                         [--ladd-kd-decay-mode {none,linear,cosine,step,warmup,warmup_linear,linear_warmup,ramp_linear}]
                         [--ladd-kd-decay-start-epoch LADD_KD_DECAY_START_EPOCH]
                         [--ladd-kd-decay-end-epoch LADD_KD_DECAY_END_EPOCH]
                         [--ladd-kd-final-mult LADD_KD_FINAL_MULT]
                         [--ladd-kd-stop-after-epoch LADD_KD_STOP_AFTER_EPOCH]
                         [--ladd-b-loss-warmup-mode {none,linear}]
                         [--ladd-b-loss-warmup-start-epoch LADD_B_LOSS_WARMUP_START_EPOCH]
                         [--ladd-b-loss-warmup-end-epoch LADD_B_LOSS_WARMUP_END_EPOCH]
                         [--ladd-b-loss-warmup-final-mult LADD_B_LOSS_WARMUP_FINAL_MULT]
                         [--ladd-b-loss-warmup-scope {core,extended}]
                         [--ladd-b-a2-core] [--ladd-b-frozen-reach-probe]
                         [--ladd-b-detach-reach-probe]
                         [--ladd-b-keep-reach-probe-grad] [--ladd-b-det-only]
                         [--ladd-a2-det-only] [--lambda-rec LAMBDA_REC]
                         [--lambda-taskL LAMBDA_TASKL] [--task-loss-fg-only]
                         [--alpha-kd ALPHA_KD] [--alpha-s-rec ALPHA_S_REC]
                         [--lambda-reach LAMBDA_REACH]
                         [--lambda-match-inner LAMBDA_MATCH_INNER]
                         [--lambda-rank-inner LAMBDA_RANK_INNER]
                         [--delta DELTA] [--reach-rank-mode {softplus,hinge}]
                         [--reach-input-mode {adapter,raw}]
                         [--rank-d-neg-cap RANK_D_NEG_CAP]
                         [--use-fg-mask-for-reach] [--use-fg-mask-for-rec]
                         [--use-mask]
                         [--student-detect-mode {fused,mimic,raw,recon}]
                         [--student-branch-mode {split,raw,single_proj}]
                         [--teacher-feature-mode {decomposed,raw,projected_raw,raw_weak_reach}]
                         [--kd-mechanism {mse,contrastive,hybrid}]
                         [--contrastive-temperature CONTRASTIVE_TEMPERATURE]
                         [--kd-weight-mode {none,teacher_task_conf,reachability_gap,cap_reachability_gap}]
                         [--kd-weight-power KD_WEIGHT_POWER]
                         [--kd-aggregation-mode {token,score_weighted,topk}]
                         [--kd-topk-ratio KD_TOPK_RATIO]
                         [--kd-reach-margin KD_REACH_MARGIN]
                         [--kd-reach-tau KD_REACH_TAU]
                         [--kd-reach-use-capped-gap | --no-kd-reach-use-capped-gap]
                         [--kd-reach-detach-weight | --no-kd-reach-detach-weight]
                         [--kd-reach-min-weight KD_REACH_MIN_WEIGHT]
                         [--kd-reach-conf-power KD_REACH_CONF_POWER]
                         [--kd-reach-active-threshold KD_REACH_ACTIVE_THRESHOLD]
                         [--kd-calibration-mode {none,affine,norm_affine}]
                         [--unlearnable-hidden-ratio UNLEARNABLE_HIDDEN_RATIO]
                         [--teacher-target-mode {static,ema}]
                         [--teacher-ema-momentum TEACHER_EMA_MOMENTUM]
                         [--comparison-kd-profile {none,fgd,ld,cmdistill,cclkd}]
                         [--profile-kd-weight PROFILE_KD_WEIGHT]
                         [--profile-kd-replace-base]
                         [--cmdistill-feature-weight CMDISTILL_FEATURE_WEIGHT]
                         [--cmdistill-relation-weight CMDISTILL_RELATION_WEIGHT]
                         [--cmdistill-logit-weight CMDISTILL_LOGIT_WEIGHT]
                         [--cmdistill-temperature CMDISTILL_TEMPERATURE]
                         [--cmdistill-max-tokens CMDISTILL_MAX_TOKENS]
                         [--cmdistill-min-confidence CMDISTILL_MIN_CONFIDENCE]
                         [--cclkd-base-temperature CCLKD_BASE_TEMPERATURE]
                         [--cclkd-contrastive-temperature CCLKD_CONTRASTIVE_TEMPERATURE]
                         [--cclkd-feat-weight CCLKD_FEAT_WEIGHT]
                         [--cclkd-logit-weight CCLKD_LOGIT_WEIGHT]
                         [--cclkd-contrast-weight CCLKD_CONTRAST_WEIGHT]
                         [--cclkd-bg-weight CCLKD_BG_WEIGHT]
                         [--cclkd-min-confidence CCLKD_MIN_CONFIDENCE]
                         [--cclkd-max-tokens CCLKD_MAX_TOKENS]
                         [--cclkd-temperature-min CCLKD_TEMPERATURE_MIN]
                         [--cclkd-temperature-max CCLKD_TEMPERATURE_MAX]
                         [--cclkd-entropy-scale CCLKD_ENTROPY_SCALE]
                         [--c-weak-nrrl-scale C_WEAK_NRRL_SCALE]
                         [--c-weak-nrrl-detach-student]
                         [--reach-c-mode {none,rank,weight}]
                         [--lambda-reach-c LAMBDA_REACH_C]
                         [--b-reset-student-from-scratch]
                         [--b-detector-source B_DETECTOR_SOURCE]
                         [--b-decomp-source B_DECOMP_SOURCE]
                         [--b-split-load-strict]
                         [--b-load-student-split | --no-b-load-student-split]
                         [--b-load-student-reachability | --no-b-load-student-reachability]
                         [--force-student-rec] [--shuffle-teacher-pairs]
                         [--lr0 LR0] [--lrf LRF] [--momentum MOMENTUM]
                         [--weight-decay WEIGHT_DECAY]
                         [--warmup-epochs WARMUP_EPOCHS]
                         [--warmup-momentum WARMUP_MOMENTUM]
                         [--warmup-bias-lr WARMUP_BIAS_LR] [--degrees DEGREES]
                         [--perspective PERSPECTIVE] [--translate TRANSLATE]
                         [--scale SCALE] [--mosaic MOSAIC] [--mixup MIXUP]
                         [--cutmix CUTMIX] [--fliplr FLIPLR] [--flipud FLIPUD]
                         [--hsv-h HSV_H] [--hsv-s HSV_S] [--hsv-v HSV_V]
                         [--erasing ERASING] [--optimizer OPTIMIZER]
                         [--close-mosaic CLOSE_MOSAIC]
                         [--save-period SAVE_PERIOD] [--seed SEED] [--cos-lr]
                         [--deterministic] [--non-deterministic]
train_ladd_hbb.py: error: unrecognized arguments: --max-train-batches 2
